[0.013s][info][gc,init] CardTable entry size: 512
[0.013s][debug][gc,heap] Minimum heap 8388608  Initial heap 524288000  Maximum heap 8371830784
[0.013s][debug][gc,remset] Card Set container configuration: InlinePtr #cards 4 size 8 Array Of Cards #cards 32 size 80 Howl #buckets 8 coarsen threshold 7372 Howl Bitmap #cards 1024 size 144 coarsen threshold 921 Card regions per heap region 1 cards per card region 8192
[0.014s][info ][gc       ] Using G1
[0.014s][debug][gc,heap,coops] Heap address: 0x000000060d000000, size: 7984 MB, Compressed Oops mode: Zero based, Oop shift amount: 3
[0.016s][debug][gc           ] ConcGCThreads: 2 offset 16
[0.016s][debug][gc           ] ParallelGCThreads: 8
[0.016s][debug][gc           ] Initialize mark stack with 4096 chunks, maximum 524288
[0.017s][debug][gc,ergo,heap ] Expand the heap. requested expansion amount: 524288000B expansion amount: 524288000B
[0.022s][debug][gc,heap,region] Activate regions [0, 125)
[0.022s][debug][gc,ihop       ] Target occupancy update: old: 0B, new: 524288000B
[0.023s][debug][gc,task       ] G1 Service Thread (Periodic GC Task) (register)
[0.023s][debug][gc,task       ] G1 Service Thread (Card Set Free Memory Task) (register)
[0.023s][info ][gc,init       ] Version: 21.0.5+11-LTS (release)
[0.023s][info ][gc,init       ] CPUs: 8 total, 8 available
[0.024s][info ][gc,init       ] Memory: 31923M
[0.024s][info ][gc,init       ] Large Page Support: Disabled
[0.024s][info ][gc,init       ] NUMA Support: Disabled
[0.024s][info ][gc,init       ] Compressed Oops: Enabled (Zero based)
[0.024s][info ][gc,init       ] Heap Region Size: 4M
[0.024s][info ][gc,init       ] Heap Min Capacity: 8M
[0.024s][info ][gc,init       ] Heap Initial Capacity: 500M
[0.024s][info ][gc,init       ] Heap Max Capacity: 7984M
[0.024s][info ][gc,init       ] Pre-touch: Disabled
[0.024s][info ][gc,init       ] Parallel Workers: 8
[0.024s][info ][gc,init       ] Concurrent Workers: 2
[0.024s][info ][gc,init       ] Concurrent Refinement Workers: 8
[0.024s][info ][gc,init       ] Periodic GC: Disabled
[0.047s][debug][gc,heap,region] Activate regions [1995, 1996)
[0.047s][debug][gc,ergo,heap  ] Attempt heap expansion (allocate archive regions). Total size: 4194304B
[0.047s][info ][gc,metaspace  ] CDS archive(s) mapped at: [0x00007790af000000-0x00007790afc97000-0x00007790afc97000), size 13201408, SharedBaseAddress: 0x00007790af000000, ArchiveRelocationMode: 1.
[0.047s][info ][gc,metaspace  ] Compressed class space mapped at: 0x00007790b0000000-0x00007790f0000000, reserved size: 1073741824
[0.047s][info ][gc,metaspace  ] Narrow klass base: 0x00007790af000000, Narrow klass shift: 0, Narrow klass range: 0x100000000
[0.059s][debug][gc,task,start ] G1 Service Thread (Periodic GC Task) (run 35.488ms after schedule)
[0.059s][debug][gc,task       ] G1 Service Thread (Periodic GC Task) (run: 0.040ms) (cpu: 0.000ms)
[0.059s][debug][gc,task,start ] G1 Service Thread (Card Set Free Memory Task) (run 35.517ms after schedule)
[0.059s][debug][gc,task       ] G1 Service Thread (Card Set Free Memory Task) (run: 0.010ms) (cpu: 0.000ms)
[0.638s][info ][gc,start      ] GC(0) Pause Young (Normal) (G1 Evacuation Pause)
[0.638s][debug][gc,heap       ] GC(0) Heap before GC invocations=0 (full 0):
[0.638s][debug][gc,heap       ] GC(0)  garbage-first heap   total 516096K, used 25649K [0x000000060d000000, 0x0000000800000000)
[0.638s][debug][gc,heap       ] GC(0)   region size 4096K, 6 young (24576K), 0 survivors (0K)
[0.638s][debug][gc,heap       ] GC(0)  Metaspace       used 9628K, committed 9856K, reserved 1114112K
[0.638s][debug][gc,heap       ] GC(0)   class space    used 1102K, committed 1216K, reserved 1048576K
[0.639s][info ][gc,task       ] GC(0) Using 8 workers of 8 for evacuation
[0.639s][debug][gc,age        ] GC(0) Desired survivor size 2097152 bytes, new threshold 15 (max threshold 15)
[0.639s][debug][gc,tlab       ] GC(0) TLAB totals: thrds: 6  refills: 53 max: 48 slow allocs: 4 max 4 waste: 10.2% gc: 2514888B max: 503312B slow: 36376B max: 36376B
[0.639s][debug][gc,refine,stats] GC(0) Mutator refinement: 0.00ms, refined: 0, precleaned: 0, dirtied: 423
[0.639s][debug][gc,refine,stats] GC(0) Concurrent refinement: 0.00ms, refined: 0, precleaned: 0, dirtied: 0
[0.639s][debug][gc,refine,stats] GC(0) Total refinement: 0.00ms, refined: 0, precleaned: 0, dirtied: 423
[0.639s][debug][gc,refine,stats] GC(0) Generate dirty cards rate: 0.68 cards/ms
[0.639s][debug][gc,alloc,region] GC(0) Mutator Allocation stats, regions: 6, wasted size: 0B ( 0.0%)
[0.639s][debug][gc,ergo,cset   ] GC(0) No candidates to reclaim.
[0.639s][debug][gc,ergo        ] GC(0) Running G1 Merge Heap Roots using 8 workers for 6 regions
[0.639s][debug][gc,remset      ] GC(0) Visited cards 704 Total dirty 8192 (8.59%) Total old 106496 (0.66%)
[0.641s][debug][gc,ref         ] GC(0) ReferenceProcessor::execute queues: 1, RefProcThreadModel::Single, marks_oops_alive: false
[0.642s][debug][gc,ref         ] GC(0) Skipped KeepAliveFinalRefsPhase of Reference Processing: no references
[0.642s][debug][gc,ref         ] GC(0) ReferenceProcessor::execute queues: 1, RefProcThreadModel::Single, marks_oops_alive: false
[0.642s][debug][gc,ergo        ] GC(0) Running G1 Rebuild Free List Task using 8 workers for rebuilding free list of regions
[0.642s][debug][gc,plab        ] GC(0) Young PLAB allocation: allocated: 2228224B, wasted: 3192B, unused: 174912B, used: 2050120B, undo waste: 0B, 
[0.642s][debug][gc,plab        ] GC(0) Young other allocation: region end waste: 0B, regions filled: 1, num plab filled: 61, direct allocated: 326800B, num direct allocated: 5, failure used: 0B, failure wasted: 0B
[0.642s][debug][gc,plab        ] GC(0) Young sizing: calculated: 410024B, actual: 410024B
[0.642s][debug][gc,plab        ] GC(0) Old PLAB allocation: allocated: 0B, wasted: 0B, unused: 0B, used: 0B, undo waste: 0B, 
[0.642s][debug][gc,plab        ] GC(0) Old other allocation: region end waste: 0B, regions filled: 0, num plab filled: 0, direct allocated: 0B, num direct allocated: 0, failure used: 0B, failure wasted: 0B
[0.642s][debug][gc,plab        ] GC(0) Old sizing: calculated: 0B, actual: 2064B
[0.642s][debug][gc,ergo,heap   ] GC(0) Heap expansion: short term pause time ratio 0.00% long term pause time ratio 0.00% threshold 1.00% pause time ratio 7.69% fully expanded false resize by 0B
[0.642s][debug][gc,mmu         ] GC(0) MMU: 3.2ms (200.0ms/201.0ms)
[0.642s][debug][gc,alloc,stats ] Old generation allocation in the last mutator period, old gen allocated: 0B, humongous allocated: 0B, old gen growth: 0B.
[0.642s][debug][gc,ihop        ] GC(0) Basic information (value update), threshold: 235929600B (45.00), target occupancy: 524288000B, current occupancy: 3654392B, recent allocation size: 0B, recent allocation duration: 625.58ms, recent old gen allocation rate: 0.00B/s, recent marking phase length: 0.00ms
[0.642s][debug][gc,ihop        ] GC(0) Adaptive IHOP information (value update), threshold: 235929600B (47.37), internal target occupancy: 498073600B, occupancy: 3654392B, additional buffer size: 46137344B, predicted old gen allocation rate: 0.00B/s, predicted marking phase length: 0.00ms, prediction active: false
[0.642s][debug][gc,ergo,refine ] GC(0) GC refinement: goal: 18446744073709551615 + 334 / 20.00ms, actual: 423 / 0.03ms, 
[0.642s][debug][gc,task,start  ] G1 Service Thread (Card Set Free Memory Task) (run 0.064ms after schedule)
[0.642s][debug][gc,ergo,refine ] GC(0) Unchanged pending cards target: 18446744073709551615
[0.642s][info ][gc,phases      ] GC(0)   Pre Evacuate Collection Set: 0.1ms
[0.642s][debug][gc,phases      ] GC(0)     Pre Evacuate Prepare: 0.0ms
[0.642s][debug][gc,phases      ] GC(0)       JT Retire TLABs And Flush Logs (ms): Min:  0.0, Avg:  0.0, Max:  0.0, Diff:  0.0, Sum:  0.0, Workers: 2
[0.642s][debug][gc,phases      ] GC(0)       Non-JT Flush Logs (ms):        Min:  0.0, Avg:  0.0, Max:  0.0, Diff:  0.0, Sum:  0.0, Workers: 1
[0.642s][debug][gc,phases      ] GC(0)     Choose Collection Set: 0.0ms
[0.642s][debug][gc,phases      ] GC(0)     Region Register: 0.1ms
[0.642s][debug][gc,phases      ] GC(0)     Prepare Heap Roots: 0.0ms
[0.642s][info ][gc,phases      ] GC(0)   Merge Heap Roots: 0.5ms
[0.642s][debug][gc,phases      ] GC(0)     Prepare Merge Heap Roots: 0.2ms
[0.642s][debug][gc,phases      ] GC(0)     Remembered Sets (ms):          Min:  0.0, Avg:  0.0, Max:  0.0, Diff:  0.0, Sum:  0.0, Workers: 8
[0.642s][debug][gc,phases      ] GC(0)       Eager Reclaim (ms):            skipped
[0.642s][debug][gc,phases      ] GC(0)       Merged Inline                  Min: 0, Avg:  0.0, Max: 0, Diff: 0, Sum: 0, Workers: 8
[0.642s][debug][gc,phases      ] GC(0)       Merged ArrayOfCards            Min: 0, Avg:  0.0, Max: 0, Diff: 0, Sum: 0, Workers: 8
[0.642s][debug][gc,phases      ] GC(0)       Merged Howl                    Min: 0, Avg:  0.0, Max: 0, Diff: 0, Sum: 0, Workers: 8
[0.642s][debug][gc,phases      ] GC(0)       Merged Full                    Min: 0, Avg:  0.0, Max: 0, Diff: 0, Sum: 0, Workers: 8
[0.642s][debug][gc,phases      ] GC(0)       Merged Howl Inline             Min: 0, Avg:  0.0, Max: 0, Diff: 0, Sum: 0, Workers: 8
[0.642s][debug][gc,phases      ] GC(0)       Merged Howl ArrayOfCards       Min: 0, Avg:  0.0, Max: 0, Diff: 0, Sum: 0, Workers: 8
[0.642s][debug][gc,phases      ] GC(0)       Merged Howl BitMap             Min: 0, Avg:  0.0, Max: 0, Diff: 0, Sum: 0, Workers: 8
[0.642s][debug][gc,phases      ] GC(0)       Merged Howl Full               Min: 0, Avg:  0.0, Max: 0, Diff: 0, Sum: 0, Workers: 8
[0.642s][debug][gc,phases      ] GC(0)       Merged Cards                   Min: 8, Avg:  8.0, Max: 8, Diff: 0, Sum: 64, Workers: 8
[0.642s][debug][gc,phases      ] GC(0)     Log Buffers (ms):              Min:  0.0, Avg:  0.0, Max:  0.0, Diff:  0.0, Sum:  0.0, Workers: 8
[0.642s][debug][gc,phases      ] GC(0)       Dirty Cards:                   Min: 0, Avg: 52.9, Max: 256, Diff: 256, Sum: 423, Workers: 8
[0.642s][debug][gc,phases      ] GC(0)       Skipped Cards:                 Min: 0, Avg:  0.0, Max: 0, Diff: 0, Sum: 0, Workers: 8
[0.642s][info ][gc,phases      ] GC(0)   Evacuate Collection Set: 1.8ms
[0.642s][debug][gc,phases      ] GC(0)     Ext Root Scanning (ms):        Min:  0.0, Avg:  0.2, Max:  0.7, Diff:  0.7, Sum:  1.3, Workers: 8
[0.642s][debug][gc,phases      ] GC(0)     Scan Heap Roots (ms):          Min:  0.0, Avg:  0.0, Max:  0.1, Diff:  0.1, Sum:  0.3, Workers: 8
[0.642s][debug][gc,phases      ] GC(0)       Scanned Cards:                 Min: 0, Avg: 52.9, Max: 142, Diff: 142, Sum: 423, Workers: 8
[0.642s][debug][gc,phases      ] GC(0)       Scanned Blocks:                Min: 0, Avg:  4.1, Max: 20, Diff: 20, Sum: 33, Workers: 8
[0.642s][debug][gc,phases      ] GC(0)       Claimed Chunks:                Min: 0, Avg:  1.4, Max: 4, Diff: 4, Sum: 11, Workers: 8
[0.642s][debug][gc,phases      ] GC(0)       Found Roots:                   Min: 0, Avg: 275.1, Max: 601, Diff: 601, Sum: 2201, Workers: 8
[0.642s][debug][gc,phases      ] GC(0)     Code Root Scan (ms):           Min:  0.0, Avg:  0.3, Max:  1.1, Diff:  1.1, Sum:  2.0, Workers: 8
[0.642s][debug][gc,phases      ] GC(0)       Scanned Nmethods               Min: 0, Avg: 27.0, Max: 127, Diff: 127, Sum: 216, Workers: 8
[0.642s][debug][gc,phases      ] GC(0)     Object Copy (ms):              Min:  0.4, Avg:  1.0, Max:  1.4, Diff:  1.1, Sum:  8.3, Workers: 8
[0.642s][debug][gc,phases      ] GC(0)     Termination (ms):              Min:  0.1, Avg:  0.2, Max:  0.2, Diff:  0.1, Sum:  1.2, Workers: 8
[0.642s][debug][gc,phases      ] GC(0)       Termination Attempts:          Min: 1, Avg:  2.4, Max: 4, Diff: 3, Sum: 19, Workers: 8
[0.642s][debug][gc,phases      ] GC(0)     GC Worker Other (ms):          Min:  0.0, Avg:  0.0, Max:  0.0, Diff:  0.0, Sum:  0.1, Workers: 8
[0.642s][debug][gc,phases      ] GC(0)     GC Worker Total (ms):          Min:  1.2, Avg:  1.6, Max:  1.7, Diff:  0.6, Sum: 13.1, Workers: 8
[0.642s][info ][gc,phases      ] GC(0)   Post Evacuate Collection Set: 0.7ms
[0.642s][debug][gc,phases      ] GC(0)     NMethod List Cleanup: 0.0ms
[0.642s][debug][gc,phases      ] GC(0)     Reference Processing: 0.2ms
[0.642s][debug][gc,phases,ref  ] GC(0)       Notify Soft/WeakReferences: 0.2ms
[0.642s][debug][gc,phases,ref  ] GC(0)         SoftRef (ms):                  Min:  0.0, Avg:  0.0, Max:  0.0, Diff:  0.0, Sum:  0.0, Workers: 1
[0.642s][debug][gc,phases,ref  ] GC(0)         WeakRef (ms):                  Min:  0.1, Avg:  0.1, Max:  0.1, Diff:  0.0, Sum:  0.1, Workers: 1
[0.642s][debug][gc,phases,ref  ] GC(0)         FinalRef (ms):                 Min:  0.0, Avg:  0.0, Max:  0.0, Diff:  0.0, Sum:  0.0, Workers: 1
[0.642s][debug][gc,phases,ref  ] GC(0)         Total (ms):                    Min:  0.1, Avg:  0.1, Max:  0.1, Diff:  0.0, Sum:  0.1, Workers: 1
[0.642s][debug][gc,phases,ref  ] GC(0)       Notify and keep alive finalizable: 0.0ms
[0.642s][debug][gc,phases,ref  ] GC(0)         FinalRef (ms):                 skipped
[0.642s][debug][gc,phases,ref  ] GC(0)       Notify PhantomReferences: 0.0ms
[0.642s][debug][gc,phases,ref  ] GC(0)         PhantomRef (ms):               Min:  0.0, Avg:  0.0, Max:  0.0, Diff:  0.0, Sum:  0.0, Workers: 1
[0.642s][debug][gc,phases,ref  ] GC(0)       SoftReference Discovered: 0, Dropped: 0, Processed: 0
[0.642s][debug][gc,phases,ref  ] GC(0)       WeakReference Discovered: 634, Dropped: 337, Processed: 297
[0.642s][debug][gc,phases,ref  ] GC(0)       FinalReference Discovered: 0, Dropped: 0, Processed: 0
[0.642s][debug][gc,phases,ref  ] GC(0)       PhantomReference Discovered: 199, Dropped: 2, Processed: 197
[0.642s][debug][gc,phases      ] GC(0)     Weak Processing: 0.1ms
[0.642s][debug][gc,phases      ] GC(0)       VM Weak                        Min:  0.0, Avg:  0.0, Max:  0.0, Diff:  0.0, Sum:  0.0, Workers: 4
[0.642s][debug][gc,phases      ] GC(0)         Dead                           Min: 0, Avg:  0.0, Max: 0, Diff: 0, Sum: 0, Workers: 4
[0.642s][debug][gc,phases      ] GC(0)         Total                          Min: 0, Avg: 18.0, Max: 72, Diff: 72, Sum: 72, Workers: 4
[0.642s][debug][gc,phases      ] GC(0)       ObjectSynchronizer Weak        Min:  0.0, Avg:  0.0, Max:  0.0, Diff:  0.0, Sum:  0.0, Workers: 4
[0.642s][debug][gc,phases      ] GC(0)         Dead                           Min: 0, Avg:  0.0, Max: 0, Diff: 0, Sum: 0, Workers: 4
[0.642s][debug][gc,phases      ] GC(0)         Total                          Min: 0, Avg:  0.2, Max: 1, Diff: 1, Sum: 1, Workers: 4
[0.642s][debug][gc,phases      ] GC(0)       JVMTI Tag Weak OopStorage      Min:  0.0, Avg:  0.0, Max:  0.0, Diff:  0.0, Sum:  0.0, Workers: 4
[0.642s][debug][gc,phases      ] GC(0)         Dead                           Min: 0, Avg:  0.0, Max: 0, Diff: 0, Sum: 0, Workers: 4
[0.642s][debug][gc,phases      ] GC(0)         Total                          Min: 0, Avg:  0.0, Max: 0, Diff: 0, Sum: 0, Workers: 4
[0.642s][debug][gc,phases      ] GC(0)       StringTable Weak               Min:  0.0, Avg:  0.1, Max:  0.1, Diff:  0.0, Sum:  0.2, Workers: 4
[0.642s][debug][gc,phases      ] GC(0)         Dead                           Min: 2, Avg:  3.8, Max: 5, Diff: 3, Sum: 15, Workers: 4
[0.642s][debug][gc,phases      ] GC(0)         Total                          Min: 384, Avg: 762.5, Max: 1258, Diff: 874, Sum: 3050, Workers: 4
[0.642s][debug][gc,phases      ] GC(0)       ResolvedMethodTable Weak       Min:  0.0, Avg:  0.0, Max:  0.0, Diff:  0.0, Sum:  0.0, Workers: 4
[0.642s][debug][gc,phases      ] GC(0)         Dead                           Min: 15, Avg: 22.5, Max: 34, Diff: 19, Sum: 90, Workers: 4
[0.642s][debug][gc,phases      ] GC(0)         Total                          Min: 128, Avg: 185.5, Max: 256, Diff: 128, Sum: 742, Workers: 4
[0.642s][debug][gc,phases      ] GC(0)       JNI Weak                       Min:  0.0, Avg:  0.0, Max:  0.0, Diff:  0.0, Sum:  0.0, Workers: 4
[0.642s][debug][gc,phases      ] GC(0)         Dead                           Min: 0, Avg:  0.0, Max: 0, Diff: 0, Sum: 0, Workers: 4
[0.642s][debug][gc,phases      ] GC(0)         Total                          Min: 0, Avg:  0.0, Max: 0, Diff: 0, Sum: 0, Workers: 4
[0.642s][debug][gc,phases      ] GC(0)       StringDedup Table Weak         Min:  0.0, Avg:  0.0, Max:  0.0, Diff:  0.0, Sum:  0.0, Workers: 4
[0.642s][debug][gc,phases      ] GC(0)         Dead                           Min: 0, Avg:  0.0, Max: 0, Diff: 0, Sum: 0, Workers: 4
[0.642s][debug][gc,phases      ] GC(0)         Total                          Min: 0, Avg:  0.0, Max: 0, Diff: 0, Sum: 0, Workers: 4
[0.642s][debug][gc,phases      ] GC(0)       StringDedup Requests0 Weak     Min:  0.0, Avg:  0.0, Max:  0.0, Diff:  0.0, Sum:  0.0, Workers: 4
[0.642s][debug][gc,phases      ] GC(0)         Dead                           Min: 0, Avg:  0.0, Max: 0, Diff: 0, Sum: 0, Workers: 4
[0.643s][debug][gc,phases      ] GC(0)         Total                          Min: 0, Avg:  0.0, Max: 0, Diff: 0, Sum: 0, Workers: 4
[0.643s][debug][gc,phases      ] GC(0)       StringDedup Requests1 Weak     Min:  0.0, Avg:  0.0, Max:  0.0, Diff:  0.0, Sum:  0.0, Workers: 4
[0.643s][debug][gc,phases      ] GC(0)         Dead                           Min: 0, Avg:  0.0, Max: 0, Diff: 0, Sum: 0, Workers: 4
[0.643s][debug][gc,phases      ] GC(0)         Total                          Min: 0, Avg:  0.0, Max: 0, Diff: 0, Sum: 0, Workers: 4
[0.643s][debug][gc,phases      ] GC(0)       Weak JFR Old Object Samples    Min:  0.0, Avg:  0.0, Max:  0.0, Diff:  0.0, Sum:  0.0, Workers: 4
[0.643s][debug][gc,phases      ] GC(0)         Dead                           Min: 0, Avg:  0.0, Max: 0, Diff: 0, Sum: 0, Workers: 4
[0.643s][debug][gc,phases      ] GC(0)         Total                          Min: 0, Avg:  0.0, Max: 0, Diff: 0, Sum: 0, Workers: 4
[0.643s][debug][gc,phases      ] GC(0)     Post Evacuate Cleanup 1: 0.0ms
[0.643s][debug][gc,phases      ] GC(0)       Merge Per-Thread State (ms):   Min:  0.0, Avg:  0.0, Max:  0.0, Diff:  0.0, Sum:  0.0, Workers: 1
[0.643s][debug][gc,phases      ] GC(0)         Copied Bytes                   Min: 90704, Avg: 297115.0, Max: 433552, Diff: 342848, Sum: 2376920, Workers: 8
[0.643s][debug][gc,phases      ] GC(0)         LAB Waste                      Min: 72, Avg: 399.0, Max: 880, Diff: 808, Sum: 3192, Workers: 8
[0.643s][debug][gc,phases      ] GC(0)         LAB Undo Waste                 Min: 0, Avg:  0.0, Max: 0, Diff: 0, Sum: 0, Workers: 8
[0.643s][debug][gc,phases      ] GC(0)       Clear Logged Cards (ms):       Min:  0.0, Avg:  0.0, Max:  0.0, Diff:  0.0, Sum:  0.0, Workers: 3
[0.643s][debug][gc,phases      ] GC(0)       Recalculate Used Memory (ms):  Min:  0.0, Avg:  0.0, Max:  0.0, Diff:  0.0, Sum:  0.0, Workers: 1
[0.643s][debug][gc,phases      ] GC(0)     Post Evacuate Cleanup 2: 0.2ms
[0.643s][debug][gc,phases      ] GC(0)       Update Derived Pointers (ms):  Min:  0.0, Avg:  0.0, Max:  0.0, Diff:  0.0, Sum:  0.0, Workers: 1
[0.643s][debug][gc,phases      ] GC(0)       Eagerly Reclaim Humongous Objects (ms): skipped
[0.643s][debug][gc,phases      ] GC(0)         Humongous Total                skipped
[0.643s][debug][gc,phases      ] GC(0)         Humongous Candidates           skipped
[0.643s][debug][gc,phases      ] GC(0)         Humongous Reclaimed            skipped
[0.643s][debug][gc,phases      ] GC(0)       Redirty Logged Cards (ms):     Min:  0.0, Avg:  0.0, Max:  0.0, Diff:  0.0, Sum:  0.0, Workers: 8
[0.643s][debug][gc,phases      ] GC(0)         Redirtied Cards:               Min: 0, Avg: 56.8, Max: 454, Diff: 454, Sum: 454, Workers: 8
[0.643s][debug][gc,phases      ] GC(0)       Resize TLABs (ms):             Min:  0.0, Avg:  0.0, Max:  0.0, Diff:  0.0, Sum:  0.0, Workers: 8
[0.643s][debug][gc,phases      ] GC(0)       Free Collection Set (ms):      Min:  0.0, Avg:  0.0, Max:  0.1, Diff:  0.1, Sum:  0.1, Workers: 8
[0.643s][debug][gc,phases      ] GC(0)     Rebuild Free List: 0.1ms
[0.643s][debug][gc,phases      ] GC(0)     Prepare For Mutator: 0.0ms
[0.643s][debug][gc,phases      ] GC(0)     Expand Heap After Collection: 0.0ms
[0.643s][info ][gc,phases      ] GC(0)   Other: 1.3ms
[0.643s][debug][gc,remset      ] GC(0) Coarsening (recent): Inline->AoC 0 (0) AoC->Howl 0 (0) Howl->Full 0 (0) Inline->AoC 0 (0) AoC->BitMap 0 (0) BitMap->Full 0 (0) 
[0.643s][debug][gc,remset      ] GC(0) Coarsening (all): Inline->AoC 0 (0) AoC->Howl 0 (0) Howl->Full 0 (0) Inline->AoC 0 (0) AoC->BitMap 0 (0) BitMap->Full 0 (0) 
[0.643s][info ][gc,heap        ] GC(0) Eden regions: 6->0(10)
[0.643s][info ][gc,heap        ] GC(0) Survivor regions: 0->1(1)
[0.643s][info ][gc,heap        ] GC(0) Old regions: 1->1
[0.643s][info ][gc,heap        ] GC(0) Humongous regions: 0->0
[0.643s][info ][gc,metaspace   ] GC(0) Metaspace: 9628K(9856K)->9628K(9856K) NonClass: 8525K(8640K)->8525K(8640K) Class: 1102K(1216K)->1102K(1216K)
[0.643s][debug][gc,heap        ] GC(0) Heap after GC invocations=1 (full 0):
[0.643s][debug][gc,heap        ] GC(0)  garbage-first heap   total 516096K, used 3568K [0x000000060d000000, 0x0000000800000000)
[0.643s][debug][gc,heap        ] GC(0)   region size 4096K, 1 young (4096K), 1 survivors (4096K)
[0.643s][debug][gc,heap        ] GC(0)  Metaspace       used 9628K, committed 9856K, reserved 1114112K
[0.643s][debug][gc,heap        ] GC(0)   class space    used 1102K, committed 1216K, reserved 1048576K
[0.643s][info ][gc             ] GC(0) Pause Young (Normal) (G1 Evacuation Pause) 25M->3M(504M) 5.154ms
[0.643s][info ][gc,cpu         ] GC(0) User=0.01s Sys=0.00s Real=0.01s
[0.643s][debug][gc,task        ] G1 Service Thread (Card Set Free Memory Task) (run: 0.791ms) (cpu: 0.028ms)
[0.682s][info ][gc,start       ] GC(1) Pause Young (Normal) (G1 Evacuation Pause)
[0.682s][debug][gc,heap        ] GC(1) Heap before GC invocations=1 (full 0):
[0.682s][debug][gc,heap        ] GC(1)  garbage-first heap   total 516096K, used 44528K [0x000000060d000000, 0x0000000800000000)
[0.682s][debug][gc,heap        ] GC(1)   region size 4096K, 11 young (45056K), 1 survivors (4096K)
[0.682s][debug][gc,heap        ] GC(1)  Metaspace       used 9637K, committed 9856K, reserved 1114112K
[0.682s][debug][gc,heap        ] GC(1)   class space    used 1102K, committed 1216K, reserved 1048576K
[0.682s][info ][gc,task        ] GC(1) Using 8 workers of 8 for evacuation
[0.682s][debug][gc,age         ] GC(1) Desired survivor size 4194304 bytes, new threshold 15 (max threshold 15)
[0.682s][debug][gc,tlab        ] GC(1) TLAB totals: thrds: 3  refills: 111 max: 109 slow allocs: 5 max 5 waste:  1.2% gc: 418432B max: 209520B slow: 69448B max: 69448B
[0.682s][debug][gc,refine,stats] GC(1) Mutator refinement: 0.00ms, refined: 0, precleaned: 0, dirtied: 0
[0.682s][debug][gc,refine,stats] GC(1) Concurrent refinement: 0.00ms, refined: 0, precleaned: 0, dirtied: 0
[0.682s][debug][gc,refine,stats] GC(1) Total refinement: 0.00ms, refined: 0, precleaned: 0, dirtied: 0
[0.682s][debug][gc,refine,stats] GC(1) Generate dirty cards rate: 0.00 cards/ms
[0.682s][debug][gc,alloc,region] GC(1) Mutator Allocation stats, regions: 10, wasted size: 0B ( 0.0%)
[0.682s][debug][gc,ergo,cset   ] GC(1) No candidates to reclaim.
[0.682s][debug][gc,ergo        ] GC(1) Running G1 Merge Heap Roots using 8 workers for 11 regions
[0.682s][debug][gc,remset      ] GC(1) Visited cards 640 Total dirty 8192 (7.81%) Total old 188416 (0.34%)
[0.684s][debug][gc,ref         ] GC(1) ReferenceProcessor::execute queues: 1, RefProcThreadModel::Single, marks_oops_alive: false
[0.684s][debug][gc,ref         ] GC(1) Skipped KeepAliveFinalRefsPhase of Reference Processing: no references
[0.684s][debug][gc,ref         ] GC(1) ReferenceProcessor::execute queues: 1, RefProcThreadModel::Single, marks_oops_alive: false
[0.685s][debug][gc,ergo        ] GC(1) Running G1 Rebuild Free List Task using 8 workers for rebuilding free list of regions
[0.685s][debug][gc,plab        ] GC(1) Young PLAB allocation: allocated: 2459904B, wasted: 1504B, unused: 252408B, used: 2205992B, undo waste: 0B, 
[0.685s][debug][gc,plab        ] GC(1) Young other allocation: region end waste: 0B, regions filled: 1, num plab filled: 48, direct allocated: 326392B, num direct allocated: 5, failure used: 0B, failure wasted: 0B
[0.685s][debug][gc,plab        ] GC(1) Young sizing: calculated: 441192B, actual: 433400B
[0.685s][debug][gc,plab        ] GC(1) Old PLAB allocation: allocated: 0B, wasted: 0B, unused: 0B, used: 0B, undo waste: 0B, 
[0.685s][debug][gc,plab        ] GC(1) Old other allocation: region end waste: 0B, regions filled: 0, num plab filled: 0, direct allocated: 0B, num direct allocated: 0, failure used: 0B, failure wasted: 0B
[0.685s][debug][gc,plab        ] GC(1) Old sizing: calculated: 0B, actual: 2064B
[0.685s][debug][gc,ergo,heap   ] GC(1) Heap expansion: short term pause time ratio 0.51% long term pause time ratio 0.51% threshold 1.00% pause time ratio 7.69% fully expanded false resize by 0B
[0.685s][debug][gc,mmu         ] GC(1) MMU: 6.1ms (200.0ms/201.0ms)
[0.685s][debug][gc,task,start  ] G1 Service Thread (Card Set Free Memory Task) (run 0.026ms after schedule)
[0.685s][debug][gc,alloc,stats ] Old generation allocation in the last mutator period, old gen allocated: 0B, humongous allocated: 0B, old gen growth: 0B.
[0.685s][debug][gc,ihop        ] GC(1) Basic information (value update), threshold: 235929600B (45.00), target occupancy: 524288000B, current occupancy: 3885664B, recent allocation size: 0B, recent allocation duration: 39.82ms, recent old gen allocation rate: 0.00B/s, recent marking phase length: 0.00ms
[0.685s][debug][gc,ihop        ] GC(1) Adaptive IHOP information (value update), threshold: 235929600B (47.37), internal target occupancy: 498073600B, occupancy: 3885664B, additional buffer size: 314572800B, predicted old gen allocation rate: 0.00B/s, predicted marking phase length: 0.00ms, prediction active: false
[0.685s][debug][gc,ergo,refine ] GC(1) GC refinement: goal: 18446744073709551615 + 204 / 20.00ms, actual: 454 / 0.04ms, 
[0.685s][debug][gc,ergo,refine ] GC(1) Unchanged pending cards target: 18446744073709551615
[0.685s][info ][gc,phases      ] GC(1)   Pre Evacuate Collection Set: 0.1ms
[0.685s][debug][gc,phases      ] GC(1)     Pre Evacuate Prepare: 0.0ms
[0.685s][debug][gc,phases      ] GC(1)       JT Retire TLABs And Flush Logs (ms): Min:  0.0, Avg:  0.0, Max:  0.0, Diff:  0.0, Sum:  0.0, Workers: 2
[0.685s][debug][gc,phases      ] GC(1)       Non-JT Flush Logs (ms):        Min:  0.0, Avg:  0.0, Max:  0.0, Diff:  0.0, Sum:  0.0, Workers: 1
[0.685s][debug][gc,phases      ] GC(1)     Choose Collection Set: 0.0ms
[0.685s][debug][gc,phases      ] GC(1)     Region Register: 0.1ms
[0.685s][debug][gc,phases      ] GC(1)     Prepare Heap Roots: 0.0ms
[0.685s][info ][gc,phases      ] GC(1)   Merge Heap Roots: 0.4ms
[0.685s][debug][gc,phases      ] GC(1)     Prepare Merge Heap Roots: 0.0ms
[0.685s][debug][gc,phases      ] GC(1)     Remembered Sets (ms):          Min:  0.0, Avg:  0.0, Max:  0.0, Diff:  0.0, Sum:  0.0, Workers: 8
[0.685s][debug][gc,phases      ] GC(1)       Eager Reclaim (ms):            skipped
[0.685s][debug][gc,phases      ] GC(1)       Merged Inline                  Min: 0, Avg:  0.0, Max: 0, Diff: 0, Sum: 0, Workers: 8
[0.685s][debug][gc,phases      ] GC(1)       Merged ArrayOfCards            Min: 0, Avg:  0.0, Max: 0, Diff: 0, Sum: 0, Workers: 8
[0.685s][debug][gc,phases      ] GC(1)       Merged Howl                    Min: 0, Avg:  0.0, Max: 0, Diff: 0, Sum: 0, Workers: 8
[0.685s][debug][gc,phases      ] GC(1)       Merged Full                    Min: 0, Avg:  0.0, Max: 0, Diff: 0, Sum: 0, Workers: 8
[0.685s][debug][gc,phases      ] GC(1)       Merged Howl Inline             Min: 0, Avg:  0.0, Max: 0, Diff: 0, Sum: 0, Workers: 8
[0.685s][debug][gc,phases      ] GC(1)       Merged Howl ArrayOfCards       Min: 0, Avg:  0.0, Max: 0, Diff: 0, Sum: 0, Workers: 8
[0.685s][debug][gc,phases      ] GC(1)       Merged Howl BitMap             Min: 0, Avg:  0.0, Max: 0, Diff: 0, Sum: 0, Workers: 8
[0.685s][debug][gc,phases      ] GC(1)       Merged Howl Full               Min: 0, Avg:  0.0, Max: 0, Diff: 0, Sum: 0, Workers: 8
[0.685s][debug][gc,phases      ] GC(1)       Merged Cards                   Min: 8, Avg:  8.0, Max: 8, Diff: 0, Sum: 64, Workers: 8
[0.685s][debug][gc,phases      ] GC(1)     Log Buffers (ms):              Min:  0.0, Avg:  0.0, Max:  0.0, Diff:  0.0, Sum:  0.0, Workers: 8
[0.685s][debug][gc,phases      ] GC(1)       Dirty Cards:                   Min: 0, Avg: 56.8, Max: 454, Diff: 454, Sum: 454, Workers: 8
[0.685s][debug][gc,phases      ] GC(1)       Skipped Cards:                 Min: 0, Avg:  0.0, Max: 0, Diff: 0, Sum: 0, Workers: 8
[0.685s][info ][gc,phases      ] GC(1)   Evacuate Collection Set: 1.5ms
[0.685s][debug][gc,phases      ] GC(1)     Ext Root Scanning (ms):        Min:  0.0, Avg:  0.1, Max:  0.5, Diff:  0.5, Sum:  0.9, Workers: 8
[0.685s][debug][gc,phases      ] GC(1)     Scan Heap Roots (ms):          Min:  0.0, Avg:  0.0, Max:  0.1, Diff:  0.1, Sum:  0.3, Workers: 8
[0.685s][debug][gc,phases      ] GC(1)       Scanned Cards:                 Min: 0, Avg: 50.1, Max: 96, Diff: 96, Sum: 401, Workers: 8
[0.685s][debug][gc,phases      ] GC(1)       Scanned Blocks:                Min: 0, Avg:  4.2, Max: 11, Diff: 11, Sum: 34, Workers: 8
[0.685s][debug][gc,phases      ] GC(1)       Claimed Chunks:                Min: 0, Avg:  1.2, Max: 3, Diff: 3, Sum: 10, Workers: 8
[0.685s][debug][gc,phases      ] GC(1)       Found Roots:                   Min: 0, Avg: 275.4, Max: 512, Diff: 512, Sum: 2203, Workers: 8
[0.685s][debug][gc,phases      ] GC(1)     Code Root Scan (ms):           Min:  0.0, Avg:  0.1, Max:  0.3, Diff:  0.3, Sum:  1.1, Workers: 8
[0.685s][debug][gc,phases      ] GC(1)       Scanned Nmethods               Min: 0, Avg:  7.9, Max: 63, Diff: 63, Sum: 63, Workers: 8
[0.685s][debug][gc,phases      ] GC(1)     Object Copy (ms):              Min:  0.8, Avg:  1.1, Max:  1.3, Diff:  0.5, Sum:  8.8, Workers: 8
[0.685s][debug][gc,phases      ] GC(1)     Termination (ms):              Min:  0.0, Avg:  0.0, Max:  0.1, Diff:  0.0, Sum:  0.3, Workers: 8
[0.685s][debug][gc,phases      ] GC(1)       Termination Attempts:          Min: 1, Avg:  1.5, Max: 4, Diff: 3, Sum: 12, Workers: 8
[0.685s][debug][gc,phases      ] GC(1)     GC Worker Other (ms):          Min:  0.0, Avg:  0.0, Max:  0.0, Diff:  0.0, Sum:  0.1, Workers: 8
[0.685s][debug][gc,phases      ] GC(1)     GC Worker Total (ms):          Min:  1.4, Avg:  1.4, Max:  1.5, Diff:  0.1, Sum: 11.6, Workers: 8
[0.685s][info ][gc,phases      ] GC(1)   Post Evacuate Collection Set: 0.7ms
[0.685s][debug][gc,phases      ] GC(1)     NMethod List Cleanup: 0.0ms
[0.685s][debug][gc,phases      ] GC(1)     Reference Processing: 0.1ms
[0.685s][debug][gc,phases,ref  ] GC(1)       Notify Soft/WeakReferences: 0.1ms
[0.685s][debug][gc,phases,ref  ] GC(1)         SoftRef (ms):                  Min:  0.0, Avg:  0.0, Max:  0.0, Diff:  0.0, Sum:  0.0, Workers: 1
[0.685s][debug][gc,phases,ref  ] GC(1)         WeakRef (ms):                  Min:  0.0, Avg:  0.0, Max:  0.0, Diff:  0.0, Sum:  0.0, Workers: 1
[0.685s][debug][gc,phases,ref  ] GC(1)         FinalRef (ms):                 Min:  0.0, Avg:  0.0, Max:  0.0, Diff:  0.0, Sum:  0.0, Workers: 1
[0.685s][debug][gc,phases,ref  ] GC(1)         Total (ms):                    Min:  0.0, Avg:  0.0, Max:  0.0, Diff:  0.0, Sum:  0.0, Workers: 1
[0.685s][debug][gc,phases,ref  ] GC(1)       Notify and keep alive finalizable: 0.0ms
[0.685s][debug][gc,phases,ref  ] GC(1)         FinalRef (ms):                 skipped
[0.685s][debug][gc,phases,ref  ] GC(1)       Notify PhantomReferences: 0.0ms
[0.685s][debug][gc,phases,ref  ] GC(1)         PhantomRef (ms):               Min:  0.0, Avg:  0.0, Max:  0.0, Diff:  0.0, Sum:  0.0, Workers: 1
[0.685s][debug][gc,phases,ref  ] GC(1)       SoftReference Discovered: 0, Dropped: 0, Processed: 0
[0.685s][debug][gc,phases,ref  ] GC(1)       WeakReference Discovered: 319, Dropped: 319, Processed: 0
[0.685s][debug][gc,phases,ref  ] GC(1)       FinalReference Discovered: 0, Dropped: 0, Processed: 0
[0.685s][debug][gc,phases,ref  ] GC(1)       PhantomReference Discovered: 2, Dropped: 2, Processed: 0
[0.685s][debug][gc,phases      ] GC(1)     Weak Processing: 0.2ms
[0.685s][debug][gc,phases      ] GC(1)       VM Weak                        Min:  0.0, Avg:  0.0, Max:  0.0, Diff:  0.0, Sum:  0.0, Workers: 4
[0.685s][debug][gc,phases      ] GC(1)         Dead                           Min: 0, Avg:  0.0, Max: 0, Diff: 0, Sum: 0, Workers: 4
[0.685s][debug][gc,phases      ] GC(1)         Total                          Min: 0, Avg: 18.0, Max: 72, Diff: 72, Sum: 72, Workers: 4
[0.685s][debug][gc,phases      ] GC(1)       ObjectSynchronizer Weak        Min:  0.0, Avg:  0.0, Max:  0.0, Diff:  0.0, Sum:  0.0, Workers: 4
[0.685s][debug][gc,phases      ] GC(1)         Dead                           Min: 0, Avg:  0.0, Max: 0, Diff: 0, Sum: 0, Workers: 4
[0.685s][debug][gc,phases      ] GC(1)         Total                          Min: 0, Avg:  0.2, Max: 1, Diff: 1, Sum: 1, Workers: 4
[0.685s][debug][gc,phases      ] GC(1)       JVMTI Tag Weak OopStorage      Min:  0.0, Avg:  0.0, Max:  0.0, Diff:  0.0, Sum:  0.0, Workers: 4
[0.685s][debug][gc,phases      ] GC(1)         Dead                           Min: 0, Avg:  0.0, Max: 0, Diff: 0, Sum: 0, Workers: 4
[0.685s][debug][gc,phases      ] GC(1)         Total                          Min: 0, Avg:  0.0, Max: 0, Diff: 0, Sum: 0, Workers: 4
[0.685s][debug][gc,phases      ] GC(1)       StringTable Weak               Min:  0.0, Avg:  0.0, Max:  0.1, Diff:  0.0, Sum:  0.2, Workers: 4
[0.685s][debug][gc,phases      ] GC(1)         Dead                           Min: 0, Avg:  0.0, Max: 0, Diff: 0, Sum: 0, Workers: 4
[0.685s][debug][gc,phases      ] GC(1)         Total                          Min: 512, Avg: 762.5, Max: 1194, Diff: 682, Sum: 3050, Workers: 4
[0.685s][debug][gc,phases      ] GC(1)       ResolvedMethodTable Weak       Min:  0.0, Avg:  0.0, Max:  0.0, Diff:  0.0, Sum:  0.0, Workers: 4
[0.685s][debug][gc,phases      ] GC(1)         Dead                           Min: 0, Avg:  0.0, Max: 0, Diff: 0, Sum: 0, Workers: 4
[0.685s][debug][gc,phases      ] GC(1)         Total                          Min: 128, Avg: 185.5, Max: 230, Diff: 102, Sum: 742, Workers: 4
[0.685s][debug][gc,phases      ] GC(1)       JNI Weak                       Min:  0.0, Avg:  0.0, Max:  0.0, Diff:  0.0, Sum:  0.0, Workers: 4
[0.685s][debug][gc,phases      ] GC(1)         Dead                           Min: 0, Avg:  0.0, Max: 0, Diff: 0, Sum: 0, Workers: 4
[0.685s][debug][gc,phases      ] GC(1)         Total                          Min: 0, Avg:  0.0, Max: 0, Diff: 0, Sum: 0, Workers: 4
[0.685s][debug][gc,phases      ] GC(1)       StringDedup Table Weak         Min:  0.0, Avg:  0.0, Max:  0.0, Diff:  0.0, Sum:  0.0, Workers: 4
[0.685s][debug][gc,phases      ] GC(1)         Dead                           Min: 0, Avg:  0.0, Max: 0, Diff: 0, Sum: 0, Workers: 4
[0.685s][debug][gc,phases      ] GC(1)         Total                          Min: 0, Avg:  0.0, Max: 0, Diff: 0, Sum: 0, Workers: 4
[0.685s][debug][gc,phases      ] GC(1)       StringDedup Requests0 Weak     Min:  0.0, Avg:  0.0, Max:  0.0, Diff:  0.0, Sum:  0.0, Workers: 4
[0.685s][debug][gc,phases      ] GC(1)         Dead                           Min: 0, Avg:  0.0, Max: 0, Diff: 0, Sum: 0, Workers: 4
[0.685s][debug][gc,phases      ] GC(1)         Total                          Min: 0, Avg:  0.0, Max: 0, Diff: 0, Sum: 0, Workers: 4
[0.685s][debug][gc,phases      ] GC(1)       StringDedup Requests1 Weak     Min:  0.0, Avg:  0.0, Max:  0.0, Diff:  0.0, Sum:  0.0, Workers: 4
[0.685s][debug][gc,phases      ] GC(1)         Dead                           Min: 0, Avg:  0.0, Max: 0, Diff: 0, Sum: 0, Workers: 4
[0.685s][debug][gc,phases      ] GC(1)         Total                          Min: 0, Avg:  0.0, Max: 0, Diff: 0, Sum: 0, Workers: 4
[0.685s][debug][gc,phases      ] GC(1)       Weak JFR Old Object Samples    Min:  0.0, Avg:  0.0, Max:  0.0, Diff:  0.0, Sum:  0.0, Workers: 4
[0.685s][debug][gc,phases      ] GC(1)         Dead                           Min: 0, Avg:  0.0, Max: 0, Diff: 0, Sum: 0, Workers: 4
[0.685s][debug][gc,phases      ] GC(1)         Total                          Min: 0, Avg:  0.0, Max: 0, Diff: 0, Sum: 0, Workers: 4
[0.685s][debug][gc,phases      ] GC(1)     Post Evacuate Cleanup 1: 0.2ms
[0.685s][debug][gc,phases      ] GC(1)       Merge Per-Thread State (ms):   Min:  0.0, Avg:  0.0, Max:  0.0, Diff:  0.0, Sum:  0.0, Workers: 1
[0.685s][debug][gc,phases      ] GC(1)         Copied Bytes                   Min: 218504, Avg: 316548.0, Max: 429592, Diff: 211088, Sum: 2532384, Workers: 8
[0.685s][debug][gc,phases      ] GC(1)         LAB Waste                      Min: 112, Avg: 188.0, Max: 392, Diff: 280, Sum: 1504, Workers: 8
[0.685s][debug][gc,phases      ] GC(1)         LAB Undo Waste                 Min: 0, Avg:  0.0, Max: 0, Diff: 0, Sum: 0, Workers: 8
[0.685s][debug][gc,phases      ] GC(1)       Clear Logged Cards (ms):       Min:  0.0, Avg:  0.0, Max:  0.0, Diff:  0.0, Sum:  0.0, Workers: 3
[0.685s][debug][gc,phases      ] GC(1)       Recalculate Used Memory (ms):  Min:  0.0, Avg:  0.0, Max:  0.0, Diff:  0.0, Sum:  0.0, Workers: 1
[0.685s][debug][gc,phases      ] GC(1)     Post Evacuate Cleanup 2: 0.1ms
[0.685s][debug][gc,phases      ] GC(1)       Update Derived Pointers (ms):  Min:  0.0, Avg:  0.0, Max:  0.0, Diff:  0.0, Sum:  0.0, Workers: 1
[0.685s][debug][gc,phases      ] GC(1)       Eagerly Reclaim Humongous Objects (ms): skipped
[0.685s][debug][gc,phases      ] GC(1)         Humongous Total                skipped
[0.685s][debug][gc,phases      ] GC(1)         Humongous Candidates           skipped
[0.685s][debug][gc,phases      ] GC(1)         Humongous Reclaimed            skipped
[0.685s][debug][gc,phases      ] GC(1)       Redirty Logged Cards (ms):     Min:  0.0, Avg:  0.0, Max:  0.0, Diff:  0.0, Sum:  0.0, Workers: 8
[0.685s][debug][gc,phases      ] GC(1)         Redirtied Cards:               Min: 0, Avg: 51.8, Max: 174, Diff: 174, Sum: 414, Workers: 8
[0.685s][debug][gc,phases      ] GC(1)       Resize TLABs (ms):             Min:  0.0, Avg:  0.0, Max:  0.0, Diff:  0.0, Sum:  0.0, Workers: 8
[0.685s][debug][gc,phases      ] GC(1)       Free Collection Set (ms):      Min:  0.0, Avg:  0.0, Max:  0.1, Diff:  0.1, Sum:  0.1, Workers: 8
[0.685s][debug][gc,phases      ] GC(1)     Rebuild Free List: 0.0ms
[0.685s][debug][gc,phases      ] GC(1)     Prepare For Mutator: 0.1ms
[0.685s][debug][gc,phases      ] GC(1)     Expand Heap After Collection: 0.0ms
[0.685s][info ][gc,phases      ] GC(1)   Other: 0.2ms
[0.685s][debug][gc,remset      ] GC(1) Coarsening (recent): Inline->AoC 0 (0) AoC->Howl 0 (0) Howl->Full 0 (0) Inline->AoC 0 (0) AoC->BitMap 0 (0) BitMap->Full 0 (0) 
[0.685s][debug][gc,remset      ] GC(1) Coarsening (all): Inline->AoC 0 (0) AoC->Howl 0 (0) Howl->Full 0 (0) Inline->AoC 0 (0) AoC->BitMap 0 (0) BitMap->Full 0 (0) 
[0.685s][info ][gc,heap        ] GC(1) Eden regions: 10->0(74)
[0.685s][info ][gc,heap        ] GC(1) Survivor regions: 1->1(2)
[0.685s][info ][gc,heap        ] GC(1) Old regions: 1->1
[0.685s][info ][gc,heap        ] GC(1) Humongous regions: 0->0
[0.685s][info ][gc,metaspace   ] GC(1) Metaspace: 9637K(9856K)->9637K(9856K) NonClass: 8534K(8640K)->8534K(8640K) Class: 1102K(1216K)->1102K(1216K)
[0.685s][debug][gc,heap        ] GC(1) Heap after GC invocations=2 (full 0):
[0.685s][debug][gc,heap        ] GC(1)  garbage-first heap   total 516096K, used 3794K [0x000000060d000000, 0x0000000800000000)
[0.685s][debug][gc,heap        ] GC(1)   region size 4096K, 1 young (4096K), 1 survivors (4096K)
[0.685s][debug][gc,heap        ] GC(1)  Metaspace       used 9637K, committed 9856K, reserved 1114112K
[0.685s][debug][gc,heap        ] GC(1)   class space    used 1102K, committed 1216K, reserved 1048576K
[0.685s][info ][gc             ] GC(1) Pause Young (Normal) (G1 Evacuation Pause) 43M->3M(504M) 3.481ms
[0.685s][info ][gc,cpu         ] GC(1) User=0.02s Sys=0.00s Real=0.00s
[0.685s][debug][gc,task        ] G1 Service Thread (Card Set Free Memory Task) (run: 0.589ms) (cpu: 0.062ms)
[0.899s][info ][gc,start       ] GC(2) Pause Young (Normal) (G1 Evacuation Pause)
[0.899s][debug][gc,heap        ] GC(2) Heap before GC invocations=2 (full 0):
[0.899s][debug][gc,heap        ] GC(2)  garbage-first heap   total 516096K, used 306898K [0x000000060d000000, 0x0000000800000000)
[0.899s][debug][gc,heap        ] GC(2)   region size 4096K, 75 young (307200K), 1 survivors (4096K)
[0.899s][debug][gc,heap        ] GC(2)  Metaspace       used 9637K, committed 9856K, reserved 1114112K
[0.899s][debug][gc,heap        ] GC(2)   class space    used 1102K, committed 1216K, reserved 1048576K
[0.899s][info ][gc,task        ] GC(2) Using 8 workers of 8 for evacuation
[0.899s][debug][gc,age         ] GC(2) Desired survivor size 20971520 bytes, new threshold 15 (max threshold 15)
[0.899s][debug][gc,tlab        ] GC(2) TLAB totals: thrds: 1  refills: 444 max: 444 slow allocs: 12 max 12 waste:  0.1% gc: 0B max: 0B slow: 300848B max: 300848B
[0.899s][debug][gc,refine,stats] GC(2) Mutator refinement: 0.00ms, refined: 0, precleaned: 0, dirtied: 0
[0.899s][debug][gc,refine,stats] GC(2) Concurrent refinement: 0.00ms, refined: 0, precleaned: 0, dirtied: 0
[0.899s][debug][gc,refine,stats] GC(2) Total refinement: 0.00ms, refined: 0, precleaned: 0, dirtied: 0
[0.899s][debug][gc,refine,stats] GC(2) Generate dirty cards rate: 0.00 cards/ms
[0.899s][debug][gc,alloc,region] GC(2) Mutator Allocation stats, regions: 74, wasted size: 0B ( 0.0%)
[0.899s][debug][gc,ergo,cset   ] GC(2) No candidates to reclaim.
[0.900s][debug][gc,ergo        ] GC(2) Running G1 Merge Heap Roots using 8 workers for 75 regions
[0.900s][debug][gc,remset      ] GC(2) Visited cards 640 Total dirty 8192 (7.81%) Total old 1236992 (0.05%)
[0.902s][debug][gc,ref         ] GC(2) ReferenceProcessor::execute queues: 1, RefProcThreadModel::Single, marks_oops_alive: false
[0.902s][debug][gc,ref         ] GC(2) Skipped KeepAliveFinalRefsPhase of Reference Processing: no references
[0.902s][debug][gc,ref         ] GC(2) ReferenceProcessor::execute queues: 1, RefProcThreadModel::Single, marks_oops_alive: false
[0.902s][debug][gc,ergo        ] GC(2) Running G1 Rebuild Free List Task using 8 workers for rebuilding free list of regions
[0.902s][debug][gc,plab        ] GC(2) Young PLAB allocation: allocated: 2329224B, wasted: 1336B, unused: 211568B, used: 2116320B, undo waste: 0B, 
[0.902s][debug][gc,plab        ] GC(2) Young other allocation: region end waste: 0B, regions filled: 1, num plab filled: 43, direct allocated: 326800B, num direct allocated: 5, failure used: 0B, failure wasted: 0B
[0.902s][debug][gc,plab        ] GC(2) Young sizing: calculated: 423264B, actual: 425792B
[0.902s][debug][gc,plab        ] GC(2) Old PLAB allocation: allocated: 0B, wasted: 0B, unused: 0B, used: 0B, undo waste: 0B, 
[0.902s][debug][gc,plab        ] GC(2) Old other allocation: region end waste: 0B, regions filled: 0, num plab filled: 0, direct allocated: 0B, num direct allocated: 0, failure used: 0B, failure wasted: 0B
[0.902s][debug][gc,plab        ] GC(2) Old sizing: calculated: 0B, actual: 2064B
[0.902s][debug][gc,ergo,heap   ] GC(2) Heap expansion: short term pause time ratio 6.70% long term pause time ratio 0.43% threshold 1.00% pause time ratio 7.69% fully expanded false resize by 0B
[0.902s][debug][gc,mmu         ] GC(2) MMU: 3.1ms (200.0ms/201.0ms)
[0.902s][debug][gc,alloc,stats ] Old generation allocation in the last mutator period, old gen allocated: 0B, humongous allocated: 0B, old gen growth: 0B.
[0.902s][debug][gc,ihop        ] GC(2) Basic information (value update), threshold: 235929600B (45.00), target occupancy: 524288000B, current occupancy: 3755392B, recent allocation size: 0B, recent allocation duration: 214.43ms, recent old gen allocation rate: 0.00B/s, recent marking phase length: 0.00ms
[0.902s][debug][gc,ihop        ] GC(2) Adaptive IHOP information (value update), threshold: 235929600B (47.37), internal target occupancy: 498073600B, occupancy: 3755392B, additional buffer size: 314572800B, predicted old gen allocation rate: 0.00B/s, predicted marking phase length: 0.00ms, prediction active: false
[0.902s][debug][gc,ergo,refine ] GC(2) GC refinement: goal: 18446744073709551615 + 123 / 20.00ms, actual: 414 / 0.03ms, 
[0.902s][debug][gc,ergo,refine ] GC(2) Unchanged pending cards target: 18446744073709551615
[0.902s][info ][gc,phases      ] GC(2)   Pre Evacuate Collection Set: 0.3ms
[0.902s][debug][gc,phases      ] GC(2)     Pre Evacuate Prepare: 0.1ms
[0.902s][debug][gc,task,start  ] G1 Service Thread (Card Set Free Memory Task) (run 0.035ms after schedule)
[0.902s][debug][gc,phases      ] GC(2)       JT Retire TLABs And Flush Logs (ms): Min:  0.0, Avg:  0.0, Max:  0.0, Diff:  0.0, Sum:  0.0, Workers: 2
[0.902s][debug][gc,phases      ] GC(2)       Non-JT Flush Logs (ms):        Min:  0.0, Avg:  0.0, Max:  0.0, Diff:  0.0, Sum:  0.0, Workers: 1
[0.902s][debug][gc,phases      ] GC(2)     Choose Collection Set: 0.0ms
[0.902s][debug][gc,phases      ] GC(2)     Region Register: 0.1ms
[0.902s][debug][gc,phases      ] GC(2)     Prepare Heap Roots: 0.0ms
[0.902s][info ][gc,phases      ] GC(2)   Merge Heap Roots: 0.4ms
[0.902s][debug][gc,phases      ] GC(2)     Prepare Merge Heap Roots: 0.0ms
[0.902s][debug][gc,phases      ] GC(2)     Remembered Sets (ms):          Min:  0.0, Avg:  0.0, Max:  0.0, Diff:  0.0, Sum:  0.1, Workers: 8
[0.902s][debug][gc,phases      ] GC(2)       Eager Reclaim (ms):            skipped
[0.902s][debug][gc,phases      ] GC(2)       Merged Inline                  Min: 0, Avg:  0.0, Max: 0, Diff: 0, Sum: 0, Workers: 8
[0.902s][debug][gc,phases      ] GC(2)       Merged ArrayOfCards            Min: 0, Avg:  0.0, Max: 0, Diff: 0, Sum: 0, Workers: 8
[0.902s][debug][gc,phases      ] GC(2)       Merged Howl                    Min: 0, Avg:  0.0, Max: 0, Diff: 0, Sum: 0, Workers: 8
[0.902s][debug][gc,phases      ] GC(2)       Merged Full                    Min: 0, Avg:  0.0, Max: 0, Diff: 0, Sum: 0, Workers: 8
[0.902s][debug][gc,phases      ] GC(2)       Merged Howl Inline             Min: 0, Avg:  0.0, Max: 0, Diff: 0, Sum: 0, Workers: 8
[0.902s][debug][gc,phases      ] GC(2)       Merged Howl ArrayOfCards       Min: 0, Avg:  0.0, Max: 0, Diff: 0, Sum: 0, Workers: 8
[0.902s][debug][gc,phases      ] GC(2)       Merged Howl BitMap             Min: 0, Avg:  0.0, Max: 0, Diff: 0, Sum: 0, Workers: 8
[0.902s][debug][gc,phases      ] GC(2)       Merged Howl Full               Min: 0, Avg:  0.0, Max: 0, Diff: 0, Sum: 0, Workers: 8
[0.902s][debug][gc,phases      ] GC(2)       Merged Cards                   Min: 8, Avg:  8.0, Max: 8, Diff: 0, Sum: 64, Workers: 8
[0.902s][debug][gc,phases      ] GC(2)     Log Buffers (ms):              Min:  0.0, Avg:  0.0, Max:  0.0, Diff:  0.0, Sum:  0.0, Workers: 8
[0.902s][debug][gc,phases      ] GC(2)       Dirty Cards:                   Min: 0, Avg: 51.8, Max: 255, Diff: 255, Sum: 414, Workers: 8
[0.903s][debug][gc,phases      ] GC(2)       Skipped Cards:                 Min: 0, Avg:  0.0, Max: 0, Diff: 0, Sum: 0, Workers: 8
[0.903s][info ][gc,phases      ] GC(2)   Evacuate Collection Set: 1.5ms
[0.903s][debug][gc,phases      ] GC(2)     Ext Root Scanning (ms):        Min:  0.0, Avg:  0.1, Max:  0.5, Diff:  0.5, Sum:  0.9, Workers: 8
[0.903s][debug][gc,phases      ] GC(2)     Scan Heap Roots (ms):          Min:  0.0, Avg:  0.0, Max:  0.1, Diff:  0.1, Sum:  0.2, Workers: 8
[0.903s][debug][gc,phases      ] GC(2)       Scanned Cards:                 Min: 0, Avg: 50.1, Max: 150, Diff: 150, Sum: 401, Workers: 8
[0.903s][debug][gc,phases      ] GC(2)       Scanned Blocks:                Min: 0, Avg:  4.2, Max: 23, Diff: 23, Sum: 34, Workers: 8
[0.903s][debug][gc,phases      ] GC(2)       Claimed Chunks:                Min: 0, Avg:  1.2, Max: 5, Diff: 5, Sum: 10, Workers: 8
[0.903s][debug][gc,phases      ] GC(2)       Found Roots:                   Min: 0, Avg: 275.2, Max: 648, Diff: 648, Sum: 2202, Workers: 8
[0.903s][debug][gc,phases      ] GC(2)     Code Root Scan (ms):           Min:  0.0, Avg:  0.1, Max:  0.3, Diff:  0.3, Sum:  1.0, Workers: 8
[0.903s][debug][gc,phases      ] GC(2)       Scanned Nmethods               Min: 0, Avg:  0.0, Max: 0, Diff: 0, Sum: 0, Workers: 8
[0.903s][debug][gc,phases      ] GC(2)     Object Copy (ms):              Min:  0.0, Avg:  1.0, Max:  1.3, Diff:  1.3, Sum:  7.7, Workers: 8
[0.903s][debug][gc,phases      ] GC(2)     Termination (ms):              Min:  0.0, Avg:  0.0, Max:  0.1, Diff:  0.1, Sum:  0.4, Workers: 8
[0.903s][debug][gc,phases      ] GC(2)       Termination Attempts:          Min: 1, Avg:  2.4, Max: 4, Diff: 3, Sum: 19, Workers: 8
[0.903s][debug][gc,phases      ] GC(2)     GC Worker Other (ms):          Min:  0.0, Avg:  0.0, Max:  0.0, Diff:  0.0, Sum:  0.1, Workers: 8
[0.903s][debug][gc,phases      ] GC(2)     GC Worker Total (ms):          Min:  0.0, Avg:  1.3, Max:  1.5, Diff:  1.5, Sum: 10.3, Workers: 8
[0.903s][info ][gc,phases      ] GC(2)   Post Evacuate Collection Set: 0.8ms
[0.903s][debug][gc,phases      ] GC(2)     NMethod List Cleanup: 0.0ms
[0.903s][debug][gc,phases      ] GC(2)     Reference Processing: 0.2ms
[0.903s][debug][gc,phases,ref  ] GC(2)       Notify Soft/WeakReferences: 0.1ms
[0.903s][debug][gc,phases,ref  ] GC(2)         SoftRef (ms):                  Min:  0.0, Avg:  0.0, Max:  0.0, Diff:  0.0, Sum:  0.0, Workers: 1
[0.903s][debug][gc,phases,ref  ] GC(2)         WeakRef (ms):                  Min:  0.0, Avg:  0.0, Max:  0.0, Diff:  0.0, Sum:  0.0, Workers: 1
[0.903s][debug][gc,phases,ref  ] GC(2)         FinalRef (ms):                 Min:  0.0, Avg:  0.0, Max:  0.0, Diff:  0.0, Sum:  0.0, Workers: 1
[0.903s][debug][gc,phases,ref  ] GC(2)         Total (ms):                    Min:  0.1, Avg:  0.1, Max:  0.1, Diff:  0.0, Sum:  0.1, Workers: 1
[0.903s][debug][gc,phases,ref  ] GC(2)       Notify and keep alive finalizable: 0.0ms
[0.903s][debug][gc,phases,ref  ] GC(2)         FinalRef (ms):                 skipped
[0.903s][debug][gc,phases,ref  ] GC(2)       Notify PhantomReferences: 0.0ms
[0.903s][debug][gc,phases,ref  ] GC(2)         PhantomRef (ms):               Min:  0.0, Avg:  0.0, Max:  0.0, Diff:  0.0, Sum:  0.0, Workers: 1
[0.903s][debug][gc,phases,ref  ] GC(2)       SoftReference Discovered: 0, Dropped: 0, Processed: 0
[0.903s][debug][gc,phases,ref  ] GC(2)       WeakReference Discovered: 366, Dropped: 366, Processed: 0
[0.903s][debug][gc,phases,ref  ] GC(2)       FinalReference Discovered: 0, Dropped: 0, Processed: 0
[0.903s][debug][gc,phases,ref  ] GC(2)       PhantomReference Discovered: 2, Dropped: 2, Processed: 0
[0.903s][debug][gc,phases      ] GC(2)     Weak Processing: 0.1ms
[0.903s][debug][gc,phases      ] GC(2)       VM Weak                        Min:  0.0, Avg:  0.0, Max:  0.0, Diff:  0.0, Sum:  0.0, Workers: 4
[0.903s][debug][gc,phases      ] GC(2)         Dead                           Min: 0, Avg:  0.0, Max: 0, Diff: 0, Sum: 0, Workers: 4
[0.903s][debug][gc,phases      ] GC(2)         Total                          Min: 0, Avg: 18.0, Max: 72, Diff: 72, Sum: 72, Workers: 4
[0.903s][debug][gc,phases      ] GC(2)       ObjectSynchronizer Weak        Min:  0.0, Avg:  0.0, Max:  0.0, Diff:  0.0, Sum:  0.0, Workers: 4
[0.903s][debug][gc,phases      ] GC(2)         Dead                           Min: 0, Avg:  0.0, Max: 0, Diff: 0, Sum: 0, Workers: 4
[0.903s][debug][gc,phases      ] GC(2)         Total                          Min: 0, Avg:  0.2, Max: 1, Diff: 1, Sum: 1, Workers: 4
[0.903s][debug][gc,phases      ] GC(2)       JVMTI Tag Weak OopStorage      Min:  0.0, Avg:  0.0, Max:  0.0, Diff:  0.0, Sum:  0.0, Workers: 4
[0.903s][debug][gc,phases      ] GC(2)         Dead                           Min: 0, Avg:  0.0, Max: 0, Diff: 0, Sum: 0, Workers: 4
[0.903s][debug][gc,phases      ] GC(2)         Total                          Min: 0, Avg:  0.0, Max: 0, Diff: 0, Sum: 0, Workers: 4
[0.903s][debug][gc,phases      ] GC(2)       StringTable Weak               Min:  0.0, Avg:  0.0, Max:  0.1, Diff:  0.0, Sum:  0.2, Workers: 4
[0.903s][debug][gc,phases      ] GC(2)         Dead                           Min: 0, Avg:  0.0, Max: 0, Diff: 0, Sum: 0, Workers: 4
[0.903s][debug][gc,phases      ] GC(2)         Total                          Min: 256, Avg: 762.5, Max: 1664, Diff: 1408, Sum: 3050, Workers: 4
[0.903s][debug][gc,phases      ] GC(2)       ResolvedMethodTable Weak       Min:  0.0, Avg:  0.0, Max:  0.0, Diff:  0.0, Sum:  0.0, Workers: 4
[0.903s][debug][gc,phases      ] GC(2)         Dead                           Min: 0, Avg:  0.0, Max: 0, Diff: 0, Sum: 0, Workers: 4
[0.903s][debug][gc,phases      ] GC(2)         Total                          Min: 128, Avg: 185.5, Max: 256, Diff: 128, Sum: 742, Workers: 4
[0.903s][debug][gc,phases      ] GC(2)       JNI Weak                       Min:  0.0, Avg:  0.0, Max:  0.0, Diff:  0.0, Sum:  0.0, Workers: 4
[0.903s][debug][gc,phases      ] GC(2)         Dead                           Min: 0, Avg:  0.0, Max: 0, Diff: 0, Sum: 0, Workers: 4
[0.903s][debug][gc,phases      ] GC(2)         Total                          Min: 0, Avg:  0.0, Max: 0, Diff: 0, Sum: 0, Workers: 4
[0.903s][debug][gc,phases      ] GC(2)       StringDedup Table Weak         Min:  0.0, Avg:  0.0, Max:  0.0, Diff:  0.0, Sum:  0.0, Workers: 4
[0.903s][debug][gc,phases      ] GC(2)         Dead                           Min: 0, Avg:  0.0, Max: 0, Diff: 0, Sum: 0, Workers: 4
[0.903s][debug][gc,phases      ] GC(2)         Total                          Min: 0, Avg:  0.0, Max: 0, Diff: 0, Sum: 0, Workers: 4
[0.903s][debug][gc,phases      ] GC(2)       StringDedup Requests0 Weak     Min:  0.0, Avg:  0.0, Max:  0.0, Diff:  0.0, Sum:  0.0, Workers: 4
[0.903s][debug][gc,phases      ] GC(2)         Dead                           Min: 0, Avg:  0.0, Max: 0, Diff: 0, Sum: 0, Workers: 4
[0.903s][debug][gc,phases      ] GC(2)         Total                          Min: 0, Avg:  0.0, Max: 0, Diff: 0, Sum: 0, Workers: 4
[0.903s][debug][gc,phases      ] GC(2)       StringDedup Requests1 Weak     Min:  0.0, Avg:  0.0, Max:  0.0, Diff:  0.0, Sum:  0.0, Workers: 4
[0.903s][debug][gc,phases      ] GC(2)         Dead                           Min: 0, Avg:  0.0, Max: 0, Diff: 0, Sum: 0, Workers: 4
[0.903s][debug][gc,phases      ] GC(2)         Total                          Min: 0, Avg:  0.0, Max: 0, Diff: 0, Sum: 0, Workers: 4
[0.903s][debug][gc,phases      ] GC(2)       Weak JFR Old Object Samples    Min:  0.0, Avg:  0.0, Max:  0.0, Diff:  0.0, Sum:  0.0, Workers: 4
[0.903s][debug][gc,phases      ] GC(2)         Dead                           Min: 0, Avg:  0.0, Max: 0, Diff: 0, Sum: 0, Workers: 4
[0.903s][debug][gc,phases      ] GC(2)         Total                          Min: 0, Avg:  0.0, Max: 0, Diff: 0, Sum: 0, Workers: 4
[0.903s][debug][gc,phases      ] GC(2)     Post Evacuate Cleanup 1: 0.2ms
[0.903s][debug][gc,phases      ] GC(2)       Merge Per-Thread State (ms):   Min:  0.0, Avg:  0.0, Max:  0.0, Diff:  0.0, Sum:  0.0, Workers: 1
[0.903s][debug][gc,phases      ] GC(2)         Copied Bytes                   Min: 0, Avg: 305390.0, Max: 569408, Diff: 569408, Sum: 2443120, Workers: 8
[0.903s][debug][gc,phases      ] GC(2)         LAB Waste                      Min: 0, Avg: 167.0, Max: 336, Diff: 336, Sum: 1336, Workers: 8
[0.903s][debug][gc,phases      ] GC(2)         LAB Undo Waste                 Min: 0, Avg:  0.0, Max: 0, Diff: 0, Sum: 0, Workers: 8
[0.903s][debug][gc,phases      ] GC(2)       Clear Logged Cards (ms):       Min:  0.0, Avg:  0.0, Max:  0.0, Diff:  0.0, Sum:  0.0, Workers: 3
[0.903s][debug][gc,phases      ] GC(2)       Recalculate Used Memory (ms):  Min:  0.0, Avg:  0.0, Max:  0.0, Diff:  0.0, Sum:  0.0, Workers: 1
[0.903s][debug][gc,phases      ] GC(2)     Post Evacuate Cleanup 2: 0.2ms
[0.903s][debug][gc,phases      ] GC(2)       Update Derived Pointers (ms):  Min:  0.0, Avg:  0.0, Max:  0.0, Diff:  0.0, Sum:  0.0, Workers: 1
[0.903s][debug][gc,phases      ] GC(2)       Eagerly Reclaim Humongous Objects (ms): skipped
[0.903s][debug][gc,phases      ] GC(2)         Humongous Total                skipped
[0.903s][debug][gc,phases      ] GC(2)         Humongous Candidates           skipped
[0.903s][debug][gc,phases      ] GC(2)         Humongous Reclaimed            skipped
[0.903s][debug][gc,phases      ] GC(2)       Redirty Logged Cards (ms):     Min:  0.0, Avg:  0.0, Max:  0.0, Diff:  0.0, Sum:  0.0, Workers: 8
[0.903s][debug][gc,phases      ] GC(2)         Redirtied Cards:               Min: 0, Avg: 51.6, Max: 413, Diff: 413, Sum: 413, Workers: 8
[0.903s][debug][gc,phases      ] GC(2)       Resize TLABs (ms):             Min:  0.0, Avg:  0.0, Max:  0.0, Diff:  0.0, Sum:  0.0, Workers: 8
[0.903s][debug][gc,phases      ] GC(2)       Free Collection Set (ms):      Min:  0.0, Avg:  0.0, Max:  0.1, Diff:  0.1, Sum:  0.2, Workers: 8
[0.903s][debug][gc,phases      ] GC(2)     Rebuild Free List: 0.1ms
[0.903s][debug][gc,phases      ] GC(2)     Prepare For Mutator: 0.0ms
[0.903s][debug][gc,phases      ] GC(2)     Expand Heap After Collection: 0.0ms
[0.903s][info ][gc,phases      ] GC(2)   Other: 0.2ms
[0.903s][debug][gc,remset      ] GC(2) Coarsening (recent): Inline->AoC 0 (0) AoC->Howl 0 (0) Howl->Full 0 (0) Inline->AoC 0 (0) AoC->BitMap 0 (0) BitMap->Full 0 (0) 
[0.903s][debug][gc,remset      ] GC(2) Coarsening (all): Inline->AoC 0 (0) AoC->Howl 0 (0) Howl->Full 0 (0) Inline->AoC 0 (0) AoC->BitMap 0 (0) BitMap->Full 0 (0) 
[0.903s][info ][gc,heap        ] GC(2) Eden regions: 74->0(74)
[0.903s][info ][gc,heap        ] GC(2) Survivor regions: 1->1(10)
[0.903s][info ][gc,heap        ] GC(2) Old regions: 1->1
[0.903s][info ][gc,heap        ] GC(2) Humongous regions: 0->0
[0.903s][info ][gc,metaspace   ] GC(2) Metaspace: 9637K(9856K)->9637K(9856K) NonClass: 8534K(8640K)->8534K(8640K) Class: 1102K(1216K)->1102K(1216K)
[0.903s][debug][gc,heap        ] GC(2) Heap after GC invocations=3 (full 0):
[0.903s][debug][gc,heap        ] GC(2)  garbage-first heap   total 516096K, used 3667K [0x000000060d000000, 0x0000000800000000)
[0.903s][debug][gc,heap        ] GC(2)   region size 4096K, 1 young (4096K), 1 survivors (4096K)
[0.903s][debug][gc,heap        ] GC(2)  Metaspace       used 9637K, committed 9856K, reserved 1114112K
[0.903s][debug][gc,heap        ] GC(2)   class space    used 1102K, committed 1216K, reserved 1048576K
[0.903s][info ][gc             ] GC(2) Pause Young (Normal) (G1 Evacuation Pause) 299M->3M(504M) 3.946ms
[0.903s][info ][gc,cpu         ] GC(2) User=0.02s Sys=0.00s Real=0.01s
[0.903s][debug][gc,task        ] G1 Service Thread (Card Set Free Memory Task) (run: 0.743ms) (cpu: 0.052ms)
[0.975s][info ][gc,start       ] GC(3) Pause Young (Normal) (G1 Evacuation Pause)
[0.975s][debug][gc,heap        ] GC(3) Heap before GC invocations=3 (full 0):
[0.975s][debug][gc,heap        ] GC(3)  garbage-first heap   total 516096K, used 306771K [0x000000060d000000, 0x0000000800000000)
[0.975s][debug][gc,heap        ] GC(3)   region size 4096K, 75 young (307200K), 1 survivors (4096K)
[0.975s][debug][gc,heap        ] GC(3)  Metaspace       used 9637K, committed 9856K, reserved 1114112K
[0.975s][debug][gc,heap        ] GC(3)   class space    used 1102K, committed 1216K, reserved 1048576K
[0.975s][info ][gc,task        ] GC(3) Using 8 workers of 8 for evacuation
[0.975s][debug][gc,age         ] GC(3) Desired survivor size 20971520 bytes, new threshold 15 (max threshold 15)
[0.975s][debug][gc,tlab        ] GC(3) TLAB totals: thrds: 1  refills: 149 max: 149 slow allocs: 1 max 1 waste:  0.0% gc: 0B max: 0B slow: 119944B max: 119944B
[0.975s][debug][gc,refine,stats] GC(3) Mutator refinement: 0.00ms, refined: 0, precleaned: 0, dirtied: 0
[0.975s][debug][gc,refine,stats] GC(3) Concurrent refinement: 0.00ms, refined: 0, precleaned: 0, dirtied: 0
[0.975s][debug][gc,refine,stats] GC(3) Total refinement: 0.00ms, refined: 0, precleaned: 0, dirtied: 0
[0.975s][debug][gc,refine,stats] GC(3) Generate dirty cards rate: 0.00 cards/ms
[0.975s][debug][gc,alloc,region] GC(3) Mutator Allocation stats, regions: 74, wasted size: 0B ( 0.0%)
[0.975s][debug][gc,ergo,cset   ] GC(3) No candidates to reclaim.
[0.975s][debug][gc,ergo        ] GC(3) Running G1 Merge Heap Roots using 8 workers for 75 regions
[0.975s][debug][gc,remset      ] GC(3) Visited cards 640 Total dirty 8192 (7.81%) Total old 1236992 (0.05%)
[0.977s][debug][gc,ref         ] GC(3) ReferenceProcessor::execute queues: 1, RefProcThreadModel::Single, marks_oops_alive: false
[0.977s][debug][gc,ref         ] GC(3) Skipped KeepAliveFinalRefsPhase of Reference Processing: no references
[0.977s][debug][gc,ref         ] GC(3) ReferenceProcessor::execute queues: 1, RefProcThreadModel::Single, marks_oops_alive: false
[0.978s][debug][gc,ergo        ] GC(3) Running G1 Rebuild Free List Task using 8 workers for rebuilding free list of regions
[0.978s][debug][gc,plab        ] GC(3) Young PLAB allocation: allocated: 2501528B, wasted: 1216B, unused: 292352B, used: 2207960B, undo waste: 0B, 
[0.978s][debug][gc,plab        ] GC(3) Young other allocation: region end waste: 0B, regions filled: 1, num plab filled: 47, direct allocated: 326800B, num direct allocated: 5, failure used: 0B, failure wasted: 0B
[0.978s][debug][gc,plab        ] GC(3) Young sizing: calculated: 441592B, actual: 437640B
[0.978s][debug][gc,plab        ] GC(3) Old PLAB allocation: allocated: 0B, wasted: 0B, unused: 0B, used: 0B, undo waste: 0B, 
[0.978s][debug][gc,plab        ] GC(3) Old other allocation: region end waste: 0B, regions filled: 0, num plab filled: 0, direct allocated: 0B, num direct allocated: 0, failure used: 0B, failure wasted: 0B
[0.978s][debug][gc,plab        ] GC(3) Old sizing: calculated: 0B, actual: 2064B
[0.978s][debug][gc,ergo,heap   ] GC(3) Heap expansion: short term pause time ratio 1.45% long term pause time ratio 0.68% threshold 1.00% pause time ratio 7.69% fully expanded false resize by 0B
[0.978s][debug][gc,mmu         ] GC(3) MMU: 6.2ms (200.0ms/201.0ms)
[0.978s][debug][gc,alloc,stats ] Old generation allocation in the last mutator period, old gen allocated: 0B, humongous allocated: 0B, old gen growth: 0B.
[0.978s][debug][gc,ihop        ] GC(3) Basic information (value update), threshold: 235929600B (45.00), target occupancy: 524288000B, current occupancy: 3927696B, recent allocation size: 0B, recent allocation duration: 72.53ms, recent old gen allocation rate: 0.00B/s, recent marking phase length: 0.00ms
[0.978s][debug][gc,ihop        ] GC(3) Adaptive IHOP information (value update), threshold: 235929600B (47.37), internal target occupancy: 498073600B, occupancy: 3927696B, additional buffer size: 314572800B, predicted old gen allocation rate: 0.00B/s, predicted marking phase length: 0.00ms, prediction active: false
[0.978s][debug][gc,task,start  ] G1 Service Thread (Card Set Free Memory Task) (run 0.060ms after schedule)
[0.978s][debug][gc,ergo,refine ] GC(3) GC refinement: goal: 18446744073709551615 + 96 / 20.00ms, actual: 413 / 0.03ms, 
[0.978s][debug][gc,ergo,refine ] GC(3) Unchanged pending cards target: 18446744073709551615
[0.978s][info ][gc,phases      ] GC(3)   Pre Evacuate Collection Set: 0.2ms
[0.978s][debug][gc,phases      ] GC(3)     Pre Evacuate Prepare: 0.0ms
[0.978s][debug][gc,phases      ] GC(3)       JT Retire TLABs And Flush Logs (ms): Min:  0.0, Avg:  0.0, Max:  0.0, Diff:  0.0, Sum:  0.0, Workers: 2
[0.978s][debug][gc,phases      ] GC(3)       Non-JT Flush Logs (ms):        Min:  0.0, Avg:  0.0, Max:  0.0, Diff:  0.0, Sum:  0.0, Workers: 1
[0.978s][debug][gc,phases      ] GC(3)     Choose Collection Set: 0.0ms
[0.978s][debug][gc,phases      ] GC(3)     Region Register: 0.1ms
[0.978s][debug][gc,phases      ] GC(3)     Prepare Heap Roots: 0.0ms
[0.978s][info ][gc,phases      ] GC(3)   Merge Heap Roots: 0.4ms
[0.978s][debug][gc,phases      ] GC(3)     Prepare Merge Heap Roots: 0.0ms
[0.978s][debug][gc,phases      ] GC(3)     Remembered Sets (ms):          Min:  0.0, Avg:  0.0, Max:  0.0, Diff:  0.0, Sum:  0.0, Workers: 8
[0.978s][debug][gc,phases      ] GC(3)       Eager Reclaim (ms):            skipped
[0.978s][debug][gc,phases      ] GC(3)       Merged Inline                  Min: 0, Avg:  0.0, Max: 0, Diff: 0, Sum: 0, Workers: 8
[0.978s][debug][gc,phases      ] GC(3)       Merged ArrayOfCards            Min: 0, Avg:  0.0, Max: 0, Diff: 0, Sum: 0, Workers: 8
[0.978s][debug][gc,phases      ] GC(3)       Merged Howl                    Min: 0, Avg:  0.0, Max: 0, Diff: 0, Sum: 0, Workers: 8
[0.978s][debug][gc,phases      ] GC(3)       Merged Full                    Min: 0, Avg:  0.0, Max: 0, Diff: 0, Sum: 0, Workers: 8
[0.978s][debug][gc,phases      ] GC(3)       Merged Howl Inline             Min: 0, Avg:  0.0, Max: 0, Diff: 0, Sum: 0, Workers: 8
[0.978s][debug][gc,phases      ] GC(3)       Merged Howl ArrayOfCards       Min: 0, Avg:  0.0, Max: 0, Diff: 0, Sum: 0, Workers: 8
[0.978s][debug][gc,phases      ] GC(3)       Merged Howl BitMap             Min: 0, Avg:  0.0, Max: 0, Diff: 0, Sum: 0, Workers: 8
[0.978s][debug][gc,phases      ] GC(3)       Merged Howl Full               Min: 0, Avg:  0.0, Max: 0, Diff: 0, Sum: 0, Workers: 8
[0.978s][debug][gc,phases      ] GC(3)       Merged Cards                   Min: 8, Avg:  8.0, Max: 8, Diff: 0, Sum: 64, Workers: 8
[0.978s][debug][gc,phases      ] GC(3)     Log Buffers (ms):              Min:  0.0, Avg:  0.0, Max:  0.0, Diff:  0.0, Sum:  0.0, Workers: 8
[0.978s][debug][gc,phases      ] GC(3)       Dirty Cards:                   Min: 0, Avg: 51.6, Max: 413, Diff: 413, Sum: 413, Workers: 8
[0.978s][debug][gc,phases      ] GC(3)       Skipped Cards:                 Min: 0, Avg:  0.0, Max: 0, Diff: 0, Sum: 0, Workers: 8
[0.978s][info ][gc,phases      ] GC(3)   Evacuate Collection Set: 1.6ms
[0.978s][debug][gc,phases      ] GC(3)     Ext Root Scanning (ms):        Min:  0.0, Avg:  0.1, Max:  0.4, Diff:  0.4, Sum:  0.6, Workers: 8
[0.978s][debug][gc,phases      ] GC(3)     Scan Heap Roots (ms):          Min:  0.0, Avg:  0.0, Max:  0.1, Diff:  0.1, Sum:  0.2, Workers: 8
[0.978s][debug][gc,phases      ] GC(3)       Scanned Cards:                 Min: 0, Avg: 50.1, Max: 150, Diff: 150, Sum: 401, Workers: 8
[0.978s][debug][gc,phases      ] GC(3)       Scanned Blocks:                Min: 0, Avg:  4.2, Max: 23, Diff: 23, Sum: 34, Workers: 8
[0.978s][debug][gc,phases      ] GC(3)       Claimed Chunks:                Min: 0, Avg:  1.2, Max: 5, Diff: 5, Sum: 10, Workers: 8
[0.978s][debug][gc,phases      ] GC(3)       Found Roots:                   Min: 0, Avg: 275.1, Max: 648, Diff: 648, Sum: 2201, Workers: 8
[0.978s][debug][gc,phases      ] GC(3)     Code Root Scan (ms):           Min:  0.0, Avg:  0.1, Max:  0.2, Diff:  0.2, Sum:  1.0, Workers: 8
[0.978s][debug][gc,phases      ] GC(3)       Scanned Nmethods               Min: 0, Avg:  0.0, Max: 0, Diff: 0, Sum: 0, Workers: 8
[0.978s][debug][gc,phases      ] GC(3)     Object Copy (ms):              Min:  0.0, Avg:  0.8, Max:  1.1, Diff:  1.1, Sum:  6.2, Workers: 8
[0.978s][debug][gc,phases      ] GC(3)     Termination (ms):              Min:  0.1, Avg:  0.2, Max:  0.2, Diff:  0.2, Sum:  1.3, Workers: 8
[0.978s][debug][gc,phases      ] GC(3)       Termination Attempts:          Min: 1, Avg:  3.0, Max: 6, Diff: 5, Sum: 24, Workers: 8
[0.978s][debug][gc,phases      ] GC(3)     GC Worker Other (ms):          Min:  0.0, Avg:  0.0, Max:  0.0, Diff:  0.0, Sum:  0.1, Workers: 8
[0.978s][debug][gc,phases      ] GC(3)     GC Worker Total (ms):          Min:  0.2, Avg:  1.2, Max:  1.4, Diff:  1.2, Sum:  9.4, Workers: 8
[0.978s][info ][gc,phases      ] GC(3)   Post Evacuate Collection Set: 0.8ms
[0.978s][debug][gc,phases      ] GC(3)     NMethod List Cleanup: 0.0ms
[0.978s][debug][gc,phases      ] GC(3)     Reference Processing: 0.1ms
[0.978s][debug][gc,phases,ref  ] GC(3)       Notify Soft/WeakReferences: 0.1ms
[0.978s][debug][gc,phases,ref  ] GC(3)         SoftRef (ms):                  Min:  0.0, Avg:  0.0, Max:  0.0, Diff:  0.0, Sum:  0.0, Workers: 1
[0.978s][debug][gc,phases,ref  ] GC(3)         WeakRef (ms):                  Min:  0.0, Avg:  0.0, Max:  0.0, Diff:  0.0, Sum:  0.0, Workers: 1
[0.978s][debug][gc,phases,ref  ] GC(3)         FinalRef (ms):                 Min:  0.0, Avg:  0.0, Max:  0.0, Diff:  0.0, Sum:  0.0, Workers: 1
[0.978s][debug][gc,phases,ref  ] GC(3)         Total (ms):                    Min:  0.0, Avg:  0.0, Max:  0.0, Diff:  0.0, Sum:  0.0, Workers: 1
[0.978s][debug][gc,phases,ref  ] GC(3)       Notify and keep alive finalizable: 0.0ms
[0.978s][debug][gc,phases,ref  ] GC(3)         FinalRef (ms):                 skipped
[0.978s][debug][gc,phases,ref  ] GC(3)       Notify PhantomReferences: 0.0ms
[0.978s][debug][gc,phases,ref  ] GC(3)         PhantomRef (ms):               Min:  0.0, Avg:  0.0, Max:  0.0, Diff:  0.0, Sum:  0.0, Workers: 1
[0.978s][debug][gc,phases,ref  ] GC(3)       SoftReference Discovered: 0, Dropped: 0, Processed: 0
[0.978s][debug][gc,phases,ref  ] GC(3)       WeakReference Discovered: 392, Dropped: 392, Processed: 0
[0.978s][debug][gc,phases,ref  ] GC(3)       FinalReference Discovered: 0, Dropped: 0, Processed: 0
[0.978s][debug][gc,phases,ref  ] GC(3)       PhantomReference Discovered: 2, Dropped: 2, Processed: 0
[0.978s][debug][gc,phases      ] GC(3)     Weak Processing: 0.1ms
[0.978s][debug][gc,phases      ] GC(3)       VM Weak                        Min:  0.0, Avg:  0.0, Max:  0.0, Diff:  0.0, Sum:  0.0, Workers: 4
[0.978s][debug][gc,phases      ] GC(3)         Dead                           Min: 0, Avg:  0.0, Max: 0, Diff: 0, Sum: 0, Workers: 4
[0.978s][debug][gc,phases      ] GC(3)         Total                          Min: 0, Avg: 18.0, Max: 72, Diff: 72, Sum: 72, Workers: 4
[0.978s][debug][gc,phases      ] GC(3)       ObjectSynchronizer Weak        Min:  0.0, Avg:  0.0, Max:  0.0, Diff:  0.0, Sum:  0.0, Workers: 4
[0.978s][debug][gc,phases      ] GC(3)         Dead                           Min: 0, Avg:  0.0, Max: 0, Diff: 0, Sum: 0, Workers: 4
[0.978s][debug][gc,phases      ] GC(3)         Total                          Min: 0, Avg:  0.2, Max: 1, Diff: 1, Sum: 1, Workers: 4
[0.978s][debug][gc,phases      ] GC(3)       JVMTI Tag Weak OopStorage      Min:  0.0, Avg:  0.0, Max:  0.0, Diff:  0.0, Sum:  0.0, Workers: 4
[0.978s][debug][gc,phases      ] GC(3)         Dead                           Min: 0, Avg:  0.0, Max: 0, Diff: 0, Sum: 0, Workers: 4
[0.978s][debug][gc,phases      ] GC(3)         Total                          Min: 0, Avg:  0.0, Max: 0, Diff: 0, Sum: 0, Workers: 4
[0.978s][debug][gc,phases      ] GC(3)       StringTable Weak               Min:  0.0, Avg:  0.0, Max:  0.1, Diff:  0.1, Sum:  0.1, Workers: 4
[0.978s][debug][gc,phases      ] GC(3)         Dead                           Min: 0, Avg:  0.0, Max: 0, Diff: 0, Sum: 0, Workers: 4
[0.978s][debug][gc,phases      ] GC(3)         Total                          Min: 128, Avg: 762.5, Max: 1770, Diff: 1642, Sum: 3050, Workers: 4
[0.978s][debug][gc,phases      ] GC(3)       ResolvedMethodTable Weak       Min:  0.0, Avg:  0.0, Max:  0.0, Diff:  0.0, Sum:  0.0, Workers: 4
[0.978s][debug][gc,phases      ] GC(3)         Dead                           Min: 0, Avg:  0.0, Max: 0, Diff: 0, Sum: 0, Workers: 4
[0.978s][debug][gc,phases      ] GC(3)         Total                          Min: 128, Avg: 185.5, Max: 256, Diff: 128, Sum: 742, Workers: 4
[0.978s][debug][gc,phases      ] GC(3)       JNI Weak                       Min:  0.0, Avg:  0.0, Max:  0.0, Diff:  0.0, Sum:  0.0, Workers: 4
[0.978s][debug][gc,phases      ] GC(3)         Dead                           Min: 0, Avg:  0.0, Max: 0, Diff: 0, Sum: 0, Workers: 4
[0.978s][debug][gc,phases      ] GC(3)         Total                          Min: 0, Avg:  0.0, Max: 0, Diff: 0, Sum: 0, Workers: 4
[0.978s][debug][gc,phases      ] GC(3)       StringDedup Table Weak         Min:  0.0, Avg:  0.0, Max:  0.0, Diff:  0.0, Sum:  0.0, Workers: 4
[0.978s][debug][gc,phases      ] GC(3)         Dead                           Min: 0, Avg:  0.0, Max: 0, Diff: 0, Sum: 0, Workers: 4
[0.978s][debug][gc,phases      ] GC(3)         Total                          Min: 0, Avg:  0.0, Max: 0, Diff: 0, Sum: 0, Workers: 4
[0.978s][debug][gc,phases      ] GC(3)       StringDedup Requests0 Weak     Min:  0.0, Avg:  0.0, Max:  0.0, Diff:  0.0, Sum:  0.0, Workers: 4
[0.978s][debug][gc,phases      ] GC(3)         Dead                           Min: 0, Avg:  0.0, Max: 0, Diff: 0, Sum: 0, Workers: 4
[0.978s][debug][gc,phases      ] GC(3)         Total                          Min: 0, Avg:  0.0, Max: 0, Diff: 0, Sum: 0, Workers: 4
[0.978s][debug][gc,phases      ] GC(3)       StringDedup Requests1 Weak     Min:  0.0, Avg:  0.0, Max:  0.0, Diff:  0.0, Sum:  0.0, Workers: 4
[0.978s][debug][gc,phases      ] GC(3)         Dead                           Min: 0, Avg:  0.0, Max: 0, Diff: 0, Sum: 0, Workers: 4
[0.978s][debug][gc,phases      ] GC(3)         Total                          Min: 0, Avg:  0.0, Max: 0, Diff: 0, Sum: 0, Workers: 4
[0.978s][debug][gc,phases      ] GC(3)       Weak JFR Old Object Samples    Min:  0.0, Avg:  0.0, Max:  0.0, Diff:  0.0, Sum:  0.0, Workers: 4
[0.978s][debug][gc,phases      ] GC(3)         Dead                           Min: 0, Avg:  0.0, Max: 0, Diff: 0, Sum: 0, Workers: 4
[0.978s][debug][gc,phases      ] GC(3)         Total                          Min: 0, Avg:  0.0, Max: 0, Diff: 0, Sum: 0, Workers: 4
[0.978s][debug][gc,phases      ] GC(3)     Post Evacuate Cleanup 1: 0.2ms
[0.978s][debug][gc,phases      ] GC(3)       Merge Per-Thread State (ms):   Min:  0.0, Avg:  0.0, Max:  0.0, Diff:  0.0, Sum:  0.0, Workers: 1
[0.978s][debug][gc,phases      ] GC(3)         Copied Bytes                   Min: 88, Avg: 316845.0, Max: 571888, Diff: 571800, Sum: 2534760, Workers: 8
[0.978s][debug][gc,phases      ] GC(3)         LAB Waste                      Min: 0, Avg: 152.0, Max: 264, Diff: 264, Sum: 1216, Workers: 8
[0.978s][debug][gc,phases      ] GC(3)         LAB Undo Waste                 Min: 0, Avg:  0.0, Max: 0, Diff: 0, Sum: 0, Workers: 8
[0.978s][debug][gc,phases      ] GC(3)       Clear Logged Cards (ms):       Min:  0.0, Avg:  0.0, Max:  0.0, Diff:  0.0, Sum:  0.0, Workers: 3
[0.978s][debug][gc,phases      ] GC(3)       Recalculate Used Memory (ms):  Min:  0.0, Avg:  0.0, Max:  0.0, Diff:  0.0, Sum:  0.0, Workers: 1
[0.978s][debug][gc,phases      ] GC(3)     Post Evacuate Cleanup 2: 0.2ms
[0.978s][debug][gc,phases      ] GC(3)       Update Derived Pointers (ms):  Min:  0.0, Avg:  0.0, Max:  0.0, Diff:  0.0, Sum:  0.0, Workers: 1
[0.978s][debug][gc,phases      ] GC(3)       Eagerly Reclaim Humongous Objects (ms): skipped
[0.978s][debug][gc,phases      ] GC(3)         Humongous Total                skipped
[0.978s][debug][gc,phases      ] GC(3)         Humongous Candidates           skipped
[0.978s][debug][gc,phases      ] GC(3)         Humongous Reclaimed            skipped
[0.978s][debug][gc,phases      ] GC(3)       Redirty Logged Cards (ms):     Min:  0.0, Avg:  0.0, Max:  0.0, Diff:  0.0, Sum:  0.0, Workers: 8
[0.978s][debug][gc,phases      ] GC(3)         Redirtied Cards:               Min: 0, Avg: 52.6, Max: 261, Diff: 261, Sum: 421, Workers: 8
[0.978s][debug][gc,phases      ] GC(3)       Resize TLABs (ms):             Min:  0.0, Avg:  0.0, Max:  0.0, Diff:  0.0, Sum:  0.0, Workers: 8
[0.978s][debug][gc,phases      ] GC(3)       Free Collection Set (ms):      Min:  0.0, Avg:  0.0, Max:  0.1, Diff:  0.1, Sum:  0.3, Workers: 8
[0.978s][debug][gc,phases      ] GC(3)     Rebuild Free List: 0.0ms
[0.978s][debug][gc,phases      ] GC(3)     Prepare For Mutator: 0.1ms
[0.978s][debug][gc,phases      ] GC(3)     Expand Heap After Collection: 0.0ms
[0.978s][info ][gc,phases      ] GC(3)   Other: 0.2ms
[0.978s][debug][gc,remset      ] GC(3) Coarsening (recent): Inline->AoC 0 (0) AoC->Howl 0 (0) Howl->Full 0 (0) Inline->AoC 0 (0) AoC->BitMap 0 (0) BitMap->Full 0 (0) 
[0.978s][debug][gc,remset      ] GC(3) Coarsening (all): Inline->AoC 0 (0) AoC->Howl 0 (0) Howl->Full 0 (0) Inline->AoC 0 (0) AoC->BitMap 0 (0) BitMap->Full 0 (0) 
[0.978s][info ][gc,heap        ] GC(3) Eden regions: 74->0(74)
[0.978s][info ][gc,heap        ] GC(3) Survivor regions: 1->1(10)
[0.978s][info ][gc,heap        ] GC(3) Old regions: 1->1
[0.978s][info ][gc,heap        ] GC(3) Humongous regions: 0->0
[0.978s][info ][gc,metaspace   ] GC(3) Metaspace: 9637K(9856K)->9637K(9856K) NonClass: 8534K(8640K)->8534K(8640K) Class: 1102K(1216K)->1102K(1216K)
[0.978s][debug][gc,heap        ] GC(3) Heap after GC invocations=4 (full 0):
[0.978s][debug][gc,heap        ] GC(3)  garbage-first heap   total 516096K, used 3835K [0x000000060d000000, 0x0000000800000000)
[0.978s][debug][gc,heap        ] GC(3)   region size 4096K, 1 young (4096K), 1 survivors (4096K)
[0.978s][debug][gc,heap        ] GC(3)  Metaspace       used 9637K, committed 9856K, reserved 1114112K
[0.978s][debug][gc,heap        ] GC(3)   class space    used 1102K, committed 1216K, reserved 1048576K
[0.978s][info ][gc             ] GC(3) Pause Young (Normal) (G1 Evacuation Pause) 299M->3M(504M) 3.667ms
[0.978s][info ][gc,cpu         ] GC(3) User=0.01s Sys=0.00s Real=0.00s
[0.978s][debug][gc,task        ] G1 Service Thread (Card Set Free Memory Task) (run: 0.604ms) (cpu: 0.041ms)
[1.051s][info ][gc,start       ] GC(4) Pause Young (Normal) (G1 Evacuation Pause)
[1.051s][debug][gc,heap        ] GC(4) Heap before GC invocations=4 (full 0):
[1.051s][debug][gc,heap        ] GC(4)  garbage-first heap   total 516096K, used 306939K [0x000000060d000000, 0x0000000800000000)
[1.051s][debug][gc,heap        ] GC(4)   region size 4096K, 75 young (307200K), 1 survivors (4096K)
[1.051s][debug][gc,heap        ] GC(4)  Metaspace       used 9637K, committed 9856K, reserved 1114112K
[1.051s][debug][gc,heap        ] GC(4)   class space    used 1102K, committed 1216K, reserved 1048576K
[1.051s][info ][gc,task        ] GC(4) Using 8 workers of 8 for evacuation
[1.051s][debug][gc,age         ] GC(4) Desired survivor size 20971520 bytes, new threshold 15 (max threshold 15)
[1.051s][debug][gc,tlab        ] GC(4) TLAB totals: thrds: 1  refills: 148 max: 148 slow allocs: 3 max 3 waste:  0.0% gc: 0B max: 0B slow: 147184B max: 147184B
[1.051s][debug][gc,refine,stats] GC(4) Mutator refinement: 0.00ms, refined: 0, precleaned: 0, dirtied: 0
[1.051s][debug][gc,refine,stats] GC(4) Concurrent refinement: 0.00ms, refined: 0, precleaned: 0, dirtied: 0
[1.051s][debug][gc,refine,stats] GC(4) Total refinement: 0.00ms, refined: 0, precleaned: 0, dirtied: 0
[1.051s][debug][gc,refine,stats] GC(4) Generate dirty cards rate: 0.00 cards/ms
[1.052s][debug][gc,alloc,region] GC(4) Mutator Allocation stats, regions: 74, wasted size: 0B ( 0.0%)
[1.052s][debug][gc,ergo,cset   ] GC(4) No candidates to reclaim.
[1.052s][debug][gc,ergo        ] GC(4) Running G1 Merge Heap Roots using 8 workers for 75 regions
[1.052s][debug][gc,remset      ] GC(4) Visited cards 640 Total dirty 8192 (7.81%) Total old 1236992 (0.05%)
[1.054s][debug][gc,ref         ] GC(4) ReferenceProcessor::execute queues: 1, RefProcThreadModel::Single, marks_oops_alive: false
[1.054s][debug][gc,ref         ] GC(4) Skipped KeepAliveFinalRefsPhase of Reference Processing: no references
[1.054s][debug][gc,ref         ] GC(4) ReferenceProcessor::execute queues: 1, RefProcThreadModel::Single, marks_oops_alive: false
[1.054s][debug][gc,ergo        ] GC(4) Running G1 Rebuild Free List Task using 8 workers for rebuilding free list of regions
[1.054s][debug][gc,plab        ] GC(4) Young PLAB allocation: allocated: 2571088B, wasted: 1328B, unused: 281000B, used: 2288760B, undo waste: 0B, 
[1.054s][debug][gc,plab        ] GC(4) Young other allocation: region end waste: 0B, regions filled: 1, num plab filled: 46, direct allocated: 310400B, num direct allocated: 4, failure used: 0B, failure wasted: 0B
[1.054s][debug][gc,plab        ] GC(4) Young sizing: calculated: 457752B, actual: 452720B
[1.054s][debug][gc,plab        ] GC(4) Old PLAB allocation: allocated: 0B, wasted: 0B, unused: 0B, used: 0B, undo waste: 0B, 
[1.054s][debug][gc,plab        ] GC(4) Old other allocation: region end waste: 0B, regions filled: 0, num plab filled: 0, direct allocated: 0B, num direct allocated: 0, failure used: 0B, failure wasted: 0B
[1.054s][debug][gc,plab        ] GC(4) Old sizing: calculated: 0B, actual: 2064B
[1.054s][debug][gc,ergo,heap   ] GC(4) Heap expansion: short term pause time ratio 3.99% long term pause time ratio 0.94% threshold 1.00% pause time ratio 7.69% fully expanded false resize by 0B
[1.054s][debug][gc,mmu         ] GC(4) MMU: 8.8ms (200.0ms/201.0ms)
[1.054s][debug][gc,alloc,stats ] Old generation allocation in the last mutator period, old gen allocated: 0B, humongous allocated: 0B, old gen growth: 0B.
[1.054s][debug][gc,ihop        ] GC(4) Basic information (value update), threshold: 235929600B (45.00), target occupancy: 524288000B, current occupancy: 3980856B, recent allocation size: 0B, recent allocation duration: 73.58ms, recent old gen allocation rate: 0.00B/s, recent marking phase length: 0.00ms
[1.054s][debug][gc,ihop        ] GC(4) Adaptive IHOP information (value update), threshold: 235929600B (47.37), internal target occupancy: 498073600B, occupancy: 3980856B, additional buffer size: 314572800B, predicted old gen allocation rate: 0.00B/s, predicted marking phase length: 0.00ms, prediction active: false
[1.054s][debug][gc,task,start  ] G1 Service Thread (Card Set Free Memory Task) (run 0.047ms after schedule)
[1.054s][debug][gc,ergo,refine ] GC(4) GC refinement: goal: 18446744073709551615 + 75 / 20.00ms, actual: 421 / 0.03ms, 
[1.054s][debug][gc,ergo,refine ] GC(4) Unchanged pending cards target: 18446744073709551615
[1.054s][info ][gc,phases      ] GC(4)   Pre Evacuate Collection Set: 0.2ms
[1.054s][debug][gc,phases      ] GC(4)     Pre Evacuate Prepare: 0.0ms
[1.054s][debug][gc,phases      ] GC(4)       JT Retire TLABs And Flush Logs (ms): Min:  0.0, Avg:  0.0, Max:  0.0, Diff:  0.0, Sum:  0.0, Workers: 2
[1.054s][debug][gc,phases      ] GC(4)       Non-JT Flush Logs (ms):        Min:  0.0, Avg:  0.0, Max:  0.0, Diff:  0.0, Sum:  0.0, Workers: 1
[1.054s][debug][gc,phases      ] GC(4)     Choose Collection Set: 0.0ms
[1.054s][debug][gc,phases      ] GC(4)     Region Register: 0.1ms
[1.054s][debug][gc,phases      ] GC(4)     Prepare Heap Roots: 0.0ms
[1.054s][info ][gc,phases      ] GC(4)   Merge Heap Roots: 0.4ms
[1.054s][debug][gc,phases      ] GC(4)     Prepare Merge Heap Roots: 0.0ms
[1.054s][debug][gc,phases      ] GC(4)     Remembered Sets (ms):          Min:  0.0, Avg:  0.0, Max:  0.0, Diff:  0.0, Sum:  0.0, Workers: 8
[1.054s][debug][gc,phases      ] GC(4)       Eager Reclaim (ms):            skipped
[1.054s][debug][gc,phases      ] GC(4)       Merged Inline                  Min: 0, Avg:  0.0, Max: 0, Diff: 0, Sum: 0, Workers: 8
[1.054s][debug][gc,phases      ] GC(4)       Merged ArrayOfCards            Min: 0, Avg:  0.0, Max: 0, Diff: 0, Sum: 0, Workers: 8
[1.054s][debug][gc,phases      ] GC(4)       Merged Howl                    Min: 0, Avg:  0.0, Max: 0, Diff: 0, Sum: 0, Workers: 8
[1.054s][debug][gc,phases      ] GC(4)       Merged Full                    Min: 0, Avg:  0.0, Max: 0, Diff: 0, Sum: 0, Workers: 8
[1.054s][debug][gc,phases      ] GC(4)       Merged Howl Inline             Min: 0, Avg:  0.0, Max: 0, Diff: 0, Sum: 0, Workers: 8
[1.054s][debug][gc,phases      ] GC(4)       Merged Howl ArrayOfCards       Min: 0, Avg:  0.0, Max: 0, Diff: 0, Sum: 0, Workers: 8
[1.054s][debug][gc,phases      ] GC(4)       Merged Howl BitMap             Min: 0, Avg:  0.0, Max: 0, Diff: 0, Sum: 0, Workers: 8
[1.054s][debug][gc,phases      ] GC(4)       Merged Howl Full               Min: 0, Avg:  0.0, Max: 0, Diff: 0, Sum: 0, Workers: 8
[1.054s][debug][gc,phases      ] GC(4)       Merged Cards                   Min: 8, Avg:  8.0, Max: 8, Diff: 0, Sum: 64, Workers: 8
[1.054s][debug][gc,phases      ] GC(4)     Log Buffers (ms):              Min:  0.0, Avg:  0.0, Max:  0.0, Diff:  0.0, Sum:  0.0, Workers: 8
[1.054s][debug][gc,phases      ] GC(4)       Dirty Cards:                   Min: 0, Avg: 52.6, Max: 421, Diff: 421, Sum: 421, Workers: 8
[1.054s][debug][gc,phases      ] GC(4)       Skipped Cards:                 Min: 0, Avg:  0.0, Max: 0, Diff: 0, Sum: 0, Workers: 8
[1.054s][info ][gc,phases      ] GC(4)   Evacuate Collection Set: 1.4ms
[1.054s][debug][gc,phases      ] GC(4)     Ext Root Scanning (ms):        Min:  0.0, Avg:  0.1, Max:  0.5, Diff:  0.5, Sum:  0.7, Workers: 8
[1.054s][debug][gc,phases      ] GC(4)     Scan Heap Roots (ms):          Min:  0.0, Avg:  0.0, Max:  0.1, Diff:  0.1, Sum:  0.3, Workers: 8
[1.054s][debug][gc,phases      ] GC(4)       Scanned Cards:                 Min: 0, Avg: 50.1, Max: 102, Diff: 102, Sum: 401, Workers: 8
[1.054s][debug][gc,phases      ] GC(4)       Scanned Blocks:                Min: 0, Avg:  4.2, Max: 17, Diff: 17, Sum: 34, Workers: 8
[1.054s][debug][gc,phases      ] GC(4)       Claimed Chunks:                Min: 0, Avg:  1.2, Max: 3, Diff: 3, Sum: 10, Workers: 8
[1.054s][debug][gc,phases      ] GC(4)       Found Roots:                   Min: 0, Avg: 275.2, Max: 512, Diff: 512, Sum: 2202, Workers: 8
[1.054s][debug][gc,phases      ] GC(4)     Code Root Scan (ms):           Min:  0.0, Avg:  0.1, Max:  0.3, Diff:  0.3, Sum:  0.9, Workers: 8
[1.054s][debug][gc,phases      ] GC(4)       Scanned Nmethods               Min: 0, Avg:  0.0, Max: 0, Diff: 0, Sum: 0, Workers: 8
[1.054s][debug][gc,phases      ] GC(4)     Object Copy (ms):              Min:  0.0, Avg:  0.8, Max:  1.1, Diff:  1.1, Sum:  6.4, Workers: 8
[1.054s][debug][gc,phases      ] GC(4)     Termination (ms):              Min:  0.0, Avg:  0.1, Max:  0.1, Diff:  0.1, Sum:  0.7, Workers: 8
[1.054s][debug][gc,phases      ] GC(4)       Termination Attempts:          Min: 1, Avg:  3.1, Max: 7, Diff: 6, Sum: 25, Workers: 8
[1.054s][debug][gc,phases      ] GC(4)     GC Worker Other (ms):          Min:  0.0, Avg:  0.0, Max:  0.0, Diff:  0.0, Sum:  0.1, Workers: 8
[1.054s][debug][gc,phases      ] GC(4)     GC Worker Total (ms):          Min:  0.1, Avg:  1.1, Max:  1.3, Diff:  1.2, Sum:  9.1, Workers: 8
[1.054s][info ][gc,phases      ] GC(4)   Post Evacuate Collection Set: 0.6ms
[1.054s][debug][gc,phases      ] GC(4)     NMethod List Cleanup: 0.0ms
[1.054s][debug][gc,phases      ] GC(4)     Reference Processing: 0.1ms
[1.054s][debug][gc,phases,ref  ] GC(4)       Notify Soft/WeakReferences: 0.1ms
[1.054s][debug][gc,phases,ref  ] GC(4)         SoftRef (ms):                  Min:  0.0, Avg:  0.0, Max:  0.0, Diff:  0.0, Sum:  0.0, Workers: 1
[1.054s][debug][gc,phases,ref  ] GC(4)         WeakRef (ms):                  Min:  0.0, Avg:  0.0, Max:  0.0, Diff:  0.0, Sum:  0.0, Workers: 1
[1.054s][debug][gc,phases,ref  ] GC(4)         FinalRef (ms):                 Min:  0.0, Avg:  0.0, Max:  0.0, Diff:  0.0, Sum:  0.0, Workers: 1
[1.054s][debug][gc,phases,ref  ] GC(4)         Total (ms):                    Min:  0.0, Avg:  0.0, Max:  0.0, Diff:  0.0, Sum:  0.0, Workers: 1
[1.054s][debug][gc,phases,ref  ] GC(4)       Notify and keep alive finalizable: 0.0ms
[1.054s][debug][gc,phases,ref  ] GC(4)         FinalRef (ms):                 skipped
[1.054s][debug][gc,phases,ref  ] GC(4)       Notify PhantomReferences: 0.0ms
[1.054s][debug][gc,phases,ref  ] GC(4)         PhantomRef (ms):               Min:  0.0, Avg:  0.0, Max:  0.0, Diff:  0.0, Sum:  0.0, Workers: 1
[1.054s][debug][gc,phases,ref  ] GC(4)       SoftReference Discovered: 0, Dropped: 0, Processed: 0
[1.054s][debug][gc,phases,ref  ] GC(4)       WeakReference Discovered: 368, Dropped: 368, Processed: 0
[1.054s][debug][gc,phases,ref  ] GC(4)       FinalReference Discovered: 0, Dropped: 0, Processed: 0
[1.054s][debug][gc,phases,ref  ] GC(4)       PhantomReference Discovered: 1, Dropped: 1, Processed: 0
[1.054s][debug][gc,phases      ] GC(4)     Weak Processing: 0.1ms
[1.054s][debug][gc,phases      ] GC(4)       VM Weak                        Min:  0.0, Avg:  0.0, Max:  0.0, Diff:  0.0, Sum:  0.0, Workers: 4
[1.054s][debug][gc,phases      ] GC(4)         Dead                           Min: 0, Avg:  0.0, Max: 0, Diff: 0, Sum: 0, Workers: 4
[1.054s][debug][gc,phases      ] GC(4)         Total                          Min: 0, Avg: 18.0, Max: 64, Diff: 64, Sum: 72, Workers: 4
[1.054s][debug][gc,phases      ] GC(4)       ObjectSynchronizer Weak        Min:  0.0, Avg:  0.0, Max:  0.0, Diff:  0.0, Sum:  0.0, Workers: 4
[1.054s][debug][gc,phases      ] GC(4)         Dead                           Min: 0, Avg:  0.0, Max: 0, Diff: 0, Sum: 0, Workers: 4
[1.054s][debug][gc,phases      ] GC(4)         Total                          Min: 0, Avg:  0.2, Max: 1, Diff: 1, Sum: 1, Workers: 4
[1.054s][debug][gc,phases      ] GC(4)       JVMTI Tag Weak OopStorage      Min:  0.0, Avg:  0.0, Max:  0.0, Diff:  0.0, Sum:  0.0, Workers: 4
[1.054s][debug][gc,phases      ] GC(4)         Dead                           Min: 0, Avg:  0.0, Max: 0, Diff: 0, Sum: 0, Workers: 4
[1.054s][debug][gc,phases      ] GC(4)         Total                          Min: 0, Avg:  0.0, Max: 0, Diff: 0, Sum: 0, Workers: 4
[1.054s][debug][gc,phases      ] GC(4)       StringTable Weak               Min:  0.0, Avg:  0.0, Max:  0.0, Diff:  0.0, Sum:  0.1, Workers: 4
[1.054s][debug][gc,phases      ] GC(4)         Dead                           Min: 0, Avg:  0.0, Max: 0, Diff: 0, Sum: 0, Workers: 4
[1.054s][debug][gc,phases      ] GC(4)         Total                          Min: 128, Avg: 762.5, Max: 1066, Diff: 938, Sum: 3050, Workers: 4
[1.054s][debug][gc,phases      ] GC(4)       ResolvedMethodTable Weak       Min:  0.0, Avg:  0.0, Max:  0.0, Diff:  0.0, Sum:  0.0, Workers: 4
[1.054s][debug][gc,phases      ] GC(4)         Dead                           Min: 0, Avg:  0.0, Max: 0, Diff: 0, Sum: 0, Workers: 4
[1.055s][debug][gc,phases      ] GC(4)         Total                          Min: 128, Avg: 185.5, Max: 256, Diff: 128, Sum: 742, Workers: 4
[1.055s][debug][gc,phases      ] GC(4)       JNI Weak                       Min:  0.0, Avg:  0.0, Max:  0.0, Diff:  0.0, Sum:  0.0, Workers: 4
[1.055s][debug][gc,phases      ] GC(4)         Dead                           Min: 0, Avg:  0.0, Max: 0, Diff: 0, Sum: 0, Workers: 4
[1.055s][debug][gc,phases      ] GC(4)         Total                          Min: 0, Avg:  0.0, Max: 0, Diff: 0, Sum: 0, Workers: 4
[1.055s][debug][gc,phases      ] GC(4)       StringDedup Table Weak         Min:  0.0, Avg:  0.0, Max:  0.0, Diff:  0.0, Sum:  0.0, Workers: 4
[1.055s][debug][gc,phases      ] GC(4)         Dead                           Min: 0, Avg:  0.0, Max: 0, Diff: 0, Sum: 0, Workers: 4
[1.055s][debug][gc,phases      ] GC(4)         Total                          Min: 0, Avg:  0.0, Max: 0, Diff: 0, Sum: 0, Workers: 4
[1.055s][debug][gc,phases      ] GC(4)       StringDedup Requests0 Weak     Min:  0.0, Avg:  0.0, Max:  0.0, Diff:  0.0, Sum:  0.0, Workers: 4
[1.055s][debug][gc,phases      ] GC(4)         Dead                           Min: 0, Avg:  0.0, Max: 0, Diff: 0, Sum: 0, Workers: 4
[1.055s][debug][gc,phases      ] GC(4)         Total                          Min: 0, Avg:  0.0, Max: 0, Diff: 0, Sum: 0, Workers: 4
[1.055s][debug][gc,phases      ] GC(4)       StringDedup Requests1 Weak     Min:  0.0, Avg:  0.0, Max:  0.0, Diff:  0.0, Sum:  0.0, Workers: 4
[1.055s][debug][gc,phases      ] GC(4)         Dead                           Min: 0, Avg:  0.0, Max: 0, Diff: 0, Sum: 0, Workers: 4
[1.055s][debug][gc,phases      ] GC(4)         Total                          Min: 0, Avg:  0.0, Max: 0, Diff: 0, Sum: 0, Workers: 4
[1.055s][debug][gc,phases      ] GC(4)       Weak JFR Old Object Samples    Min:  0.0, Avg:  0.0, Max:  0.0, Diff:  0.0, Sum:  0.0, Workers: 4
[1.055s][debug][gc,phases      ] GC(4)         Dead                           Min: 0, Avg:  0.0, Max: 0, Diff: 0, Sum: 0, Workers: 4
[1.055s][debug][gc,phases      ] GC(4)         Total                          Min: 0, Avg:  0.0, Max: 0, Diff: 0, Sum: 0, Workers: 4
[1.055s][debug][gc,phases      ] GC(4)     Post Evacuate Cleanup 1: 0.1ms
[1.055s][debug][gc,phases      ] GC(4)       Merge Per-Thread State (ms):   Min:  0.0, Avg:  0.0, Max:  0.0, Diff:  0.0, Sum:  0.0, Workers: 1
[1.055s][debug][gc,phases      ] GC(4)         Copied Bytes                   Min: 0, Avg: 324895.0, Max: 611080, Diff: 611080, Sum: 2599160, Workers: 8
[1.055s][debug][gc,phases      ] GC(4)         LAB Waste                      Min: 0, Avg: 166.0, Max: 448, Diff: 448, Sum: 1328, Workers: 8
[1.055s][debug][gc,phases      ] GC(4)         LAB Undo Waste                 Min: 0, Avg:  0.0, Max: 0, Diff: 0, Sum: 0, Workers: 8
[1.055s][debug][gc,phases      ] GC(4)       Clear Logged Cards (ms):       Min:  0.0, Avg:  0.0, Max:  0.0, Diff:  0.0, Sum:  0.0, Workers: 3
[1.055s][debug][gc,phases      ] GC(4)       Recalculate Used Memory (ms):  Min:  0.0, Avg:  0.0, Max:  0.0, Diff:  0.0, Sum:  0.0, Workers: 1
[1.055s][debug][gc,phases      ] GC(4)     Post Evacuate Cleanup 2: 0.2ms
[1.055s][debug][gc,phases      ] GC(4)       Update Derived Pointers (ms):  Min:  0.0, Avg:  0.0, Max:  0.0, Diff:  0.0, Sum:  0.0, Workers: 1
[1.055s][debug][gc,phases      ] GC(4)       Eagerly Reclaim Humongous Objects (ms): skipped
[1.055s][debug][gc,phases      ] GC(4)         Humongous Total                skipped
[1.055s][debug][gc,phases      ] GC(4)         Humongous Candidates           skipped
[1.055s][debug][gc,phases      ] GC(4)         Humongous Reclaimed            skipped
[1.055s][debug][gc,phases      ] GC(4)       Redirty Logged Cards (ms):     Min:  0.0, Avg:  0.0, Max:  0.0, Diff:  0.0, Sum:  0.0, Workers: 8
[1.055s][debug][gc,phases      ] GC(4)         Redirtied Cards:               Min: 0, Avg: 51.1, Max: 351, Diff: 351, Sum: 409, Workers: 8
[1.055s][debug][gc,phases      ] GC(4)       Resize TLABs (ms):             Min:  0.0, Avg:  0.0, Max:  0.0, Diff:  0.0, Sum:  0.0, Workers: 8
[1.055s][debug][gc,phases      ] GC(4)       Free Collection Set (ms):      Min:  0.0, Avg:  0.0, Max:  0.1, Diff:  0.1, Sum:  0.2, Workers: 8
[1.055s][debug][gc,phases      ] GC(4)     Rebuild Free List: 0.1ms
[1.055s][debug][gc,phases      ] GC(4)     Prepare For Mutator: 0.1ms
[1.055s][debug][gc,phases      ] GC(4)     Expand Heap After Collection: 0.0ms
[1.055s][info ][gc,phases      ] GC(4)   Other: 0.2ms
[1.055s][debug][gc,remset      ] GC(4) Coarsening (recent): Inline->AoC 0 (0) AoC->Howl 0 (0) Howl->Full 0 (0) Inline->AoC 0 (0) AoC->BitMap 0 (0) BitMap->Full 0 (0) 
[1.055s][debug][gc,remset      ] GC(4) Coarsening (all): Inline->AoC 0 (0) AoC->Howl 0 (0) Howl->Full 0 (0) Inline->AoC 0 (0) AoC->BitMap 0 (0) BitMap->Full 0 (0) 
[1.055s][info ][gc,heap        ] GC(4) Eden regions: 74->0(74)
[1.055s][info ][gc,heap        ] GC(4) Survivor regions: 1->1(10)
[1.055s][info ][gc,heap        ] GC(4) Old regions: 1->1
[1.055s][info ][gc,heap        ] GC(4) Humongous regions: 0->0
[1.055s][info ][gc,metaspace   ] GC(4) Metaspace: 9637K(9856K)->9637K(9856K) NonClass: 8534K(8640K)->8534K(8640K) Class: 1102K(1216K)->1102K(1216K)
[1.055s][debug][gc,heap        ] GC(4) Heap after GC invocations=5 (full 0):
[1.055s][debug][gc,heap        ] GC(4)  garbage-first heap   total 516096K, used 3887K [0x000000060d000000, 0x0000000800000000)
[1.055s][debug][gc,heap        ] GC(4)   region size 4096K, 1 young (4096K), 1 survivors (4096K)
[1.055s][debug][gc,heap        ] GC(4)  Metaspace       used 9637K, committed 9856K, reserved 1114112K
[1.055s][debug][gc,heap        ] GC(4)   class space    used 1102K, committed 1216K, reserved 1048576K
[1.055s][info ][gc             ] GC(4) Pause Young (Normal) (G1 Evacuation Pause) 299M->3M(504M) 3.494ms
[1.055s][info ][gc,cpu         ] GC(4) User=0.01s Sys=0.00s Real=0.00s
[1.055s][debug][gc,task        ] G1 Service Thread (Card Set Free Memory Task) (run: 0.745ms) (cpu: 0.030ms)
[1.059s][debug][gc,task,start  ] G1 Service Thread (Periodic GC Task) (run 0.237ms after schedule)
[1.059s][debug][gc,task        ] G1 Service Thread (Periodic GC Task) (run: 0.019ms) (cpu: 0.000ms)
[1.126s][info ][gc,start       ] GC(5) Pause Young (Normal) (G1 Evacuation Pause)
[1.126s][debug][gc,heap        ] GC(5) Heap before GC invocations=5 (full 0):
[1.126s][debug][gc,heap        ] GC(5)  garbage-first heap   total 516096K, used 306991K [0x000000060d000000, 0x0000000800000000)
[1.126s][debug][gc,heap        ] GC(5)   region size 4096K, 75 young (307200K), 1 survivors (4096K)
[1.126s][debug][gc,heap        ] GC(5)  Metaspace       used 9637K, committed 9856K, reserved 1114112K
[1.126s][debug][gc,heap        ] GC(5)   class space    used 1102K, committed 1216K, reserved 1048576K
[1.126s][info ][gc,task        ] GC(5) Using 8 workers of 8 for evacuation
[1.126s][debug][gc,age         ] GC(5) Desired survivor size 20971520 bytes, new threshold 15 (max threshold 15)
[1.126s][debug][gc,tlab        ] GC(5) TLAB totals: thrds: 1  refills: 148 max: 148 slow allocs: 3 max 3 waste:  0.0% gc: 0B max: 0B slow: 147184B max: 147184B
[1.126s][debug][gc,refine,stats] GC(5) Mutator refinement: 0.00ms, refined: 0, precleaned: 0, dirtied: 0
[1.126s][debug][gc,refine,stats] GC(5) Concurrent refinement: 0.00ms, refined: 0, precleaned: 0, dirtied: 0
[1.126s][debug][gc,refine,stats] GC(5) Total refinement: 0.00ms, refined: 0, precleaned: 0, dirtied: 0
[1.126s][debug][gc,refine,stats] GC(5) Generate dirty cards rate: 0.00 cards/ms
[1.126s][debug][gc,alloc,region] GC(5) Mutator Allocation stats, regions: 74, wasted size: 0B ( 0.0%)
[1.126s][debug][gc,ergo,cset   ] GC(5) No candidates to reclaim.
[1.126s][debug][gc,ergo        ] GC(5) Running G1 Merge Heap Roots using 8 workers for 75 regions
[1.126s][debug][gc,remset      ] GC(5) Visited cards 640 Total dirty 8192 (7.81%) Total old 1236992 (0.05%)
[1.128s][debug][gc,ref         ] GC(5) ReferenceProcessor::execute queues: 1, RefProcThreadModel::Single, marks_oops_alive: false
[1.128s][debug][gc,ref         ] GC(5) Skipped KeepAliveFinalRefsPhase of Reference Processing: no references
[1.128s][debug][gc,ref         ] GC(5) ReferenceProcessor::execute queues: 1, RefProcThreadModel::Single, marks_oops_alive: false
[1.129s][debug][gc,ergo        ] GC(5) Running G1 Rebuild Free List Task using 8 workers for rebuilding free list of regions
[1.129s][debug][gc,plab        ] GC(5) Young PLAB allocation: allocated: 2602864B, wasted: 2288B, unused: 255608B, used: 2344968B, undo waste: 0B, 
[1.129s][debug][gc,plab        ] GC(5) Young other allocation: region end waste: 0B, regions filled: 1, num plab filled: 45, direct allocated: 318592B, num direct allocated: 4, failure used: 0B, failure wasted: 0B
[1.129s][debug][gc,plab        ] GC(5) Young sizing: calculated: 468992B, actual: 464920B
[1.129s][debug][gc,plab        ] GC(5) Old PLAB allocation: allocated: 0B, wasted: 0B, unused: 0B, used: 0B, undo waste: 0B, 
[1.129s][debug][gc,plab        ] GC(5) Old other allocation: region end waste: 0B, regions filled: 0, num plab filled: 0, direct allocated: 0B, num direct allocated: 0, failure used: 0B, failure wasted: 0B
[1.129s][debug][gc,plab        ] GC(5) Old sizing: calculated: 0B, actual: 2064B
[1.129s][debug][gc,ergo,heap   ] GC(5) Heap expansion: short term pause time ratio 3.52% long term pause time ratio 1.12% threshold 1.00% pause time ratio 7.69% fully expanded false resize by 200129007B
[1.129s][debug][gc,ergo,heap   ] GC(5) Expand the heap. requested expansion amount: 200129007B expansion amount: 201326592B
[1.129s][debug][gc,task,start  ] G1 Service Thread (Card Set Free Memory Task) (run 0.068ms after schedule)
[1.129s][debug][gc,heap,region ] GC(5) Activate regions [125, 173)
[1.129s][debug][gc,ihop        ] GC(5) Target occupancy update: old: 524288000B, new: 729808896B
[1.129s][debug][gc,mmu         ] GC(5) MMU: 9.1ms (200.0ms/201.0ms)
[1.129s][debug][gc,alloc,stats ] Old generation allocation in the last mutator period, old gen allocated: 0B, humongous allocated: 0B, old gen growth: 0B.
[1.129s][debug][gc,ihop        ] GC(5) Basic information (value update), threshold: 328414003B (45.00), target occupancy: 729808896B, current occupancy: 4020824B, recent allocation size: 0B, recent allocation duration: 71.75ms, recent old gen allocation rate: 0.00B/s, recent marking phase length: 0.00ms
[1.129s][debug][gc,ihop        ] GC(5) Adaptive IHOP information (value update), threshold: 328414003B (47.37), internal target occupancy: 693318451B, occupancy: 4020824B, additional buffer size: 436207616B, predicted old gen allocation rate: 0.00B/s, predicted marking phase length: 0.00ms, prediction active: false
[1.129s][debug][gc,ergo,refine ] GC(5) GC refinement: goal: 18446744073709551615 + 59 / 20.00ms, actual: 409 / 0.04ms, 
[1.129s][debug][gc,ergo,refine ] GC(5) Unchanged pending cards target: 18446744073709551615
[1.129s][info ][gc,phases      ] GC(5)   Pre Evacuate Collection Set: 0.2ms
[1.129s][debug][gc,phases      ] GC(5)     Pre Evacuate Prepare: 0.0ms
[1.129s][debug][gc,phases      ] GC(5)       JT Retire TLABs And Flush Logs (ms): Min:  0.0, Avg:  0.0, Max:  0.0, Diff:  0.0, Sum:  0.0, Workers: 2
[1.129s][debug][gc,phases      ] GC(5)       Non-JT Flush Logs (ms):        Min:  0.0, Avg:  0.0, Max:  0.0, Diff:  0.0, Sum:  0.0, Workers: 1
[1.129s][debug][gc,phases      ] GC(5)     Choose Collection Set: 0.0ms
[1.129s][debug][gc,phases      ] GC(5)     Region Register: 0.1ms
[1.129s][debug][gc,phases      ] GC(5)     Prepare Heap Roots: 0.0ms
[1.129s][info ][gc,phases      ] GC(5)   Merge Heap Roots: 0.4ms
[1.129s][debug][gc,phases      ] GC(5)     Prepare Merge Heap Roots: 0.0ms
[1.129s][debug][gc,phases      ] GC(5)     Remembered Sets (ms):          Min:  0.0, Avg:  0.0, Max:  0.0, Diff:  0.0, Sum:  0.1, Workers: 8
[1.129s][debug][gc,phases      ] GC(5)       Eager Reclaim (ms):            skipped
[1.129s][debug][gc,phases      ] GC(5)       Merged Inline                  Min: 0, Avg:  0.0, Max: 0, Diff: 0, Sum: 0, Workers: 8
[1.129s][debug][gc,phases      ] GC(5)       Merged ArrayOfCards            Min: 0, Avg:  0.0, Max: 0, Diff: 0, Sum: 0, Workers: 8
[1.129s][debug][gc,phases      ] GC(5)       Merged Howl                    Min: 0, Avg:  0.0, Max: 0, Diff: 0, Sum: 0, Workers: 8
[1.129s][debug][gc,phases      ] GC(5)       Merged Full                    Min: 0, Avg:  0.0, Max: 0, Diff: 0, Sum: 0, Workers: 8
[1.129s][debug][gc,phases      ] GC(5)       Merged Howl Inline             Min: 0, Avg:  0.0, Max: 0, Diff: 0, Sum: 0, Workers: 8
[1.129s][debug][gc,phases      ] GC(5)       Merged Howl ArrayOfCards       Min: 0, Avg:  0.0, Max: 0, Diff: 0, Sum: 0, Workers: 8
[1.129s][debug][gc,phases      ] GC(5)       Merged Howl BitMap             Min: 0, Avg:  0.0, Max: 0, Diff: 0, Sum: 0, Workers: 8
[1.129s][debug][gc,phases      ] GC(5)       Merged Howl Full               Min: 0, Avg:  0.0, Max: 0, Diff: 0, Sum: 0, Workers: 8
[1.129s][debug][gc,phases      ] GC(5)       Merged Cards                   Min: 8, Avg:  8.0, Max: 8, Diff: 0, Sum: 64, Workers: 8
[1.129s][debug][gc,phases      ] GC(5)     Log Buffers (ms):              Min:  0.0, Avg:  0.0, Max:  0.0, Diff:  0.0, Sum:  0.0, Workers: 8
[1.129s][debug][gc,phases      ] GC(5)       Dirty Cards:                   Min: 0, Avg: 51.1, Max: 409, Diff: 409, Sum: 409, Workers: 8
[1.129s][debug][gc,phases      ] GC(5)       Skipped Cards:                 Min: 0, Avg:  0.0, Max: 0, Diff: 0, Sum: 0, Workers: 8
[1.129s][info ][gc,phases      ] GC(5)   Evacuate Collection Set: 1.5ms
[1.129s][debug][gc,phases      ] GC(5)     Ext Root Scanning (ms):        Min:  0.0, Avg:  0.1, Max:  0.5, Diff:  0.5, Sum:  0.8, Workers: 8
[1.129s][debug][gc,phases      ] GC(5)     Scan Heap Roots (ms):          Min:  0.0, Avg:  0.0, Max:  0.1, Diff:  0.1, Sum:  0.3, Workers: 8
[1.129s][debug][gc,phases      ] GC(5)       Scanned Cards:                 Min: 0, Avg: 50.1, Max: 105, Diff: 105, Sum: 401, Workers: 8
[1.129s][debug][gc,phases      ] GC(5)       Scanned Blocks:                Min: 0, Avg:  4.2, Max: 17, Diff: 17, Sum: 34, Workers: 8
[1.129s][debug][gc,phases      ] GC(5)       Claimed Chunks:                Min: 0, Avg:  1.2, Max: 3, Diff: 3, Sum: 10, Workers: 8
[1.129s][debug][gc,phases      ] GC(5)       Found Roots:                   Min: 0, Avg: 275.2, Max: 553, Diff: 553, Sum: 2202, Workers: 8
[1.129s][debug][gc,phases      ] GC(5)     Code Root Scan (ms):           Min:  0.0, Avg:  0.1, Max:  0.3, Diff:  0.3, Sum:  1.0, Workers: 8
[1.129s][debug][gc,phases      ] GC(5)       Scanned Nmethods               Min: 0, Avg:  0.0, Max: 0, Diff: 0, Sum: 0, Workers: 8
[1.129s][debug][gc,phases      ] GC(5)     Object Copy (ms):              Min:  0.0, Avg:  0.8, Max:  1.2, Diff:  1.2, Sum:  6.7, Workers: 8
[1.129s][debug][gc,phases      ] GC(5)     Termination (ms):              Min:  0.0, Avg:  0.1, Max:  0.1, Diff:  0.1, Sum:  0.7, Workers: 8
[1.129s][debug][gc,phases      ] GC(5)       Termination Attempts:          Min: 1, Avg:  2.5, Max: 5, Diff: 4, Sum: 20, Workers: 8
[1.129s][debug][gc,phases      ] GC(5)     GC Worker Other (ms):          Min:  0.0, Avg:  0.0, Max:  0.0, Diff:  0.0, Sum:  0.2, Workers: 8
[1.129s][debug][gc,phases      ] GC(5)     GC Worker Total (ms):          Min:  0.1, Avg:  1.2, Max:  1.4, Diff:  1.3, Sum:  9.6, Workers: 8
[1.129s][info ][gc,phases      ] GC(5)   Post Evacuate Collection Set: 1.2ms
[1.129s][debug][gc,phases      ] GC(5)     NMethod List Cleanup: 0.0ms
[1.129s][debug][gc,phases      ] GC(5)     Reference Processing: 0.1ms
[1.129s][debug][gc,phases,ref  ] GC(5)       Notify Soft/WeakReferences: 0.1ms
[1.129s][debug][gc,phases,ref  ] GC(5)         SoftRef (ms):                  Min:  0.0, Avg:  0.0, Max:  0.0, Diff:  0.0, Sum:  0.0, Workers: 1
[1.129s][debug][gc,phases,ref  ] GC(5)         WeakRef (ms):                  Min:  0.0, Avg:  0.0, Max:  0.0, Diff:  0.0, Sum:  0.0, Workers: 1
[1.129s][debug][gc,phases,ref  ] GC(5)         FinalRef (ms):                 Min:  0.0, Avg:  0.0, Max:  0.0, Diff:  0.0, Sum:  0.0, Workers: 1
[1.129s][debug][gc,phases,ref  ] GC(5)         Total (ms):                    Min:  0.0, Avg:  0.0, Max:  0.0, Diff:  0.0, Sum:  0.0, Workers: 1
[1.129s][debug][gc,phases,ref  ] GC(5)       Notify and keep alive finalizable: 0.0ms
[1.129s][debug][gc,phases,ref  ] GC(5)         FinalRef (ms):                 skipped
[1.129s][debug][gc,phases,ref  ] GC(5)       Notify PhantomReferences: 0.0ms
[1.129s][debug][gc,phases,ref  ] GC(5)         PhantomRef (ms):               Min:  0.0, Avg:  0.0, Max:  0.0, Diff:  0.0, Sum:  0.0, Workers: 1
[1.129s][debug][gc,phases,ref  ] GC(5)       SoftReference Discovered: 0, Dropped: 0, Processed: 0
[1.129s][debug][gc,phases,ref  ] GC(5)       WeakReference Discovered: 354, Dropped: 354, Processed: 0
[1.129s][debug][gc,phases,ref  ] GC(5)       FinalReference Discovered: 0, Dropped: 0, Processed: 0
[1.129s][debug][gc,phases,ref  ] GC(5)       PhantomReference Discovered: 1, Dropped: 1, Processed: 0
[1.129s][debug][gc,phases      ] GC(5)     Weak Processing: 0.1ms
[1.129s][debug][gc,phases      ] GC(5)       VM Weak                        Min:  0.0, Avg:  0.0, Max:  0.0, Diff:  0.0, Sum:  0.0, Workers: 4
[1.129s][debug][gc,phases      ] GC(5)         Dead                           Min: 0, Avg:  0.0, Max: 0, Diff: 0, Sum: 0, Workers: 4
[1.130s][debug][gc,phases      ] GC(5)         Total                          Min: 0, Avg: 18.0, Max: 72, Diff: 72, Sum: 72, Workers: 4
[1.130s][debug][gc,phases      ] GC(5)       ObjectSynchronizer Weak        Min:  0.0, Avg:  0.0, Max:  0.0, Diff:  0.0, Sum:  0.0, Workers: 4
[1.130s][debug][gc,phases      ] GC(5)         Dead                           Min: 0, Avg:  0.0, Max: 0, Diff: 0, Sum: 0, Workers: 4
[1.130s][debug][gc,phases      ] GC(5)         Total                          Min: 0, Avg:  0.2, Max: 1, Diff: 1, Sum: 1, Workers: 4
[1.130s][debug][gc,phases      ] GC(5)       JVMTI Tag Weak OopStorage      Min:  0.0, Avg:  0.0, Max:  0.0, Diff:  0.0, Sum:  0.0, Workers: 4
[1.130s][debug][gc,phases      ] GC(5)         Dead                           Min: 0, Avg:  0.0, Max: 0, Diff: 0, Sum: 0, Workers: 4
[1.130s][debug][gc,phases      ] GC(5)         Total                          Min: 0, Avg:  0.0, Max: 0, Diff: 0, Sum: 0, Workers: 4
[1.130s][debug][gc,phases      ] GC(5)       StringTable Weak               Min:  0.0, Avg:  0.0, Max:  0.1, Diff:  0.0, Sum:  0.1, Workers: 4
[1.130s][debug][gc,phases      ] GC(5)         Dead                           Min: 0, Avg:  0.0, Max: 0, Diff: 0, Sum: 0, Workers: 4
[1.130s][debug][gc,phases      ] GC(5)         Total                          Min: 192, Avg: 762.5, Max: 1600, Diff: 1408, Sum: 3050, Workers: 4
[1.130s][debug][gc,phases      ] GC(5)       ResolvedMethodTable Weak       Min:  0.0, Avg:  0.0, Max:  0.0, Diff:  0.0, Sum:  0.0, Workers: 4
[1.130s][debug][gc,phases      ] GC(5)         Dead                           Min: 0, Avg:  0.0, Max: 0, Diff: 0, Sum: 0, Workers: 4
[1.130s][debug][gc,phases      ] GC(5)         Total                          Min: 128, Avg: 185.5, Max: 256, Diff: 128, Sum: 742, Workers: 4
[1.130s][debug][gc,phases      ] GC(5)       JNI Weak                       Min:  0.0, Avg:  0.0, Max:  0.0, Diff:  0.0, Sum:  0.0, Workers: 4
[1.130s][debug][gc,phases      ] GC(5)         Dead                           Min: 0, Avg:  0.0, Max: 0, Diff: 0, Sum: 0, Workers: 4
[1.130s][debug][gc,phases      ] GC(5)         Total                          Min: 0, Avg:  0.0, Max: 0, Diff: 0, Sum: 0, Workers: 4
[1.130s][debug][gc,phases      ] GC(5)       StringDedup Table Weak         Min:  0.0, Avg:  0.0, Max:  0.0, Diff:  0.0, Sum:  0.0, Workers: 4
[1.130s][debug][gc,phases      ] GC(5)         Dead                           Min: 0, Avg:  0.0, Max: 0, Diff: 0, Sum: 0, Workers: 4
[1.130s][debug][gc,phases      ] GC(5)         Total                          Min: 0, Avg:  0.0, Max: 0, Diff: 0, Sum: 0, Workers: 4
[1.130s][debug][gc,phases      ] GC(5)       StringDedup Requests0 Weak     Min:  0.0, Avg:  0.0, Max:  0.0, Diff:  0.0, Sum:  0.0, Workers: 4
[1.130s][debug][gc,phases      ] GC(5)         Dead                           Min: 0, Avg:  0.0, Max: 0, Diff: 0, Sum: 0, Workers: 4
[1.130s][debug][gc,phases      ] GC(5)         Total                          Min: 0, Avg:  0.0, Max: 0, Diff: 0, Sum: 0, Workers: 4
[1.130s][debug][gc,phases      ] GC(5)       StringDedup Requests1 Weak     Min:  0.0, Avg:  0.0, Max:  0.0, Diff:  0.0, Sum:  0.0, Workers: 4
[1.130s][debug][gc,phases      ] GC(5)         Dead                           Min: 0, Avg:  0.0, Max: 0, Diff: 0, Sum: 0, Workers: 4
[1.130s][debug][gc,phases      ] GC(5)         Total                          Min: 0, Avg:  0.0, Max: 0, Diff: 0, Sum: 0, Workers: 4
[1.130s][debug][gc,phases      ] GC(5)       Weak JFR Old Object Samples    Min:  0.0, Avg:  0.0, Max:  0.0, Diff:  0.0, Sum:  0.0, Workers: 4
[1.130s][debug][gc,phases      ] GC(5)         Dead                           Min: 0, Avg:  0.0, Max: 0, Diff: 0, Sum: 0, Workers: 4
[1.130s][debug][gc,phases      ] GC(5)         Total                          Min: 0, Avg:  0.0, Max: 0, Diff: 0, Sum: 0, Workers: 4
[1.130s][debug][gc,phases      ] GC(5)     Post Evacuate Cleanup 1: 0.2ms
[1.130s][debug][gc,phases      ] GC(5)       Merge Per-Thread State (ms):   Min:  0.0, Avg:  0.0, Max:  0.0, Diff:  0.0, Sum:  0.0, Workers: 1
[1.130s][debug][gc,phases      ] GC(5)         Copied Bytes                   Min: 0, Avg: 332945.0, Max: 586200, Diff: 586200, Sum: 2663560, Workers: 8
[1.130s][debug][gc,phases      ] GC(5)         LAB Waste                      Min: 0, Avg: 286.0, Max: 1320, Diff: 1320, Sum: 2288, Workers: 8
[1.130s][debug][gc,phases      ] GC(5)         LAB Undo Waste                 Min: 0, Avg:  0.0, Max: 0, Diff: 0, Sum: 0, Workers: 8
[1.130s][debug][gc,phases      ] GC(5)       Clear Logged Cards (ms):       Min:  0.0, Avg:  0.0, Max:  0.0, Diff:  0.0, Sum:  0.0, Workers: 3
[1.130s][debug][gc,phases      ] GC(5)       Recalculate Used Memory (ms):  Min:  0.0, Avg:  0.0, Max:  0.0, Diff:  0.0, Sum:  0.0, Workers: 1
[1.130s][debug][gc,phases      ] GC(5)     Post Evacuate Cleanup 2: 0.2ms
[1.130s][debug][gc,phases      ] GC(5)       Update Derived Pointers (ms):  Min:  0.0, Avg:  0.0, Max:  0.0, Diff:  0.0, Sum:  0.0, Workers: 1
[1.130s][debug][gc,phases      ] GC(5)       Eagerly Reclaim Humongous Objects (ms): skipped
[1.130s][debug][gc,phases      ] GC(5)         Humongous Total                skipped
[1.130s][debug][gc,phases      ] GC(5)         Humongous Candidates           skipped
[1.130s][debug][gc,phases      ] GC(5)         Humongous Reclaimed            skipped
[1.130s][debug][gc,phases      ] GC(5)       Redirty Logged Cards (ms):     Min:  0.0, Avg:  0.0, Max:  0.0, Diff:  0.0, Sum:  0.0, Workers: 8
[1.130s][debug][gc,phases      ] GC(5)         Redirtied Cards:               Min: 0, Avg: 52.8, Max: 422, Diff: 422, Sum: 422, Workers: 8
[1.130s][debug][gc,phases      ] GC(5)       Resize TLABs (ms):             Min:  0.0, Avg:  0.0, Max:  0.0, Diff:  0.0, Sum:  0.0, Workers: 8
[1.130s][debug][gc,phases      ] GC(5)       Free Collection Set (ms):      Min:  0.0, Avg:  0.0, Max:  0.1, Diff:  0.1, Sum:  0.3, Workers: 8
[1.130s][debug][gc,phases      ] GC(5)     Rebuild Free List: 0.1ms
[1.130s][debug][gc,phases      ] GC(5)     Prepare For Mutator: 0.1ms
[1.130s][debug][gc,phases      ] GC(5)     Expand Heap After Collection: 0.5ms
[1.130s][info ][gc,phases      ] GC(5)   Other: 0.2ms
[1.130s][debug][gc,remset      ] GC(5) Coarsening (recent): Inline->AoC 0 (0) AoC->Howl 0 (0) Howl->Full 0 (0) Inline->AoC 0 (0) AoC->BitMap 0 (0) BitMap->Full 0 (0) 
[1.130s][debug][gc,remset      ] GC(5) Coarsening (all): Inline->AoC 0 (0) AoC->Howl 0 (0) Howl->Full 0 (0) Inline->AoC 0 (0) AoC->BitMap 0 (0) BitMap->Full 0 (0) 
[1.130s][info ][gc,heap        ] GC(5) Eden regions: 74->0(103)
[1.130s][info ][gc,heap        ] GC(5) Survivor regions: 1->1(10)
[1.130s][info ][gc,heap        ] GC(5) Old regions: 1->1
[1.130s][info ][gc,heap        ] GC(5) Humongous regions: 0->0
[1.130s][info ][gc,metaspace   ] GC(5) Metaspace: 9637K(9856K)->9637K(9856K) NonClass: 8534K(8640K)->8534K(8640K) Class: 1102K(1216K)->1102K(1216K)
[1.130s][debug][gc,heap        ] GC(5) Heap after GC invocations=6 (full 0):
[1.130s][debug][gc,heap        ] GC(5)  garbage-first heap   total 712704K, used 3926K [0x000000060d000000, 0x0000000800000000)
[1.130s][debug][gc,heap        ] GC(5)   region size 4096K, 1 young (4096K), 1 survivors (4096K)
[1.130s][debug][gc,heap        ] GC(5)  Metaspace       used 9637K, committed 9856K, reserved 1114112K
[1.130s][debug][gc,heap        ] GC(5)   class space    used 1102K, committed 1216K, reserved 1048576K
[1.130s][info ][gc             ] GC(5) Pause Young (Normal) (G1 Evacuation Pause) 299M->3M(696M) 4.032ms
[1.130s][info ][gc,cpu         ] GC(5) User=0.02s Sys=0.00s Real=0.00s
[1.130s][debug][gc,task        ] G1 Service Thread (Card Set Free Memory Task) (run: 1.082ms) (cpu: 0.047ms)
[1.339s][info ][gc,start       ] GC(6) Pause Young (Normal) (G1 Evacuation Pause)
[1.339s][debug][gc,heap        ] GC(6) Heap before GC invocations=6 (full 0):
[1.339s][debug][gc,heap        ] GC(6)  garbage-first heap   total 712704K, used 425814K [0x000000060d000000, 0x0000000800000000)
[1.339s][debug][gc,heap        ] GC(6)   region size 4096K, 104 young (425984K), 1 survivors (4096K)
[1.339s][debug][gc,heap        ] GC(6)  Metaspace       used 9637K, committed 9856K, reserved 1114112K
[1.339s][debug][gc,heap        ] GC(6)   class space    used 1102K, committed 1216K, reserved 1048576K
[1.339s][info ][gc,task        ] GC(6) Using 8 workers of 8 for evacuation
[1.339s][debug][gc,age         ] GC(6) Desired survivor size 27262976 bytes, new threshold 15 (max threshold 15)
[1.339s][debug][gc,tlab        ] GC(6) TLAB totals: thrds: 1  refills: 206 max: 206 slow allocs: 3 max 3 waste:  0.0% gc: 0B max: 0B slow: 181752B max: 181752B
[1.339s][debug][gc,refine,stats] GC(6) Mutator refinement: 0.00ms, refined: 0, precleaned: 0, dirtied: 0
[1.339s][debug][gc,refine,stats] GC(6) Concurrent refinement: 0.00ms, refined: 0, precleaned: 0, dirtied: 0
[1.339s][debug][gc,refine,stats] GC(6) Total refinement: 0.00ms, refined: 0, precleaned: 0, dirtied: 0
[1.339s][debug][gc,refine,stats] GC(6) Generate dirty cards rate: 0.00 cards/ms
[1.339s][debug][gc,alloc,region] GC(6) Mutator Allocation stats, regions: 103, wasted size: 0B ( 0.0%)
[1.339s][debug][gc,ergo,cset   ] GC(6) No candidates to reclaim.
[1.339s][debug][gc,ergo        ] GC(6) Running G1 Merge Heap Roots using 8 workers for 104 regions
[1.340s][debug][gc,remset      ] GC(6) Visited cards 640 Total dirty 8192 (7.81%) Total old 1712128 (0.04%)
[1.341s][debug][gc,ref         ] GC(6) ReferenceProcessor::execute queues: 1, RefProcThreadModel::Single, marks_oops_alive: false
[1.342s][debug][gc,ref         ] GC(6) Skipped KeepAliveFinalRefsPhase of Reference Processing: no references
[1.342s][debug][gc,ref         ] GC(6) ReferenceProcessor::execute queues: 1, RefProcThreadModel::Single, marks_oops_alive: false
[1.342s][debug][gc,ergo        ] GC(6) Running G1 Rebuild Free List Task using 8 workers for rebuilding free list of regions
[1.342s][debug][gc,plab        ] GC(6) Young PLAB allocation: allocated: 2440704B, wasted: 1512B, unused: 208392B, used: 2230800B, undo waste: 0B, 
[1.342s][debug][gc,plab        ] GC(6) Young other allocation: region end waste: 0B, regions filled: 1, num plab filled: 42, direct allocated: 310400B, num direct allocated: 4, failure used: 0B, failure wasted: 0B
[1.342s][debug][gc,plab        ] GC(6) Young sizing: calculated: 446160B, actual: 450848B
[1.342s][debug][gc,plab        ] GC(6) Old PLAB allocation: allocated: 0B, wasted: 0B, unused: 0B, used: 0B, undo waste: 0B, 
[1.342s][debug][gc,plab        ] GC(6) Old other allocation: region end waste: 0B, regions filled: 0, num plab filled: 0, direct allocated: 0B, num direct allocated: 0, failure used: 0B, failure wasted: 0B
[1.342s][debug][gc,plab        ] GC(6) Old sizing: calculated: 0B, actual: 2064B
[1.342s][debug][gc,ergo,heap   ] GC(6) Heap expansion: short term pause time ratio 4.55% long term pause time ratio 1.36% threshold 1.34% pause time ratio 7.69% fully expanded false resize by 0B
[1.342s][debug][gc,mmu         ] GC(6) MMU: 3.1ms (200.0ms/201.0ms)
[1.342s][debug][gc,alloc,stats ] Old generation allocation in the last mutator period, old gen allocated: 0B, humongous allocated: 0B, old gen growth: 0B.
[1.342s][debug][gc,ihop        ] GC(6) Basic information (value update), threshold: 328414003B (45.00), target occupancy: 729808896B, current occupancy: 3850472B, recent allocation size: 0B, recent allocation duration: 209.74ms, recent old gen allocation rate: 0.00B/s, recent marking phase length: 0.00ms
[1.342s][debug][gc,ihop        ] GC(6) Adaptive IHOP information (value update), threshold: 328414003B (47.37), internal target occupancy: 693318451B, occupancy: 3850472B, additional buffer size: 436207616B, predicted old gen allocation rate: 0.00B/s, predicted marking phase length: 0.00ms, prediction active: false
[1.342s][debug][gc,task,start  ] G1 Service Thread (Card Set Free Memory Task) (run 0.058ms after schedule)
[1.342s][debug][gc,ergo,refine ] GC(6) GC refinement: goal: 18446744073709551615 + 46 / 20.00ms, actual: 422 / 0.03ms, 
[1.342s][debug][gc,ergo,refine ] GC(6) Unchanged pending cards target: 18446744073709551615
[1.342s][info ][gc,phases      ] GC(6)   Pre Evacuate Collection Set: 0.2ms
[1.342s][debug][gc,phases      ] GC(6)     Pre Evacuate Prepare: 0.1ms
[1.342s][debug][gc,phases      ] GC(6)       JT Retire TLABs And Flush Logs (ms): Min:  0.0, Avg:  0.0, Max:  0.0, Diff:  0.0, Sum:  0.0, Workers: 2
[1.342s][debug][gc,phases      ] GC(6)       Non-JT Flush Logs (ms):        Min:  0.0, Avg:  0.0, Max:  0.0, Diff:  0.0, Sum:  0.0, Workers: 1
[1.342s][debug][gc,phases      ] GC(6)     Choose Collection Set: 0.0ms
[1.342s][debug][gc,phases      ] GC(6)     Region Register: 0.1ms
[1.342s][debug][gc,phases      ] GC(6)     Prepare Heap Roots: 0.0ms
[1.342s][info ][gc,phases      ] GC(6)   Merge Heap Roots: 0.5ms
[1.342s][debug][gc,phases      ] GC(6)     Prepare Merge Heap Roots: 0.0ms
[1.342s][debug][gc,phases      ] GC(6)     Remembered Sets (ms):          Min:  0.0, Avg:  0.0, Max:  0.0, Diff:  0.0, Sum:  0.1, Workers: 8
[1.342s][debug][gc,phases      ] GC(6)       Eager Reclaim (ms):            skipped
[1.342s][debug][gc,phases      ] GC(6)       Merged Inline                  Min: 0, Avg:  0.0, Max: 0, Diff: 0, Sum: 0, Workers: 8
[1.342s][debug][gc,phases      ] GC(6)       Merged ArrayOfCards            Min: 0, Avg:  0.0, Max: 0, Diff: 0, Sum: 0, Workers: 8
[1.342s][debug][gc,phases      ] GC(6)       Merged Howl                    Min: 0, Avg:  0.0, Max: 0, Diff: 0, Sum: 0, Workers: 8
[1.342s][debug][gc,phases      ] GC(6)       Merged Full                    Min: 0, Avg:  0.0, Max: 0, Diff: 0, Sum: 0, Workers: 8
[1.342s][debug][gc,phases      ] GC(6)       Merged Howl Inline             Min: 0, Avg:  0.0, Max: 0, Diff: 0, Sum: 0, Workers: 8
[1.342s][debug][gc,phases      ] GC(6)       Merged Howl ArrayOfCards       Min: 0, Avg:  0.0, Max: 0, Diff: 0, Sum: 0, Workers: 8
[1.342s][debug][gc,phases      ] GC(6)       Merged Howl BitMap             Min: 0, Avg:  0.0, Max: 0, Diff: 0, Sum: 0, Workers: 8
[1.342s][debug][gc,phases      ] GC(6)       Merged Howl Full               Min: 0, Avg:  0.0, Max: 0, Diff: 0, Sum: 0, Workers: 8
[1.342s][debug][gc,phases      ] GC(6)       Merged Cards                   Min: 8, Avg:  8.0, Max: 8, Diff: 0, Sum: 64, Workers: 8
[1.342s][debug][gc,phases      ] GC(6)     Log Buffers (ms):              Min:  0.0, Avg:  0.0, Max:  0.0, Diff:  0.0, Sum:  0.0, Workers: 8
[1.342s][debug][gc,phases      ] GC(6)       Dirty Cards:                   Min: 0, Avg: 52.8, Max: 422, Diff: 422, Sum: 422, Workers: 8
[1.342s][debug][gc,phases      ] GC(6)       Skipped Cards:                 Min: 0, Avg:  0.0, Max: 0, Diff: 0, Sum: 0, Workers: 8
[1.342s][info ][gc,phases      ] GC(6)   Evacuate Collection Set: 1.6ms
[1.342s][debug][gc,phases      ] GC(6)     Ext Root Scanning (ms):        Min:  0.0, Avg:  0.1, Max:  0.4, Diff:  0.4, Sum:  0.6, Workers: 8
[1.342s][debug][gc,phases      ] GC(6)     Scan Heap Roots (ms):          Min:  0.0, Avg:  0.0, Max:  0.1, Diff:  0.1, Sum:  0.2, Workers: 8
[1.342s][debug][gc,phases      ] GC(6)       Scanned Cards:                 Min: 0, Avg: 50.1, Max: 150, Diff: 150, Sum: 401, Workers: 8
[1.342s][debug][gc,phases      ] GC(6)       Scanned Blocks:                Min: 0, Avg:  4.2, Max: 23, Diff: 23, Sum: 34, Workers: 8
[1.342s][debug][gc,phases      ] GC(6)       Claimed Chunks:                Min: 0, Avg:  1.2, Max: 5, Diff: 5, Sum: 10, Workers: 8
[1.342s][debug][gc,phases      ] GC(6)       Found Roots:                   Min: 0, Avg: 275.1, Max: 648, Diff: 648, Sum: 2201, Workers: 8
[1.342s][debug][gc,phases      ] GC(6)     Code Root Scan (ms):           Min:  0.0, Avg:  0.1, Max:  0.2, Diff:  0.2, Sum:  1.0, Workers: 8
[1.342s][debug][gc,phases      ] GC(6)       Scanned Nmethods               Min: 0, Avg:  0.0, Max: 0, Diff: 0, Sum: 0, Workers: 8
[1.342s][debug][gc,phases      ] GC(6)     Object Copy (ms):              Min:  0.5, Avg:  0.8, Max:  1.0, Diff:  0.6, Sum:  6.7, Workers: 8
[1.342s][debug][gc,phases      ] GC(6)     Termination (ms):              Min:  0.2, Avg:  0.3, Max:  0.3, Diff:  0.1, Sum:  2.1, Workers: 8
[1.342s][debug][gc,phases      ] GC(6)       Termination Attempts:          Min: 1, Avg:  3.2, Max: 5, Diff: 4, Sum: 26, Workers: 8
[1.342s][debug][gc,phases      ] GC(6)     GC Worker Other (ms):          Min:  0.0, Avg:  0.0, Max:  0.0, Diff:  0.0, Sum:  0.2, Workers: 8
[1.342s][debug][gc,phases      ] GC(6)     GC Worker Total (ms):          Min:  0.8, Avg:  1.4, Max:  1.5, Diff:  0.7, Sum: 10.9, Workers: 8
[1.342s][info ][gc,phases      ] GC(6)   Post Evacuate Collection Set: 0.7ms
[1.342s][debug][gc,phases      ] GC(6)     NMethod List Cleanup: 0.0ms
[1.342s][debug][gc,phases      ] GC(6)     Reference Processing: 0.1ms
[1.342s][debug][gc,phases,ref  ] GC(6)       Notify Soft/WeakReferences: 0.1ms
[1.342s][debug][gc,phases,ref  ] GC(6)         SoftRef (ms):                  Min:  0.0, Avg:  0.0, Max:  0.0, Diff:  0.0, Sum:  0.0, Workers: 1
[1.342s][debug][gc,phases,ref  ] GC(6)         WeakRef (ms):                  Min:  0.0, Avg:  0.0, Max:  0.0, Diff:  0.0, Sum:  0.0, Workers: 1
[1.342s][debug][gc,phases,ref  ] GC(6)         FinalRef (ms):                 Min:  0.0, Avg:  0.0, Max:  0.0, Diff:  0.0, Sum:  0.0, Workers: 1
[1.342s][debug][gc,phases,ref  ] GC(6)         Total (ms):                    Min:  0.0, Avg:  0.0, Max:  0.0, Diff:  0.0, Sum:  0.0, Workers: 1
[1.342s][debug][gc,phases,ref  ] GC(6)       Notify and keep alive finalizable: 0.0ms
[1.342s][debug][gc,phases,ref  ] GC(6)         FinalRef (ms):                 skipped
[1.342s][debug][gc,phases,ref  ] GC(6)       Notify PhantomReferences: 0.0ms
[1.342s][debug][gc,phases,ref  ] GC(6)         PhantomRef (ms):               Min:  0.0, Avg:  0.0, Max:  0.0, Diff:  0.0, Sum:  0.0, Workers: 1
[1.342s][debug][gc,phases,ref  ] GC(6)       SoftReference Discovered: 0, Dropped: 0, Processed: 0
[1.342s][debug][gc,phases,ref  ] GC(6)       WeakReference Discovered: 362, Dropped: 362, Processed: 0
[1.342s][debug][gc,phases,ref  ] GC(6)       FinalReference Discovered: 0, Dropped: 0, Processed: 0
[1.342s][debug][gc,phases,ref  ] GC(6)       PhantomReference Discovered: 1, Dropped: 1, Processed: 0
[1.342s][debug][gc,phases      ] GC(6)     Weak Processing: 0.2ms
[1.343s][debug][gc,phases      ] GC(6)       VM Weak                        Min:  0.0, Avg:  0.0, Max:  0.0, Diff:  0.0, Sum:  0.0, Workers: 4
[1.343s][debug][gc,phases      ] GC(6)         Dead                           Min: 0, Avg:  0.0, Max: 0, Diff: 0, Sum: 0, Workers: 4
[1.343s][debug][gc,phases      ] GC(6)         Total                          Min: 0, Avg: 18.0, Max: 64, Diff: 64, Sum: 72, Workers: 4
[1.343s][debug][gc,phases      ] GC(6)       ObjectSynchronizer Weak        Min:  0.0, Avg:  0.0, Max:  0.0, Diff:  0.0, Sum:  0.0, Workers: 4
[1.343s][debug][gc,phases      ] GC(6)         Dead                           Min: 0, Avg:  0.0, Max: 0, Diff: 0, Sum: 0, Workers: 4
[1.343s][debug][gc,phases      ] GC(6)         Total                          Min: 0, Avg:  0.2, Max: 1, Diff: 1, Sum: 1, Workers: 4
[1.343s][debug][gc,phases      ] GC(6)       JVMTI Tag Weak OopStorage      Min:  0.0, Avg:  0.0, Max:  0.0, Diff:  0.0, Sum:  0.0, Workers: 4
[1.343s][debug][gc,phases      ] GC(6)         Dead                           Min: 0, Avg:  0.0, Max: 0, Diff: 0, Sum: 0, Workers: 4
[1.343s][debug][gc,phases      ] GC(6)         Total                          Min: 0, Avg:  0.0, Max: 0, Diff: 0, Sum: 0, Workers: 4
[1.343s][debug][gc,phases      ] GC(6)       StringTable Weak               Min:  0.0, Avg:  0.0, Max:  0.1, Diff:  0.0, Sum:  0.2, Workers: 4
[1.343s][debug][gc,phases      ] GC(6)         Dead                           Min: 0, Avg:  0.0, Max: 0, Diff: 0, Sum: 0, Workers: 4
[1.343s][debug][gc,phases      ] GC(6)         Total                          Min: 618, Avg: 762.5, Max: 960, Diff: 342, Sum: 3050, Workers: 4
[1.343s][debug][gc,phases      ] GC(6)       ResolvedMethodTable Weak       Min:  0.0, Avg:  0.0, Max:  0.0, Diff:  0.0, Sum:  0.0, Workers: 4
[1.343s][debug][gc,phases      ] GC(6)         Dead                           Min: 0, Avg:  0.0, Max: 0, Diff: 0, Sum: 0, Workers: 4
[1.343s][debug][gc,phases      ] GC(6)         Total                          Min: 166, Avg: 185.5, Max: 192, Diff: 26, Sum: 742, Workers: 4
[1.343s][debug][gc,phases      ] GC(6)       JNI Weak                       Min:  0.0, Avg:  0.0, Max:  0.0, Diff:  0.0, Sum:  0.0, Workers: 4
[1.343s][debug][gc,phases      ] GC(6)         Dead                           Min: 0, Avg:  0.0, Max: 0, Diff: 0, Sum: 0, Workers: 4
[1.343s][debug][gc,phases      ] GC(6)         Total                          Min: 0, Avg:  0.0, Max: 0, Diff: 0, Sum: 0, Workers: 4
[1.343s][debug][gc,phases      ] GC(6)       StringDedup Table Weak         Min:  0.0, Avg:  0.0, Max:  0.0, Diff:  0.0, Sum:  0.0, Workers: 4
[1.343s][debug][gc,phases      ] GC(6)         Dead                           Min: 0, Avg:  0.0, Max: 0, Diff: 0, Sum: 0, Workers: 4
[1.343s][debug][gc,phases      ] GC(6)         Total                          Min: 0, Avg:  0.0, Max: 0, Diff: 0, Sum: 0, Workers: 4
[1.343s][debug][gc,phases      ] GC(6)       StringDedup Requests0 Weak     Min:  0.0, Avg:  0.0, Max:  0.0, Diff:  0.0, Sum:  0.0, Workers: 4
[1.343s][debug][gc,phases      ] GC(6)         Dead                           Min: 0, Avg:  0.0, Max: 0, Diff: 0, Sum: 0, Workers: 4
[1.343s][debug][gc,phases      ] GC(6)         Total                          Min: 0, Avg:  0.0, Max: 0, Diff: 0, Sum: 0, Workers: 4
[1.343s][debug][gc,phases      ] GC(6)       StringDedup Requests1 Weak     Min:  0.0, Avg:  0.0, Max:  0.0, Diff:  0.0, Sum:  0.0, Workers: 4
[1.343s][debug][gc,phases      ] GC(6)         Dead                           Min: 0, Avg:  0.0, Max: 0, Diff: 0, Sum: 0, Workers: 4
[1.343s][debug][gc,phases      ] GC(6)         Total                          Min: 0, Avg:  0.0, Max: 0, Diff: 0, Sum: 0, Workers: 4
[1.343s][debug][gc,phases      ] GC(6)       Weak JFR Old Object Samples    Min:  0.0, Avg:  0.0, Max:  0.0, Diff:  0.0, Sum:  0.0, Workers: 4
[1.343s][debug][gc,phases      ] GC(6)         Dead                           Min: 0, Avg:  0.0, Max: 0, Diff: 0, Sum: 0, Workers: 4
[1.343s][debug][gc,phases      ] GC(6)         Total                          Min: 0, Avg:  0.0, Max: 0, Diff: 0, Sum: 0, Workers: 4
[1.343s][debug][gc,phases      ] GC(6)     Post Evacuate Cleanup 1: 0.2ms
[1.343s][debug][gc,phases      ] GC(6)       Merge Per-Thread State (ms):   Min:  0.0, Avg:  0.0, Max:  0.0, Diff:  0.0, Sum:  0.0, Workers: 1
[1.343s][debug][gc,phases      ] GC(6)         Copied Bytes                   Min: 114616, Avg: 317650.0, Max: 590016, Diff: 475400, Sum: 2541200, Workers: 8
[1.343s][debug][gc,phases      ] GC(6)         LAB Waste                      Min: 24, Avg: 189.0, Max: 416, Diff: 392, Sum: 1512, Workers: 8
[1.343s][debug][gc,phases      ] GC(6)         LAB Undo Waste                 Min: 0, Avg:  0.0, Max: 0, Diff: 0, Sum: 0, Workers: 8
[1.343s][debug][gc,phases      ] GC(6)       Clear Logged Cards (ms):       Min:  0.0, Avg:  0.0, Max:  0.1, Diff:  0.1, Sum:  0.1, Workers: 3
[1.343s][debug][gc,phases      ] GC(6)       Recalculate Used Memory (ms):  Min:  0.0, Avg:  0.0, Max:  0.0, Diff:  0.0, Sum:  0.0, Workers: 1
[1.343s][debug][gc,phases      ] GC(6)     Post Evacuate Cleanup 2: 0.1ms
[1.343s][debug][gc,phases      ] GC(6)       Update Derived Pointers (ms):  Min:  0.0, Avg:  0.0, Max:  0.0, Diff:  0.0, Sum:  0.0, Workers: 1
[1.343s][debug][gc,phases      ] GC(6)       Eagerly Reclaim Humongous Objects (ms): skipped
[1.343s][debug][gc,phases      ] GC(6)         Humongous Total                skipped
[1.343s][debug][gc,phases      ] GC(6)         Humongous Candidates           skipped
[1.343s][debug][gc,phases      ] GC(6)         Humongous Reclaimed            skipped
[1.343s][debug][gc,phases      ] GC(6)       Redirty Logged Cards (ms):     Min:  0.0, Avg:  0.0, Max:  0.0, Diff:  0.0, Sum:  0.0, Workers: 8
[1.343s][debug][gc,phases      ] GC(6)         Redirtied Cards:               Min: 0, Avg: 52.5, Max: 420, Diff: 420, Sum: 420, Workers: 8
[1.343s][debug][gc,phases      ] GC(6)       Resize TLABs (ms):             Min:  0.0, Avg:  0.0, Max:  0.0, Diff:  0.0, Sum:  0.0, Workers: 8
[1.343s][debug][gc,phases      ] GC(6)       Free Collection Set (ms):      Min:  0.0, Avg:  0.0, Max:  0.1, Diff:  0.1, Sum:  0.2, Workers: 8
[1.343s][debug][gc,phases      ] GC(6)     Rebuild Free List: 0.1ms
[1.343s][debug][gc,phases      ] GC(6)     Prepare For Mutator: 0.0ms
[1.343s][debug][gc,phases      ] GC(6)     Expand Heap After Collection: 0.0ms
[1.343s][info ][gc,phases      ] GC(6)   Other: 0.3ms
[1.343s][debug][gc,remset      ] GC(6) Coarsening (recent): Inline->AoC 0 (0) AoC->Howl 0 (0) Howl->Full 0 (0) Inline->AoC 0 (0) AoC->BitMap 0 (0) BitMap->Full 0 (0) 
[1.343s][debug][gc,remset      ] GC(6) Coarsening (all): Inline->AoC 0 (0) AoC->Howl 0 (0) Howl->Full 0 (0) Inline->AoC 0 (0) AoC->BitMap 0 (0) BitMap->Full 0 (0) 
[1.343s][info ][gc,heap        ] GC(6) Eden regions: 103->0(103)
[1.343s][info ][gc,heap        ] GC(6) Survivor regions: 1->1(13)
[1.343s][info ][gc,heap        ] GC(6) Old regions: 1->1
[1.343s][info ][gc,heap        ] GC(6) Humongous regions: 0->0
[1.343s][info ][gc,metaspace   ] GC(6) Metaspace: 9637K(9856K)->9637K(9856K) NonClass: 8534K(8640K)->8534K(8640K) Class: 1102K(1216K)->1102K(1216K)
[1.343s][debug][gc,heap        ] GC(6) Heap after GC invocations=7 (full 0):
[1.343s][debug][gc,heap        ] GC(6)  garbage-first heap   total 712704K, used 3760K [0x000000060d000000, 0x0000000800000000)
[1.343s][debug][gc,heap        ] GC(6)   region size 4096K, 1 young (4096K), 1 survivors (4096K)
[1.343s][debug][gc,heap        ] GC(6)  Metaspace       used 9637K, committed 9856K, reserved 1114112K
[1.343s][debug][gc,heap        ] GC(6)   class space    used 1102K, committed 1216K, reserved 1048576K
[1.343s][info ][gc             ] GC(6) Pause Young (Normal) (G1 Evacuation Pause) 415M->3M(696M) 3.917ms
[1.343s][info ][gc,cpu         ] GC(6) User=0.01s Sys=0.00s Real=0.01s
[1.343s][debug][gc,task        ] G1 Service Thread (Card Set Free Memory Task) (run: 0.737ms) (cpu: 0.059ms)
[1.440s][info ][gc,start       ] GC(7) Pause Young (Normal) (G1 Evacuation Pause)
[1.440s][debug][gc,heap        ] GC(7) Heap before GC invocations=7 (full 0):
[1.440s][debug][gc,heap        ] GC(7)  garbage-first heap   total 712704K, used 425648K [0x000000060d000000, 0x0000000800000000)
[1.440s][debug][gc,heap        ] GC(7)   region size 4096K, 104 young (425984K), 1 survivors (4096K)
[1.440s][debug][gc,heap        ] GC(7)  Metaspace       used 9637K, committed 9856K, reserved 1114112K
[1.440s][debug][gc,heap        ] GC(7)   class space    used 1102K, committed 1216K, reserved 1048576K
[1.440s][info ][gc,task        ] GC(7) Using 8 workers of 8 for evacuation
[1.440s][debug][gc,age         ] GC(7) Desired survivor size 27262976 bytes, new threshold 15 (max threshold 15)
[1.441s][debug][gc,tlab        ] GC(7) TLAB totals: thrds: 1  refills: 206 max: 206 slow allocs: 4 max 4 waste:  0.0% gc: 0B max: 0B slow: 214456B max: 214456B
[1.441s][debug][gc,refine,stats] GC(7) Mutator refinement: 0.00ms, refined: 0, precleaned: 0, dirtied: 0
[1.441s][debug][gc,refine,stats] GC(7) Concurrent refinement: 0.00ms, refined: 0, precleaned: 0, dirtied: 0
[1.441s][debug][gc,refine,stats] GC(7) Total refinement: 0.00ms, refined: 0, precleaned: 0, dirtied: 0
[1.441s][debug][gc,refine,stats] GC(7) Generate dirty cards rate: 0.00 cards/ms
[1.441s][debug][gc,alloc,region] GC(7) Mutator Allocation stats, regions: 103, wasted size: 0B ( 0.0%)
[1.441s][debug][gc,ergo,cset   ] GC(7) No candidates to reclaim.
[1.441s][debug][gc,ergo        ] GC(7) Running G1 Merge Heap Roots using 8 workers for 104 regions
[1.441s][debug][gc,remset      ] GC(7) Visited cards 640 Total dirty 8192 (7.81%) Total old 1712128 (0.04%)
[1.443s][debug][gc,ref         ] GC(7) ReferenceProcessor::execute queues: 1, RefProcThreadModel::Single, marks_oops_alive: false
[1.443s][debug][gc,ref         ] GC(7) Skipped KeepAliveFinalRefsPhase of Reference Processing: no references
[1.443s][debug][gc,ref         ] GC(7) ReferenceProcessor::execute queues: 1, RefProcThreadModel::Single, marks_oops_alive: false
[1.443s][debug][gc,ergo        ] GC(7) Running G1 Rebuild Free List Task using 8 workers for rebuilding free list of regions
[1.443s][debug][gc,plab        ] GC(7) Young PLAB allocation: allocated: 2310432B, wasted: 4648B, unused: 238240B, used: 2067544B, undo waste: 0B, 
[1.443s][debug][gc,plab        ] GC(7) Young other allocation: region end waste: 0B, regions filled: 1, num plab filled: 40, direct allocated: 318592B, num direct allocated: 4, failure used: 0B, failure wasted: 0B
[1.443s][debug][gc,plab        ] GC(7) Young sizing: calculated: 413504B, actual: 422840B
[1.443s][debug][gc,plab        ] GC(7) Old PLAB allocation: allocated: 0B, wasted: 0B, unused: 0B, used: 0B, undo waste: 0B, 
[1.443s][debug][gc,plab        ] GC(7) Old other allocation: region end waste: 0B, regions filled: 0, num plab filled: 0, direct allocated: 0B, num direct allocated: 0, failure used: 0B, failure wasted: 0B
[1.443s][debug][gc,plab        ] GC(7) Old sizing: calculated: 0B, actual: 2064B
[1.443s][debug][gc,ergo,heap   ] GC(7) Heap expansion: short term pause time ratio 1.47% long term pause time ratio 1.37% threshold 1.34% pause time ratio 7.69% fully expanded false resize by 0B
[1.443s][debug][gc,mmu         ] GC(7) MMU: 5.9ms (200.0ms/201.0ms)
[1.443s][debug][gc,alloc,stats ] Old generation allocation in the last mutator period, old gen allocated: 0B, humongous allocated: 0B, old gen growth: 0B.
[1.443s][debug][gc,ihop        ] GC(7) Basic information (value update), threshold: 328414003B (45.00), target occupancy: 729808896B, current occupancy: 3728392B, recent allocation size: 0B, recent allocation duration: 98.34ms, recent old gen allocation rate: 0.00B/s, recent marking phase length: 0.00ms
[1.443s][debug][gc,ihop        ] GC(7) Adaptive IHOP information (value update), threshold: 328414003B (47.37), internal target occupancy: 693318451B, occupancy: 3728392B, additional buffer size: 436207616B, predicted old gen allocation rate: 0.00B/s, predicted marking phase length: 0.00ms, prediction active: false
[1.443s][debug][gc,ergo,refine ] GC(7) GC refinement: goal: 18446744073709551615 + 36 / 20.00ms, actual: 420 / 0.03ms, 
[1.443s][debug][gc,ergo,refine ] GC(7) Unchanged pending cards target: 18446744073709551615
[1.443s][debug][gc,task,start  ] G1 Service Thread (Card Set Free Memory Task) (run 0.043ms after schedule)
[1.443s][info ][gc,phases      ] GC(7)   Pre Evacuate Collection Set: 0.2ms
[1.443s][debug][gc,phases      ] GC(7)     Pre Evacuate Prepare: 0.1ms
[1.443s][debug][gc,phases      ] GC(7)       JT Retire TLABs And Flush Logs (ms): Min:  0.0, Avg:  0.0, Max:  0.0, Diff:  0.0, Sum:  0.0, Workers: 2
[1.443s][debug][gc,phases      ] GC(7)       Non-JT Flush Logs (ms):        Min:  0.0, Avg:  0.0, Max:  0.0, Diff:  0.0, Sum:  0.0, Workers: 1
[1.443s][debug][gc,phases      ] GC(7)     Choose Collection Set: 0.0ms
[1.443s][debug][gc,phases      ] GC(7)     Region Register: 0.1ms
[1.443s][debug][gc,phases      ] GC(7)     Prepare Heap Roots: 0.0ms
[1.443s][info ][gc,phases      ] GC(7)   Merge Heap Roots: 0.4ms
[1.443s][debug][gc,phases      ] GC(7)     Prepare Merge Heap Roots: 0.0ms
[1.443s][debug][gc,phases      ] GC(7)     Remembered Sets (ms):          Min:  0.0, Avg:  0.0, Max:  0.0, Diff:  0.0, Sum:  0.0, Workers: 8
[1.443s][debug][gc,phases      ] GC(7)       Eager Reclaim (ms):            skipped
[1.443s][debug][gc,phases      ] GC(7)       Merged Inline                  Min: 0, Avg:  0.0, Max: 0, Diff: 0, Sum: 0, Workers: 8
[1.443s][debug][gc,phases      ] GC(7)       Merged ArrayOfCards            Min: 0, Avg:  0.0, Max: 0, Diff: 0, Sum: 0, Workers: 8
[1.443s][debug][gc,phases      ] GC(7)       Merged Howl                    Min: 0, Avg:  0.0, Max: 0, Diff: 0, Sum: 0, Workers: 8
[1.443s][debug][gc,phases      ] GC(7)       Merged Full                    Min: 0, Avg:  0.0, Max: 0, Diff: 0, Sum: 0, Workers: 8
[1.443s][debug][gc,phases      ] GC(7)       Merged Howl Inline             Min: 0, Avg:  0.0, Max: 0, Diff: 0, Sum: 0, Workers: 8
[1.443s][debug][gc,phases      ] GC(7)       Merged Howl ArrayOfCards       Min: 0, Avg:  0.0, Max: 0, Diff: 0, Sum: 0, Workers: 8
[1.443s][debug][gc,phases      ] GC(7)       Merged Howl BitMap             Min: 0, Avg:  0.0, Max: 0, Diff: 0, Sum: 0, Workers: 8
[1.443s][debug][gc,phases      ] GC(7)       Merged Howl Full               Min: 0, Avg:  0.0, Max: 0, Diff: 0, Sum: 0, Workers: 8
[1.443s][debug][gc,phases      ] GC(7)       Merged Cards                   Min: 8, Avg:  8.0, Max: 8, Diff: 0, Sum: 64, Workers: 8
[1.443s][debug][gc,phases      ] GC(7)     Log Buffers (ms):              Min:  0.0, Avg:  0.0, Max:  0.0, Diff:  0.0, Sum:  0.0, Workers: 8
[1.443s][debug][gc,phases      ] GC(7)       Dirty Cards:                   Min: 0, Avg: 52.5, Max: 420, Diff: 420, Sum: 420, Workers: 8
[1.443s][debug][gc,phases      ] GC(7)       Skipped Cards:                 Min: 0, Avg:  0.0, Max: 0, Diff: 0, Sum: 0, Workers: 8
[1.443s][info ][gc,phases      ] GC(7)   Evacuate Collection Set: 1.4ms
[1.443s][debug][gc,phases      ] GC(7)     Ext Root Scanning (ms):        Min:  0.0, Avg:  0.1, Max:  0.4, Diff:  0.4, Sum:  0.6, Workers: 8
[1.443s][debug][gc,phases      ] GC(7)     Scan Heap Roots (ms):          Min:  0.0, Avg:  0.0, Max:  0.1, Diff:  0.1, Sum:  0.2, Workers: 8
[1.443s][debug][gc,phases      ] GC(7)       Scanned Cards:                 Min: 0, Avg: 50.1, Max: 112, Diff: 112, Sum: 401, Workers: 8
[1.443s][debug][gc,phases      ] GC(7)       Scanned Blocks:                Min: 0, Avg:  4.2, Max: 18, Diff: 18, Sum: 34, Workers: 8
[1.443s][debug][gc,phases      ] GC(7)       Claimed Chunks:                Min: 0, Avg:  1.2, Max: 4, Diff: 4, Sum: 10, Workers: 8
[1.444s][debug][gc,phases      ] GC(7)       Found Roots:                   Min: 0, Avg: 275.1, Max: 687, Diff: 687, Sum: 2201, Workers: 8
[1.444s][debug][gc,phases      ] GC(7)     Code Root Scan (ms):           Min:  0.0, Avg:  0.1, Max:  0.3, Diff:  0.3, Sum:  1.0, Workers: 8
[1.444s][debug][gc,phases      ] GC(7)       Scanned Nmethods               Min: 0, Avg:  0.0, Max: 0, Diff: 0, Sum: 0, Workers: 8
[1.444s][debug][gc,phases      ] GC(7)     Object Copy (ms):              Min:  0.0, Avg:  0.7, Max:  1.0, Diff:  1.0, Sum:  5.8, Workers: 8
[1.444s][debug][gc,phases      ] GC(7)     Termination (ms):              Min:  0.0, Avg:  0.1, Max:  0.2, Diff:  0.1, Sum:  0.8, Workers: 8
[1.444s][debug][gc,phases      ] GC(7)       Termination Attempts:          Min: 1, Avg:  4.4, Max: 11, Diff: 10, Sum: 35, Workers: 8
[1.444s][debug][gc,phases      ] GC(7)     GC Worker Other (ms):          Min:  0.0, Avg:  0.0, Max:  0.0, Diff:  0.0, Sum:  0.2, Workers: 8
[1.444s][debug][gc,phases      ] GC(7)     GC Worker Total (ms):          Min:  0.1, Avg:  1.1, Max:  1.3, Diff:  1.2, Sum:  8.7, Workers: 8
[1.444s][info ][gc,phases      ] GC(7)   Post Evacuate Collection Set: 0.7ms
[1.444s][debug][gc,phases      ] GC(7)     NMethod List Cleanup: 0.1ms
[1.444s][debug][gc,phases      ] GC(7)     Reference Processing: 0.1ms
[1.444s][debug][gc,phases,ref  ] GC(7)       Notify Soft/WeakReferences: 0.1ms
[1.444s][debug][gc,phases,ref  ] GC(7)         SoftRef (ms):                  Min:  0.0, Avg:  0.0, Max:  0.0, Diff:  0.0, Sum:  0.0, Workers: 1
[1.444s][debug][gc,phases,ref  ] GC(7)         WeakRef (ms):                  Min:  0.0, Avg:  0.0, Max:  0.0, Diff:  0.0, Sum:  0.0, Workers: 1
[1.444s][debug][gc,phases,ref  ] GC(7)         FinalRef (ms):                 Min:  0.0, Avg:  0.0, Max:  0.0, Diff:  0.0, Sum:  0.0, Workers: 1
[1.444s][debug][gc,phases,ref  ] GC(7)         Total (ms):                    Min:  0.0, Avg:  0.0, Max:  0.0, Diff:  0.0, Sum:  0.0, Workers: 1
[1.444s][debug][gc,phases,ref  ] GC(7)       Notify and keep alive finalizable: 0.0ms
[1.444s][debug][gc,phases,ref  ] GC(7)         FinalRef (ms):                 skipped
[1.444s][debug][gc,phases,ref  ] GC(7)       Notify PhantomReferences: 0.0ms
[1.444s][debug][gc,phases,ref  ] GC(7)         PhantomRef (ms):               Min:  0.0, Avg:  0.0, Max:  0.0, Diff:  0.0, Sum:  0.0, Workers: 1
[1.444s][debug][gc,phases,ref  ] GC(7)       SoftReference Discovered: 0, Dropped: 0, Processed: 0
[1.444s][debug][gc,phases,ref  ] GC(7)       WeakReference Discovered: 347, Dropped: 347, Processed: 0
[1.444s][debug][gc,phases,ref  ] GC(7)       FinalReference Discovered: 0, Dropped: 0, Processed: 0
[1.444s][debug][gc,phases,ref  ] GC(7)       PhantomReference Discovered: 2, Dropped: 2, Processed: 0
[1.444s][debug][gc,phases      ] GC(7)     Weak Processing: 0.1ms
[1.444s][debug][gc,phases      ] GC(7)       VM Weak                        Min:  0.0, Avg:  0.0, Max:  0.0, Diff:  0.0, Sum:  0.0, Workers: 4
[1.444s][debug][gc,phases      ] GC(7)         Dead                           Min: 0, Avg:  0.0, Max: 0, Diff: 0, Sum: 0, Workers: 4
[1.444s][debug][gc,phases      ] GC(7)         Total                          Min: 0, Avg: 18.0, Max: 72, Diff: 72, Sum: 72, Workers: 4
[1.444s][debug][gc,phases      ] GC(7)       ObjectSynchronizer Weak        Min:  0.0, Avg:  0.0, Max:  0.0, Diff:  0.0, Sum:  0.0, Workers: 4
[1.444s][debug][gc,phases      ] GC(7)         Dead                           Min: 0, Avg:  0.0, Max: 0, Diff: 0, Sum: 0, Workers: 4
[1.444s][debug][gc,phases      ] GC(7)         Total                          Min: 0, Avg:  0.2, Max: 1, Diff: 1, Sum: 1, Workers: 4
[1.444s][debug][gc,phases      ] GC(7)       JVMTI Tag Weak OopStorage      Min:  0.0, Avg:  0.0, Max:  0.0, Diff:  0.0, Sum:  0.0, Workers: 4
[1.444s][debug][gc,phases      ] GC(7)         Dead                           Min: 0, Avg:  0.0, Max: 0, Diff: 0, Sum: 0, Workers: 4
[1.444s][debug][gc,phases      ] GC(7)         Total                          Min: 0, Avg:  0.0, Max: 0, Diff: 0, Sum: 0, Workers: 4
[1.444s][debug][gc,phases      ] GC(7)       StringTable Weak               Min:  0.0, Avg:  0.0, Max:  0.0, Diff:  0.0, Sum:  0.1, Workers: 4
[1.444s][debug][gc,phases      ] GC(7)         Dead                           Min: 0, Avg:  0.0, Max: 0, Diff: 0, Sum: 0, Workers: 4
[1.444s][debug][gc,phases      ] GC(7)         Total                          Min: 320, Avg: 762.5, Max: 1536, Diff: 1216, Sum: 3050, Workers: 4
[1.444s][debug][gc,phases      ] GC(7)       ResolvedMethodTable Weak       Min:  0.0, Avg:  0.0, Max:  0.0, Diff:  0.0, Sum:  0.0, Workers: 4
[1.444s][debug][gc,phases      ] GC(7)         Dead                           Min: 0, Avg:  0.0, Max: 0, Diff: 0, Sum: 0, Workers: 4
[1.444s][debug][gc,phases      ] GC(7)         Total                          Min: 166, Avg: 185.5, Max: 192, Diff: 26, Sum: 742, Workers: 4
[1.444s][debug][gc,phases      ] GC(7)       JNI Weak                       Min:  0.0, Avg:  0.0, Max:  0.0, Diff:  0.0, Sum:  0.0, Workers: 4
[1.444s][debug][gc,phases      ] GC(7)         Dead                           Min: 0, Avg:  0.0, Max: 0, Diff: 0, Sum: 0, Workers: 4
[1.444s][debug][gc,phases      ] GC(7)         Total                          Min: 0, Avg:  0.0, Max: 0, Diff: 0, Sum: 0, Workers: 4
[1.444s][debug][gc,phases      ] GC(7)       StringDedup Table Weak         Min:  0.0, Avg:  0.0, Max:  0.0, Diff:  0.0, Sum:  0.0, Workers: 4
[1.444s][debug][gc,phases      ] GC(7)         Dead                           Min: 0, Avg:  0.0, Max: 0, Diff: 0, Sum: 0, Workers: 4
[1.444s][debug][gc,phases      ] GC(7)         Total                          Min: 0, Avg:  0.0, Max: 0, Diff: 0, Sum: 0, Workers: 4
[1.444s][debug][gc,phases      ] GC(7)       StringDedup Requests0 Weak     Min:  0.0, Avg:  0.0, Max:  0.0, Diff:  0.0, Sum:  0.0, Workers: 4
[1.444s][debug][gc,phases      ] GC(7)         Dead                           Min: 0, Avg:  0.0, Max: 0, Diff: 0, Sum: 0, Workers: 4
[1.444s][debug][gc,phases      ] GC(7)         Total                          Min: 0, Avg:  0.0, Max: 0, Diff: 0, Sum: 0, Workers: 4
[1.444s][debug][gc,phases      ] GC(7)       StringDedup Requests1 Weak     Min:  0.0, Avg:  0.0, Max:  0.0, Diff:  0.0, Sum:  0.0, Workers: 4
[1.444s][debug][gc,phases      ] GC(7)         Dead                           Min: 0, Avg:  0.0, Max: 0, Diff: 0, Sum: 0, Workers: 4
[1.444s][debug][gc,phases      ] GC(7)         Total                          Min: 0, Avg:  0.0, Max: 0, Diff: 0, Sum: 0, Workers: 4
[1.444s][debug][gc,phases      ] GC(7)       Weak JFR Old Object Samples    Min:  0.0, Avg:  0.0, Max:  0.0, Diff:  0.0, Sum:  0.0, Workers: 4
[1.444s][debug][gc,phases      ] GC(7)         Dead                           Min: 0, Avg:  0.0, Max: 0, Diff: 0, Sum: 0, Workers: 4
[1.444s][debug][gc,phases      ] GC(7)         Total                          Min: 0, Avg:  0.0, Max: 0, Diff: 0, Sum: 0, Workers: 4
[1.444s][debug][gc,phases      ] GC(7)     Post Evacuate Cleanup 1: 0.2ms
[1.444s][debug][gc,phases      ] GC(7)       Merge Per-Thread State (ms):   Min:  0.0, Avg:  0.0, Max:  0.0, Diff:  0.0, Sum:  0.0, Workers: 1
[1.444s][debug][gc,phases      ] GC(7)         Copied Bytes                   Min: 0, Avg: 298267.0, Max: 548688, Diff: 548688, Sum: 2386136, Workers: 8
[1.444s][debug][gc,phases      ] GC(7)         LAB Waste                      Min: 0, Avg: 581.0, Max: 2960, Diff: 2960, Sum: 4648, Workers: 8
[1.444s][debug][gc,phases      ] GC(7)         LAB Undo Waste                 Min: 0, Avg:  0.0, Max: 0, Diff: 0, Sum: 0, Workers: 8
[1.444s][debug][gc,phases      ] GC(7)       Clear Logged Cards (ms):       Min:  0.0, Avg:  0.0, Max:  0.1, Diff:  0.1, Sum:  0.1, Workers: 3
[1.444s][debug][gc,phases      ] GC(7)       Recalculate Used Memory (ms):  Min:  0.0, Avg:  0.0, Max:  0.0, Diff:  0.0, Sum:  0.0, Workers: 1
[1.444s][debug][gc,phases      ] GC(7)     Post Evacuate Cleanup 2: 0.1ms
[1.444s][debug][gc,phases      ] GC(7)       Update Derived Pointers (ms):  Min:  0.0, Avg:  0.0, Max:  0.0, Diff:  0.0, Sum:  0.0, Workers: 1
[1.444s][debug][gc,phases      ] GC(7)       Eagerly Reclaim Humongous Objects (ms): skipped
[1.444s][debug][gc,phases      ] GC(7)         Humongous Total                skipped
[1.444s][debug][gc,phases      ] GC(7)         Humongous Candidates           skipped
[1.444s][debug][gc,phases      ] GC(7)         Humongous Reclaimed            skipped
[1.444s][debug][gc,phases      ] GC(7)       Redirty Logged Cards (ms):     Min:  0.0, Avg:  0.0, Max:  0.0, Diff:  0.0, Sum:  0.0, Workers: 8
[1.444s][debug][gc,phases      ] GC(7)         Redirtied Cards:               Min: 0, Avg: 51.0, Max: 408, Diff: 408, Sum: 408, Workers: 8
[1.444s][debug][gc,phases      ] GC(7)       Resize TLABs (ms):             Min:  0.0, Avg:  0.0, Max:  0.0, Diff:  0.0, Sum:  0.0, Workers: 8
[1.444s][debug][gc,phases      ] GC(7)       Free Collection Set (ms):      Min:  0.0, Avg:  0.0, Max:  0.1, Diff:  0.0, Sum:  0.3, Workers: 8
[1.444s][debug][gc,phases      ] GC(7)     Rebuild Free List: 0.1ms
[1.444s][debug][gc,phases      ] GC(7)     Prepare For Mutator: 0.1ms
[1.444s][debug][gc,phases      ] GC(7)     Expand Heap After Collection: 0.0ms
[1.444s][info ][gc,phases      ] GC(7)   Other: 0.2ms
[1.444s][debug][gc,remset      ] GC(7) Coarsening (recent): Inline->AoC 0 (0) AoC->Howl 0 (0) Howl->Full 0 (0) Inline->AoC 0 (0) AoC->BitMap 0 (0) BitMap->Full 0 (0) 
[1.444s][debug][gc,remset      ] GC(7) Coarsening (all): Inline->AoC 0 (0) AoC->Howl 0 (0) Howl->Full 0 (0) Inline->AoC 0 (0) AoC->BitMap 0 (0) BitMap->Full 0 (0) 
[1.444s][info ][gc,heap        ] GC(7) Eden regions: 103->0(103)
[1.444s][info ][gc,heap        ] GC(7) Survivor regions: 1->1(13)
[1.444s][info ][gc,heap        ] GC(7) Old regions: 1->1
[1.444s][info ][gc,heap        ] GC(7) Humongous regions: 0->0
[1.444s][info ][gc,metaspace   ] GC(7) Metaspace: 9637K(9856K)->9637K(9856K) NonClass: 8534K(8640K)->8534K(8640K) Class: 1102K(1216K)->1102K(1216K)
[1.444s][debug][gc,heap        ] GC(7) Heap after GC invocations=8 (full 0):
[1.444s][debug][gc,heap        ] GC(7)  garbage-first heap   total 712704K, used 3641K [0x000000060d000000, 0x0000000800000000)
[1.444s][debug][gc,heap        ] GC(7)   region size 4096K, 1 young (4096K), 1 survivors (4096K)
[1.444s][debug][gc,heap        ] GC(7)  Metaspace       used 9637K, committed 9856K, reserved 1114112K
[1.444s][debug][gc,heap        ] GC(7)   class space    used 1102K, committed 1216K, reserved 1048576K
[1.444s][info ][gc             ] GC(7) Pause Young (Normal) (G1 Evacuation Pause) 415M->3M(696M) 3.529ms
[1.444s][info ][gc,cpu         ] GC(7) User=0.01s Sys=0.00s Real=0.01s
[1.444s][debug][gc,task        ] G1 Service Thread (Card Set Free Memory Task) (run: 0.608ms) (cpu: 0.049ms)
[1.543s][info ][gc,start       ] GC(8) Pause Young (Normal) (G1 Evacuation Pause)
[1.543s][debug][gc,heap        ] GC(8) Heap before GC invocations=8 (full 0):
[1.543s][debug][gc,heap        ] GC(8)  garbage-first heap   total 712704K, used 425529K [0x000000060d000000, 0x0000000800000000)
[1.543s][debug][gc,heap        ] GC(8)   region size 4096K, 104 young (425984K), 1 survivors (4096K)
[1.543s][debug][gc,heap        ] GC(8)  Metaspace       used 9637K, committed 9856K, reserved 1114112K
[1.543s][debug][gc,heap        ] GC(8)   class space    used 1102K, committed 1216K, reserved 1048576K
[1.543s][info ][gc,task        ] GC(8) Using 8 workers of 8 for evacuation
[1.543s][debug][gc,age         ] GC(8) Desired survivor size 27262976 bytes, new threshold 15 (max threshold 15)
[1.543s][debug][gc,tlab        ] GC(8) TLAB totals: thrds: 1  refills: 206 max: 206 slow allocs: 3 max 3 waste:  0.0% gc: 0B max: 0B slow: 181752B max: 181752B
[1.543s][debug][gc,refine,stats] GC(8) Mutator refinement: 0.00ms, refined: 0, precleaned: 0, dirtied: 0
[1.543s][debug][gc,refine,stats] GC(8) Concurrent refinement: 0.00ms, refined: 0, precleaned: 0, dirtied: 0
[1.543s][debug][gc,refine,stats] GC(8) Total refinement: 0.00ms, refined: 0, precleaned: 0, dirtied: 0
[1.543s][debug][gc,refine,stats] GC(8) Generate dirty cards rate: 0.00 cards/ms
[1.543s][debug][gc,alloc,region] GC(8) Mutator Allocation stats, regions: 103, wasted size: 0B ( 0.0%)
[1.543s][debug][gc,ergo,cset   ] GC(8) No candidates to reclaim.
[1.544s][debug][gc,ergo        ] GC(8) Running G1 Merge Heap Roots using 8 workers for 104 regions
[1.544s][debug][gc,remset      ] GC(8) Visited cards 640 Total dirty 8192 (7.81%) Total old 1712128 (0.04%)
[1.546s][debug][gc,ref         ] GC(8) ReferenceProcessor::execute queues: 1, RefProcThreadModel::Single, marks_oops_alive: false
[1.546s][debug][gc,ref         ] GC(8) Skipped KeepAliveFinalRefsPhase of Reference Processing: no references
[1.546s][debug][gc,ref         ] GC(8) ReferenceProcessor::execute queues: 1, RefProcThreadModel::Single, marks_oops_alive: false
[1.546s][debug][gc,ergo        ] GC(8) Running G1 Rebuild Free List Task using 8 workers for rebuilding free list of regions
[1.546s][debug][gc,plab        ] GC(8) Young PLAB allocation: allocated: 2166768B, wasted: 1224B, unused: 219968B, used: 1945576B, undo waste: 0B, 
[1.546s][debug][gc,plab        ] GC(8) Young other allocation: region end waste: 0B, regions filled: 1, num plab filled: 41, direct allocated: 318200B, num direct allocated: 5, failure used: 0B, failure wasted: 0B
[1.546s][debug][gc,plab        ] GC(8) Young sizing: calculated: 389112B, actual: 397544B
[1.546s][debug][gc,plab        ] GC(8) Old PLAB allocation: allocated: 0B, wasted: 0B, unused: 0B, used: 0B, undo waste: 0B, 
[1.546s][debug][gc,plab        ] GC(8) Old other allocation: region end waste: 0B, regions filled: 0, num plab filled: 0, direct allocated: 0B, num direct allocated: 0, failure used: 0B, failure wasted: 0B
[1.546s][debug][gc,plab        ] GC(8) Old sizing: calculated: 0B, actual: 2064B
[1.546s][debug][gc,ergo,heap   ] GC(8) Heap expansion: short term pause time ratio 2.78% long term pause time ratio 1.47% threshold 1.34% pause time ratio 7.69% fully expanded false resize by 0B
[1.546s][debug][gc,task,start  ] G1 Service Thread (Card Set Free Memory Task) (run 0.010ms after schedule)
[1.546s][debug][gc,mmu         ] GC(8) MMU: 5.9ms (200.0ms/201.0ms)
[1.547s][debug][gc,alloc,stats ] Old generation allocation in the last mutator period, old gen allocated: 0B, humongous allocated: 0B, old gen growth: 0B.
[1.547s][debug][gc,ihop        ] GC(8) Basic information (value update), threshold: 328414003B (45.00), target occupancy: 729808896B, current occupancy: 3584336B, recent allocation size: 0B, recent allocation duration: 100.10ms, recent old gen allocation rate: 0.00B/s, recent marking phase length: 0.00ms
[1.547s][debug][gc,ihop        ] GC(8) Adaptive IHOP information (value update), threshold: 328414003B (47.37), internal target occupancy: 693318451B, occupancy: 3584336B, additional buffer size: 436207616B, predicted old gen allocation rate: 0.00B/s, predicted marking phase length: 0.00ms, prediction active: false
[1.547s][debug][gc,ergo,refine ] GC(8) GC refinement: goal: 18446744073709551615 + 29 / 20.00ms, actual: 408 / 0.03ms, 
[1.547s][debug][gc,ergo,refine ] GC(8) Unchanged pending cards target: 18446744073709551615
[1.547s][info ][gc,phases      ] GC(8)   Pre Evacuate Collection Set: 0.2ms
[1.547s][debug][gc,phases      ] GC(8)     Pre Evacuate Prepare: 0.1ms
[1.547s][debug][gc,phases      ] GC(8)       JT Retire TLABs And Flush Logs (ms): Min:  0.0, Avg:  0.0, Max:  0.0, Diff:  0.0, Sum:  0.0, Workers: 2
[1.547s][debug][gc,phases      ] GC(8)       Non-JT Flush Logs (ms):        Min:  0.0, Avg:  0.0, Max:  0.0, Diff:  0.0, Sum:  0.0, Workers: 1
[1.547s][debug][gc,phases      ] GC(8)     Choose Collection Set: 0.0ms
[1.547s][debug][gc,phases      ] GC(8)     Region Register: 0.1ms
[1.547s][debug][gc,phases      ] GC(8)     Prepare Heap Roots: 0.0ms
[1.547s][info ][gc,phases      ] GC(8)   Merge Heap Roots: 0.4ms
[1.547s][debug][gc,phases      ] GC(8)     Prepare Merge Heap Roots: 0.0ms
[1.547s][debug][gc,phases      ] GC(8)     Remembered Sets (ms):          Min:  0.0, Avg:  0.0, Max:  0.0, Diff:  0.0, Sum:  0.1, Workers: 8
[1.547s][debug][gc,phases      ] GC(8)       Eager Reclaim (ms):            skipped
[1.547s][debug][gc,phases      ] GC(8)       Merged Inline                  Min: 0, Avg:  0.0, Max: 0, Diff: 0, Sum: 0, Workers: 8
[1.547s][debug][gc,phases      ] GC(8)       Merged ArrayOfCards            Min: 0, Avg:  0.0, Max: 0, Diff: 0, Sum: 0, Workers: 8
[1.547s][debug][gc,phases      ] GC(8)       Merged Howl                    Min: 0, Avg:  0.0, Max: 0, Diff: 0, Sum: 0, Workers: 8
[1.547s][debug][gc,phases      ] GC(8)       Merged Full                    Min: 0, Avg:  0.0, Max: 0, Diff: 0, Sum: 0, Workers: 8
[1.547s][debug][gc,phases      ] GC(8)       Merged Howl Inline             Min: 0, Avg:  0.0, Max: 0, Diff: 0, Sum: 0, Workers: 8
[1.547s][debug][gc,phases      ] GC(8)       Merged Howl ArrayOfCards       Min: 0, Avg:  0.0, Max: 0, Diff: 0, Sum: 0, Workers: 8
[1.547s][debug][gc,phases      ] GC(8)       Merged Howl BitMap             Min: 0, Avg:  0.0, Max: 0, Diff: 0, Sum: 0, Workers: 8
[1.547s][debug][gc,phases      ] GC(8)       Merged Howl Full               Min: 0, Avg:  0.0, Max: 0, Diff: 0, Sum: 0, Workers: 8
[1.547s][debug][gc,phases      ] GC(8)       Merged Cards                   Min: 8, Avg:  8.0, Max: 8, Diff: 0, Sum: 64, Workers: 8
[1.547s][debug][gc,phases      ] GC(8)     Log Buffers (ms):              Min:  0.0, Avg:  0.0, Max:  0.0, Diff:  0.0, Sum:  0.0, Workers: 8
[1.547s][debug][gc,phases      ] GC(8)       Dirty Cards:                   Min: 0, Avg: 51.0, Max: 408, Diff: 408, Sum: 408, Workers: 8
[1.547s][debug][gc,phases      ] GC(8)       Skipped Cards:                 Min: 0, Avg:  0.0, Max: 0, Diff: 0, Sum: 0, Workers: 8
[1.547s][info ][gc,phases      ] GC(8)   Evacuate Collection Set: 1.6ms
[1.547s][debug][gc,phases      ] GC(8)     Ext Root Scanning (ms):        Min:  0.0, Avg:  0.1, Max:  0.4, Diff:  0.4, Sum:  0.6, Workers: 8
[1.547s][debug][gc,phases      ] GC(8)     Scan Heap Roots (ms):          Min:  0.0, Avg:  0.0, Max:  0.1, Diff:  0.1, Sum:  0.2, Workers: 8
[1.547s][debug][gc,phases      ] GC(8)       Scanned Cards:                 Min: 0, Avg: 50.1, Max: 140, Diff: 140, Sum: 401, Workers: 8
[1.547s][debug][gc,phases      ] GC(8)       Scanned Blocks:                Min: 0, Avg:  4.2, Max: 22, Diff: 22, Sum: 34, Workers: 8
[1.547s][debug][gc,phases      ] GC(8)       Claimed Chunks:                Min: 0, Avg:  1.2, Max: 4, Diff: 4, Sum: 10, Workers: 8
[1.547s][debug][gc,phases      ] GC(8)       Found Roots:                   Min: 0, Avg: 275.2, Max: 602, Diff: 602, Sum: 2202, Workers: 8
[1.547s][debug][gc,phases      ] GC(8)     Code Root Scan (ms):           Min:  0.0, Avg:  0.1, Max:  0.2, Diff:  0.2, Sum:  0.9, Workers: 8
[1.547s][debug][gc,phases      ] GC(8)       Scanned Nmethods               Min: 0, Avg:  0.0, Max: 0, Diff: 0, Sum: 0, Workers: 8
[1.547s][debug][gc,phases      ] GC(8)     Object Copy (ms):              Min:  0.0, Avg:  0.7, Max:  1.0, Diff:  1.0, Sum:  5.8, Workers: 8
[1.547s][debug][gc,phases      ] GC(8)     Termination (ms):              Min:  0.2, Avg:  0.3, Max:  0.4, Diff:  0.2, Sum:  2.7, Workers: 8
[1.547s][debug][gc,phases      ] GC(8)       Termination Attempts:          Min: 1, Avg:  3.9, Max: 7, Diff: 6, Sum: 31, Workers: 8
[1.547s][debug][gc,phases      ] GC(8)     GC Worker Other (ms):          Min:  0.0, Avg:  0.0, Max:  0.1, Diff:  0.1, Sum:  0.3, Workers: 8
[1.547s][debug][gc,phases      ] GC(8)     GC Worker Total (ms):          Min:  0.3, Avg:  1.3, Max:  1.6, Diff:  1.3, Sum: 10.5, Workers: 8
[1.547s][info ][gc,phases      ] GC(8)   Post Evacuate Collection Set: 0.8ms
[1.547s][debug][gc,phases      ] GC(8)     NMethod List Cleanup: 0.0ms
[1.547s][debug][gc,phases      ] GC(8)     Reference Processing: 0.1ms
[1.547s][debug][gc,phases,ref  ] GC(8)       Notify Soft/WeakReferences: 0.1ms
[1.547s][debug][gc,phases,ref  ] GC(8)         SoftRef (ms):                  Min:  0.0, Avg:  0.0, Max:  0.0, Diff:  0.0, Sum:  0.0, Workers: 1
[1.547s][debug][gc,phases,ref  ] GC(8)         WeakRef (ms):                  Min:  0.0, Avg:  0.0, Max:  0.0, Diff:  0.0, Sum:  0.0, Workers: 1
[1.547s][debug][gc,phases,ref  ] GC(8)         FinalRef (ms):                 Min:  0.0, Avg:  0.0, Max:  0.0, Diff:  0.0, Sum:  0.0, Workers: 1
[1.547s][debug][gc,phases,ref  ] GC(8)         Total (ms):                    Min:  0.0, Avg:  0.0, Max:  0.0, Diff:  0.0, Sum:  0.0, Workers: 1
[1.547s][debug][gc,phases,ref  ] GC(8)       Notify and keep alive finalizable: 0.0ms
[1.547s][debug][gc,phases,ref  ] GC(8)         FinalRef (ms):                 skipped
[1.547s][debug][gc,phases,ref  ] GC(8)       Notify PhantomReferences: 0.0ms
[1.547s][debug][gc,phases,ref  ] GC(8)         PhantomRef (ms):               Min:  0.0, Avg:  0.0, Max:  0.0, Diff:  0.0, Sum:  0.0, Workers: 1
[1.547s][debug][gc,phases,ref  ] GC(8)       SoftReference Discovered: 0, Dropped: 0, Processed: 0
[1.547s][debug][gc,phases,ref  ] GC(8)       WeakReference Discovered: 351, Dropped: 351, Processed: 0
[1.547s][debug][gc,phases,ref  ] GC(8)       FinalReference Discovered: 0, Dropped: 0, Processed: 0
[1.547s][debug][gc,phases,ref  ] GC(8)       PhantomReference Discovered: 2, Dropped: 2, Processed: 0
[1.547s][debug][gc,phases      ] GC(8)     Weak Processing: 0.2ms
[1.547s][debug][gc,phases      ] GC(8)       VM Weak                        Min:  0.0, Avg:  0.0, Max:  0.0, Diff:  0.0, Sum:  0.0, Workers: 4
[1.547s][debug][gc,phases      ] GC(8)         Dead                           Min: 0, Avg:  0.0, Max: 0, Diff: 0, Sum: 0, Workers: 4
[1.547s][debug][gc,phases      ] GC(8)         Total                          Min: 0, Avg: 18.0, Max: 72, Diff: 72, Sum: 72, Workers: 4
[1.547s][debug][gc,phases      ] GC(8)       ObjectSynchronizer Weak        Min:  0.0, Avg:  0.0, Max:  0.0, Diff:  0.0, Sum:  0.0, Workers: 4
[1.547s][debug][gc,phases      ] GC(8)         Dead                           Min: 0, Avg:  0.0, Max: 0, Diff: 0, Sum: 0, Workers: 4
[1.547s][debug][gc,phases      ] GC(8)         Total                          Min: 0, Avg:  0.2, Max: 1, Diff: 1, Sum: 1, Workers: 4
[1.547s][debug][gc,phases      ] GC(8)       JVMTI Tag Weak OopStorage      Min:  0.0, Avg:  0.0, Max:  0.0, Diff:  0.0, Sum:  0.0, Workers: 4
[1.547s][debug][gc,phases      ] GC(8)         Dead                           Min: 0, Avg:  0.0, Max: 0, Diff: 0, Sum: 0, Workers: 4
[1.547s][debug][gc,phases      ] GC(8)         Total                          Min: 0, Avg:  0.0, Max: 0, Diff: 0, Sum: 0, Workers: 4
[1.547s][debug][gc,phases      ] GC(8)       StringTable Weak               Min:  0.0, Avg:  0.0, Max:  0.0, Diff:  0.0, Sum:  0.1, Workers: 4
[1.547s][debug][gc,phases      ] GC(8)         Dead                           Min: 0, Avg:  0.0, Max: 0, Diff: 0, Sum: 0, Workers: 4
[1.547s][debug][gc,phases      ] GC(8)         Total                          Min: 512, Avg: 762.5, Max: 1152, Diff: 640, Sum: 3050, Workers: 4
[1.547s][debug][gc,phases      ] GC(8)       ResolvedMethodTable Weak       Min:  0.0, Avg:  0.0, Max:  0.0, Diff:  0.0, Sum:  0.0, Workers: 4
[1.547s][debug][gc,phases      ] GC(8)         Dead                           Min: 0, Avg:  0.0, Max: 0, Diff: 0, Sum: 0, Workers: 4
[1.547s][debug][gc,phases      ] GC(8)         Total                          Min: 166, Avg: 185.5, Max: 192, Diff: 26, Sum: 742, Workers: 4
[1.547s][debug][gc,phases      ] GC(8)       JNI Weak                       Min:  0.0, Avg:  0.0, Max:  0.0, Diff:  0.0, Sum:  0.0, Workers: 4
[1.547s][debug][gc,phases      ] GC(8)         Dead                           Min: 0, Avg:  0.0, Max: 0, Diff: 0, Sum: 0, Workers: 4
[1.547s][debug][gc,phases      ] GC(8)         Total                          Min: 0, Avg:  0.0, Max: 0, Diff: 0, Sum: 0, Workers: 4
[1.547s][debug][gc,phases      ] GC(8)       StringDedup Table Weak         Min:  0.0, Avg:  0.0, Max:  0.0, Diff:  0.0, Sum:  0.0, Workers: 4
[1.547s][debug][gc,phases      ] GC(8)         Dead                           Min: 0, Avg:  0.0, Max: 0, Diff: 0, Sum: 0, Workers: 4
[1.547s][debug][gc,phases      ] GC(8)         Total                          Min: 0, Avg:  0.0, Max: 0, Diff: 0, Sum: 0, Workers: 4
[1.547s][debug][gc,phases      ] GC(8)       StringDedup Requests0 Weak     Min:  0.0, Avg:  0.0, Max:  0.0, Diff:  0.0, Sum:  0.0, Workers: 4
[1.547s][debug][gc,phases      ] GC(8)         Dead                           Min: 0, Avg:  0.0, Max: 0, Diff: 0, Sum: 0, Workers: 4
[1.547s][debug][gc,phases      ] GC(8)         Total                          Min: 0, Avg:  0.0, Max: 0, Diff: 0, Sum: 0, Workers: 4
[1.547s][debug][gc,phases      ] GC(8)       StringDedup Requests1 Weak     Min:  0.0, Avg:  0.0, Max:  0.0, Diff:  0.0, Sum:  0.0, Workers: 4
[1.547s][debug][gc,phases      ] GC(8)         Dead                           Min: 0, Avg:  0.0, Max: 0, Diff: 0, Sum: 0, Workers: 4
[1.547s][debug][gc,phases      ] GC(8)         Total                          Min: 0, Avg:  0.0, Max: 0, Diff: 0, Sum: 0, Workers: 4
[1.547s][debug][gc,phases      ] GC(8)       Weak JFR Old Object Samples    Min:  0.0, Avg:  0.0, Max:  0.0, Diff:  0.0, Sum:  0.0, Workers: 4
[1.547s][debug][gc,phases      ] GC(8)         Dead                           Min: 0, Avg:  0.0, Max: 0, Diff: 0, Sum: 0, Workers: 4
[1.547s][debug][gc,phases      ] GC(8)         Total                          Min: 0, Avg:  0.0, Max: 0, Diff: 0, Sum: 0, Workers: 4
[1.547s][debug][gc,phases      ] GC(8)     Post Evacuate Cleanup 1: 0.2ms
[1.547s][debug][gc,phases      ] GC(8)       Merge Per-Thread State (ms):   Min:  0.0, Avg:  0.0, Max:  0.0, Diff:  0.0, Sum:  0.0, Workers: 1
[1.547s][debug][gc,phases      ] GC(8)         Copied Bytes                   Min: 152, Avg: 282972.0, Max: 486208, Diff: 486056, Sum: 2263776, Workers: 8
[1.547s][debug][gc,phases      ] GC(8)         LAB Waste                      Min: 0, Avg: 153.0, Max: 280, Diff: 280, Sum: 1224, Workers: 8
[1.547s][debug][gc,phases      ] GC(8)         LAB Undo Waste                 Min: 0, Avg:  0.0, Max: 0, Diff: 0, Sum: 0, Workers: 8
[1.547s][debug][gc,phases      ] GC(8)       Clear Logged Cards (ms):       Min:  0.0, Avg:  0.0, Max:  0.1, Diff:  0.1, Sum:  0.1, Workers: 3
[1.547s][debug][gc,phases      ] GC(8)       Recalculate Used Memory (ms):  Min:  0.0, Avg:  0.0, Max:  0.0, Diff:  0.0, Sum:  0.0, Workers: 1
[1.547s][debug][gc,phases      ] GC(8)     Post Evacuate Cleanup 2: 0.2ms
[1.547s][debug][gc,phases      ] GC(8)       Update Derived Pointers (ms):  Min:  0.0, Avg:  0.0, Max:  0.0, Diff:  0.0, Sum:  0.0, Workers: 1
[1.547s][debug][gc,phases      ] GC(8)       Eagerly Reclaim Humongous Objects (ms): skipped
[1.547s][debug][gc,phases      ] GC(8)         Humongous Total                skipped
[1.547s][debug][gc,phases      ] GC(8)         Humongous Candidates           skipped
[1.547s][debug][gc,phases      ] GC(8)         Humongous Reclaimed            skipped
[1.547s][debug][gc,phases      ] GC(8)       Redirty Logged Cards (ms):     Min:  0.0, Avg:  0.0, Max:  0.0, Diff:  0.0, Sum:  0.0, Workers: 8
[1.547s][debug][gc,phases      ] GC(8)         Redirtied Cards:               Min: 0, Avg: 56.2, Max: 450, Diff: 450, Sum: 450, Workers: 8
[1.547s][debug][gc,phases      ] GC(8)       Resize TLABs (ms):             Min:  0.0, Avg:  0.0, Max:  0.0, Diff:  0.0, Sum:  0.0, Workers: 8
[1.547s][debug][gc,phases      ] GC(8)       Free Collection Set (ms):      Min:  0.0, Avg:  0.0, Max:  0.1, Diff:  0.1, Sum:  0.2, Workers: 8
[1.547s][debug][gc,phases      ] GC(8)     Rebuild Free List: 0.0ms
[1.547s][debug][gc,phases      ] GC(8)     Prepare For Mutator: 0.1ms
[1.547s][debug][gc,phases      ] GC(8)     Expand Heap After Collection: 0.0ms
[1.547s][info ][gc,phases      ] GC(8)   Other: 0.2ms
[1.547s][debug][gc,remset      ] GC(8) Coarsening (recent): Inline->AoC 0 (0) AoC->Howl 0 (0) Howl->Full 0 (0) Inline->AoC 0 (0) AoC->BitMap 0 (0) BitMap->Full 0 (0) 
[1.547s][debug][gc,remset      ] GC(8) Coarsening (all): Inline->AoC 0 (0) AoC->Howl 0 (0) Howl->Full 0 (0) Inline->AoC 0 (0) AoC->BitMap 0 (0) BitMap->Full 0 (0) 
[1.547s][info ][gc,heap        ] GC(8) Eden regions: 103->0(103)
[1.547s][info ][gc,heap        ] GC(8) Survivor regions: 1->1(13)
[1.547s][info ][gc,heap        ] GC(8) Old regions: 1->1
[1.547s][info ][gc,heap        ] GC(8) Humongous regions: 0->0
[1.547s][info ][gc,metaspace   ] GC(8) Metaspace: 9637K(9856K)->9637K(9856K) NonClass: 8534K(8640K)->8534K(8640K) Class: 1102K(1216K)->1102K(1216K)
[1.547s][debug][gc,heap        ] GC(8) Heap after GC invocations=9 (full 0):
[1.547s][debug][gc,heap        ] GC(8)  garbage-first heap   total 712704K, used 3500K [0x000000060d000000, 0x0000000800000000)
[1.547s][debug][gc,heap        ] GC(8)   region size 4096K, 1 young (4096K), 1 survivors (4096K)
[1.547s][debug][gc,heap        ] GC(8)  Metaspace       used 9637K, committed 9856K, reserved 1114112K
[1.547s][debug][gc,heap        ] GC(8)   class space    used 1102K, committed 1216K, reserved 1048576K
[1.547s][info ][gc             ] GC(8) Pause Young (Normal) (G1 Evacuation Pause) 415M->3M(696M) 3.802ms
[1.547s][info ][gc,cpu         ] GC(8) User=0.01s Sys=0.00s Real=0.00s
[1.547s][debug][gc,task        ] G1 Service Thread (Card Set Free Memory Task) (run: 0.720ms) (cpu: 0.034ms)
[1.643s][info ][gc,start       ] GC(9) Pause Young (Normal) (G1 Evacuation Pause)
[1.643s][debug][gc,heap        ] GC(9) Heap before GC invocations=9 (full 0):
[1.643s][debug][gc,heap        ] GC(9)  garbage-first heap   total 712704K, used 425388K [0x000000060d000000, 0x0000000800000000)
[1.643s][debug][gc,heap        ] GC(9)   region size 4096K, 104 young (425984K), 1 survivors (4096K)
[1.643s][debug][gc,heap        ] GC(9)  Metaspace       used 9637K, committed 9856K, reserved 1114112K
[1.643s][debug][gc,heap        ] GC(9)   class space    used 1102K, committed 1216K, reserved 1048576K
[1.643s][info ][gc,task        ] GC(9) Using 8 workers of 8 for evacuation
[1.643s][debug][gc,age         ] GC(9) Desired survivor size 27262976 bytes, new threshold 15 (max threshold 15)
[1.643s][debug][gc,tlab        ] GC(9) TLAB totals: thrds: 1  refills: 206 max: 206 slow allocs: 5 max 5 waste:  0.0% gc: 0B max: 0B slow: 208024B max: 208024B
[1.643s][debug][gc,refine,stats] GC(9) Mutator refinement: 0.00ms, refined: 0, precleaned: 0, dirtied: 0
[1.643s][debug][gc,refine,stats] GC(9) Concurrent refinement: 0.00ms, refined: 0, precleaned: 0, dirtied: 0
[1.643s][debug][gc,refine,stats] GC(9) Total refinement: 0.00ms, refined: 0, precleaned: 0, dirtied: 0
[1.643s][debug][gc,refine,stats] GC(9) Generate dirty cards rate: 0.00 cards/ms
[1.643s][debug][gc,alloc,region] GC(9) Mutator Allocation stats, regions: 103, wasted size: 0B ( 0.0%)
[1.643s][debug][gc,ergo,cset   ] GC(9) No candidates to reclaim.
[1.644s][debug][gc,ergo        ] GC(9) Running G1 Merge Heap Roots using 8 workers for 104 regions
[1.644s][debug][gc,remset      ] GC(9) Visited cards 640 Total dirty 8192 (7.81%) Total old 1712128 (0.04%)
[1.646s][debug][gc,ref         ] GC(9) ReferenceProcessor::execute queues: 1, RefProcThreadModel::Single, marks_oops_alive: false
[1.646s][debug][gc,ref         ] GC(9) Skipped KeepAliveFinalRefsPhase of Reference Processing: no references
[1.646s][debug][gc,ref         ] GC(9) ReferenceProcessor::execute queues: 1, RefProcThreadModel::Single, marks_oops_alive: false
[1.646s][debug][gc,ergo        ] GC(9) Running G1 Rebuild Free List Task using 8 workers for rebuilding free list of regions
[1.646s][debug][gc,plab        ] GC(9) Young PLAB allocation: allocated: 2683152B, wasted: 2680B, unused: 316392B, used: 2364080B, undo waste: 0B, 
[1.646s][debug][gc,plab        ] GC(9) Young other allocation: region end waste: 0B, regions filled: 1, num plab filled: 52, direct allocated: 351000B, num direct allocated: 7, failure used: 0B, failure wasted: 0B
[1.646s][debug][gc,plab        ] GC(9) Young sizing: calculated: 472816B, actual: 453992B
[1.646s][debug][gc,plab        ] GC(9) Old PLAB allocation: allocated: 0B, wasted: 0B, unused: 0B, used: 0B, undo waste: 0B, 
[1.646s][debug][gc,plab        ] GC(9) Old other allocation: region end waste: 0B, regions filled: 0, num plab filled: 0, direct allocated: 0B, num direct allocated: 0, failure used: 0B, failure wasted: 0B
[1.646s][debug][gc,plab        ] GC(9) Old sizing: calculated: 0B, actual: 2064B
[1.646s][debug][gc,ergo,heap   ] GC(9) Heap expansion: short term pause time ratio 3.00% long term pause time ratio 1.58% threshold 1.34% pause time ratio 7.69% fully expanded false resize by 152834678B
[1.646s][debug][gc,ergo,heap   ] GC(9) Expand the heap. requested expansion amount: 152834678B expansion amount: 155189248B
[1.646s][debug][gc,task,start  ] G1 Service Thread (Card Set Free Memory Task) (run 0.069ms after schedule)
[1.647s][debug][gc,heap,region ] GC(9) Activate regions [173, 210)
[1.647s][debug][gc,ihop        ] GC(9) Target occupancy update: old: 729808896B, new: 884998144B
[1.647s][debug][gc,mmu         ] GC(9) MMU: 6.5ms (200.0ms/201.0ms)
[1.647s][debug][gc,alloc,stats ] Old generation allocation in the last mutator period, old gen allocated: 0B, humongous allocated: 0B, old gen growth: 0B.
[1.647s][debug][gc,ihop        ] GC(9) Basic information (value update), threshold: 398249164B (45.00), target occupancy: 884998144B, current occupancy: 4133520B, recent allocation size: 0B, recent allocation duration: 96.82ms, recent old gen allocation rate: 0.00B/s, recent marking phase length: 0.00ms
[1.647s][debug][gc,ihop        ] GC(9) Adaptive IHOP information (value update), threshold: 398249164B (47.37), internal target occupancy: 840748236B, occupancy: 4133520B, additional buffer size: 528482304B, predicted old gen allocation rate: 0.00B/s, predicted marking phase length: 0.00ms, prediction active: false
[1.647s][debug][gc,ergo,refine ] GC(9) GC refinement: goal: 18446744073709551615 + 23 / 20.00ms, actual: 450 / 0.03ms, 
[1.647s][debug][gc,ergo,refine ] GC(9) Unchanged pending cards target: 18446744073709551615
[1.647s][info ][gc,phases      ] GC(9)   Pre Evacuate Collection Set: 0.2ms
[1.647s][debug][gc,phases      ] GC(9)     Pre Evacuate Prepare: 0.1ms
[1.647s][debug][gc,phases      ] GC(9)       JT Retire TLABs And Flush Logs (ms): Min:  0.0, Avg:  0.0, Max:  0.0, Diff:  0.0, Sum:  0.0, Workers: 2
[1.647s][debug][gc,phases      ] GC(9)       Non-JT Flush Logs (ms):        Min:  0.0, Avg:  0.0, Max:  0.0, Diff:  0.0, Sum:  0.0, Workers: 1
[1.647s][debug][gc,phases      ] GC(9)     Choose Collection Set: 0.0ms
[1.647s][debug][gc,phases      ] GC(9)     Region Register: 0.2ms
[1.647s][debug][gc,phases      ] GC(9)     Prepare Heap Roots: 0.0ms
[1.647s][info ][gc,phases      ] GC(9)   Merge Heap Roots: 0.4ms
[1.647s][debug][gc,phases      ] GC(9)     Prepare Merge Heap Roots: 0.0ms
[1.647s][debug][gc,phases      ] GC(9)     Remembered Sets (ms):          Min:  0.0, Avg:  0.0, Max:  0.0, Diff:  0.0, Sum:  0.1, Workers: 8
[1.647s][debug][gc,phases      ] GC(9)       Eager Reclaim (ms):            skipped
[1.647s][debug][gc,phases      ] GC(9)       Merged Inline                  Min: 0, Avg:  0.0, Max: 0, Diff: 0, Sum: 0, Workers: 8
[1.647s][debug][gc,phases      ] GC(9)       Merged ArrayOfCards            Min: 0, Avg:  0.0, Max: 0, Diff: 0, Sum: 0, Workers: 8
[1.647s][debug][gc,phases      ] GC(9)       Merged Howl                    Min: 0, Avg:  0.0, Max: 0, Diff: 0, Sum: 0, Workers: 8
[1.647s][debug][gc,phases      ] GC(9)       Merged Full                    Min: 0, Avg:  0.0, Max: 0, Diff: 0, Sum: 0, Workers: 8
[1.647s][debug][gc,phases      ] GC(9)       Merged Howl Inline             Min: 0, Avg:  0.0, Max: 0, Diff: 0, Sum: 0, Workers: 8
[1.647s][debug][gc,phases      ] GC(9)       Merged Howl ArrayOfCards       Min: 0, Avg:  0.0, Max: 0, Diff: 0, Sum: 0, Workers: 8
[1.647s][debug][gc,phases      ] GC(9)       Merged Howl BitMap             Min: 0, Avg:  0.0, Max: 0, Diff: 0, Sum: 0, Workers: 8
[1.647s][debug][gc,phases      ] GC(9)       Merged Howl Full               Min: 0, Avg:  0.0, Max: 0, Diff: 0, Sum: 0, Workers: 8
[1.647s][debug][gc,phases      ] GC(9)       Merged Cards                   Min: 8, Avg:  8.0, Max: 8, Diff: 0, Sum: 64, Workers: 8
[1.647s][debug][gc,phases      ] GC(9)     Log Buffers (ms):              Min:  0.0, Avg:  0.0, Max:  0.0, Diff:  0.0, Sum:  0.0, Workers: 8
[1.647s][debug][gc,phases      ] GC(9)       Dirty Cards:                   Min: 0, Avg: 56.2, Max: 322, Diff: 322, Sum: 450, Workers: 8
[1.647s][debug][gc,phases      ] GC(9)       Skipped Cards:                 Min: 0, Avg:  0.0, Max: 0, Diff: 0, Sum: 0, Workers: 8
[1.647s][info ][gc,phases      ] GC(9)   Evacuate Collection Set: 1.4ms
[1.647s][debug][gc,phases      ] GC(9)     Ext Root Scanning (ms):        Min:  0.0, Avg:  0.1, Max:  0.5, Diff:  0.5, Sum:  0.7, Workers: 8
[1.647s][debug][gc,phases      ] GC(9)     Scan Heap Roots (ms):          Min:  0.0, Avg:  0.0, Max:  0.1, Diff:  0.1, Sum:  0.2, Workers: 8
[1.647s][debug][gc,phases      ] GC(9)       Scanned Cards:                 Min: 0, Avg: 50.1, Max: 150, Diff: 150, Sum: 401, Workers: 8
[1.647s][debug][gc,phases      ] GC(9)       Scanned Blocks:                Min: 0, Avg:  4.2, Max: 23, Diff: 23, Sum: 34, Workers: 8
[1.647s][debug][gc,phases      ] GC(9)       Claimed Chunks:                Min: 0, Avg:  1.2, Max: 5, Diff: 5, Sum: 10, Workers: 8
[1.647s][debug][gc,phases      ] GC(9)       Found Roots:                   Min: 0, Avg: 275.2, Max: 648, Diff: 648, Sum: 2202, Workers: 8
[1.647s][debug][gc,phases      ] GC(9)     Code Root Scan (ms):           Min:  0.0, Avg:  0.1, Max:  0.3, Diff:  0.3, Sum:  1.0, Workers: 8
[1.647s][debug][gc,phases      ] GC(9)       Scanned Nmethods               Min: 0, Avg:  0.0, Max: 0, Diff: 0, Sum: 0, Workers: 8
[1.647s][debug][gc,phases      ] GC(9)     Object Copy (ms):              Min:  0.0, Avg:  0.8, Max:  1.1, Diff:  1.1, Sum:  6.6, Workers: 8
[1.647s][debug][gc,phases      ] GC(9)     Termination (ms):              Min:  0.0, Avg:  0.1, Max:  0.1, Diff:  0.1, Sum:  0.6, Workers: 8
[1.647s][debug][gc,phases      ] GC(9)       Termination Attempts:          Min: 1, Avg:  2.5, Max: 5, Diff: 4, Sum: 20, Workers: 8
[1.647s][debug][gc,phases      ] GC(9)     GC Worker Other (ms):          Min:  0.0, Avg:  0.0, Max:  0.0, Diff:  0.0, Sum:  0.1, Workers: 8
[1.647s][debug][gc,phases      ] GC(9)     GC Worker Total (ms):          Min:  0.1, Avg:  1.2, Max:  1.3, Diff:  1.3, Sum:  9.2, Workers: 8
[1.647s][info ][gc,phases      ] GC(9)   Post Evacuate Collection Set: 1.3ms
[1.647s][debug][gc,phases      ] GC(9)     NMethod List Cleanup: 0.0ms
[1.647s][debug][gc,phases      ] GC(9)     Reference Processing: 0.2ms
[1.647s][debug][gc,phases,ref  ] GC(9)       Notify Soft/WeakReferences: 0.2ms
[1.647s][debug][gc,phases,ref  ] GC(9)         SoftRef (ms):                  Min:  0.0, Avg:  0.0, Max:  0.0, Diff:  0.0, Sum:  0.0, Workers: 1
[1.647s][debug][gc,phases,ref  ] GC(9)         WeakRef (ms):                  Min:  0.0, Avg:  0.0, Max:  0.0, Diff:  0.0, Sum:  0.0, Workers: 1
[1.647s][debug][gc,phases,ref  ] GC(9)         FinalRef (ms):                 Min:  0.0, Avg:  0.0, Max:  0.0, Diff:  0.0, Sum:  0.0, Workers: 1
[1.647s][debug][gc,phases,ref  ] GC(9)         Total (ms):                    Min:  0.1, Avg:  0.1, Max:  0.1, Diff:  0.0, Sum:  0.1, Workers: 1
[1.647s][debug][gc,phases,ref  ] GC(9)       Notify and keep alive finalizable: 0.0ms
[1.647s][debug][gc,phases,ref  ] GC(9)         FinalRef (ms):                 skipped
[1.647s][debug][gc,phases,ref  ] GC(9)       Notify PhantomReferences: 0.0ms
[1.647s][debug][gc,phases,ref  ] GC(9)         PhantomRef (ms):               Min:  0.0, Avg:  0.0, Max:  0.0, Diff:  0.0, Sum:  0.0, Workers: 1
[1.647s][debug][gc,phases,ref  ] GC(9)       SoftReference Discovered: 0, Dropped: 0, Processed: 0
[1.647s][debug][gc,phases,ref  ] GC(9)       WeakReference Discovered: 366, Dropped: 366, Processed: 0
[1.647s][debug][gc,phases,ref  ] GC(9)       FinalReference Discovered: 0, Dropped: 0, Processed: 0
[1.647s][debug][gc,phases,ref  ] GC(9)       PhantomReference Discovered: 2, Dropped: 2, Processed: 0
[1.647s][debug][gc,phases      ] GC(9)     Weak Processing: 0.2ms
[1.647s][debug][gc,phases      ] GC(9)       VM Weak                        Min:  0.0, Avg:  0.0, Max:  0.0, Diff:  0.0, Sum:  0.0, Workers: 4
[1.647s][debug][gc,phases      ] GC(9)         Dead                           Min: 0, Avg:  0.0, Max: 0, Diff: 0, Sum: 0, Workers: 4
[1.647s][debug][gc,phases      ] GC(9)         Total                          Min: 0, Avg: 18.0, Max: 72, Diff: 72, Sum: 72, Workers: 4
[1.647s][debug][gc,phases      ] GC(9)       ObjectSynchronizer Weak        Min:  0.0, Avg:  0.0, Max:  0.0, Diff:  0.0, Sum:  0.0, Workers: 4
[1.647s][debug][gc,phases      ] GC(9)         Dead                           Min: 0, Avg:  0.0, Max: 0, Diff: 0, Sum: 0, Workers: 4
[1.647s][debug][gc,phases      ] GC(9)         Total                          Min: 0, Avg:  0.2, Max: 1, Diff: 1, Sum: 1, Workers: 4
[1.647s][debug][gc,phases      ] GC(9)       JVMTI Tag Weak OopStorage      Min:  0.0, Avg:  0.0, Max:  0.0, Diff:  0.0, Sum:  0.0, Workers: 4
[1.647s][debug][gc,phases      ] GC(9)         Dead                           Min: 0, Avg:  0.0, Max: 0, Diff: 0, Sum: 0, Workers: 4
[1.647s][debug][gc,phases      ] GC(9)         Total                          Min: 0, Avg:  0.0, Max: 0, Diff: 0, Sum: 0, Workers: 4
[1.647s][debug][gc,phases      ] GC(9)       StringTable Weak               Min:  0.0, Avg:  0.0, Max:  0.1, Diff:  0.1, Sum:  0.1, Workers: 4
[1.647s][debug][gc,phases      ] GC(9)         Dead                           Min: 0, Avg:  0.0, Max: 0, Diff: 0, Sum: 0, Workers: 4
[1.647s][debug][gc,phases      ] GC(9)         Total                          Min: 234, Avg: 762.5, Max: 1792, Diff: 1558, Sum: 3050, Workers: 4
[1.647s][debug][gc,phases      ] GC(9)       ResolvedMethodTable Weak       Min:  0.0, Avg:  0.0, Max:  0.0, Diff:  0.0, Sum:  0.0, Workers: 4
[1.647s][debug][gc,phases      ] GC(9)         Dead                           Min: 0, Avg:  0.0, Max: 0, Diff: 0, Sum: 0, Workers: 4
[1.647s][debug][gc,phases      ] GC(9)         Total                          Min: 128, Avg: 185.5, Max: 256, Diff: 128, Sum: 742, Workers: 4
[1.647s][debug][gc,phases      ] GC(9)       JNI Weak                       Min:  0.0, Avg:  0.0, Max:  0.0, Diff:  0.0, Sum:  0.0, Workers: 4
[1.647s][debug][gc,phases      ] GC(9)         Dead                           Min: 0, Avg:  0.0, Max: 0, Diff: 0, Sum: 0, Workers: 4
[1.647s][debug][gc,phases      ] GC(9)         Total                          Min: 0, Avg:  0.0, Max: 0, Diff: 0, Sum: 0, Workers: 4
[1.647s][debug][gc,phases      ] GC(9)       StringDedup Table Weak         Min:  0.0, Avg:  0.0, Max:  0.0, Diff:  0.0, Sum:  0.0, Workers: 4
[1.647s][debug][gc,phases      ] GC(9)         Dead                           Min: 0, Avg:  0.0, Max: 0, Diff: 0, Sum: 0, Workers: 4
[1.647s][debug][gc,phases      ] GC(9)         Total                          Min: 0, Avg:  0.0, Max: 0, Diff: 0, Sum: 0, Workers: 4
[1.647s][debug][gc,phases      ] GC(9)       StringDedup Requests0 Weak     Min:  0.0, Avg:  0.0, Max:  0.0, Diff:  0.0, Sum:  0.0, Workers: 4
[1.647s][debug][gc,phases      ] GC(9)         Dead                           Min: 0, Avg:  0.0, Max: 0, Diff: 0, Sum: 0, Workers: 4
[1.647s][debug][gc,phases      ] GC(9)         Total                          Min: 0, Avg:  0.0, Max: 0, Diff: 0, Sum: 0, Workers: 4
[1.647s][debug][gc,phases      ] GC(9)       StringDedup Requests1 Weak     Min:  0.0, Avg:  0.0, Max:  0.0, Diff:  0.0, Sum:  0.0, Workers: 4
[1.647s][debug][gc,phases      ] GC(9)         Dead                           Min: 0, Avg:  0.0, Max: 0, Diff: 0, Sum: 0, Workers: 4
[1.647s][debug][gc,phases      ] GC(9)         Total                          Min: 0, Avg:  0.0, Max: 0, Diff: 0, Sum: 0, Workers: 4
[1.647s][debug][gc,phases      ] GC(9)       Weak JFR Old Object Samples    Min:  0.0, Avg:  0.0, Max:  0.0, Diff:  0.0, Sum:  0.0, Workers: 4
[1.647s][debug][gc,phases      ] GC(9)         Dead                           Min: 0, Avg:  0.0, Max: 0, Diff: 0, Sum: 0, Workers: 4
[1.647s][debug][gc,phases      ] GC(9)         Total                          Min: 0, Avg:  0.0, Max: 0, Diff: 0, Sum: 0, Workers: 4
[1.647s][debug][gc,phases      ] GC(9)     Post Evacuate Cleanup 1: 0.1ms
[1.647s][debug][gc,phases      ] GC(9)       Merge Per-Thread State (ms):   Min:  0.0, Avg:  0.0, Max:  0.0, Diff:  0.0, Sum:  0.0, Workers: 1
[1.647s][debug][gc,phases      ] GC(9)         Copied Bytes                   Min: 152, Avg: 339385.0, Max: 505200, Diff: 505048, Sum: 2715080, Workers: 8
[1.647s][debug][gc,phases      ] GC(9)         LAB Waste                      Min: 0, Avg: 335.0, Max: 1496, Diff: 1496, Sum: 2680, Workers: 8
[1.647s][debug][gc,phases      ] GC(9)         LAB Undo Waste                 Min: 0, Avg:  0.0, Max: 0, Diff: 0, Sum: 0, Workers: 8
[1.647s][debug][gc,phases      ] GC(9)       Clear Logged Cards (ms):       Min:  0.0, Avg:  0.0, Max:  0.1, Diff:  0.1, Sum:  0.1, Workers: 3
[1.647s][debug][gc,phases      ] GC(9)       Recalculate Used Memory (ms):  Min:  0.0, Avg:  0.0, Max:  0.0, Diff:  0.0, Sum:  0.0, Workers: 1
[1.647s][debug][gc,phases      ] GC(9)     Post Evacuate Cleanup 2: 0.2ms
[1.647s][debug][gc,phases      ] GC(9)       Update Derived Pointers (ms):  Min:  0.0, Avg:  0.0, Max:  0.0, Diff:  0.0, Sum:  0.0, Workers: 1
[1.647s][debug][gc,phases      ] GC(9)       Eagerly Reclaim Humongous Objects (ms): skipped
[1.647s][debug][gc,phases      ] GC(9)         Humongous Total                skipped
[1.647s][debug][gc,phases      ] GC(9)         Humongous Candidates           skipped
[1.647s][debug][gc,phases      ] GC(9)         Humongous Reclaimed            skipped
[1.647s][debug][gc,phases      ] GC(9)       Redirty Logged Cards (ms):     Min:  0.0, Avg:  0.0, Max:  0.0, Diff:  0.0, Sum:  0.0, Workers: 8
[1.647s][debug][gc,phases      ] GC(9)         Redirtied Cards:               Min: 0, Avg: 51.5, Max: 412, Diff: 412, Sum: 412, Workers: 8
[1.647s][debug][gc,phases      ] GC(9)       Resize TLABs (ms):             Min:  0.0, Avg:  0.0, Max:  0.0, Diff:  0.0, Sum:  0.0, Workers: 8
[1.647s][debug][gc,phases      ] GC(9)       Free Collection Set (ms):      Min:  0.0, Avg:  0.0, Max:  0.1, Diff:  0.1, Sum:  0.3, Workers: 8
[1.647s][debug][gc,phases      ] GC(9)     Rebuild Free List: 0.1ms
[1.647s][debug][gc,phases      ] GC(9)     Prepare For Mutator: 0.1ms
[1.647s][debug][gc,phases      ] GC(9)     Expand Heap After Collection: 0.5ms
[1.647s][info ][gc,phases      ] GC(9)   Other: 0.1ms
[1.647s][debug][gc,remset      ] GC(9) Coarsening (recent): Inline->AoC 0 (0) AoC->Howl 0 (0) Howl->Full 0 (0) Inline->AoC 0 (0) AoC->BitMap 0 (0) BitMap->Full 0 (0) 
[1.647s][debug][gc,remset      ] GC(9) Coarsening (all): Inline->AoC 0 (0) AoC->Howl 0 (0) Howl->Full 0 (0) Inline->AoC 0 (0) AoC->BitMap 0 (0) BitMap->Full 0 (0) 
[1.647s][info ][gc,heap        ] GC(9) Eden regions: 103->0(125)
[1.647s][info ][gc,heap        ] GC(9) Survivor regions: 1->1(13)
[1.647s][info ][gc,heap        ] GC(9) Old regions: 1->1
[1.647s][info ][gc,heap        ] GC(9) Humongous regions: 0->0
[1.647s][info ][gc,metaspace   ] GC(9) Metaspace: 9637K(9856K)->9637K(9856K) NonClass: 8534K(8640K)->8534K(8640K) Class: 1102K(1216K)->1102K(1216K)
[1.647s][debug][gc,heap        ] GC(9) Heap after GC invocations=10 (full 0):
[1.647s][debug][gc,heap        ] GC(9)  garbage-first heap   total 864256K, used 4036K [0x000000060d000000, 0x0000000800000000)
[1.647s][debug][gc,heap        ] GC(9)   region size 4096K, 1 young (4096K), 1 survivors (4096K)
[1.647s][debug][gc,heap        ] GC(9)  Metaspace       used 9637K, committed 9856K, reserved 1114112K
[1.647s][debug][gc,heap        ] GC(9)   class space    used 1102K, committed 1216K, reserved 1048576K
[1.647s][info ][gc             ] GC(9) Pause Young (Normal) (G1 Evacuation Pause) 415M->3M(844M) 3.967ms
[1.647s][info ][gc,cpu         ] GC(9) User=0.01s Sys=0.00s Real=0.00s
[1.647s][debug][gc,task        ] G1 Service Thread (Card Set Free Memory Task) (run: 0.986ms) (cpu: 0.039ms)
[1.857s][info ][gc,start       ] GC(10) Pause Young (Normal) (G1 Evacuation Pause)
[1.857s][debug][gc,heap        ] GC(10) Heap before GC invocations=10 (full 0):
[1.857s][debug][gc,heap        ] GC(10)  garbage-first heap   total 864256K, used 516036K [0x000000060d000000, 0x0000000800000000)
[1.857s][debug][gc,heap        ] GC(10)   region size 4096K, 126 young (516096K), 1 survivors (4096K)
[1.857s][debug][gc,heap        ] GC(10)  Metaspace       used 9637K, committed 9856K, reserved 1114112K
[1.857s][debug][gc,heap        ] GC(10)   class space    used 1102K, committed 1216K, reserved 1048576K
[1.857s][info ][gc,task        ] GC(10) Using 8 workers of 8 for evacuation
[1.857s][debug][gc,age         ] GC(10) Desired survivor size 33554432 bytes, new threshold 15 (max threshold 15)
[1.857s][debug][gc,tlab        ] GC(10) TLAB totals: thrds: 1  refills: 250 max: 250 slow allocs: 4 max 4 waste:  0.0% gc: 0B max: 0B slow: 240680B max: 240680B
[1.857s][debug][gc,refine,stats] GC(10) Mutator refinement: 0.00ms, refined: 0, precleaned: 0, dirtied: 0
[1.857s][debug][gc,refine,stats] GC(10) Concurrent refinement: 0.00ms, refined: 0, precleaned: 0, dirtied: 0
[1.857s][debug][gc,refine,stats] GC(10) Total refinement: 0.00ms, refined: 0, precleaned: 0, dirtied: 0
[1.857s][debug][gc,refine,stats] GC(10) Generate dirty cards rate: 0.00 cards/ms
[1.857s][debug][gc,alloc,region] GC(10) Mutator Allocation stats, regions: 125, wasted size: 0B ( 0.0%)
[1.857s][debug][gc,ergo,cset   ] GC(10) No candidates to reclaim.
[1.857s][debug][gc,ergo        ] GC(10) Running G1 Merge Heap Roots using 8 workers for 126 regions
[1.858s][debug][gc,remset      ] GC(10) Visited cards 640 Total dirty 8192 (7.81%) Total old 2072576 (0.03%)
[1.859s][debug][gc,ref         ] GC(10) ReferenceProcessor::execute queues: 1, RefProcThreadModel::Single, marks_oops_alive: false
[1.859s][debug][gc,ref         ] GC(10) Skipped KeepAliveFinalRefsPhase of Reference Processing: no references
[1.859s][debug][gc,ref         ] GC(10) ReferenceProcessor::execute queues: 1, RefProcThreadModel::Single, marks_oops_alive: false
[1.860s][debug][gc,ergo        ] GC(10) Running G1 Rebuild Free List Task using 8 workers for rebuilding free list of regions
[1.860s][debug][gc,plab        ] GC(10) Young PLAB allocation: allocated: 2269760B, wasted: 2056B, unused: 167960B, used: 2099744B, undo waste: 0B, 
[1.860s][debug][gc,plab        ] GC(10) Young other allocation: region end waste: 0B, regions filled: 1, num plab filled: 40, direct allocated: 318592B, num direct allocated: 4, failure used: 0B, failure wasted: 0B
[1.860s][debug][gc,plab        ] GC(10) Young sizing: calculated: 419944B, actual: 428456B
[1.860s][debug][gc,plab        ] GC(10) Old PLAB allocation: allocated: 0B, wasted: 0B, unused: 0B, used: 0B, undo waste: 0B, 
[1.860s][debug][gc,plab        ] GC(10) Old other allocation: region end waste: 0B, regions filled: 0, num plab filled: 0, direct allocated: 0B, num direct allocated: 0, failure used: 0B, failure wasted: 0B
[1.860s][debug][gc,plab        ] GC(10) Old sizing: calculated: 0B, actual: 2064B
[1.860s][debug][gc,ergo,heap   ] GC(10) Heap expansion: short term pause time ratio 3.42% long term pause time ratio 1.69% threshold 1.63% pause time ratio 7.69% fully expanded false resize by 0B
[1.860s][debug][gc,mmu         ] GC(10) MMU: 3.0ms (200.0ms/201.0ms)
[1.860s][debug][gc,task,start  ] G1 Service Thread (Card Set Free Memory Task) (run 0.030ms after schedule)
[1.860s][debug][gc,alloc,stats ] Old generation allocation in the last mutator period, old gen allocated: 0B, humongous allocated: 0B, old gen growth: 0B.
[1.860s][debug][gc,ihop        ] GC(10) Basic information (value update), threshold: 398249164B (45.00), target occupancy: 884998144B, current occupancy: 3687720B, recent allocation size: 0B, recent allocation duration: 210.10ms, recent old gen allocation rate: 0.00B/s, recent marking phase length: 0.00ms
[1.860s][debug][gc,ihop        ] GC(10) Adaptive IHOP information (value update), threshold: 398249164B (47.37), internal target occupancy: 840748236B, occupancy: 3687720B, additional buffer size: 528482304B, predicted old gen allocation rate: 0.00B/s, predicted marking phase length: 0.00ms, prediction active: false
[1.860s][debug][gc,ergo,refine ] GC(10) GC refinement: goal: 18446744073709551615 + 18 / 20.00ms, actual: 412 / 0.04ms, 
[1.860s][debug][gc,ergo,refine ] GC(10) Unchanged pending cards target: 18446744073709551615
[1.860s][info ][gc,phases      ] GC(10)   Pre Evacuate Collection Set: 0.3ms
[1.860s][debug][gc,phases      ] GC(10)     Pre Evacuate Prepare: 0.1ms
[1.860s][debug][gc,phases      ] GC(10)       JT Retire TLABs And Flush Logs (ms): Min:  0.0, Avg:  0.0, Max:  0.0, Diff:  0.0, Sum:  0.0, Workers: 2
[1.860s][debug][gc,phases      ] GC(10)       Non-JT Flush Logs (ms):        Min:  0.0, Avg:  0.0, Max:  0.0, Diff:  0.0, Sum:  0.0, Workers: 1
[1.860s][debug][gc,phases      ] GC(10)     Choose Collection Set: 0.0ms
[1.860s][debug][gc,phases      ] GC(10)     Region Register: 0.1ms
[1.860s][debug][gc,phases      ] GC(10)     Prepare Heap Roots: 0.0ms
[1.860s][info ][gc,phases      ] GC(10)   Merge Heap Roots: 0.4ms
[1.860s][debug][gc,phases      ] GC(10)     Prepare Merge Heap Roots: 0.0ms
[1.860s][debug][gc,phases      ] GC(10)     Remembered Sets (ms):          Min:  0.0, Avg:  0.0, Max:  0.0, Diff:  0.0, Sum:  0.0, Workers: 8
[1.860s][debug][gc,phases      ] GC(10)       Eager Reclaim (ms):            skipped
[1.860s][debug][gc,phases      ] GC(10)       Merged Inline                  Min: 0, Avg:  0.0, Max: 0, Diff: 0, Sum: 0, Workers: 8
[1.860s][debug][gc,phases      ] GC(10)       Merged ArrayOfCards            Min: 0, Avg:  0.0, Max: 0, Diff: 0, Sum: 0, Workers: 8
[1.860s][debug][gc,phases      ] GC(10)       Merged Howl                    Min: 0, Avg:  0.0, Max: 0, Diff: 0, Sum: 0, Workers: 8
[1.860s][debug][gc,phases      ] GC(10)       Merged Full                    Min: 0, Avg:  0.0, Max: 0, Diff: 0, Sum: 0, Workers: 8
[1.860s][debug][gc,phases      ] GC(10)       Merged Howl Inline             Min: 0, Avg:  0.0, Max: 0, Diff: 0, Sum: 0, Workers: 8
[1.860s][debug][gc,phases      ] GC(10)       Merged Howl ArrayOfCards       Min: 0, Avg:  0.0, Max: 0, Diff: 0, Sum: 0, Workers: 8
[1.860s][debug][gc,phases      ] GC(10)       Merged Howl BitMap             Min: 0, Avg:  0.0, Max: 0, Diff: 0, Sum: 0, Workers: 8
[1.860s][debug][gc,phases      ] GC(10)       Merged Howl Full               Min: 0, Avg:  0.0, Max: 0, Diff: 0, Sum: 0, Workers: 8
[1.860s][debug][gc,phases      ] GC(10)       Merged Cards                   Min: 8, Avg:  8.0, Max: 8, Diff: 0, Sum: 64, Workers: 8
[1.860s][debug][gc,phases      ] GC(10)     Log Buffers (ms):              Min:  0.0, Avg:  0.0, Max:  0.0, Diff:  0.0, Sum:  0.0, Workers: 8
[1.860s][debug][gc,phases      ] GC(10)       Dirty Cards:                   Min: 0, Avg: 51.5, Max: 412, Diff: 412, Sum: 412, Workers: 8
[1.860s][debug][gc,phases      ] GC(10)       Skipped Cards:                 Min: 0, Avg:  0.0, Max: 0, Diff: 0, Sum: 0, Workers: 8
[1.860s][info ][gc,phases      ] GC(10)   Evacuate Collection Set: 1.3ms
[1.860s][debug][gc,phases      ] GC(10)     Ext Root Scanning (ms):        Min:  0.0, Avg:  0.1, Max:  0.4, Diff:  0.4, Sum:  0.6, Workers: 8
[1.860s][debug][gc,phases      ] GC(10)     Scan Heap Roots (ms):          Min:  0.0, Avg:  0.0, Max:  0.1, Diff:  0.1, Sum:  0.3, Workers: 8
[1.860s][debug][gc,phases      ] GC(10)       Scanned Cards:                 Min: 0, Avg: 50.1, Max: 140, Diff: 140, Sum: 401, Workers: 8
[1.860s][debug][gc,phases      ] GC(10)       Scanned Blocks:                Min: 0, Avg:  4.2, Max: 22, Diff: 22, Sum: 34, Workers: 8
[1.860s][debug][gc,phases      ] GC(10)       Claimed Chunks:                Min: 0, Avg:  1.2, Max: 4, Diff: 4, Sum: 10, Workers: 8
[1.860s][debug][gc,phases      ] GC(10)       Found Roots:                   Min: 0, Avg: 275.1, Max: 602, Diff: 602, Sum: 2201, Workers: 8
[1.860s][debug][gc,phases      ] GC(10)     Code Root Scan (ms):           Min:  0.0, Avg:  0.2, Max:  0.9, Diff:  0.8, Sum:  1.8, Workers: 8
[1.860s][debug][gc,phases      ] GC(10)       Scanned Nmethods               Min: 0, Avg:  0.0, Max: 0, Diff: 0, Sum: 0, Workers: 8
[1.860s][debug][gc,phases      ] GC(10)     Object Copy (ms):              Min:  0.2, Avg:  0.7, Max:  1.0, Diff:  0.8, Sum:  5.8, Workers: 8
[1.860s][debug][gc,phases      ] GC(10)     Termination (ms):              Min:  0.0, Avg:  0.1, Max:  0.1, Diff:  0.1, Sum:  0.5, Workers: 8
[1.860s][debug][gc,phases      ] GC(10)       Termination Attempts:          Min: 1, Avg:  3.2, Max: 5, Diff: 4, Sum: 26, Workers: 8
[1.860s][debug][gc,phases      ] GC(10)     GC Worker Other (ms):          Min:  0.0, Avg:  0.0, Max:  0.0, Diff:  0.0, Sum:  0.2, Workers: 8
[1.860s][debug][gc,phases      ] GC(10)     GC Worker Total (ms):          Min:  0.9, Avg:  1.2, Max:  1.2, Diff:  0.4, Sum:  9.2, Workers: 8
[1.860s][info ][gc,phases      ] GC(10)   Post Evacuate Collection Set: 0.7ms
[1.860s][debug][gc,phases      ] GC(10)     NMethod List Cleanup: 0.0ms
[1.860s][debug][gc,phases      ] GC(10)     Reference Processing: 0.1ms
[1.860s][debug][gc,phases,ref  ] GC(10)       Notify Soft/WeakReferences: 0.1ms
[1.860s][debug][gc,phases,ref  ] GC(10)         SoftRef (ms):                  Min:  0.0, Avg:  0.0, Max:  0.0, Diff:  0.0, Sum:  0.0, Workers: 1
[1.860s][debug][gc,phases,ref  ] GC(10)         WeakRef (ms):                  Min:  0.0, Avg:  0.0, Max:  0.0, Diff:  0.0, Sum:  0.0, Workers: 1
[1.860s][debug][gc,phases,ref  ] GC(10)         FinalRef (ms):                 Min:  0.0, Avg:  0.0, Max:  0.0, Diff:  0.0, Sum:  0.0, Workers: 1
[1.860s][debug][gc,phases,ref  ] GC(10)         Total (ms):                    Min:  0.1, Avg:  0.1, Max:  0.1, Diff:  0.0, Sum:  0.1, Workers: 1
[1.860s][debug][gc,phases,ref  ] GC(10)       Notify and keep alive finalizable: 0.0ms
[1.860s][debug][gc,phases,ref  ] GC(10)         FinalRef (ms):                 skipped
[1.860s][debug][gc,phases,ref  ] GC(10)       Notify PhantomReferences: 0.0ms
[1.860s][debug][gc,phases,ref  ] GC(10)         PhantomRef (ms):               Min:  0.0, Avg:  0.0, Max:  0.0, Diff:  0.0, Sum:  0.0, Workers: 1
[1.860s][debug][gc,phases,ref  ] GC(10)       SoftReference Discovered: 0, Dropped: 0, Processed: 0
[1.860s][debug][gc,phases,ref  ] GC(10)       WeakReference Discovered: 379, Dropped: 379, Processed: 0
[1.860s][debug][gc,phases,ref  ] GC(10)       FinalReference Discovered: 0, Dropped: 0, Processed: 0
[1.860s][debug][gc,phases,ref  ] GC(10)       PhantomReference Discovered: 1, Dropped: 1, Processed: 0
[1.860s][debug][gc,phases      ] GC(10)     Weak Processing: 0.1ms
[1.860s][debug][gc,phases      ] GC(10)       VM Weak                        Min:  0.0, Avg:  0.0, Max:  0.0, Diff:  0.0, Sum:  0.0, Workers: 4
[1.860s][debug][gc,phases      ] GC(10)         Dead                           Min: 0, Avg:  0.0, Max: 0, Diff: 0, Sum: 0, Workers: 4
[1.860s][debug][gc,phases      ] GC(10)         Total                          Min: 0, Avg: 18.0, Max: 72, Diff: 72, Sum: 72, Workers: 4
[1.860s][debug][gc,phases      ] GC(10)       ObjectSynchronizer Weak        Min:  0.0, Avg:  0.0, Max:  0.0, Diff:  0.0, Sum:  0.0, Workers: 4
[1.860s][debug][gc,phases      ] GC(10)         Dead                           Min: 0, Avg:  0.0, Max: 0, Diff: 0, Sum: 0, Workers: 4
[1.860s][debug][gc,phases      ] GC(10)         Total                          Min: 0, Avg:  0.2, Max: 1, Diff: 1, Sum: 1, Workers: 4
[1.860s][debug][gc,phases      ] GC(10)       JVMTI Tag Weak OopStorage      Min:  0.0, Avg:  0.0, Max:  0.0, Diff:  0.0, Sum:  0.0, Workers: 4
[1.860s][debug][gc,phases      ] GC(10)         Dead                           Min: 0, Avg:  0.0, Max: 0, Diff: 0, Sum: 0, Workers: 4
[1.860s][debug][gc,phases      ] GC(10)         Total                          Min: 0, Avg:  0.0, Max: 0, Diff: 0, Sum: 0, Workers: 4
[1.860s][debug][gc,phases      ] GC(10)       StringTable Weak               Min:  0.0, Avg:  0.0, Max:  0.1, Diff:  0.0, Sum:  0.1, Workers: 4
[1.860s][debug][gc,phases      ] GC(10)         Dead                           Min: 0, Avg:  0.0, Max: 0, Diff: 0, Sum: 0, Workers: 4
[1.860s][debug][gc,phases      ] GC(10)         Total                          Min: 362, Avg: 762.5, Max: 1536, Diff: 1174, Sum: 3050, Workers: 4
[1.860s][debug][gc,phases      ] GC(10)       ResolvedMethodTable Weak       Min:  0.0, Avg:  0.0, Max:  0.0, Diff:  0.0, Sum:  0.1, Workers: 4
[1.860s][debug][gc,phases      ] GC(10)         Dead                           Min: 0, Avg:  0.0, Max: 0, Diff: 0, Sum: 0, Workers: 4
[1.860s][debug][gc,phases      ] GC(10)         Total                          Min: 166, Avg: 185.5, Max: 192, Diff: 26, Sum: 742, Workers: 4
[1.860s][debug][gc,phases      ] GC(10)       JNI Weak                       Min:  0.0, Avg:  0.0, Max:  0.0, Diff:  0.0, Sum:  0.0, Workers: 4
[1.860s][debug][gc,phases      ] GC(10)         Dead                           Min: 0, Avg:  0.0, Max: 0, Diff: 0, Sum: 0, Workers: 4
[1.860s][debug][gc,phases      ] GC(10)         Total                          Min: 0, Avg:  0.0, Max: 0, Diff: 0, Sum: 0, Workers: 4
[1.860s][debug][gc,phases      ] GC(10)       StringDedup Table Weak         Min:  0.0, Avg:  0.0, Max:  0.0, Diff:  0.0, Sum:  0.0, Workers: 4
[1.860s][debug][gc,phases      ] GC(10)         Dead                           Min: 0, Avg:  0.0, Max: 0, Diff: 0, Sum: 0, Workers: 4
[1.860s][debug][gc,phases      ] GC(10)         Total                          Min: 0, Avg:  0.0, Max: 0, Diff: 0, Sum: 0, Workers: 4
[1.860s][debug][gc,phases      ] GC(10)       StringDedup Requests0 Weak     Min:  0.0, Avg:  0.0, Max:  0.0, Diff:  0.0, Sum:  0.0, Workers: 4
[1.860s][debug][gc,phases      ] GC(10)         Dead                           Min: 0, Avg:  0.0, Max: 0, Diff: 0, Sum: 0, Workers: 4
[1.860s][debug][gc,phases      ] GC(10)         Total                          Min: 0, Avg:  0.0, Max: 0, Diff: 0, Sum: 0, Workers: 4
[1.860s][debug][gc,phases      ] GC(10)       StringDedup Requests1 Weak     Min:  0.0, Avg:  0.0, Max:  0.0, Diff:  0.0, Sum:  0.0, Workers: 4
[1.860s][debug][gc,phases      ] GC(10)         Dead                           Min: 0, Avg:  0.0, Max: 0, Diff: 0, Sum: 0, Workers: 4
[1.860s][debug][gc,phases      ] GC(10)         Total                          Min: 0, Avg:  0.0, Max: 0, Diff: 0, Sum: 0, Workers: 4
[1.860s][debug][gc,phases      ] GC(10)       Weak JFR Old Object Samples    Min:  0.0, Avg:  0.0, Max:  0.0, Diff:  0.0, Sum:  0.0, Workers: 4
[1.860s][debug][gc,phases      ] GC(10)         Dead                           Min: 0, Avg:  0.0, Max: 0, Diff: 0, Sum: 0, Workers: 4
[1.860s][debug][gc,phases      ] GC(10)         Total                          Min: 0, Avg:  0.0, Max: 0, Diff: 0, Sum: 0, Workers: 4
[1.860s][debug][gc,phases      ] GC(10)     Post Evacuate Cleanup 1: 0.1ms
[1.860s][debug][gc,phases      ] GC(10)       Merge Per-Thread State (ms):   Min:  0.0, Avg:  0.0, Max:  0.0, Diff:  0.0, Sum:  0.0, Workers: 1
[1.860s][debug][gc,phases      ] GC(10)         Copied Bytes                   Min: 81672, Avg: 302292.0, Max: 522000, Diff: 440328, Sum: 2418336, Workers: 8
[1.860s][debug][gc,phases      ] GC(10)         LAB Waste                      Min: 32, Avg: 257.0, Max: 1216, Diff: 1184, Sum: 2056, Workers: 8
[1.860s][debug][gc,phases      ] GC(10)         LAB Undo Waste                 Min: 0, Avg:  0.0, Max: 0, Diff: 0, Sum: 0, Workers: 8
[1.860s][debug][gc,phases      ] GC(10)       Clear Logged Cards (ms):       Min:  0.0, Avg:  0.0, Max:  0.1, Diff:  0.1, Sum:  0.1, Workers: 3
[1.860s][debug][gc,phases      ] GC(10)       Recalculate Used Memory (ms):  Min:  0.0, Avg:  0.0, Max:  0.0, Diff:  0.0, Sum:  0.0, Workers: 1
[1.860s][debug][gc,phases      ] GC(10)     Post Evacuate Cleanup 2: 0.2ms
[1.860s][debug][gc,phases      ] GC(10)       Update Derived Pointers (ms):  Min:  0.0, Avg:  0.0, Max:  0.0, Diff:  0.0, Sum:  0.0, Workers: 1
[1.860s][debug][gc,phases      ] GC(10)       Eagerly Reclaim Humongous Objects (ms): skipped
[1.860s][debug][gc,phases      ] GC(10)         Humongous Total                skipped
[1.860s][debug][gc,phases      ] GC(10)         Humongous Candidates           skipped
[1.860s][debug][gc,phases      ] GC(10)         Humongous Reclaimed            skipped
[1.860s][debug][gc,phases      ] GC(10)       Redirty Logged Cards (ms):     Min:  0.0, Avg:  0.0, Max:  0.0, Diff:  0.0, Sum:  0.0, Workers: 8
[1.860s][debug][gc,phases      ] GC(10)         Redirtied Cards:               Min: 0, Avg: 53.0, Max: 424, Diff: 424, Sum: 424, Workers: 8
[1.860s][debug][gc,phases      ] GC(10)       Resize TLABs (ms):             Min:  0.0, Avg:  0.0, Max:  0.0, Diff:  0.0, Sum:  0.0, Workers: 8
[1.860s][debug][gc,phases      ] GC(10)       Free Collection Set (ms):      Min:  0.0, Avg:  0.0, Max:  0.1, Diff:  0.1, Sum:  0.3, Workers: 8
[1.860s][debug][gc,phases      ] GC(10)     Rebuild Free List: 0.1ms
[1.860s][debug][gc,phases      ] GC(10)     Prepare For Mutator: 0.1ms
[1.860s][debug][gc,phases      ] GC(10)     Expand Heap After Collection: 0.0ms
[1.860s][info ][gc,phases      ] GC(10)   Other: 0.4ms
[1.860s][debug][gc,remset      ] GC(10) Coarsening (recent): Inline->AoC 0 (0) AoC->Howl 0 (0) Howl->Full 0 (0) Inline->AoC 0 (0) AoC->BitMap 0 (0) BitMap->Full 0 (0) 
[1.860s][debug][gc,remset      ] GC(10) Coarsening (all): Inline->AoC 0 (0) AoC->Howl 0 (0) Howl->Full 0 (0) Inline->AoC 0 (0) AoC->BitMap 0 (0) BitMap->Full 0 (0) 
[1.860s][info ][gc,heap        ] GC(10) Eden regions: 125->0(125)
[1.860s][info ][gc,heap        ] GC(10) Survivor regions: 1->1(16)
[1.860s][info ][gc,heap        ] GC(10) Old regions: 1->1
[1.861s][info ][gc,heap        ] GC(10) Humongous regions: 0->0
[1.861s][info ][gc,metaspace   ] GC(10) Metaspace: 9637K(9856K)->9637K(9856K) NonClass: 8534K(8640K)->8534K(8640K) Class: 1102K(1216K)->1102K(1216K)
[1.861s][debug][gc,heap        ] GC(10) Heap after GC invocations=11 (full 0):
[1.861s][debug][gc,heap        ] GC(10)  garbage-first heap   total 864256K, used 3601K [0x000000060d000000, 0x0000000800000000)
[1.861s][debug][gc,heap        ] GC(10)   region size 4096K, 1 young (4096K), 1 survivors (4096K)
[1.861s][debug][gc,heap        ] GC(10)  Metaspace       used 9637K, committed 9856K, reserved 1114112K
[1.861s][debug][gc,heap        ] GC(10)   class space    used 1102K, committed 1216K, reserved 1048576K
[1.861s][info ][gc             ] GC(10) Pause Young (Normal) (G1 Evacuation Pause) 503M->3M(844M) 3.803ms
[1.861s][info ][gc,cpu         ] GC(10) User=0.01s Sys=0.00s Real=0.01s
[1.861s][debug][gc,task        ] G1 Service Thread (Card Set Free Memory Task) (run: 0.804ms) (cpu: 0.075ms)
[1.994s][info ][gc,start       ] GC(11) Pause Young (Normal) (G1 Evacuation Pause)
[1.994s][debug][gc,heap        ] GC(11) Heap before GC invocations=11 (full 0):
[1.994s][debug][gc,heap        ] GC(11)  garbage-first heap   total 864256K, used 515601K [0x000000060d000000, 0x0000000800000000)
[1.994s][debug][gc,heap        ] GC(11)   region size 4096K, 126 young (516096K), 1 survivors (4096K)
[1.994s][debug][gc,heap        ] GC(11)  Metaspace       used 9637K, committed 9856K, reserved 1114112K
[1.994s][debug][gc,heap        ] GC(11)   class space    used 1102K, committed 1216K, reserved 1048576K
[1.994s][info ][gc,task        ] GC(11) Using 8 workers of 8 for evacuation
[1.994s][debug][gc,age         ] GC(11) Desired survivor size 33554432 bytes, new threshold 15 (max threshold 15)
[1.994s][debug][gc,tlab        ] GC(11) TLAB totals: thrds: 1  refills: 250 max: 250 slow allocs: 5 max 5 waste:  0.0% gc: 0B max: 0B slow: 234248B max: 234248B
[1.994s][debug][gc,refine,stats] GC(11) Mutator refinement: 0.00ms, refined: 0, precleaned: 0, dirtied: 0
[1.994s][debug][gc,refine,stats] GC(11) Concurrent refinement: 0.00ms, refined: 0, precleaned: 0, dirtied: 0
[1.994s][debug][gc,refine,stats] GC(11) Total refinement: 0.00ms, refined: 0, precleaned: 0, dirtied: 0
[1.994s][debug][gc,refine,stats] GC(11) Generate dirty cards rate: 0.00 cards/ms
[1.994s][debug][gc,alloc,region] GC(11) Mutator Allocation stats, regions: 125, wasted size: 0B ( 0.0%)
[1.994s][debug][gc,ergo,cset   ] GC(11) No candidates to reclaim.
[1.994s][debug][gc,ergo        ] GC(11) Running G1 Merge Heap Roots using 8 workers for 126 regions
[1.995s][debug][gc,remset      ] GC(11) Visited cards 640 Total dirty 8192 (7.81%) Total old 2072576 (0.03%)
[1.996s][debug][gc,ref         ] GC(11) ReferenceProcessor::execute queues: 1, RefProcThreadModel::Single, marks_oops_alive: false
[1.996s][debug][gc,ref         ] GC(11) Skipped KeepAliveFinalRefsPhase of Reference Processing: no references
[1.996s][debug][gc,ref         ] GC(11) ReferenceProcessor::execute queues: 1, RefProcThreadModel::Single, marks_oops_alive: false
[1.996s][debug][gc,ergo        ] GC(11) Running G1 Rebuild Free List Task using 8 workers for rebuilding free list of regions
[1.996s][debug][gc,plab        ] GC(11) Young PLAB allocation: allocated: 2624048B, wasted: 1304B, unused: 221584B, used: 2401160B, undo waste: 0B, 
[1.997s][debug][gc,plab        ] GC(11) Young other allocation: region end waste: 0B, regions filled: 1, num plab filled: 48, direct allocated: 326800B, num direct allocated: 5, failure used: 0B, failure wasted: 0B
[1.997s][debug][gc,plab        ] GC(11) Young sizing: calculated: 480232B, actual: 467288B
[1.997s][debug][gc,plab        ] GC(11) Old PLAB allocation: allocated: 0B, wasted: 0B, unused: 0B, used: 0B, undo waste: 0B, 
[1.997s][debug][gc,plab        ] GC(11) Old other allocation: region end waste: 0B, regions filled: 0, num plab filled: 0, direct allocated: 0B, num direct allocated: 0, failure used: 0B, failure wasted: 0B
[1.997s][debug][gc,plab        ] GC(11) Old sizing: calculated: 0B, actual: 2064B
[1.997s][debug][gc,ergo,heap   ] GC(11) Heap expansion: short term pause time ratio 1.40% long term pause time ratio 2.51% threshold 1.63% pause time ratio 7.69% fully expanded false resize by 0B
[1.997s][debug][gc,task,start  ] G1 Service Thread (Card Set Free Memory Task) (run 0.019ms after schedule)
[1.997s][debug][gc,mmu         ] GC(11) MMU: 5.7ms (200.0ms/201.0ms)
[1.997s][debug][gc,alloc,stats ] Old generation allocation in the last mutator period, old gen allocated: 0B, humongous allocated: 0B, old gen growth: 0B.
[1.997s][debug][gc,ihop        ] GC(11) Basic information (value update), threshold: 398249164B (45.00), target occupancy: 884998144B, current occupancy: 4050216B, recent allocation size: 0B, recent allocation duration: 134.02ms, recent old gen allocation rate: 0.00B/s, recent marking phase length: 0.00ms
[1.997s][debug][gc,ihop        ] GC(11) Adaptive IHOP information (value update), threshold: 398249164B (47.37), internal target occupancy: 840748236B, occupancy: 4050216B, additional buffer size: 528482304B, predicted old gen allocation rate: 0.00B/s, predicted marking phase length: 0.00ms, prediction active: false
[1.997s][debug][gc,ergo,refine ] GC(11) GC refinement: goal: 18446744073709551615 + 14 / 20.00ms, actual: 424 / 0.03ms, 
[1.997s][debug][gc,ergo,refine ] GC(11) Unchanged pending cards target: 18446744073709551615
[1.997s][info ][gc,phases      ] GC(11)   Pre Evacuate Collection Set: 0.2ms
[1.997s][debug][gc,phases      ] GC(11)     Pre Evacuate Prepare: 0.1ms
[1.997s][debug][gc,phases      ] GC(11)       JT Retire TLABs And Flush Logs (ms): Min:  0.0, Avg:  0.0, Max:  0.0, Diff:  0.0, Sum:  0.0, Workers: 2
[1.997s][debug][gc,phases      ] GC(11)       Non-JT Flush Logs (ms):        Min:  0.0, Avg:  0.0, Max:  0.0, Diff:  0.0, Sum:  0.0, Workers: 1
[1.997s][debug][gc,phases      ] GC(11)     Choose Collection Set: 0.0ms
[1.997s][debug][gc,phases      ] GC(11)     Region Register: 0.1ms
[1.997s][debug][gc,phases      ] GC(11)     Prepare Heap Roots: 0.0ms
[1.997s][info ][gc,phases      ] GC(11)   Merge Heap Roots: 0.4ms
[1.997s][debug][gc,phases      ] GC(11)     Prepare Merge Heap Roots: 0.0ms
[1.997s][debug][gc,phases      ] GC(11)     Remembered Sets (ms):          Min:  0.0, Avg:  0.0, Max:  0.0, Diff:  0.0, Sum:  0.0, Workers: 8
[1.997s][debug][gc,phases      ] GC(11)       Eager Reclaim (ms):            skipped
[1.997s][debug][gc,phases      ] GC(11)       Merged Inline                  Min: 0, Avg:  0.0, Max: 0, Diff: 0, Sum: 0, Workers: 8
[1.997s][debug][gc,phases      ] GC(11)       Merged ArrayOfCards            Min: 0, Avg:  0.0, Max: 0, Diff: 0, Sum: 0, Workers: 8
[1.997s][debug][gc,phases      ] GC(11)       Merged Howl                    Min: 0, Avg:  0.0, Max: 0, Diff: 0, Sum: 0, Workers: 8
[1.997s][debug][gc,phases      ] GC(11)       Merged Full                    Min: 0, Avg:  0.0, Max: 0, Diff: 0, Sum: 0, Workers: 8
[1.997s][debug][gc,phases      ] GC(11)       Merged Howl Inline             Min: 0, Avg:  0.0, Max: 0, Diff: 0, Sum: 0, Workers: 8
[1.997s][debug][gc,phases      ] GC(11)       Merged Howl ArrayOfCards       Min: 0, Avg:  0.0, Max: 0, Diff: 0, Sum: 0, Workers: 8
[1.997s][debug][gc,phases      ] GC(11)       Merged Howl BitMap             Min: 0, Avg:  0.0, Max: 0, Diff: 0, Sum: 0, Workers: 8
[1.997s][debug][gc,phases      ] GC(11)       Merged Howl Full               Min: 0, Avg:  0.0, Max: 0, Diff: 0, Sum: 0, Workers: 8
[1.997s][debug][gc,phases      ] GC(11)       Merged Cards                   Min: 8, Avg:  8.0, Max: 8, Diff: 0, Sum: 64, Workers: 8
[1.997s][debug][gc,phases      ] GC(11)     Log Buffers (ms):              Min:  0.0, Avg:  0.0, Max:  0.0, Diff:  0.0, Sum:  0.0, Workers: 8
[1.997s][debug][gc,phases      ] GC(11)       Dirty Cards:                   Min: 0, Avg: 53.0, Max: 424, Diff: 424, Sum: 424, Workers: 8
[1.997s][debug][gc,phases      ] GC(11)       Skipped Cards:                 Min: 0, Avg:  0.0, Max: 0, Diff: 0, Sum: 0, Workers: 8
[1.997s][info ][gc,phases      ] GC(11)   Evacuate Collection Set: 1.4ms
[1.997s][debug][gc,phases      ] GC(11)     Ext Root Scanning (ms):        Min:  0.0, Avg:  0.1, Max:  0.5, Diff:  0.5, Sum:  0.7, Workers: 8
[1.997s][debug][gc,phases      ] GC(11)     Scan Heap Roots (ms):          Min:  0.0, Avg:  0.0, Max:  0.1, Diff:  0.1, Sum:  0.2, Workers: 8
[1.997s][debug][gc,phases      ] GC(11)       Scanned Cards:                 Min: 0, Avg: 50.1, Max: 150, Diff: 150, Sum: 401, Workers: 8
[1.997s][debug][gc,phases      ] GC(11)       Scanned Blocks:                Min: 0, Avg:  4.2, Max: 23, Diff: 23, Sum: 34, Workers: 8
[1.997s][debug][gc,phases      ] GC(11)       Claimed Chunks:                Min: 0, Avg:  1.2, Max: 5, Diff: 5, Sum: 10, Workers: 8
[1.997s][debug][gc,phases      ] GC(11)       Found Roots:                   Min: 0, Avg: 275.2, Max: 648, Diff: 648, Sum: 2202, Workers: 8
[1.997s][debug][gc,phases      ] GC(11)     Code Root Scan (ms):           Min:  0.0, Avg:  0.1, Max:  0.3, Diff:  0.3, Sum:  1.0, Workers: 8
[1.997s][debug][gc,phases      ] GC(11)       Scanned Nmethods               Min: 0, Avg:  0.0, Max: 0, Diff: 0, Sum: 0, Workers: 8
[1.997s][debug][gc,phases      ] GC(11)     Object Copy (ms):              Min:  0.0, Avg:  0.8, Max:  1.2, Diff:  1.2, Sum:  6.7, Workers: 8
[1.997s][debug][gc,phases      ] GC(11)     Termination (ms):              Min:  0.0, Avg:  0.1, Max:  0.1, Diff:  0.1, Sum:  0.6, Workers: 8
[1.997s][debug][gc,phases      ] GC(11)       Termination Attempts:          Min: 1, Avg:  1.8, Max: 3, Diff: 2, Sum: 14, Workers: 8
[1.997s][debug][gc,phases      ] GC(11)     GC Worker Other (ms):          Min:  0.0, Avg:  0.0, Max:  0.0, Diff:  0.0, Sum:  0.1, Workers: 8
[1.997s][debug][gc,phases      ] GC(11)     GC Worker Total (ms):          Min:  0.1, Avg:  1.2, Max:  1.4, Diff:  1.3, Sum:  9.4, Workers: 8
[1.997s][info ][gc,phases      ] GC(11)   Post Evacuate Collection Set: 0.6ms
[1.997s][debug][gc,phases      ] GC(11)     NMethod List Cleanup: 0.0ms
[1.997s][debug][gc,phases      ] GC(11)     Reference Processing: 0.1ms
[1.997s][debug][gc,phases,ref  ] GC(11)       Notify Soft/WeakReferences: 0.1ms
[1.997s][debug][gc,phases,ref  ] GC(11)         SoftRef (ms):                  Min:  0.0, Avg:  0.0, Max:  0.0, Diff:  0.0, Sum:  0.0, Workers: 1
[1.997s][debug][gc,phases,ref  ] GC(11)         WeakRef (ms):                  Min:  0.0, Avg:  0.0, Max:  0.0, Diff:  0.0, Sum:  0.0, Workers: 1
[1.997s][debug][gc,phases,ref  ] GC(11)         FinalRef (ms):                 Min:  0.0, Avg:  0.0, Max:  0.0, Diff:  0.0, Sum:  0.0, Workers: 1
[1.997s][debug][gc,phases,ref  ] GC(11)         Total (ms):                    Min:  0.0, Avg:  0.0, Max:  0.0, Diff:  0.0, Sum:  0.0, Workers: 1
[1.997s][debug][gc,phases,ref  ] GC(11)       Notify and keep alive finalizable: 0.0ms
[1.997s][debug][gc,phases,ref  ] GC(11)         FinalRef (ms):                 skipped
[1.997s][debug][gc,phases,ref  ] GC(11)       Notify PhantomReferences: 0.0ms
[1.997s][debug][gc,phases,ref  ] GC(11)         PhantomRef (ms):               Min:  0.0, Avg:  0.0, Max:  0.0, Diff:  0.0, Sum:  0.0, Workers: 1
[1.997s][debug][gc,phases,ref  ] GC(11)       SoftReference Discovered: 0, Dropped: 0, Processed: 0
[1.997s][debug][gc,phases,ref  ] GC(11)       WeakReference Discovered: 359, Dropped: 359, Processed: 0
[1.997s][debug][gc,phases,ref  ] GC(11)       FinalReference Discovered: 0, Dropped: 0, Processed: 0
[1.997s][debug][gc,phases,ref  ] GC(11)       PhantomReference Discovered: 2, Dropped: 2, Processed: 0
[1.997s][debug][gc,phases      ] GC(11)     Weak Processing: 0.1ms
[1.997s][debug][gc,phases      ] GC(11)       VM Weak                        Min:  0.0, Avg:  0.0, Max:  0.0, Diff:  0.0, Sum:  0.0, Workers: 4
[1.997s][debug][gc,phases      ] GC(11)         Dead                           Min: 0, Avg:  0.0, Max: 0, Diff: 0, Sum: 0, Workers: 4
[1.997s][debug][gc,phases      ] GC(11)         Total                          Min: 0, Avg: 18.0, Max: 72, Diff: 72, Sum: 72, Workers: 4
[1.997s][debug][gc,phases      ] GC(11)       ObjectSynchronizer Weak        Min:  0.0, Avg:  0.0, Max:  0.0, Diff:  0.0, Sum:  0.0, Workers: 4
[1.997s][debug][gc,phases      ] GC(11)         Dead                           Min: 0, Avg:  0.0, Max: 0, Diff: 0, Sum: 0, Workers: 4
[1.997s][debug][gc,phases      ] GC(11)         Total                          Min: 0, Avg:  0.2, Max: 1, Diff: 1, Sum: 1, Workers: 4
[1.997s][debug][gc,phases      ] GC(11)       JVMTI Tag Weak OopStorage      Min:  0.0, Avg:  0.0, Max:  0.0, Diff:  0.0, Sum:  0.0, Workers: 4
[1.997s][debug][gc,phases      ] GC(11)         Dead                           Min: 0, Avg:  0.0, Max: 0, Diff: 0, Sum: 0, Workers: 4
[1.997s][debug][gc,phases      ] GC(11)         Total                          Min: 0, Avg:  0.0, Max: 0, Diff: 0, Sum: 0, Workers: 4
[1.997s][debug][gc,phases      ] GC(11)       StringTable Weak               Min:  0.0, Avg:  0.0, Max:  0.0, Diff:  0.0, Sum:  0.1, Workers: 4
[1.997s][debug][gc,phases      ] GC(11)         Dead                           Min: 0, Avg:  0.0, Max: 0, Diff: 0, Sum: 0, Workers: 4
[1.997s][debug][gc,phases      ] GC(11)         Total                          Min: 0, Avg: 762.5, Max: 1472, Diff: 1472, Sum: 3050, Workers: 4
[1.997s][debug][gc,phases      ] GC(11)       ResolvedMethodTable Weak       Min:  0.0, Avg:  0.0, Max:  0.0, Diff:  0.0, Sum:  0.0, Workers: 4
[1.997s][debug][gc,phases      ] GC(11)         Dead                           Min: 0, Avg:  0.0, Max: 0, Diff: 0, Sum: 0, Workers: 4
[1.997s][debug][gc,phases      ] GC(11)         Total                          Min: 0, Avg: 185.5, Max: 294, Diff: 294, Sum: 742, Workers: 4
[1.997s][debug][gc,phases      ] GC(11)       JNI Weak                       Min:  0.0, Avg:  0.0, Max:  0.0, Diff:  0.0, Sum:  0.0, Workers: 4
[1.997s][debug][gc,phases      ] GC(11)         Dead                           Min: 0, Avg:  0.0, Max: 0, Diff: 0, Sum: 0, Workers: 4
[1.997s][debug][gc,phases      ] GC(11)         Total                          Min: 0, Avg:  0.0, Max: 0, Diff: 0, Sum: 0, Workers: 4
[1.997s][debug][gc,phases      ] GC(11)       StringDedup Table Weak         Min:  0.0, Avg:  0.0, Max:  0.0, Diff:  0.0, Sum:  0.0, Workers: 4
[1.997s][debug][gc,phases      ] GC(11)         Dead                           Min: 0, Avg:  0.0, Max: 0, Diff: 0, Sum: 0, Workers: 4
[1.997s][debug][gc,phases      ] GC(11)         Total                          Min: 0, Avg:  0.0, Max: 0, Diff: 0, Sum: 0, Workers: 4
[1.997s][debug][gc,phases      ] GC(11)       StringDedup Requests0 Weak     Min:  0.0, Avg:  0.0, Max:  0.0, Diff:  0.0, Sum:  0.0, Workers: 4
[1.997s][debug][gc,phases      ] GC(11)         Dead                           Min: 0, Avg:  0.0, Max: 0, Diff: 0, Sum: 0, Workers: 4
[1.997s][debug][gc,phases      ] GC(11)         Total                          Min: 0, Avg:  0.0, Max: 0, Diff: 0, Sum: 0, Workers: 4
[1.997s][debug][gc,phases      ] GC(11)       StringDedup Requests1 Weak     Min:  0.0, Avg:  0.0, Max:  0.0, Diff:  0.0, Sum:  0.0, Workers: 4
[1.997s][debug][gc,phases      ] GC(11)         Dead                           Min: 0, Avg:  0.0, Max: 0, Diff: 0, Sum: 0, Workers: 4
[1.997s][debug][gc,phases      ] GC(11)         Total                          Min: 0, Avg:  0.0, Max: 0, Diff: 0, Sum: 0, Workers: 4
[1.997s][debug][gc,phases      ] GC(11)       Weak JFR Old Object Samples    Min:  0.0, Avg:  0.0, Max:  0.0, Diff:  0.0, Sum:  0.0, Workers: 4
[1.997s][debug][gc,phases      ] GC(11)         Dead                           Min: 0, Avg:  0.0, Max: 0, Diff: 0, Sum: 0, Workers: 4
[1.997s][debug][gc,phases      ] GC(11)         Total                          Min: 0, Avg:  0.0, Max: 0, Diff: 0, Sum: 0, Workers: 4
[1.997s][debug][gc,phases      ] GC(11)     Post Evacuate Cleanup 1: 0.1ms
[1.997s][debug][gc,phases      ] GC(11)       Merge Per-Thread State (ms):   Min:  0.0, Avg:  0.0, Max:  0.0, Diff:  0.0, Sum:  0.0, Workers: 1
[1.997s][debug][gc,phases      ] GC(11)         Copied Bytes                   Min: 0, Avg: 340995.0, Max: 568384, Diff: 568384, Sum: 2727960, Workers: 8
[1.997s][debug][gc,phases      ] GC(11)         LAB Waste                      Min: 0, Avg: 163.0, Max: 312, Diff: 312, Sum: 1304, Workers: 8
[1.997s][debug][gc,phases      ] GC(11)         LAB Undo Waste                 Min: 0, Avg:  0.0, Max: 0, Diff: 0, Sum: 0, Workers: 8
[1.997s][debug][gc,phases      ] GC(11)       Clear Logged Cards (ms):       Min:  0.0, Avg:  0.0, Max:  0.1, Diff:  0.1, Sum:  0.1, Workers: 3
[1.997s][debug][gc,phases      ] GC(11)       Recalculate Used Memory (ms):  Min:  0.0, Avg:  0.0, Max:  0.0, Diff:  0.0, Sum:  0.0, Workers: 1
[1.997s][debug][gc,phases      ] GC(11)     Post Evacuate Cleanup 2: 0.1ms
[1.997s][debug][gc,phases      ] GC(11)       Update Derived Pointers (ms):  Min:  0.0, Avg:  0.0, Max:  0.0, Diff:  0.0, Sum:  0.0, Workers: 1
[1.997s][debug][gc,phases      ] GC(11)       Eagerly Reclaim Humongous Objects (ms): skipped
[1.997s][debug][gc,phases      ] GC(11)         Humongous Total                skipped
[1.997s][debug][gc,phases      ] GC(11)         Humongous Candidates           skipped
[1.997s][debug][gc,phases      ] GC(11)         Humongous Reclaimed            skipped
[1.997s][debug][gc,phases      ] GC(11)       Redirty Logged Cards (ms):     Min:  0.0, Avg:  0.0, Max:  0.0, Diff:  0.0, Sum:  0.0, Workers: 8
[1.997s][debug][gc,phases      ] GC(11)         Redirtied Cards:               Min: 0, Avg: 52.1, Max: 417, Diff: 417, Sum: 417, Workers: 8
[1.997s][debug][gc,phases      ] GC(11)       Resize TLABs (ms):             Min:  0.0, Avg:  0.0, Max:  0.0, Diff:  0.0, Sum:  0.0, Workers: 8
[1.997s][debug][gc,phases      ] GC(11)       Free Collection Set (ms):      Min:  0.0, Avg:  0.0, Max:  0.1, Diff:  0.1, Sum:  0.2, Workers: 8
[1.997s][debug][gc,phases      ] GC(11)     Rebuild Free List: 0.0ms
[1.997s][debug][gc,phases      ] GC(11)     Prepare For Mutator: 0.0ms
[1.997s][debug][gc,phases      ] GC(11)     Expand Heap After Collection: 0.0ms
[1.997s][info ][gc,phases      ] GC(11)   Other: 0.2ms
[1.997s][debug][gc,remset      ] GC(11) Coarsening (recent): Inline->AoC 0 (0) AoC->Howl 0 (0) Howl->Full 0 (0) Inline->AoC 0 (0) AoC->BitMap 0 (0) BitMap->Full 0 (0) 
[1.997s][debug][gc,remset      ] GC(11) Coarsening (all): Inline->AoC 0 (0) AoC->Howl 0 (0) Howl->Full 0 (0) Inline->AoC 0 (0) AoC->BitMap 0 (0) BitMap->Full 0 (0) 
[1.997s][info ][gc,heap        ] GC(11) Eden regions: 125->0(125)
[1.997s][info ][gc,heap        ] GC(11) Survivor regions: 1->1(16)
[1.997s][info ][gc,heap        ] GC(11) Old regions: 1->1
[1.997s][info ][gc,heap        ] GC(11) Humongous regions: 0->0
[1.997s][info ][gc,metaspace   ] GC(11) Metaspace: 9637K(9856K)->9637K(9856K) NonClass: 8534K(8640K)->8534K(8640K) Class: 1102K(1216K)->1102K(1216K)
[1.997s][debug][gc,heap        ] GC(11) Heap after GC invocations=12 (full 0):
[1.997s][debug][gc,heap        ] GC(11)  garbage-first heap   total 864256K, used 3955K [0x000000060d000000, 0x0000000800000000)
[1.997s][debug][gc,heap        ] GC(11)   region size 4096K, 1 young (4096K), 1 survivors (4096K)
[1.997s][debug][gc,heap        ] GC(11)  Metaspace       used 9637K, committed 9856K, reserved 1114112K
[1.997s][debug][gc,heap        ] GC(11)   class space    used 1102K, committed 1216K, reserved 1048576K
[1.997s][info ][gc             ] GC(11) Pause Young (Normal) (G1 Evacuation Pause) 503M->3M(844M) 3.683ms
[1.997s][info ][gc,cpu         ] GC(11) User=0.01s Sys=0.00s Real=0.00s
[1.998s][debug][gc,task        ] G1 Service Thread (Card Set Free Memory Task) (run: 0.950ms) (cpu: 0.027ms)
[2.060s][debug][gc,task,start  ] G1 Service Thread (Periodic GC Task) (run 0.577ms after schedule)
[2.060s][debug][gc,task        ] G1 Service Thread (Periodic GC Task) (run: 0.052ms) (cpu: 0.000ms)
[2.130s][info ][gc,start       ] GC(12) Pause Young (Normal) (G1 Evacuation Pause)
[2.130s][debug][gc,heap        ] GC(12) Heap before GC invocations=12 (full 0):
[2.130s][debug][gc,heap        ] GC(12)  garbage-first heap   total 864256K, used 515955K [0x000000060d000000, 0x0000000800000000)
[2.130s][debug][gc,heap        ] GC(12)   region size 4096K, 126 young (516096K), 1 survivors (4096K)
[2.130s][debug][gc,heap        ] GC(12)  Metaspace       used 9637K, committed 9856K, reserved 1114112K
[2.130s][debug][gc,heap        ] GC(12)   class space    used 1102K, committed 1216K, reserved 1048576K
[2.130s][info ][gc,task        ] GC(12) Using 8 workers of 8 for evacuation
[2.130s][debug][gc,age         ] GC(12) Desired survivor size 33554432 bytes, new threshold 15 (max threshold 15)
[2.130s][debug][gc,tlab        ] GC(12) TLAB totals: thrds: 1  refills: 250 max: 250 slow allocs: 4 max 4 waste:  0.0% gc: 0B max: 0B slow: 240680B max: 240680B
[2.130s][debug][gc,refine,stats] GC(12) Mutator refinement: 0.00ms, refined: 0, precleaned: 0, dirtied: 0
[2.130s][debug][gc,refine,stats] GC(12) Concurrent refinement: 0.00ms, refined: 0, precleaned: 0, dirtied: 0
[2.130s][debug][gc,refine,stats] GC(12) Total refinement: 0.00ms, refined: 0, precleaned: 0, dirtied: 0
[2.130s][debug][gc,refine,stats] GC(12) Generate dirty cards rate: 0.00 cards/ms
[2.130s][debug][gc,alloc,region] GC(12) Mutator Allocation stats, regions: 125, wasted size: 0B ( 0.0%)
[2.130s][debug][gc,ergo,cset   ] GC(12) No candidates to reclaim.
[2.130s][debug][gc,ergo        ] GC(12) Running G1 Merge Heap Roots using 8 workers for 126 regions
[2.131s][debug][gc,remset      ] GC(12) Visited cards 640 Total dirty 8192 (7.81%) Total old 2072576 (0.03%)
[2.132s][debug][gc,ref         ] GC(12) ReferenceProcessor::execute queues: 1, RefProcThreadModel::Single, marks_oops_alive: false
[2.132s][debug][gc,ref         ] GC(12) Skipped KeepAliveFinalRefsPhase of Reference Processing: no references
[2.132s][debug][gc,ref         ] GC(12) ReferenceProcessor::execute queues: 1, RefProcThreadModel::Single, marks_oops_alive: false
[2.133s][debug][gc,ergo        ] GC(12) Running G1 Rebuild Free List Task using 8 workers for rebuilding free list of regions
[2.133s][debug][gc,plab        ] GC(12) Young PLAB allocation: allocated: 2277912B, wasted: 1224B, unused: 147664B, used: 2129024B, undo waste: 0B, 
[2.133s][debug][gc,plab        ] GC(12) Young other allocation: region end waste: 0B, regions filled: 1, num plab filled: 39, direct allocated: 302192B, num direct allocated: 3, failure used: 0B, failure wasted: 0B
[2.133s][debug][gc,plab        ] GC(12) Young sizing: calculated: 425800B, actual: 436168B
[2.133s][debug][gc,plab        ] GC(12) Old PLAB allocation: allocated: 0B, wasted: 0B, unused: 0B, used: 0B, undo waste: 0B, 
[2.133s][debug][gc,plab        ] GC(12) Old other allocation: region end waste: 0B, regions filled: 0, num plab filled: 0, direct allocated: 0B, num direct allocated: 0, failure used: 0B, failure wasted: 0B
[2.133s][debug][gc,plab        ] GC(12) Old sizing: calculated: 0B, actual: 2064B
[2.133s][debug][gc,ergo,heap   ] GC(12) Heap expansion: short term pause time ratio 1.99% long term pause time ratio 2.32% threshold 1.63% pause time ratio 7.69% fully expanded false resize by 0B
[2.133s][debug][gc,mmu         ] GC(12) MMU: 5.5ms (200.0ms/201.0ms)
[2.133s][debug][gc,task,start  ] G1 Service Thread (Card Set Free Memory Task) (run 0.032ms after schedule)
[2.133s][debug][gc,alloc,stats ] Old generation allocation in the last mutator period, old gen allocated: 0B, humongous allocated: 0B, old gen growth: 0B.
[2.133s][debug][gc,ihop        ] GC(12) Basic information (value update), threshold: 398249164B (45.00), target occupancy: 884998144B, current occupancy: 3679472B, recent allocation size: 0B, recent allocation duration: 133.51ms, recent old gen allocation rate: 0.00B/s, recent marking phase length: 0.00ms
[2.133s][debug][gc,ihop        ] GC(12) Adaptive IHOP information (value update), threshold: 398249164B (47.37), internal target occupancy: 840748236B, occupancy: 3679472B, additional buffer size: 528482304B, predicted old gen allocation rate: 0.00B/s, predicted marking phase length: 0.00ms, prediction active: false
[2.133s][debug][gc,ergo,refine ] GC(12) GC refinement: goal: 18446744073709551615 + 12 / 20.00ms, actual: 417 / 0.03ms, 
[2.133s][debug][gc,ergo,refine ] GC(12) Unchanged pending cards target: 18446744073709551615
[2.133s][info ][gc,phases      ] GC(12)   Pre Evacuate Collection Set: 0.3ms
[2.133s][debug][gc,phases      ] GC(12)     Pre Evacuate Prepare: 0.1ms
[2.133s][debug][gc,phases      ] GC(12)       JT Retire TLABs And Flush Logs (ms): Min:  0.0, Avg:  0.0, Max:  0.0, Diff:  0.0, Sum:  0.0, Workers: 2
[2.133s][debug][gc,phases      ] GC(12)       Non-JT Flush Logs (ms):        Min:  0.0, Avg:  0.0, Max:  0.0, Diff:  0.0, Sum:  0.0, Workers: 1
[2.133s][debug][gc,phases      ] GC(12)     Choose Collection Set: 0.0ms
[2.133s][debug][gc,phases      ] GC(12)     Region Register: 0.1ms
[2.133s][debug][gc,phases      ] GC(12)     Prepare Heap Roots: 0.0ms
[2.133s][info ][gc,phases      ] GC(12)   Merge Heap Roots: 0.4ms
[2.133s][debug][gc,phases      ] GC(12)     Prepare Merge Heap Roots: 0.0ms
[2.133s][debug][gc,phases      ] GC(12)     Remembered Sets (ms):          Min:  0.0, Avg:  0.0, Max:  0.0, Diff:  0.0, Sum:  0.1, Workers: 8
[2.133s][debug][gc,phases      ] GC(12)       Eager Reclaim (ms):            skipped
[2.133s][debug][gc,phases      ] GC(12)       Merged Inline                  Min: 0, Avg:  0.0, Max: 0, Diff: 0, Sum: 0, Workers: 8
[2.133s][debug][gc,phases      ] GC(12)       Merged ArrayOfCards            Min: 0, Avg:  0.0, Max: 0, Diff: 0, Sum: 0, Workers: 8
[2.133s][debug][gc,phases      ] GC(12)       Merged Howl                    Min: 0, Avg:  0.0, Max: 0, Diff: 0, Sum: 0, Workers: 8
[2.133s][debug][gc,phases      ] GC(12)       Merged Full                    Min: 0, Avg:  0.0, Max: 0, Diff: 0, Sum: 0, Workers: 8
[2.133s][debug][gc,phases      ] GC(12)       Merged Howl Inline             Min: 0, Avg:  0.0, Max: 0, Diff: 0, Sum: 0, Workers: 8
[2.133s][debug][gc,phases      ] GC(12)       Merged Howl ArrayOfCards       Min: 0, Avg:  0.0, Max: 0, Diff: 0, Sum: 0, Workers: 8
[2.133s][debug][gc,phases      ] GC(12)       Merged Howl BitMap             Min: 0, Avg:  0.0, Max: 0, Diff: 0, Sum: 0, Workers: 8
[2.133s][debug][gc,phases      ] GC(12)       Merged Howl Full               Min: 0, Avg:  0.0, Max: 0, Diff: 0, Sum: 0, Workers: 8
[2.133s][debug][gc,phases      ] GC(12)       Merged Cards                   Min: 8, Avg:  8.0, Max: 8, Diff: 0, Sum: 64, Workers: 8
[2.133s][debug][gc,phases      ] GC(12)     Log Buffers (ms):              Min:  0.0, Avg:  0.0, Max:  0.0, Diff:  0.0, Sum:  0.0, Workers: 8
[2.133s][debug][gc,phases      ] GC(12)       Dirty Cards:                   Min: 0, Avg: 52.1, Max: 158, Diff: 158, Sum: 417, Workers: 8
[2.133s][debug][gc,phases      ] GC(12)       Skipped Cards:                 Min: 0, Avg:  0.0, Max: 0, Diff: 0, Sum: 0, Workers: 8
[2.133s][info ][gc,phases      ] GC(12)   Evacuate Collection Set: 1.4ms
[2.133s][debug][gc,phases      ] GC(12)     Ext Root Scanning (ms):        Min:  0.0, Avg:  0.1, Max:  0.4, Diff:  0.4, Sum:  0.7, Workers: 8
[2.133s][debug][gc,phases      ] GC(12)     Scan Heap Roots (ms):          Min:  0.0, Avg:  0.0, Max:  0.1, Diff:  0.1, Sum:  0.2, Workers: 8
[2.133s][debug][gc,phases      ] GC(12)       Scanned Cards:                 Min: 0, Avg: 50.1, Max: 102, Diff: 102, Sum: 401, Workers: 8
[2.133s][debug][gc,phases      ] GC(12)       Scanned Blocks:                Min: 0, Avg:  4.2, Max: 17, Diff: 17, Sum: 34, Workers: 8
[2.133s][debug][gc,phases      ] GC(12)       Claimed Chunks:                Min: 0, Avg:  1.2, Max: 3, Diff: 3, Sum: 10, Workers: 8
[2.133s][debug][gc,phases      ] GC(12)       Found Roots:                   Min: 0, Avg: 275.2, Max: 558, Diff: 558, Sum: 2202, Workers: 8
[2.133s][debug][gc,phases      ] GC(12)     Code Root Scan (ms):           Min:  0.0, Avg:  0.1, Max:  0.3, Diff:  0.3, Sum:  1.0, Workers: 8
[2.133s][debug][gc,phases      ] GC(12)       Scanned Nmethods               Min: 0, Avg:  0.0, Max: 0, Diff: 0, Sum: 0, Workers: 8
[2.133s][debug][gc,phases      ] GC(12)     Object Copy (ms):              Min:  0.0, Avg:  0.8, Max:  1.1, Diff:  1.1, Sum:  6.2, Workers: 8
[2.133s][debug][gc,phases      ] GC(12)     Termination (ms):              Min:  0.0, Avg:  0.1, Max:  0.1, Diff:  0.1, Sum:  0.8, Workers: 8
[2.133s][debug][gc,phases      ] GC(12)       Termination Attempts:          Min: 1, Avg:  2.4, Max: 4, Diff: 3, Sum: 19, Workers: 8
[2.133s][debug][gc,phases      ] GC(12)     GC Worker Other (ms):          Min:  0.0, Avg:  0.0, Max:  0.0, Diff:  0.0, Sum:  0.1, Workers: 8
[2.133s][debug][gc,phases      ] GC(12)     GC Worker Total (ms):          Min:  0.1, Avg:  1.1, Max:  1.3, Diff:  1.2, Sum:  9.0, Workers: 8
[2.133s][info ][gc,phases      ] GC(12)   Post Evacuate Collection Set: 0.7ms
[2.133s][debug][gc,phases      ] GC(12)     NMethod List Cleanup: 0.0ms
[2.133s][debug][gc,phases      ] GC(12)     Reference Processing: 0.2ms
[2.133s][debug][gc,phases,ref  ] GC(12)       Notify Soft/WeakReferences: 0.1ms
[2.133s][debug][gc,phases,ref  ] GC(12)         SoftRef (ms):                  Min:  0.0, Avg:  0.0, Max:  0.0, Diff:  0.0, Sum:  0.0, Workers: 1
[2.133s][debug][gc,phases,ref  ] GC(12)         WeakRef (ms):                  Min:  0.0, Avg:  0.0, Max:  0.0, Diff:  0.0, Sum:  0.0, Workers: 1
[2.133s][debug][gc,phases,ref  ] GC(12)         FinalRef (ms):                 Min:  0.0, Avg:  0.0, Max:  0.0, Diff:  0.0, Sum:  0.0, Workers: 1
[2.133s][debug][gc,phases,ref  ] GC(12)         Total (ms):                    Min:  0.0, Avg:  0.0, Max:  0.0, Diff:  0.0, Sum:  0.0, Workers: 1
[2.133s][debug][gc,phases,ref  ] GC(12)       Notify and keep alive finalizable: 0.0ms
[2.133s][debug][gc,phases,ref  ] GC(12)         FinalRef (ms):                 skipped
[2.133s][debug][gc,phases,ref  ] GC(12)       Notify PhantomReferences: 0.0ms
[2.133s][debug][gc,phases,ref  ] GC(12)         PhantomRef (ms):               Min:  0.0, Avg:  0.0, Max:  0.0, Diff:  0.0, Sum:  0.0, Workers: 1
[2.133s][debug][gc,phases,ref  ] GC(12)       SoftReference Discovered: 0, Dropped: 0, Processed: 0
[2.133s][debug][gc,phases,ref  ] GC(12)       WeakReference Discovered: 383, Dropped: 383, Processed: 0
[2.133s][debug][gc,phases,ref  ] GC(12)       FinalReference Discovered: 0, Dropped: 0, Processed: 0
[2.133s][debug][gc,phases,ref  ] GC(12)       PhantomReference Discovered: 1, Dropped: 1, Processed: 0
[2.133s][debug][gc,phases      ] GC(12)     Weak Processing: 0.1ms
[2.133s][debug][gc,phases      ] GC(12)       VM Weak                        Min:  0.0, Avg:  0.0, Max:  0.0, Diff:  0.0, Sum:  0.0, Workers: 4
[2.133s][debug][gc,phases      ] GC(12)         Dead                           Min: 0, Avg:  0.0, Max: 0, Diff: 0, Sum: 0, Workers: 4
[2.133s][debug][gc,phases      ] GC(12)         Total                          Min: 0, Avg: 18.0, Max: 72, Diff: 72, Sum: 72, Workers: 4
[2.133s][debug][gc,phases      ] GC(12)       ObjectSynchronizer Weak        Min:  0.0, Avg:  0.0, Max:  0.0, Diff:  0.0, Sum:  0.0, Workers: 4
[2.133s][debug][gc,phases      ] GC(12)         Dead                           Min: 0, Avg:  0.0, Max: 0, Diff: 0, Sum: 0, Workers: 4
[2.133s][debug][gc,phases      ] GC(12)         Total                          Min: 0, Avg:  0.2, Max: 1, Diff: 1, Sum: 1, Workers: 4
[2.133s][debug][gc,phases      ] GC(12)       JVMTI Tag Weak OopStorage      Min:  0.0, Avg:  0.0, Max:  0.0, Diff:  0.0, Sum:  0.0, Workers: 4
[2.133s][debug][gc,phases      ] GC(12)         Dead                           Min: 0, Avg:  0.0, Max: 0, Diff: 0, Sum: 0, Workers: 4
[2.133s][debug][gc,phases      ] GC(12)         Total                          Min: 0, Avg:  0.0, Max: 0, Diff: 0, Sum: 0, Workers: 4
[2.133s][debug][gc,phases      ] GC(12)       StringTable Weak               Min:  0.0, Avg:  0.0, Max:  0.0, Diff:  0.0, Sum:  0.1, Workers: 4
[2.133s][debug][gc,phases      ] GC(12)         Dead                           Min: 0, Avg:  0.0, Max: 0, Diff: 0, Sum: 0, Workers: 4
[2.133s][debug][gc,phases      ] GC(12)         Total                          Min: 618, Avg: 762.5, Max: 960, Diff: 342, Sum: 3050, Workers: 4
[2.133s][debug][gc,phases      ] GC(12)       ResolvedMethodTable Weak       Min:  0.0, Avg:  0.0, Max:  0.0, Diff:  0.0, Sum:  0.0, Workers: 4
[2.133s][debug][gc,phases      ] GC(12)         Dead                           Min: 0, Avg:  0.0, Max: 0, Diff: 0, Sum: 0, Workers: 4
[2.133s][debug][gc,phases      ] GC(12)         Total                          Min: 166, Avg: 185.5, Max: 192, Diff: 26, Sum: 742, Workers: 4
[2.133s][debug][gc,phases      ] GC(12)       JNI Weak                       Min:  0.0, Avg:  0.0, Max:  0.0, Diff:  0.0, Sum:  0.0, Workers: 4
[2.133s][debug][gc,phases      ] GC(12)         Dead                           Min: 0, Avg:  0.0, Max: 0, Diff: 0, Sum: 0, Workers: 4
[2.133s][debug][gc,phases      ] GC(12)         Total                          Min: 0, Avg:  0.0, Max: 0, Diff: 0, Sum: 0, Workers: 4
[2.133s][debug][gc,phases      ] GC(12)       StringDedup Table Weak         Min:  0.0, Avg:  0.0, Max:  0.0, Diff:  0.0, Sum:  0.0, Workers: 4
[2.133s][debug][gc,phases      ] GC(12)         Dead                           Min: 0, Avg:  0.0, Max: 0, Diff: 0, Sum: 0, Workers: 4
[2.133s][debug][gc,phases      ] GC(12)         Total                          Min: 0, Avg:  0.0, Max: 0, Diff: 0, Sum: 0, Workers: 4
[2.133s][debug][gc,phases      ] GC(12)       StringDedup Requests0 Weak     Min:  0.0, Avg:  0.0, Max:  0.0, Diff:  0.0, Sum:  0.0, Workers: 4
[2.133s][debug][gc,phases      ] GC(12)         Dead                           Min: 0, Avg:  0.0, Max: 0, Diff: 0, Sum: 0, Workers: 4
[2.133s][debug][gc,phases      ] GC(12)         Total                          Min: 0, Avg:  0.0, Max: 0, Diff: 0, Sum: 0, Workers: 4
[2.133s][debug][gc,phases      ] GC(12)       StringDedup Requests1 Weak     Min:  0.0, Avg:  0.0, Max:  0.0, Diff:  0.0, Sum:  0.0, Workers: 4
[2.133s][debug][gc,phases      ] GC(12)         Dead                           Min: 0, Avg:  0.0, Max: 0, Diff: 0, Sum: 0, Workers: 4
[2.133s][debug][gc,phases      ] GC(12)         Total                          Min: 0, Avg:  0.0, Max: 0, Diff: 0, Sum: 0, Workers: 4
[2.133s][debug][gc,phases      ] GC(12)       Weak JFR Old Object Samples    Min:  0.0, Avg:  0.0, Max:  0.0, Diff:  0.0, Sum:  0.0, Workers: 4
[2.133s][debug][gc,phases      ] GC(12)         Dead                           Min: 0, Avg:  0.0, Max: 0, Diff: 0, Sum: 0, Workers: 4
[2.133s][debug][gc,phases      ] GC(12)         Total                          Min: 0, Avg:  0.0, Max: 0, Diff: 0, Sum: 0, Workers: 4
[2.133s][debug][gc,phases      ] GC(12)     Post Evacuate Cleanup 1: 0.1ms
[2.133s][debug][gc,phases      ] GC(12)       Merge Per-Thread State (ms):   Min:  0.0, Avg:  0.0, Max:  0.0, Diff:  0.0, Sum:  0.0, Workers: 1
[2.133s][debug][gc,phases      ] GC(12)         Copied Bytes                   Min: 0, Avg: 303902.0, Max: 501736, Diff: 501736, Sum: 2431216, Workers: 8
[2.133s][debug][gc,phases      ] GC(12)         LAB Waste                      Min: 0, Avg: 153.0, Max: 304, Diff: 304, Sum: 1224, Workers: 8
[2.133s][debug][gc,phases      ] GC(12)         LAB Undo Waste                 Min: 0, Avg:  0.0, Max: 0, Diff: 0, Sum: 0, Workers: 8
[2.133s][debug][gc,phases      ] GC(12)       Clear Logged Cards (ms):       Min:  0.0, Avg:  0.0, Max:  0.1, Diff:  0.1, Sum:  0.1, Workers: 3
[2.133s][debug][gc,phases      ] GC(12)       Recalculate Used Memory (ms):  Min:  0.0, Avg:  0.0, Max:  0.0, Diff:  0.0, Sum:  0.0, Workers: 1
[2.133s][debug][gc,phases      ] GC(12)     Post Evacuate Cleanup 2: 0.2ms
[2.133s][debug][gc,phases      ] GC(12)       Update Derived Pointers (ms):  Min:  0.0, Avg:  0.0, Max:  0.0, Diff:  0.0, Sum:  0.0, Workers: 1
[2.133s][debug][gc,phases      ] GC(12)       Eagerly Reclaim Humongous Objects (ms): skipped
[2.133s][debug][gc,phases      ] GC(12)         Humongous Total                skipped
[2.133s][debug][gc,phases      ] GC(12)         Humongous Candidates           skipped
[2.133s][debug][gc,phases      ] GC(12)         Humongous Reclaimed            skipped
[2.133s][debug][gc,phases      ] GC(12)       Redirty Logged Cards (ms):     Min:  0.0, Avg:  0.0, Max:  0.0, Diff:  0.0, Sum:  0.0, Workers: 8
[2.133s][debug][gc,phases      ] GC(12)         Redirtied Cards:               Min: 0, Avg: 51.1, Max: 349, Diff: 349, Sum: 409, Workers: 8
[2.133s][debug][gc,phases      ] GC(12)       Resize TLABs (ms):             Min:  0.0, Avg:  0.0, Max:  0.0, Diff:  0.0, Sum:  0.0, Workers: 8
[2.133s][debug][gc,phases      ] GC(12)       Free Collection Set (ms):      Min:  0.0, Avg:  0.0, Max:  0.1, Diff:  0.1, Sum:  0.3, Workers: 8
[2.133s][debug][gc,phases      ] GC(12)     Rebuild Free List: 0.1ms
[2.133s][debug][gc,phases      ] GC(12)     Prepare For Mutator: 0.0ms
[2.133s][debug][gc,phases      ] GC(12)     Expand Heap After Collection: 0.0ms
[2.133s][info ][gc,phases      ] GC(12)   Other: 0.2ms
[2.133s][debug][gc,remset      ] GC(12) Coarsening (recent): Inline->AoC 0 (0) AoC->Howl 0 (0) Howl->Full 0 (0) Inline->AoC 0 (0) AoC->BitMap 0 (0) BitMap->Full 0 (0) 
[2.133s][debug][gc,remset      ] GC(12) Coarsening (all): Inline->AoC 0 (0) AoC->Howl 0 (0) Howl->Full 0 (0) Inline->AoC 0 (0) AoC->BitMap 0 (0) BitMap->Full 0 (0) 
[2.133s][info ][gc,heap        ] GC(12) Eden regions: 125->0(125)
[2.133s][info ][gc,heap        ] GC(12) Survivor regions: 1->1(16)
[2.133s][info ][gc,heap        ] GC(12) Old regions: 1->1
[2.133s][info ][gc,heap        ] GC(12) Humongous regions: 0->0
[2.133s][info ][gc,metaspace   ] GC(12) Metaspace: 9637K(9856K)->9637K(9856K) NonClass: 8534K(8640K)->8534K(8640K) Class: 1102K(1216K)->1102K(1216K)
[2.133s][debug][gc,heap        ] GC(12) Heap after GC invocations=13 (full 0):
[2.133s][debug][gc,heap        ] GC(12)  garbage-first heap   total 864256K, used 3593K [0x000000060d000000, 0x0000000800000000)
[2.133s][debug][gc,heap        ] GC(12)   region size 4096K, 1 young (4096K), 1 survivors (4096K)
[2.133s][debug][gc,heap        ] GC(12)  Metaspace       used 9637K, committed 9856K, reserved 1114112K
[2.133s][debug][gc,heap        ] GC(12)   class space    used 1102K, committed 1216K, reserved 1048576K
[2.133s][info ][gc             ] GC(12) Pause Young (Normal) (G1 Evacuation Pause) 503M->3M(844M) 3.379ms
[2.133s][info ][gc,cpu         ] GC(12) User=0.01s Sys=0.00s Real=0.01s
[2.133s][debug][gc,task        ] G1 Service Thread (Card Set Free Memory Task) (run: 0.605ms) (cpu: 0.048ms)
[2.284s][info ][gc,start       ] GC(13) Pause Young (Normal) (G1 Evacuation Pause)
[2.284s][debug][gc,heap        ] GC(13) Heap before GC invocations=13 (full 0):
[2.284s][debug][gc,heap        ] GC(13)  garbage-first heap   total 864256K, used 515593K [0x000000060d000000, 0x0000000800000000)
[2.284s][debug][gc,heap        ] GC(13)   region size 4096K, 126 young (516096K), 1 survivors (4096K)
[2.284s][debug][gc,heap        ] GC(13)  Metaspace       used 9637K, committed 9856K, reserved 1114112K
[2.284s][debug][gc,heap        ] GC(13)   class space    used 1102K, committed 1216K, reserved 1048576K
[2.284s][info ][gc,task        ] GC(13) Using 8 workers of 8 for evacuation
[2.284s][debug][gc,age         ] GC(13) Desired survivor size 33554432 bytes, new threshold 15 (max threshold 15)
[2.284s][debug][gc,tlab        ] GC(13) TLAB totals: thrds: 1  refills: 250 max: 250 slow allocs: 5 max 5 waste:  0.0% gc: 0B max: 0B slow: 234248B max: 234248B
[2.284s][debug][gc,refine,stats] GC(13) Mutator refinement: 0.00ms, refined: 0, precleaned: 0, dirtied: 0
[2.284s][debug][gc,refine,stats] GC(13) Concurrent refinement: 0.00ms, refined: 0, precleaned: 0, dirtied: 0
[2.284s][debug][gc,refine,stats] GC(13) Total refinement: 0.00ms, refined: 0, precleaned: 0, dirtied: 0
[2.284s][debug][gc,refine,stats] GC(13) Generate dirty cards rate: 0.00 cards/ms
[2.284s][debug][gc,alloc,region] GC(13) Mutator Allocation stats, regions: 125, wasted size: 0B ( 0.0%)
[2.284s][debug][gc,ergo,cset   ] GC(13) No candidates to reclaim.
[2.284s][debug][gc,ergo        ] GC(13) Running G1 Merge Heap Roots using 8 workers for 126 regions
[2.284s][debug][gc,remset      ] GC(13) Visited cards 640 Total dirty 8192 (7.81%) Total old 2072576 (0.03%)
[2.286s][debug][gc,ref         ] GC(13) ReferenceProcessor::execute queues: 1, RefProcThreadModel::Single, marks_oops_alive: false
[2.286s][debug][gc,ref         ] GC(13) Skipped KeepAliveFinalRefsPhase of Reference Processing: no references
[2.286s][debug][gc,ref         ] GC(13) ReferenceProcessor::execute queues: 1, RefProcThreadModel::Single, marks_oops_alive: false
[2.286s][debug][gc,ergo        ] GC(13) Running G1 Rebuild Free List Task using 8 workers for rebuilding free list of regions
[2.286s][debug][gc,plab        ] GC(13) Young PLAB allocation: allocated: 2616960B, wasted: 1528B, unused: 201392B, used: 2414040B, undo waste: 0B, 
[2.286s][debug][gc,plab        ] GC(13) Young other allocation: region end waste: 0B, regions filled: 1, num plab filled: 45, direct allocated: 326800B, num direct allocated: 5, failure used: 0B, failure wasted: 0B
[2.286s][debug][gc,plab        ] GC(13) Young sizing: calculated: 482808B, actual: 471144B
[2.286s][debug][gc,plab        ] GC(13) Old PLAB allocation: allocated: 0B, wasted: 0B, unused: 0B, used: 0B, undo waste: 0B, 
[2.286s][debug][gc,plab        ] GC(13) Old other allocation: region end waste: 0B, regions filled: 0, num plab filled: 0, direct allocated: 0B, num direct allocated: 0, failure used: 0B, failure wasted: 0B
[2.286s][debug][gc,plab        ] GC(13) Old sizing: calculated: 0B, actual: 2064B
[2.287s][debug][gc,ergo,heap   ] GC(13) Heap expansion: short term pause time ratio 2.03% long term pause time ratio 2.44% threshold 1.63% pause time ratio 7.69% fully expanded false resize by 0B
[2.287s][debug][gc,task,start  ] G1 Service Thread (Card Set Free Memory Task) (run 0.011ms after schedule)
[2.287s][debug][gc,mmu         ] GC(13) MMU: 5.5ms (200.0ms/201.0ms)
[2.287s][debug][gc,alloc,stats ] Old generation allocation in the last mutator period, old gen allocated: 0B, humongous allocated: 0B, old gen growth: 0B.
[2.287s][debug][gc,ihop        ] GC(13) Basic information (value update), threshold: 398249164B (45.00), target occupancy: 884998144B, current occupancy: 4043128B, recent allocation size: 0B, recent allocation duration: 150.98ms, recent old gen allocation rate: 0.00B/s, recent marking phase length: 0.00ms
[2.287s][debug][gc,ihop        ] GC(13) Adaptive IHOP information (value update), threshold: 398249164B (47.37), internal target occupancy: 840748236B, occupancy: 4043128B, additional buffer size: 528482304B, predicted old gen allocation rate: 0.00B/s, predicted marking phase length: 0.00ms, prediction active: false
[2.287s][debug][gc,ergo,refine ] GC(13) GC refinement: goal: 18446744073709551615 + 9 / 20.00ms, actual: 409 / 0.04ms, 
[2.287s][debug][gc,ergo,refine ] GC(13) Unchanged pending cards target: 18446744073709551615
[2.287s][info ][gc,phases      ] GC(13)   Pre Evacuate Collection Set: 0.1ms
[2.287s][debug][gc,phases      ] GC(13)     Pre Evacuate Prepare: 0.0ms
[2.287s][debug][gc,phases      ] GC(13)       JT Retire TLABs And Flush Logs (ms): Min:  0.0, Avg:  0.0, Max:  0.0, Diff:  0.0, Sum:  0.0, Workers: 2
[2.287s][debug][gc,phases      ] GC(13)       Non-JT Flush Logs (ms):        Min:  0.0, Avg:  0.0, Max:  0.0, Diff:  0.0, Sum:  0.0, Workers: 1
[2.287s][debug][gc,phases      ] GC(13)     Choose Collection Set: 0.0ms
[2.287s][debug][gc,phases      ] GC(13)     Region Register: 0.1ms
[2.287s][debug][gc,phases      ] GC(13)     Prepare Heap Roots: 0.0ms
[2.287s][info ][gc,phases      ] GC(13)   Merge Heap Roots: 0.4ms
[2.287s][debug][gc,phases      ] GC(13)     Prepare Merge Heap Roots: 0.0ms
[2.287s][debug][gc,phases      ] GC(13)     Remembered Sets (ms):          Min:  0.0, Avg:  0.0, Max:  0.0, Diff:  0.0, Sum:  0.1, Workers: 8
[2.287s][debug][gc,phases      ] GC(13)       Eager Reclaim (ms):            skipped
[2.287s][debug][gc,phases      ] GC(13)       Merged Inline                  Min: 0, Avg:  0.0, Max: 0, Diff: 0, Sum: 0, Workers: 8
[2.287s][debug][gc,phases      ] GC(13)       Merged ArrayOfCards            Min: 0, Avg:  0.0, Max: 0, Diff: 0, Sum: 0, Workers: 8
[2.287s][debug][gc,phases      ] GC(13)       Merged Howl                    Min: 0, Avg:  0.0, Max: 0, Diff: 0, Sum: 0, Workers: 8
[2.287s][debug][gc,phases      ] GC(13)       Merged Full                    Min: 0, Avg:  0.0, Max: 0, Diff: 0, Sum: 0, Workers: 8
[2.287s][debug][gc,phases      ] GC(13)       Merged Howl Inline             Min: 0, Avg:  0.0, Max: 0, Diff: 0, Sum: 0, Workers: 8
[2.287s][debug][gc,phases      ] GC(13)       Merged Howl ArrayOfCards       Min: 0, Avg:  0.0, Max: 0, Diff: 0, Sum: 0, Workers: 8
[2.287s][debug][gc,phases      ] GC(13)       Merged Howl BitMap             Min: 0, Avg:  0.0, Max: 0, Diff: 0, Sum: 0, Workers: 8
[2.287s][debug][gc,phases      ] GC(13)       Merged Howl Full               Min: 0, Avg:  0.0, Max: 0, Diff: 0, Sum: 0, Workers: 8
[2.287s][debug][gc,phases      ] GC(13)       Merged Cards                   Min: 8, Avg:  8.0, Max: 8, Diff: 0, Sum: 64, Workers: 8
[2.287s][debug][gc,phases      ] GC(13)     Log Buffers (ms):              Min:  0.0, Avg:  0.0, Max:  0.0, Diff:  0.0, Sum:  0.0, Workers: 8
[2.287s][debug][gc,phases      ] GC(13)       Dirty Cards:                   Min: 0, Avg: 51.1, Max: 185, Diff: 185, Sum: 409, Workers: 8
[2.287s][debug][gc,phases      ] GC(13)       Skipped Cards:                 Min: 0, Avg:  0.0, Max: 0, Diff: 0, Sum: 0, Workers: 8
[2.287s][info ][gc,phases      ] GC(13)   Evacuate Collection Set: 1.6ms
[2.287s][debug][gc,phases      ] GC(13)     Ext Root Scanning (ms):        Min:  0.0, Avg:  0.1, Max:  0.4, Diff:  0.4, Sum:  0.5, Workers: 8
[2.287s][debug][gc,phases      ] GC(13)     Scan Heap Roots (ms):          Min:  0.0, Avg:  0.0, Max:  0.1, Diff:  0.1, Sum:  0.3, Workers: 8
[2.287s][debug][gc,phases      ] GC(13)       Scanned Cards:                 Min: 0, Avg: 50.1, Max: 112, Diff: 112, Sum: 401, Workers: 8
[2.287s][debug][gc,phases      ] GC(13)       Scanned Blocks:                Min: 0, Avg:  4.2, Max: 16, Diff: 16, Sum: 34, Workers: 8
[2.287s][debug][gc,phases      ] GC(13)       Claimed Chunks:                Min: 0, Avg:  1.2, Max: 4, Diff: 4, Sum: 10, Workers: 8
[2.287s][debug][gc,phases      ] GC(13)       Found Roots:                   Min: 0, Avg: 275.0, Max: 692, Diff: 692, Sum: 2200, Workers: 8
[2.287s][debug][gc,phases      ] GC(13)     Code Root Scan (ms):           Min:  0.0, Avg:  0.1, Max:  0.4, Diff:  0.4, Sum:  1.1, Workers: 8
[2.287s][debug][gc,phases      ] GC(13)       Scanned Nmethods               Min: 0, Avg:  0.0, Max: 0, Diff: 0, Sum: 0, Workers: 8
[2.287s][debug][gc,phases      ] GC(13)     Object Copy (ms):              Min:  0.0, Avg:  0.9, Max:  1.4, Diff:  1.4, Sum:  6.8, Workers: 8
[2.287s][debug][gc,phases      ] GC(13)     Termination (ms):              Min:  0.0, Avg:  0.1, Max:  0.1, Diff:  0.1, Sum:  0.5, Workers: 8
[2.287s][debug][gc,phases      ] GC(13)       Termination Attempts:          Min: 1, Avg:  1.0, Max: 1, Diff: 0, Sum: 8, Workers: 8
[2.287s][debug][gc,phases      ] GC(13)     GC Worker Other (ms):          Min:  0.0, Avg:  0.0, Max:  0.0, Diff:  0.0, Sum:  0.1, Workers: 8
[2.287s][debug][gc,phases      ] GC(13)     GC Worker Total (ms):          Min:  0.0, Avg:  1.2, Max:  1.6, Diff:  1.5, Sum:  9.3, Workers: 8
[2.287s][info ][gc,phases      ] GC(13)   Post Evacuate Collection Set: 0.5ms
[2.287s][debug][gc,phases      ] GC(13)     NMethod List Cleanup: 0.0ms
[2.287s][debug][gc,phases      ] GC(13)     Reference Processing: 0.1ms
[2.287s][debug][gc,phases,ref  ] GC(13)       Notify Soft/WeakReferences: 0.1ms
[2.287s][debug][gc,phases,ref  ] GC(13)         SoftRef (ms):                  Min:  0.0, Avg:  0.0, Max:  0.0, Diff:  0.0, Sum:  0.0, Workers: 1
[2.287s][debug][gc,phases,ref  ] GC(13)         WeakRef (ms):                  Min:  0.0, Avg:  0.0, Max:  0.0, Diff:  0.0, Sum:  0.0, Workers: 1
[2.287s][debug][gc,phases,ref  ] GC(13)         FinalRef (ms):                 Min:  0.0, Avg:  0.0, Max:  0.0, Diff:  0.0, Sum:  0.0, Workers: 1
[2.287s][debug][gc,phases,ref  ] GC(13)         Total (ms):                    Min:  0.0, Avg:  0.0, Max:  0.0, Diff:  0.0, Sum:  0.0, Workers: 1
[2.287s][debug][gc,phases,ref  ] GC(13)       Notify and keep alive finalizable: 0.0ms
[2.287s][debug][gc,phases,ref  ] GC(13)         FinalRef (ms):                 skipped
[2.287s][debug][gc,phases,ref  ] GC(13)       Notify PhantomReferences: 0.0ms
[2.287s][debug][gc,phases,ref  ] GC(13)         PhantomRef (ms):               Min:  0.0, Avg:  0.0, Max:  0.0, Diff:  0.0, Sum:  0.0, Workers: 1
[2.287s][debug][gc,phases,ref  ] GC(13)       SoftReference Discovered: 0, Dropped: 0, Processed: 0
[2.287s][debug][gc,phases,ref  ] GC(13)       WeakReference Discovered: 325, Dropped: 325, Processed: 0
[2.287s][debug][gc,phases,ref  ] GC(13)       FinalReference Discovered: 0, Dropped: 0, Processed: 0
[2.287s][debug][gc,phases,ref  ] GC(13)       PhantomReference Discovered: 1, Dropped: 1, Processed: 0
[2.287s][debug][gc,phases      ] GC(13)     Weak Processing: 0.1ms
[2.287s][debug][gc,phases      ] GC(13)       VM Weak                        Min:  0.0, Avg:  0.0, Max:  0.0, Diff:  0.0, Sum:  0.0, Workers: 4
[2.287s][debug][gc,phases      ] GC(13)         Dead                           Min: 0, Avg:  0.0, Max: 0, Diff: 0, Sum: 0, Workers: 4
[2.287s][debug][gc,phases      ] GC(13)         Total                          Min: 0, Avg: 18.0, Max: 72, Diff: 72, Sum: 72, Workers: 4
[2.287s][debug][gc,phases      ] GC(13)       ObjectSynchronizer Weak        Min:  0.0, Avg:  0.0, Max:  0.0, Diff:  0.0, Sum:  0.0, Workers: 4
[2.287s][debug][gc,phases      ] GC(13)         Dead                           Min: 0, Avg:  0.0, Max: 0, Diff: 0, Sum: 0, Workers: 4
[2.287s][debug][gc,phases      ] GC(13)         Total                          Min: 0, Avg:  0.2, Max: 1, Diff: 1, Sum: 1, Workers: 4
[2.287s][debug][gc,phases      ] GC(13)       JVMTI Tag Weak OopStorage      Min:  0.0, Avg:  0.0, Max:  0.0, Diff:  0.0, Sum:  0.0, Workers: 4
[2.287s][debug][gc,phases      ] GC(13)         Dead                           Min: 0, Avg:  0.0, Max: 0, Diff: 0, Sum: 0, Workers: 4
[2.287s][debug][gc,phases      ] GC(13)         Total                          Min: 0, Avg:  0.0, Max: 0, Diff: 0, Sum: 0, Workers: 4
[2.287s][debug][gc,phases      ] GC(13)       StringTable Weak               Min:  0.0, Avg:  0.0, Max:  0.0, Diff:  0.0, Sum:  0.1, Workers: 4
[2.287s][debug][gc,phases      ] GC(13)         Dead                           Min: 0, Avg:  0.0, Max: 0, Diff: 0, Sum: 0, Workers: 4
[2.287s][debug][gc,phases      ] GC(13)         Total                          Min: 298, Avg: 762.5, Max: 1536, Diff: 1238, Sum: 3050, Workers: 4
[2.287s][debug][gc,phases      ] GC(13)       ResolvedMethodTable Weak       Min:  0.0, Avg:  0.0, Max:  0.0, Diff:  0.0, Sum:  0.0, Workers: 4
[2.287s][debug][gc,phases      ] GC(13)         Dead                           Min: 0, Avg:  0.0, Max: 0, Diff: 0, Sum: 0, Workers: 4
[2.287s][debug][gc,phases      ] GC(13)         Total                          Min: 128, Avg: 185.5, Max: 230, Diff: 102, Sum: 742, Workers: 4
[2.287s][debug][gc,phases      ] GC(13)       JNI Weak                       Min:  0.0, Avg:  0.0, Max:  0.0, Diff:  0.0, Sum:  0.0, Workers: 4
[2.287s][debug][gc,phases      ] GC(13)         Dead                           Min: 0, Avg:  0.0, Max: 0, Diff: 0, Sum: 0, Workers: 4
[2.287s][debug][gc,phases      ] GC(13)         Total                          Min: 0, Avg:  0.0, Max: 0, Diff: 0, Sum: 0, Workers: 4
[2.287s][debug][gc,phases      ] GC(13)       StringDedup Table Weak         Min:  0.0, Avg:  0.0, Max:  0.0, Diff:  0.0, Sum:  0.0, Workers: 4
[2.287s][debug][gc,phases      ] GC(13)         Dead                           Min: 0, Avg:  0.0, Max: 0, Diff: 0, Sum: 0, Workers: 4
[2.287s][debug][gc,phases      ] GC(13)         Total                          Min: 0, Avg:  0.0, Max: 0, Diff: 0, Sum: 0, Workers: 4
[2.287s][debug][gc,phases      ] GC(13)       StringDedup Requests0 Weak     Min:  0.0, Avg:  0.0, Max:  0.0, Diff:  0.0, Sum:  0.0, Workers: 4
[2.287s][debug][gc,phases      ] GC(13)         Dead                           Min: 0, Avg:  0.0, Max: 0, Diff: 0, Sum: 0, Workers: 4
[2.287s][debug][gc,phases      ] GC(13)         Total                          Min: 0, Avg:  0.0, Max: 0, Diff: 0, Sum: 0, Workers: 4
[2.287s][debug][gc,phases      ] GC(13)       StringDedup Requests1 Weak     Min:  0.0, Avg:  0.0, Max:  0.0, Diff:  0.0, Sum:  0.0, Workers: 4
[2.287s][debug][gc,phases      ] GC(13)         Dead                           Min: 0, Avg:  0.0, Max: 0, Diff: 0, Sum: 0, Workers: 4
[2.287s][debug][gc,phases      ] GC(13)         Total                          Min: 0, Avg:  0.0, Max: 0, Diff: 0, Sum: 0, Workers: 4
[2.287s][debug][gc,phases      ] GC(13)       Weak JFR Old Object Samples    Min:  0.0, Avg:  0.0, Max:  0.0, Diff:  0.0, Sum:  0.0, Workers: 4
[2.287s][debug][gc,phases      ] GC(13)         Dead                           Min: 0, Avg:  0.0, Max: 0, Diff: 0, Sum: 0, Workers: 4
[2.287s][debug][gc,phases      ] GC(13)         Total                          Min: 0, Avg:  0.0, Max: 0, Diff: 0, Sum: 0, Workers: 4
[2.287s][debug][gc,phases      ] GC(13)     Post Evacuate Cleanup 1: 0.1ms
[2.287s][debug][gc,phases      ] GC(13)       Merge Per-Thread State (ms):   Min:  0.0, Avg:  0.0, Max:  0.0, Diff:  0.0, Sum:  0.0, Workers: 1
[2.287s][debug][gc,phases      ] GC(13)         Copied Bytes                   Min: 0, Avg: 342605.0, Max: 653488, Diff: 653488, Sum: 2740840, Workers: 8
[2.287s][debug][gc,phases      ] GC(13)         LAB Waste                      Min: 0, Avg: 191.0, Max: 424, Diff: 424, Sum: 1528, Workers: 8
[2.287s][debug][gc,phases      ] GC(13)         LAB Undo Waste                 Min: 0, Avg:  0.0, Max: 0, Diff: 0, Sum: 0, Workers: 8
[2.287s][debug][gc,phases      ] GC(13)       Clear Logged Cards (ms):       Min:  0.0, Avg:  0.0, Max:  0.0, Diff:  0.0, Sum:  0.0, Workers: 3
[2.287s][debug][gc,phases      ] GC(13)       Recalculate Used Memory (ms):  Min:  0.0, Avg:  0.0, Max:  0.0, Diff:  0.0, Sum:  0.0, Workers: 1
[2.287s][debug][gc,phases      ] GC(13)     Post Evacuate Cleanup 2: 0.1ms
[2.287s][debug][gc,phases      ] GC(13)       Update Derived Pointers (ms):  Min:  0.0, Avg:  0.0, Max:  0.0, Diff:  0.0, Sum:  0.0, Workers: 1
[2.287s][debug][gc,phases      ] GC(13)       Eagerly Reclaim Humongous Objects (ms): skipped
[2.287s][debug][gc,phases      ] GC(13)         Humongous Total                skipped
[2.287s][debug][gc,phases      ] GC(13)         Humongous Candidates           skipped
[2.287s][debug][gc,phases      ] GC(13)         Humongous Reclaimed            skipped
[2.287s][debug][gc,phases      ] GC(13)       Redirty Logged Cards (ms):     Min:  0.0, Avg:  0.0, Max:  0.0, Diff:  0.0, Sum:  0.0, Workers: 8
[2.287s][debug][gc,phases      ] GC(13)         Redirtied Cards:               Min: 0, Avg: 51.4, Max: 411, Diff: 411, Sum: 411, Workers: 8
[2.287s][debug][gc,phases      ] GC(13)       Resize TLABs (ms):             Min:  0.0, Avg:  0.0, Max:  0.0, Diff:  0.0, Sum:  0.0, Workers: 8
[2.287s][debug][gc,phases      ] GC(13)       Free Collection Set (ms):      Min:  0.0, Avg:  0.0, Max:  0.1, Diff:  0.1, Sum:  0.2, Workers: 8
[2.287s][debug][gc,phases      ] GC(13)     Rebuild Free List: 0.0ms
[2.287s][debug][gc,phases      ] GC(13)     Prepare For Mutator: 0.0ms
[2.287s][debug][gc,phases      ] GC(13)     Expand Heap After Collection: 0.0ms
[2.287s][info ][gc,phases      ] GC(13)   Other: 0.2ms
[2.287s][debug][gc,remset      ] GC(13) Coarsening (recent): Inline->AoC 0 (0) AoC->Howl 0 (0) Howl->Full 0 (0) Inline->AoC 0 (0) AoC->BitMap 0 (0) BitMap->Full 0 (0) 
[2.287s][debug][gc,remset      ] GC(13) Coarsening (all): Inline->AoC 0 (0) AoC->Howl 0 (0) Howl->Full 0 (0) Inline->AoC 0 (0) AoC->BitMap 0 (0) BitMap->Full 0 (0) 
[2.287s][info ][gc,heap        ] GC(13) Eden regions: 125->0(125)
[2.287s][info ][gc,heap        ] GC(13) Survivor regions: 1->1(16)
[2.287s][info ][gc,heap        ] GC(13) Old regions: 1->1
[2.287s][info ][gc,heap        ] GC(13) Humongous regions: 0->0
[2.287s][info ][gc,metaspace   ] GC(13) Metaspace: 9637K(9856K)->9637K(9856K) NonClass: 8534K(8640K)->8534K(8640K) Class: 1102K(1216K)->1102K(1216K)
[2.287s][debug][gc,heap        ] GC(13) Heap after GC invocations=14 (full 0):
[2.287s][debug][gc,heap        ] GC(13)  garbage-first heap   total 864256K, used 3948K [0x000000060d000000, 0x0000000800000000)
[2.287s][debug][gc,heap        ] GC(13)   region size 4096K, 1 young (4096K), 1 survivors (4096K)
[2.287s][debug][gc,heap        ] GC(13)  Metaspace       used 9637K, committed 9856K, reserved 1114112K
[2.287s][debug][gc,heap        ] GC(13)   class space    used 1102K, committed 1216K, reserved 1048576K
[2.287s][info ][gc             ] GC(13) Pause Young (Normal) (G1 Evacuation Pause) 503M->3M(844M) 3.437ms
[2.287s][info ][gc,cpu         ] GC(13) User=0.01s Sys=0.00s Real=0.00s
[2.287s][debug][gc,task        ] G1 Service Thread (Card Set Free Memory Task) (run: 0.690ms) (cpu: 0.046ms)
[2.413s][info ][gc,start       ] GC(14) Pause Young (Normal) (G1 Evacuation Pause)
[2.413s][debug][gc,heap        ] GC(14) Heap before GC invocations=14 (full 0):
[2.413s][debug][gc,heap        ] GC(14)  garbage-first heap   total 864256K, used 515948K [0x000000060d000000, 0x0000000800000000)
[2.413s][debug][gc,heap        ] GC(14)   region size 4096K, 126 young (516096K), 1 survivors (4096K)
[2.413s][debug][gc,heap        ] GC(14)  Metaspace       used 9637K, committed 9856K, reserved 1114112K
[2.413s][debug][gc,heap        ] GC(14)   class space    used 1102K, committed 1216K, reserved 1048576K
[2.413s][info ][gc,task        ] GC(14) Using 8 workers of 8 for evacuation
[2.413s][debug][gc,age         ] GC(14) Desired survivor size 33554432 bytes, new threshold 15 (max threshold 15)
[2.413s][debug][gc,tlab        ] GC(14) TLAB totals: thrds: 1  refills: 250 max: 250 slow allocs: 4 max 4 waste:  0.0% gc: 0B max: 0B slow: 240680B max: 240680B
[2.413s][debug][gc,refine,stats] GC(14) Mutator refinement: 0.00ms, refined: 0, precleaned: 0, dirtied: 0
[2.413s][debug][gc,refine,stats] GC(14) Concurrent refinement: 0.00ms, refined: 0, precleaned: 0, dirtied: 0
[2.413s][debug][gc,refine,stats] GC(14) Total refinement: 0.00ms, refined: 0, precleaned: 0, dirtied: 0
[2.413s][debug][gc,refine,stats] GC(14) Generate dirty cards rate: 0.00 cards/ms
[2.413s][debug][gc,alloc,region] GC(14) Mutator Allocation stats, regions: 125, wasted size: 0B ( 0.0%)
[2.413s][debug][gc,ergo,cset   ] GC(14) No candidates to reclaim.
[2.413s][debug][gc,ergo        ] GC(14) Running G1 Merge Heap Roots using 8 workers for 126 regions
[2.414s][debug][gc,remset      ] GC(14) Visited cards 640 Total dirty 8192 (7.81%) Total old 2072576 (0.03%)
[2.415s][debug][gc,ref         ] GC(14) ReferenceProcessor::execute queues: 1, RefProcThreadModel::Single, marks_oops_alive: false
[2.415s][debug][gc,ref         ] GC(14) Skipped KeepAliveFinalRefsPhase of Reference Processing: no references
[2.415s][debug][gc,ref         ] GC(14) ReferenceProcessor::execute queues: 1, RefProcThreadModel::Single, marks_oops_alive: false
[2.416s][debug][gc,ergo        ] GC(14) Running G1 Rebuild Free List Task using 8 workers for rebuilding free list of regions
[2.416s][debug][gc,plab        ] GC(14) Young PLAB allocation: allocated: 2414408B, wasted: 1664B, unused: 270840B, used: 2141904B, undo waste: 0B, 
[2.416s][debug][gc,plab        ] GC(14) Young other allocation: region end waste: 0B, regions filled: 1, num plab filled: 41, direct allocated: 302192B, num direct allocated: 3, failure used: 0B, failure wasted: 0B
[2.416s][debug][gc,plab        ] GC(14) Young sizing: calculated: 428376B, actual: 439064B
[2.416s][debug][gc,plab        ] GC(14) Old PLAB allocation: allocated: 0B, wasted: 0B, unused: 0B, used: 0B, undo waste: 0B, 
[2.416s][debug][gc,plab        ] GC(14) Old other allocation: region end waste: 0B, regions filled: 0, num plab filled: 0, direct allocated: 0B, num direct allocated: 0, failure used: 0B, failure wasted: 0B
[2.416s][debug][gc,plab        ] GC(14) Old sizing: calculated: 0B, actual: 2064B
[2.416s][debug][gc,ergo,heap   ] GC(14) Heap expansion: short term pause time ratio 1.76% long term pause time ratio 2.27% threshold 1.63% pause time ratio 7.69% fully expanded false resize by 176999628B
[2.416s][debug][gc,ergo,heap   ] GC(14) Expand the heap. requested expansion amount: 176999628B expansion amount: 180355072B
[2.416s][debug][gc,task,start  ] G1 Service Thread (Card Set Free Memory Task) (run 0.013ms after schedule)
[2.416s][debug][gc,heap,region ] GC(14) Activate regions [210, 253)
[2.416s][debug][gc,ihop        ] GC(14) Target occupancy update: old: 884998144B, new: 1065353216B
[2.416s][debug][gc,mmu         ] GC(14) MMU: 6.2ms (200.0ms/201.0ms)
[2.416s][debug][gc,alloc,stats ] Old generation allocation in the last mutator period, old gen allocated: 0B, humongous allocated: 0B, old gen growth: 0B.
[2.416s][debug][gc,ihop        ] GC(14) Basic information (value update), threshold: 479408947B (45.00), target occupancy: 1065353216B, current occupancy: 3815968B, recent allocation size: 0B, recent allocation duration: 126.20ms, recent old gen allocation rate: 0.00B/s, recent marking phase length: 0.00ms
[2.416s][debug][gc,ihop        ] GC(14) Adaptive IHOP information (value update), threshold: 479408947B (47.37), internal target occupancy: 1012085555B, occupancy: 3815968B, additional buffer size: 637534208B, predicted old gen allocation rate: 0.00B/s, predicted marking phase length: 0.00ms, prediction active: false
[2.416s][debug][gc,ergo,refine ] GC(14) GC refinement: goal: 18446744073709551615 + 7 / 20.00ms, actual: 411 / 0.04ms, 
[2.416s][debug][gc,ergo,refine ] GC(14) Unchanged pending cards target: 18446744073709551615
[2.416s][info ][gc,phases      ] GC(14)   Pre Evacuate Collection Set: 0.3ms
[2.416s][debug][gc,phases      ] GC(14)     Pre Evacuate Prepare: 0.2ms
[2.416s][debug][gc,phases      ] GC(14)       JT Retire TLABs And Flush Logs (ms): Min:  0.0, Avg:  0.0, Max:  0.0, Diff:  0.0, Sum:  0.0, Workers: 2
[2.416s][debug][gc,phases      ] GC(14)       Non-JT Flush Logs (ms):        Min:  0.0, Avg:  0.0, Max:  0.0, Diff:  0.0, Sum:  0.0, Workers: 1
[2.416s][debug][gc,phases      ] GC(14)     Choose Collection Set: 0.0ms
[2.416s][debug][gc,phases      ] GC(14)     Region Register: 0.1ms
[2.416s][debug][gc,phases      ] GC(14)     Prepare Heap Roots: 0.0ms
[2.416s][info ][gc,phases      ] GC(14)   Merge Heap Roots: 0.4ms
[2.416s][debug][gc,phases      ] GC(14)     Prepare Merge Heap Roots: 0.0ms
[2.416s][debug][gc,phases      ] GC(14)     Remembered Sets (ms):          Min:  0.0, Avg:  0.0, Max:  0.0, Diff:  0.0, Sum:  0.1, Workers: 8
[2.416s][debug][gc,phases      ] GC(14)       Eager Reclaim (ms):            skipped
[2.416s][debug][gc,phases      ] GC(14)       Merged Inline                  Min: 0, Avg:  0.0, Max: 0, Diff: 0, Sum: 0, Workers: 8
[2.416s][debug][gc,phases      ] GC(14)       Merged ArrayOfCards            Min: 0, Avg:  0.0, Max: 0, Diff: 0, Sum: 0, Workers: 8
[2.416s][debug][gc,phases      ] GC(14)       Merged Howl                    Min: 0, Avg:  0.0, Max: 0, Diff: 0, Sum: 0, Workers: 8
[2.416s][debug][gc,phases      ] GC(14)       Merged Full                    Min: 0, Avg:  0.0, Max: 0, Diff: 0, Sum: 0, Workers: 8
[2.416s][debug][gc,phases      ] GC(14)       Merged Howl Inline             Min: 0, Avg:  0.0, Max: 0, Diff: 0, Sum: 0, Workers: 8
[2.416s][debug][gc,phases      ] GC(14)       Merged Howl ArrayOfCards       Min: 0, Avg:  0.0, Max: 0, Diff: 0, Sum: 0, Workers: 8
[2.416s][debug][gc,phases      ] GC(14)       Merged Howl BitMap             Min: 0, Avg:  0.0, Max: 0, Diff: 0, Sum: 0, Workers: 8
[2.416s][debug][gc,phases      ] GC(14)       Merged Howl Full               Min: 0, Avg:  0.0, Max: 0, Diff: 0, Sum: 0, Workers: 8
[2.416s][debug][gc,phases      ] GC(14)       Merged Cards                   Min: 8, Avg:  8.0, Max: 8, Diff: 0, Sum: 64, Workers: 8
[2.416s][debug][gc,phases      ] GC(14)     Log Buffers (ms):              Min:  0.0, Avg:  0.0, Max:  0.0, Diff:  0.0, Sum:  0.0, Workers: 8
[2.416s][debug][gc,phases      ] GC(14)       Dirty Cards:                   Min: 0, Avg: 51.4, Max: 358, Diff: 358, Sum: 411, Workers: 8
[2.416s][debug][gc,phases      ] GC(14)       Skipped Cards:                 Min: 0, Avg:  0.0, Max: 0, Diff: 0, Sum: 0, Workers: 8
[2.416s][info ][gc,phases      ] GC(14)   Evacuate Collection Set: 1.5ms
[2.416s][debug][gc,phases      ] GC(14)     Ext Root Scanning (ms):        Min:  0.0, Avg:  0.1, Max:  0.4, Diff:  0.4, Sum:  0.7, Workers: 8
[2.416s][debug][gc,phases      ] GC(14)     Scan Heap Roots (ms):          Min:  0.0, Avg:  0.0, Max:  0.1, Diff:  0.1, Sum:  0.3, Workers: 8
[2.416s][debug][gc,phases      ] GC(14)       Scanned Cards:                 Min: 0, Avg: 50.1, Max: 150, Diff: 150, Sum: 401, Workers: 8
[2.416s][debug][gc,phases      ] GC(14)       Scanned Blocks:                Min: 0, Avg:  4.2, Max: 23, Diff: 23, Sum: 34, Workers: 8
[2.416s][debug][gc,phases      ] GC(14)       Claimed Chunks:                Min: 0, Avg:  1.2, Max: 5, Diff: 5, Sum: 10, Workers: 8
[2.416s][debug][gc,phases      ] GC(14)       Found Roots:                   Min: 0, Avg: 275.2, Max: 648, Diff: 648, Sum: 2202, Workers: 8
[2.416s][debug][gc,phases      ] GC(14)     Code Root Scan (ms):           Min:  0.0, Avg:  0.1, Max:  0.3, Diff:  0.2, Sum:  0.9, Workers: 8
[2.416s][debug][gc,phases      ] GC(14)       Scanned Nmethods               Min: 0, Avg:  0.0, Max: 0, Diff: 0, Sum: 0, Workers: 8
[2.416s][debug][gc,phases      ] GC(14)     Object Copy (ms):              Min:  0.1, Avg:  0.8, Max:  1.0, Diff:  0.9, Sum:  6.3, Workers: 8
[2.416s][debug][gc,phases      ] GC(14)     Termination (ms):              Min:  0.1, Avg:  0.2, Max:  0.3, Diff:  0.2, Sum:  1.9, Workers: 8
[2.416s][debug][gc,phases      ] GC(14)       Termination Attempts:          Min: 1, Avg:  3.5, Max: 8, Diff: 7, Sum: 28, Workers: 8
[2.416s][debug][gc,phases      ] GC(14)     GC Worker Other (ms):          Min:  0.0, Avg:  0.0, Max:  0.0, Diff:  0.0, Sum:  0.2, Workers: 8
[2.416s][debug][gc,phases      ] GC(14)     GC Worker Total (ms):          Min:  0.4, Avg:  1.3, Max:  1.4, Diff:  1.0, Sum: 10.1, Workers: 8
[2.416s][info ][gc,phases      ] GC(14)   Post Evacuate Collection Set: 1.2ms
[2.416s][debug][gc,phases      ] GC(14)     NMethod List Cleanup: 0.0ms
[2.416s][debug][gc,phases      ] GC(14)     Reference Processing: 0.1ms
[2.416s][debug][gc,phases,ref  ] GC(14)       Notify Soft/WeakReferences: 0.1ms
[2.416s][debug][gc,phases,ref  ] GC(14)         SoftRef (ms):                  Min:  0.0, Avg:  0.0, Max:  0.0, Diff:  0.0, Sum:  0.0, Workers: 1
[2.416s][debug][gc,phases,ref  ] GC(14)         WeakRef (ms):                  Min:  0.0, Avg:  0.0, Max:  0.0, Diff:  0.0, Sum:  0.0, Workers: 1
[2.416s][debug][gc,phases,ref  ] GC(14)         FinalRef (ms):                 Min:  0.0, Avg:  0.0, Max:  0.0, Diff:  0.0, Sum:  0.0, Workers: 1
[2.416s][debug][gc,phases,ref  ] GC(14)         Total (ms):                    Min:  0.0, Avg:  0.0, Max:  0.0, Diff:  0.0, Sum:  0.0, Workers: 1
[2.416s][debug][gc,phases,ref  ] GC(14)       Notify and keep alive finalizable: 0.0ms
[2.416s][debug][gc,phases,ref  ] GC(14)         FinalRef (ms):                 skipped
[2.416s][debug][gc,phases,ref  ] GC(14)       Notify PhantomReferences: 0.0ms
[2.416s][debug][gc,phases,ref  ] GC(14)         PhantomRef (ms):               Min:  0.0, Avg:  0.0, Max:  0.0, Diff:  0.0, Sum:  0.0, Workers: 1
[2.416s][debug][gc,phases,ref  ] GC(14)       SoftReference Discovered: 0, Dropped: 0, Processed: 0
[2.416s][debug][gc,phases,ref  ] GC(14)       WeakReference Discovered: 343, Dropped: 343, Processed: 0
[2.416s][debug][gc,phases,ref  ] GC(14)       FinalReference Discovered: 0, Dropped: 0, Processed: 0
[2.416s][debug][gc,phases,ref  ] GC(14)       PhantomReference Discovered: 1, Dropped: 1, Processed: 0
[2.416s][debug][gc,phases      ] GC(14)     Weak Processing: 0.2ms
[2.416s][debug][gc,phases      ] GC(14)       VM Weak                        Min:  0.0, Avg:  0.0, Max:  0.0, Diff:  0.0, Sum:  0.0, Workers: 4
[2.416s][debug][gc,phases      ] GC(14)         Dead                           Min: 0, Avg:  0.0, Max: 0, Diff: 0, Sum: 0, Workers: 4
[2.416s][debug][gc,phases      ] GC(14)         Total                          Min: 0, Avg: 18.0, Max: 64, Diff: 64, Sum: 72, Workers: 4
[2.416s][debug][gc,phases      ] GC(14)       ObjectSynchronizer Weak        Min:  0.0, Avg:  0.0, Max:  0.0, Diff:  0.0, Sum:  0.0, Workers: 4
[2.416s][debug][gc,phases      ] GC(14)         Dead                           Min: 0, Avg:  0.0, Max: 0, Diff: 0, Sum: 0, Workers: 4
[2.417s][debug][gc,phases      ] GC(14)         Total                          Min: 0, Avg:  0.2, Max: 1, Diff: 1, Sum: 1, Workers: 4
[2.417s][debug][gc,phases      ] GC(14)       JVMTI Tag Weak OopStorage      Min:  0.0, Avg:  0.0, Max:  0.0, Diff:  0.0, Sum:  0.0, Workers: 4
[2.417s][debug][gc,phases      ] GC(14)         Dead                           Min: 0, Avg:  0.0, Max: 0, Diff: 0, Sum: 0, Workers: 4
[2.417s][debug][gc,phases      ] GC(14)         Total                          Min: 0, Avg:  0.0, Max: 0, Diff: 0, Sum: 0, Workers: 4
[2.417s][debug][gc,phases      ] GC(14)       StringTable Weak               Min:  0.0, Avg:  0.0, Max:  0.0, Diff:  0.0, Sum:  0.1, Workers: 4
[2.417s][debug][gc,phases      ] GC(14)         Dead                           Min: 0, Avg:  0.0, Max: 0, Diff: 0, Sum: 0, Workers: 4
[2.417s][debug][gc,phases      ] GC(14)         Total                          Min: 512, Avg: 762.5, Max: 1024, Diff: 512, Sum: 3050, Workers: 4
[2.417s][debug][gc,phases      ] GC(14)       ResolvedMethodTable Weak       Min:  0.0, Avg:  0.0, Max:  0.0, Diff:  0.0, Sum:  0.0, Workers: 4
[2.417s][debug][gc,phases      ] GC(14)         Dead                           Min: 0, Avg:  0.0, Max: 0, Diff: 0, Sum: 0, Workers: 4
[2.417s][debug][gc,phases      ] GC(14)         Total                          Min: 166, Avg: 185.5, Max: 192, Diff: 26, Sum: 742, Workers: 4
[2.417s][debug][gc,phases      ] GC(14)       JNI Weak                       Min:  0.0, Avg:  0.0, Max:  0.0, Diff:  0.0, Sum:  0.0, Workers: 4
[2.417s][debug][gc,phases      ] GC(14)         Dead                           Min: 0, Avg:  0.0, Max: 0, Diff: 0, Sum: 0, Workers: 4
[2.417s][debug][gc,phases      ] GC(14)         Total                          Min: 0, Avg:  0.0, Max: 0, Diff: 0, Sum: 0, Workers: 4
[2.417s][debug][gc,phases      ] GC(14)       StringDedup Table Weak         Min:  0.0, Avg:  0.0, Max:  0.0, Diff:  0.0, Sum:  0.0, Workers: 4
[2.417s][debug][gc,phases      ] GC(14)         Dead                           Min: 0, Avg:  0.0, Max: 0, Diff: 0, Sum: 0, Workers: 4
[2.417s][debug][gc,phases      ] GC(14)         Total                          Min: 0, Avg:  0.0, Max: 0, Diff: 0, Sum: 0, Workers: 4
[2.417s][debug][gc,phases      ] GC(14)       StringDedup Requests0 Weak     Min:  0.0, Avg:  0.0, Max:  0.0, Diff:  0.0, Sum:  0.0, Workers: 4
[2.417s][debug][gc,phases      ] GC(14)         Dead                           Min: 0, Avg:  0.0, Max: 0, Diff: 0, Sum: 0, Workers: 4
[2.417s][debug][gc,phases      ] GC(14)         Total                          Min: 0, Avg:  0.0, Max: 0, Diff: 0, Sum: 0, Workers: 4
[2.417s][debug][gc,phases      ] GC(14)       StringDedup Requests1 Weak     Min:  0.0, Avg:  0.0, Max:  0.0, Diff:  0.0, Sum:  0.0, Workers: 4
[2.417s][debug][gc,phases      ] GC(14)         Dead                           Min: 0, Avg:  0.0, Max: 0, Diff: 0, Sum: 0, Workers: 4
[2.417s][debug][gc,phases      ] GC(14)         Total                          Min: 0, Avg:  0.0, Max: 0, Diff: 0, Sum: 0, Workers: 4
[2.417s][debug][gc,phases      ] GC(14)       Weak JFR Old Object Samples    Min:  0.0, Avg:  0.0, Max:  0.0, Diff:  0.0, Sum:  0.0, Workers: 4
[2.417s][debug][gc,phases      ] GC(14)         Dead                           Min: 0, Avg:  0.0, Max: 0, Diff: 0, Sum: 0, Workers: 4
[2.417s][debug][gc,phases      ] GC(14)         Total                          Min: 0, Avg:  0.0, Max: 0, Diff: 0, Sum: 0, Workers: 4
[2.417s][debug][gc,phases      ] GC(14)     Post Evacuate Cleanup 1: 0.1ms
[2.417s][debug][gc,phases      ] GC(14)       Merge Per-Thread State (ms):   Min:  0.0, Avg:  0.0, Max:  0.0, Diff:  0.0, Sum:  0.0, Workers: 1
[2.417s][debug][gc,phases      ] GC(14)         Copied Bytes                   Min: 24952, Avg: 305512.0, Max: 454680, Diff: 429728, Sum: 2444096, Workers: 8
[2.417s][debug][gc,phases      ] GC(14)         LAB Waste                      Min: 0, Avg: 208.0, Max: 584, Diff: 584, Sum: 1664, Workers: 8
[2.417s][debug][gc,phases      ] GC(14)         LAB Undo Waste                 Min: 0, Avg:  0.0, Max: 0, Diff: 0, Sum: 0, Workers: 8
[2.417s][debug][gc,phases      ] GC(14)       Clear Logged Cards (ms):       Min:  0.0, Avg:  0.0, Max:  0.0, Diff:  0.0, Sum:  0.1, Workers: 3
[2.417s][debug][gc,phases      ] GC(14)       Recalculate Used Memory (ms):  Min:  0.0, Avg:  0.0, Max:  0.0, Diff:  0.0, Sum:  0.0, Workers: 1
[2.417s][debug][gc,phases      ] GC(14)     Post Evacuate Cleanup 2: 0.2ms
[2.417s][debug][gc,phases      ] GC(14)       Update Derived Pointers (ms):  Min:  0.0, Avg:  0.0, Max:  0.0, Diff:  0.0, Sum:  0.0, Workers: 1
[2.417s][debug][gc,phases      ] GC(14)       Eagerly Reclaim Humongous Objects (ms): skipped
[2.417s][debug][gc,phases      ] GC(14)         Humongous Total                skipped
[2.417s][debug][gc,phases      ] GC(14)         Humongous Candidates           skipped
[2.417s][debug][gc,phases      ] GC(14)         Humongous Reclaimed            skipped
[2.417s][debug][gc,phases      ] GC(14)       Redirty Logged Cards (ms):     Min:  0.0, Avg:  0.0, Max:  0.0, Diff:  0.0, Sum:  0.0, Workers: 8
[2.417s][debug][gc,phases      ] GC(14)         Redirtied Cards:               Min: 0, Avg: 53.0, Max: 237, Diff: 237, Sum: 424, Workers: 8
[2.417s][debug][gc,phases      ] GC(14)       Resize TLABs (ms):             Min:  0.0, Avg:  0.0, Max:  0.0, Diff:  0.0, Sum:  0.0, Workers: 8
[2.417s][debug][gc,phases      ] GC(14)       Free Collection Set (ms):      Min:  0.0, Avg:  0.0, Max:  0.1, Diff:  0.1, Sum:  0.4, Workers: 8
[2.417s][debug][gc,phases      ] GC(14)     Rebuild Free List: 0.1ms
[2.417s][debug][gc,phases      ] GC(14)     Prepare For Mutator: 0.1ms
[2.417s][debug][gc,phases      ] GC(14)     Expand Heap After Collection: 0.4ms
[2.417s][info ][gc,phases      ] GC(14)   Other: 0.2ms
[2.417s][debug][gc,remset      ] GC(14) Coarsening (recent): Inline->AoC 0 (0) AoC->Howl 0 (0) Howl->Full 0 (0) Inline->AoC 0 (0) AoC->BitMap 0 (0) BitMap->Full 0 (0) 
[2.417s][debug][gc,remset      ] GC(14) Coarsening (all): Inline->AoC 0 (0) AoC->Howl 0 (0) Howl->Full 0 (0) Inline->AoC 0 (0) AoC->BitMap 0 (0) BitMap->Full 0 (0) 
[2.417s][info ][gc,heap        ] GC(14) Eden regions: 125->0(151)
[2.417s][info ][gc,heap        ] GC(14) Survivor regions: 1->1(16)
[2.417s][info ][gc,heap        ] GC(14) Old regions: 1->1
[2.417s][info ][gc,heap        ] GC(14) Humongous regions: 0->0
[2.417s][info ][gc,metaspace   ] GC(14) Metaspace: 9637K(9856K)->9637K(9856K) NonClass: 8534K(8640K)->8534K(8640K) Class: 1102K(1216K)->1102K(1216K)
[2.417s][debug][gc,heap        ] GC(14) Heap after GC invocations=15 (full 0):
[2.417s][debug][gc,heap        ] GC(14)  garbage-first heap   total 1040384K, used 3726K [0x000000060d000000, 0x0000000800000000)
[2.417s][debug][gc,heap        ] GC(14)   region size 4096K, 1 young (4096K), 1 survivors (4096K)
[2.417s][debug][gc,heap        ] GC(14)  Metaspace       used 9637K, committed 9856K, reserved 1114112K
[2.417s][debug][gc,heap        ] GC(14)   class space    used 1102K, committed 1216K, reserved 1048576K
[2.417s][info ][gc             ] GC(14) Pause Young (Normal) (G1 Evacuation Pause) 503M->3M(1016M) 4.179ms
[2.417s][info ][gc,cpu         ] GC(14) User=0.01s Sys=0.01s Real=0.00s
[2.417s][debug][gc,task        ] G1 Service Thread (Card Set Free Memory Task) (run: 1.032ms) (cpu: 0.028ms)
[2.606s][debug][gc,refine      ] Stopping 0
[2.606s][debug][gc,task        ] G1 Service Thread (stopping)
[2.606s][info ][gc,heap,exit   ] Heap
[2.606s][info ][gc,heap,exit   ]  garbage-first heap   total 1040384K, used 366222K [0x000000060d000000, 0x0000000800000000)
[2.606s][info ][gc,heap,exit   ]   region size 4096K, 90 young (368640K), 1 survivors (4096K)
[2.606s][info ][gc,heap,exit   ]  Metaspace       used 9639K, committed 9856K, reserved 1114112K
[2.606s][info ][gc,heap,exit   ]   class space    used 1103K, committed 1216K, reserved 1048576K
