[0.015s][debug][gc,heap] Minimum heap 8388608  Initial heap 524288000  Maximum heap 8369733632
[0.022s][info ][gc     ] Heuristics ergonomically sets -XX:+ExplicitGCInvokesConcurrent
[0.022s][info ][gc     ] Heuristics ergonomically sets -XX:+ShenandoahImplicitGCInvokesConcurrent
[0.023s][info ][gc     ] Using Shenandoah
[0.023s][debug][gc,heap,coops] Heap address: 0x000000060d200000, size: 7982 MB, Compressed Oops mode: Zero based, Oop shift amount: 3
[0.025s][info ][gc,ergo      ] Pacer for Idle. Initial: 159M, Alloc Tax Rate: 1.0x
[0.026s][info ][gc,init      ] Version: 21.0.5+11-LTS (release)
[0.026s][info ][gc,init      ] CPUs: 8 total, 8 available
[0.026s][info ][gc,init      ] Memory: 31923M
[0.026s][info ][gc,init      ] Large Page Support: Disabled
[0.026s][info ][gc,init      ] NUMA Support: Disabled
[0.026s][info ][gc,init      ] Compressed Oops: Enabled (Zero based)
[0.026s][info ][gc,init      ] Heap Min Capacity: 8M
[0.026s][info ][gc,init      ] Heap Initial Capacity: 500M
[0.026s][info ][gc,init      ] Heap Max Capacity: 7982M
[0.026s][info ][gc,init      ] Pre-touch: Disabled
[0.026s][info ][gc,init      ] Mode: Snapshot-At-The-Beginning (SATB)
[0.026s][info ][gc,init      ] Heuristics: Adaptive
[0.026s][info ][gc,init      ] Heap Region Count: 3991
[0.026s][info ][gc,init      ] Heap Region Size: 2M
[0.026s][info ][gc,init      ] TLAB Size Max: 2M
[0.026s][info ][gc,init      ] Humongous Object Threshold: 2M
[0.026s][info ][gc,init      ] Parallel Workers: 4
[0.026s][info ][gc,init      ] Concurrent Workers: 2
[0.040s][info ][gc,metaspace ] CDS archive(s) mapped at: [0x00007580cf000000-0x00007580cfc97000-0x00007580cfc97000), size 13201408, SharedBaseAddress: 0x00007580cf000000, ArchiveRelocationMode: 1.
[0.040s][info ][gc,metaspace ] Compressed class space mapped at: 0x00007580d0000000-0x0000758110000000, reserved size: 1073741824
[0.040s][info ][gc,metaspace ] Narrow klass base: 0x00007580cf000000, Narrow klass shift: 0, Narrow klass range: 0x100000000
[0.055s][debug][gc,nmethod   ] Register NMethod: java.lang.Object.<init> [0x0000758140000010] (c1)
[0.057s][debug][gc,nmethod   ] Register NMethod: java.lang.String.hashCode [0x0000758140000310] (c1)
[0.057s][debug][gc,nmethod   ] Register NMethod: jdk.internal.util.ArraysSupport.signedHashCode [0x0000758140000990] (c1)
[0.057s][debug][gc,nmethod   ] Register NMethod: java.util.ImmutableCollections$SetN.probe [0x0000758140000e10] (c1)
[0.058s][debug][gc,nmethod   ] Register NMethod: java.lang.Math.floorMod [0x0000758140001890] (c1)
[0.058s][debug][gc,nmethod   ] Register NMethod: java.lang.String.isLatin1 [0x0000758140001c90] (c1)
[0.059s][debug][gc,nmethod   ] Register NMethod: jdk.internal.util.ArraysSupport.vectorizedHashCode [0x0000758140002010] (c1)
[0.059s][debug][gc,nmethod   ] Register NMethod: java.lang.StringLatin1.equals [0x0000758140003690] (c1)
[0.059s][debug][gc,nmethod   ] Register NMethod: java.lang.StringLatin1.hashCode [0x0000758140003c10] (c1)
[0.059s][debug][gc,nmethod   ] Register NMethod: java.lang.String.equals [0x0000758140004090] (c1)
[0.060s][debug][gc,nmethod   ] Register NMethod: java.lang.module.ModuleDescriptor.modsHashCode [0x0000758140004810] (c1)
[0.060s][debug][gc,nmethod   ] Register NMethod: java.util.Set.of [0x0000758140005190] (c1)
[0.060s][debug][gc,nmethod   ] Register NMethod: java.util.ImmutableCollections$AbstractImmutableCollection.<init> [0x0000758140005490] (c1)
[0.060s][debug][gc,nmethod   ] Register NMethod: java.util.Objects.requireNonNull [0x0000758140005910] (c1)
[0.060s][debug][gc,nmethod   ] Register NMethod: java.util.AbstractCollection.<init> [0x0000758140005d90] (c1)
[0.060s][debug][gc,nmethod   ] Register NMethod: java.lang.System.arraycopy [0x0000758147ac9010] ()
[0.060s][debug][gc,nmethod   ] Register NMethod: java.lang.String.coder [0x0000758140006110] (c1)
[0.061s][debug][gc,nmethod   ] Register NMethod: java.util.Objects.equals [0x0000758140006490] (c1)
[0.061s][debug][gc,nmethod   ] Register NMethod: java.lang.String.length [0x0000758140006990] (c1)
[0.061s][debug][gc,nmethod   ] Register NMethod: java.lang.module.ModuleDescriptor.name [0x0000758147ac9410] (c1)
[0.061s][debug][gc,nmethod   ] Register NMethod: java.lang.module.ModuleReference.descriptor [0x0000758147ac9710] (c1)
[0.061s][debug][gc,nmethod   ] Register NMethod: jdk.internal.misc.Unsafe.getReferenceVolatile [0x0000758147ac9a10] ()
[0.062s][debug][gc,nmethod   ] Register NMethod: java.lang.String.charAt [0x0000758140006e10] (c1)
[0.062s][debug][gc,nmethod   ] Register NMethod: java.lang.StringLatin1.charAt [0x0000758140007590] (c1)
[0.062s][debug][gc,nmethod   ] Register NMethod: jdk.internal.misc.Unsafe.compareAndSetLong [0x0000758147aca190] ()
[0.063s][debug][gc,nmethod   ] Register NMethod: jdk.internal.misc.Unsafe.compareAndSetReference [0x0000758147aca590] ()
[0.063s][debug][gc,nmethod   ] Register NMethod: java.util.ImmutableCollections$SetN$SetNIterator.hasNext [0x0000758140007a10] (c1)
[0.063s][debug][gc,nmethod   ] Register NMethod: java.util.concurrent.ConcurrentHashMap.tabAt [0x0000758140007d90] (c1)
[0.063s][debug][gc,nmethod   ] Register NMethod: java.util.ImmutableCollections$SetN$SetNIterator.next [0x0000758140008390] (c1)
[0.063s][debug][gc,nmethod   ] Register NMethod: jdk.internal.misc.Unsafe.getReferenceAcquire [0x0000758140008a90] (c1)
[0.064s][debug][gc,nmethod   ] Register NMethod: jdk.internal.util.ArraysSupport.signedHashCode [0x0000758147aca990] (c2)
[0.064s][debug][gc,nmethod   ] Register NMethod: java.lang.Object.<init> [0x0000758147acad90] (c2)
[0.065s][debug][gc,nmethod   ] Register NMethod: java.lang.invoke.MethodHandle.linkToStatic [0x0000758147acb090] ()
[0.066s][debug][gc,nmethod   ] Register NMethod: java.util.concurrent.ConcurrentHashMap.addCount [0x0000758140008e90] (c1)
[0.066s][debug][gc,nmethod   ] Register NMethod: java.lang.Object.hashCode [0x0000758147acb390] ()
[0.066s][debug][gc,nmethod   ] Register NMethod: java.lang.Class.isPrimitive [0x0000758147acb790] ()
[0.067s][debug][gc,nmethod   ] Register NMethod: java.lang.invoke.MethodHandle.linkToStatic [0x0000758147acbb10] ()
[0.067s][debug][gc,nmethod   ] Register NMethod: java.lang.invoke.MethodHandle.linkToStatic [0x0000758147acbe10] ()
[0.067s][debug][gc,nmethod   ] Register NMethod: java.util.concurrent.ConcurrentHashMap.putVal [0x0000758140009e10] (c1)
[0.067s][debug][gc,nmethod   ] Register NMethod: java.util.concurrent.ConcurrentHashMap$Node.<init> [0x000075814000c710] (c1)
[0.067s][debug][gc,nmethod   ] Register NMethod: java.lang.String.isEmpty [0x000075814000cb10] (c1)
[0.068s][debug][gc,nmethod   ] Register NMethod: java.lang.invoke.MethodHandle.invokeBasic [0x0000758147acc110] ()
[0.068s][debug][gc,nmethod   ] Register NMethod: java.lang.invoke.MethodHandle.linkToSpecial [0x0000758147acc690] ()
[0.070s][debug][gc,nmethod   ] Register NMethod: java.lang.invoke.MethodHandle.invokeBasic [0x0000758147acc990] ()
[0.070s][debug][gc,nmethod   ] Register NMethod: jdk.internal.util.StrongReferenceKey.get [0x0000758147accf10] (c1)
[0.070s][debug][gc,nmethod   ] Register NMethod: java.lang.invoke.MethodHandle.linkToSpecial [0x0000758147acd210] ()
[0.070s][debug][gc,nmethod   ] Register NMethod: java.lang.Enum.ordinal [0x0000758147acd510] (c1)
[0.071s][debug][gc,nmethod   ] Register NMethod: java.lang.invoke.MethodHandle.linkToStatic [0x0000758147acd810] ()
[0.071s][debug][gc,nmethod   ] Register NMethod: java.lang.invoke.MethodHandle.linkToStatic [0x0000758147acdb10] ()
[0.071s][debug][gc,nmethod   ] Register NMethod: java.lang.invoke.MethodHandle.invokeBasic [0x0000758147acde10] ()
[0.071s][debug][gc,nmethod   ] Register NMethod: java.lang.invoke.MethodHandle.linkToSpecial [0x0000758147ace390] ()
[0.071s][debug][gc,nmethod   ] Register NMethod: java.util.concurrent.ConcurrentHashMap.putIfAbsent [0x000075814000cf10] (c1)
[0.071s][debug][gc,nmethod   ] Register NMethod: java.lang.Class.isArray [0x0000758147ace690] ()
[0.071s][debug][gc,nmethod   ] Register NMethod: jdk.internal.util.ReferencedKeyMap.removeStaleReferences [0x000075814000d290] (c1)
[0.071s][debug][gc,nmethod   ] Register NMethod: java.lang.invoke.MethodType.returnType [0x0000758147acea10] (c1)
[0.072s][debug][gc,nmethod   ] Register NMethod: java.lang.Object.clone [0x0000758147aced10] ()
[0.072s][debug][gc,nmethod   ] Register NMethod: java.lang.invoke.MethodHandle.linkToSpecial [0x0000758147acf490] ()
[0.072s][debug][gc,nmethod   ] Register NMethod: java.lang.Math.min [0x000075814000d990] (c1)
[0.073s][debug][gc,nmethod   ] Register NMethod: java.lang.Object.getClass [0x0000758147acf790] ()
[0.073s][debug][gc,nmethod   ] Register NMethod: java.util.Objects.hashCode [0x000075814000dd10] (c1)
[0.074s][debug][gc,nmethod   ] Register NMethod: java.lang.invoke.MethodHandle.linkToStatic [0x0000758147acff10] ()
[0.074s][debug][gc,nmethod   ] Register NMethod: java.util.concurrent.ConcurrentHashMap.get [0x000075814000e190] (c1)
[0.074s][debug][gc,nmethod   ] Register NMethod: java.lang.invoke.MethodHandle.linkToSpecial [0x0000758147ad0210] ()
[0.074s][debug][gc,nmethod   ] Register NMethod: java.lang.invoke.MethodType.hashCode [0x000075814000f390] (c1)
[0.074s][debug][gc,nmethod   ] Register NMethod: java.util.concurrent.ConcurrentHashMap.spread [0x000075814000fb90] (c1)
[0.074s][debug][gc,nmethod   ] Register NMethod: java.lang.invoke.MethodHandle.linkToVirtual [0x0000758147ad0510] ()
[0.075s][debug][gc,nmethod   ] Register NMethod: java.lang.invoke.MethodTypeForm.canonicalize [0x000075814000fe90] (c1)
[0.075s][debug][gc,nmethod   ] Register NMethod: java.lang.ref.ReferenceQueue.headIsNull [0x0000758140010890] (c1)
[0.075s][debug][gc,nmethod   ] Register NMethod: java.lang.ref.NativeReferenceQueue.poll [0x0000758140010c90] (c1)
[0.075s][debug][gc,nmethod   ] Register NMethod: java.lang.invoke.MemberName.getDeclaringClass [0x0000758147ad0810] (c1)
[0.075s][debug][gc,nmethod   ] Register NMethod: java.lang.invoke.MemberName.isInvocable [0x0000758140011390] (c1)
[0.075s][debug][gc,nmethod   ] Register NMethod: java.lang.invoke.MethodType.form [0x0000758147ad0b10] (c1)
[0.075s][debug][gc,nmethod   ] Register NMethod: java.lang.invoke.MethodHandle.linkToInterface [0x0000758147ad0e10] ()
[0.075s][debug][gc,nmethod   ] Register NMethod: java.lang.StringLatin1.canEncode [0x0000758140011790] (c1)
[0.076s][debug][gc,nmethod   ] Register NMethod: jdk.internal.util.ReferencedKeyMap.get [0x0000758140011b10] (c1)
[0.076s][debug][gc,nmethod   ] Register NMethod: java.lang.invoke.MethodHandle.linkToStatic [0x0000758147ad1190] ()
[0.076s][debug][gc,nmethod   ] Register NMethod: java.lang.Class.getClassLoader [0x0000758140012910] (c1)
[0.077s][debug][gc,nmethod   ] Register NMethod: jdk.internal.util.StrongReferenceKey.hashCode [0x0000758140013b10] (c1)
[0.077s][debug][gc,nmethod   ] Register NMethod: java.lang.invoke.MethodType.ptypes [0x0000758147ad1490] (c1)
[0.077s][debug][gc,nmethod   ] Register NMethod: java.lang.invoke.MethodHandle.linkToSpecial [0x0000758147ad1790] ()
[0.077s][debug][gc,nmethod   ] Register NMethod: java.lang.invoke.MethodHandle.type [0x0000758147ad1a90] (c1)
[0.077s][debug][gc,nmethod   ] Register NMethod: java.lang.Math.max [0x0000758140013f90] (c1)
[0.077s][debug][gc,nmethod   ] Register NMethod: java.util.ImmutableCollections$SetN.iterator [0x0000758140014310] (c1)
[0.078s][debug][gc,nmethod   ] Register NMethod: java.util.ImmutableCollections$SetN$SetNIterator.<init> [0x0000758140014710] (c1)
[0.078s][debug][gc,nmethod   ] Register NMethod: java.util.HashMap.hash [0x0000758140014c10] (c1)
[0.078s][debug][gc,nmethod   ] Register NMethod: java.util.stream.FindOps$FindSink.cancellationRequested [0x0000758147ad1d90] (c1)
[0.078s][debug][gc,nmethod   ] Register NMethod: java.util.Spliterators$IteratorSpliterator.characteristics [0x0000758147ad2090] (c1)
[0.079s][debug][gc,nmethod   ] Register NMethod: java.util.HashMap.newNode [0x0000758140015090] (c1)
[0.080s][debug][gc,nmethod   ] Register NMethod: java.util.HashMap.put [0x0000758140015610] (c1)
[0.080s][debug][gc,nmethod   ] Register NMethod: java.util.HashMap.getNode [0x0000758140015c10] (c1)
[0.081s][debug][gc,nmethod   ] Register NMethod: java.util.HashMap.putVal [0x0000758140016e90] (c1)
[0.081s][debug][gc,nmethod   ] Register NMethod: java.util.HashMap$HashIterator.nextNode [0x0000758140018910] (c1)
[0.081s][debug][gc,nmethod   ] Register NMethod: java.util.HashMap.get [0x0000758140019310] (c1)
[0.081s][debug][gc,nmethod   ] Register NMethod: java.util.HashMap$Node.<init> [0x0000758140019790] (c1)
[0.081s][debug][gc,nmethod   ] Register NMethod: java.util.HashMap.afterNodeInsertion [0x0000758140019c10] (c1)
[0.082s][debug][gc,nmethod   ] Register NMethod: java.lang.module.ModuleDescriptor$Exports.source [0x0000758147ad2390] (c1)
[0.082s][debug][gc,nmethod   ] Register NMethod: jdk.internal.module.ModuleReferenceImpl.hashCode [0x0000758140019f10] (c1)
[0.082s][debug][gc,nmethod   ] Register NMethod: java.lang.module.ModuleDescriptor$Exports.targets [0x0000758147ad2690] (c1)
[0.082s][debug][gc,nmethod   ] Register NMethod: java.util.ImmutableCollections$Set12.isEmpty [0x0000758147ad2990] (c1)
[0.082s][debug][gc,nmethod   ] Register NMethod: java.lang.module.ModuleDescriptor$Requires.name [0x0000758147ad2c90] (c1)
[0.082s][debug][gc,nmethod   ] Register NMethod: java.util.ImmutableCollections$SetN.isEmpty [0x000075814001a810] (c1)
[0.083s][debug][gc,nmethod   ] Register NMethod: java.util.HashMap.putIfAbsent [0x000075814001ab90] (c1)
[0.083s][debug][gc,nmethod   ] Register NMethod: java.util.ImmutableCollections$Set12.contains [0x000075814001b190] (c1)
[0.083s][debug][gc,nmethod   ] Register NMethod: java.util.HashMap$HashIterator.hasNext [0x000075814001b890] (c1)
[0.083s][debug][gc,nmethod   ] Register NMethod: java.lang.Object.equals [0x000075814001bc90] (c1)
[0.083s][debug][gc,nmethod   ] Register NMethod: java.lang.module.ModuleDescriptor$Requires.modifiers [0x0000758147ad2f90] (c1)
[0.083s][debug][gc,nmethod   ] Register NMethod: java.lang.String.hashCode [0x0000758147ad3290] (c2)
[0.084s][debug][gc,nmethod   ] Register NMethod: java.util.ImmutableCollections$SetN$SetNIterator.hasNext [0x0000758147ad3690] (c2)
[0.084s][debug][gc,nmethod   ] Register NMethod: java.lang.module.ModuleDescriptor.hashCode [0x000075814001c010] (c1)
[0.085s][debug][gc,nmethod   ] Register NMethod: java.util.HashMap.resize [0x000075814001d590] (c1)
[0.085s][debug][gc,nmethod   ] Register NMethod: java.util.ImmutableCollections$SetN.contains [0x000075814001f110] (c1)
[0.086s][debug][gc,nmethod   ] Register NMethod: java.util.HashSet.add [0x000075814001f710] (c1)
[0.086s][debug][gc,nmethod   ] Register NMethod: java.util.HashMap$KeyIterator.next [0x000075814001fc10] (c1)
[0.086s][debug][gc,nmethod   ] Register NMethod: java.lang.module.ResolvedModule.hashCode [0x0000758140020010] (c1)
[0.086s][debug][gc,nmethod   ] Register NMethod: java.util.ImmutableCollections$Set12$1.hasNext [0x0000758140020590] (c1)
[0.086s][debug][gc,nmethod   ] Register NMethod: java.lang.module.ModuleDescriptor.requires [0x0000758147ad3990] (c1)
[0.086s][debug][gc,nmethod   ] Register NMethod: java.util.concurrent.ConcurrentHashMap.casTabAt [0x0000758140020910] (c1)
[0.086s][debug][gc,nmethod   ] Register NMethod: java.lang.module.ModuleDescriptor.isAutomatic [0x0000758147ad3c90] (c1)
[0.086s][debug][gc,nmethod   ] Register NMethod: java.lang.module.ModuleDescriptor.exports [0x0000758147ad3f90] (c1)
[0.087s][debug][gc,nmethod   ] Register NMethod: java.lang.module.ModuleDescriptor$Exports.isQualified [0x0000758140020d10] (c1)
[0.087s][debug][gc,nmethod   ] Register NMethod: java.util.ImmutableCollections$SetN$SetNIterator.next [0x0000758147ad4290] (c2)
[0.087s][debug][gc,nmethod   ] Register NMethod: java.lang.module.ModuleDescriptor.packages [0x0000758147ad4790] (c1)
[0.087s][debug][gc,nmethod   ] Register NMethod: java.lang.module.ModuleDescriptor.provides [0x0000758147ad4a90] (c1)
[0.087s][debug][gc,nmethod   ] Register NMethod: java.lang.module.ModuleDescriptor.uses [0x0000758147ad4d90] (c1)
[0.087s][debug][gc,nmethod   ] Register NMethod: java.util.KeyValueHolder.getKey [0x0000758147ad5090] (c1)
[0.087s][debug][gc,nmethod   ] Register NMethod: java.util.KeyValueHolder.getValue [0x0000758147ad5390] (c1)
[0.087s][debug][gc,nmethod   ] Register NMethod: jdk.internal.module.ModuleReferenceImpl.moduleResolution [0x0000758147ad5690] (c1)
[0.087s][debug][gc,nmethod   ] Register NMethod: java.lang.Module.addExports0 [0x0000758147ad5990] ()
[0.087s][debug][gc,nmethod   ] Register NMethod: java.lang.module.ResolvedModule.reference [0x0000758147ad5d90] (c1)
[0.087s][debug][gc,nmethod   ] Register NMethod: java.util.AbstractSet.<init> [0x0000758140021110] (c1)
[0.088s][debug][gc,nmethod   ] Register NMethod: java.util.AbstractMap.<init> [0x0000758140021590] (c1)
[0.088s][debug][gc,nmethod   ] Register NMethod: java.lang.Module.addExportsToAll0 [0x0000758147ad6090] ()
[0.088s][debug][gc,nmethod   ] Register NMethod: java.util.ImmutableCollections$Set12$1.next [0x0000758140021910] (c1)
[0.088s][debug][gc,nmethod   ] Register NMethod: java.util.ImmutableCollections$Set12.iterator [0x0000758140022010] (c1)
[0.088s][debug][gc,nmethod   ] Register NMethod: java.lang.Module.addReads0 [0x0000758147ad6490] ()
[0.088s][debug][gc,nmethod   ] Register NMethod: java.util.ImmutableCollections$Set12$1.<init> [0x0000758140022610] (c1)
[0.088s][debug][gc,nmethod   ] Register NMethod: java.util.HashMap.<init> [0x0000758140022b10] (c1)
[0.088s][debug][gc,nmethod   ] Register NMethod: java.lang.module.ResolvedModule.configuration [0x0000758147ad6890] (c1)
[0.089s][debug][gc,nmethod   ] Register NMethod: java.lang.module.ModuleDescriptor.isOpen [0x0000758147ad6b90] (c1)
[0.089s][debug][gc,nmethod   ] Register NMethod: java.lang.AbstractStringBuilder.getValue [0x0000758147ad6e90] (c1)
[0.089s][debug][gc,nmethod   ] Register NMethod: java.lang.String.equals [0x0000758147ad7190] (c2)
[0.089s][debug][gc,nmethod   ] Register NMethod: java.lang.AbstractStringBuilder.length [0x0000758147ad7690] (c1)
[0.089s][debug][gc,nmethod   ] Register NMethod: java.lang.module.ModuleDescriptor$Provides.service [0x0000758147ad7990] (c1)
[0.089s][debug][gc,nmethod   ] Register NMethod: java.lang.module.ModuleDescriptor$Version.toString [0x0000758147ad7c90] (c1)
[0.090s][debug][gc,nmethod   ] Register NMethod: java.lang.StringLatin1.indexOfChar [0x0000758140022f90] (c1)
[0.091s][debug][gc,nmethod   ] Register NMethod: java.lang.AbstractStringBuilder.ensureCapacityInternal [0x0000758140023490] (c1)
[0.092s][debug][gc,nmethod   ] Register NMethod: jdk.internal.util.Preconditions.checkIndex [0x0000758140023990] (c1)
[0.093s][debug][gc,nmethod   ] Register NMethod: jdk.internal.misc.Unsafe.getByte [0x0000758147ad7f90] ()
[0.093s][debug][gc,nmethod   ] Register NMethod: java.lang.ref.Reference.reachabilityFence [0x0000758140023d90] (c1)
[0.093s][debug][gc,nmethod   ] Register NMethod: java.lang.AbstractStringBuilder.putStringAt [0x0000758140024090] (c1)
[0.093s][debug][gc,nmethod   ] Register NMethod: java.lang.AbstractStringBuilder.inflateIfNeededFor [0x0000758140024710] (c1)
[0.094s][debug][gc,nmethod   ] Register NMethod: java.nio.Buffer.session [0x0000758140024c10] (c1)
[0.094s][debug][gc,nmethod   ] Register NMethod: java.util.Arrays.copyOfRange [0x0000758140025210] (c1)
[0.095s][debug][gc,nmethod   ] Register NMethod: java.nio.Buffer.checkIndex [0x0000758140026490] (c1)
[0.095s][debug][gc,nmethod   ] Register NMethod: java.nio.DirectByteBuffer.get [0x0000758140026810] (c1)
[0.095s][debug][gc,nmethod   ] Register NMethod: java.nio.DirectByteBuffer.ix [0x0000758140027890] (c1)
[0.096s][debug][gc,nmethod   ] Register NMethod: jdk.internal.misc.ScopedMemoryAccess.getByteInternal [0x0000758140027b90] (c1)
[0.096s][debug][gc,nmethod   ] Register NMethod: java.lang.String.<init> [0x0000758140028110] (c1)
[0.096s][debug][gc,nmethod   ] Register NMethod: java.lang.StringBuilder.append [0x0000758140028510] (c1)
[0.101s][debug][gc,nmethod   ] Register NMethod: jdk.internal.misc.Unsafe.putReferenceVolatile [0x0000758147ad8390] ()
[0.103s][debug][gc,nmethod   ] Register NMethod: java.nio.Buffer.limit [0x0000758147ad8790] (c1)
[0.104s][debug][gc,nmethod   ] Register NMethod: java.lang.StringLatin1.lastIndexOf [0x0000758140028890] (c1)
[0.104s][debug][gc,nmethod   ] Register NMethod: java.lang.AbstractStringBuilder.isLatin1 [0x0000758140028f90] (c1)
[0.104s][debug][gc,nmethod   ] Register NMethod: java.lang.String.indexOf [0x0000758140029310] (c1)
[0.105s][debug][gc,nmethod   ] Register NMethod: java.lang.StringLatin1.indexOf [0x0000758140029c10] (c1)
[0.105s][debug][gc,nmethod   ] Register NMethod: java.lang.String.indexOf [0x000075814002a510] (c1)
[0.105s][debug][gc,nmethod   ] Register NMethod: java.lang.StringBuilder.append [0x000075814002a890] (c1)
[0.105s][debug][gc,nmethod   ] Register NMethod: java.lang.AbstractStringBuilder.append [0x000075814002ac10] (c1)
[0.106s][debug][gc,nmethod   ] Register NMethod: java.lang.String.getBytes [0x000075814002b510] (c1)
[0.106s][debug][gc,nmethod   ] Register NMethod: java.lang.AbstractStringBuilder.append [0x000075814002bb90] (c1)
[0.106s][debug][gc,nmethod   ] Register NMethod: java.util.Optional.orElse [0x000075814002c590] (c1)
[0.108s][debug][gc,nmethod   ] Register NMethod: java.util.HashMap.putVal [0x0000758147ad8a90] (c2)
[0.108s][debug][gc,nmethod   ] Register NMethod: java.util.HashMap.afterNodeInsertion [0x0000758147ada090] (c2)
[0.109s][debug][gc,nmethod   ] Register NMethod: jdk.internal.util.Preconditions.checkFromToIndex [0x000075814002c990] (c1)
[0.109s][debug][gc,nmethod   ] Register NMethod: java.util.HashMap.newNode [0x0000758147ada390] (c2)
[0.109s][debug][gc,nmethod   ] Register NMethod: java.lang.String.substring [0x000075814002ce10] (c1)
[0.109s][debug][gc,nmethod   ] Register NMethod: java.lang.String.isLatin1 [0x0000758147ada710] (c2)
[0.109s][debug][gc,nmethod   ] Register NMethod: java.lang.String.checkBoundsBeginEnd [0x000075814002d890] (c1)
[0.109s][debug][gc,nmethod   ] Register NMethod: java.util.Optional.<init> [0x000075814002dd90] (c1)
[0.110s][debug][gc,nmethod   ] Register NMethod: java.lang.StringLatin1.newString [0x000075814002e190] (c1)
[0.110s][debug][gc,nmethod   ] Register NMethod: java.security.ProtectionDomain.getCodeSource [0x0000758147adaa10] (c1)
[0.110s][debug][gc,nmethod   ] Register NMethod: java.lang.String.charAt [0x0000758147adad10] (c2)
[0.111s][debug][gc,nmethod   ] Register NMethod: java.nio.DirectByteBuffer.ix [0x0000758147adb110] (c2)
[0.111s][debug][gc,nmethod   ] Register NMethod: java.lang.invoke.MethodType.parameterCount [0x000075814002f690] (c1)
[0.112s][debug][gc,nmethod   ] Register NMethod: jdk.internal.jimage.ImageStringsReader.unmaskedHashCode [0x000075814002fa10] (c1)
[0.113s][debug][gc,nmethod   ] Register NMethod: java.lang.ClassLoader.findLoadedClass0 [0x0000758147adb410] ()
[0.113s][debug][gc,nmethod   ] Register NMethod: jdk.internal.jimage.ImageStringsReader.stringFromByteBufferMatches [0x0000758140030b10] (c1)
[0.113s][debug][gc,nmethod   ] Register NMethod: jdk.internal.misc.Unsafe.putReferenceRelease [0x0000758140032290] (c1)
[0.114s][debug][gc,nmethod   ] Register NMethod: java.util.concurrent.ConcurrentHashMap.setTabAt [0x0000758140032610] (c1)
[0.114s][debug][gc,nmethod   ] Register NMethod: java.lang.ClassLoader.checkName [0x0000758140032a90] (c1)
[0.114s][debug][gc,nmethod   ] Register NMethod: jdk.internal.loader.BuiltinClassLoader$LoadedModule.loader [0x0000758147adbb90] (c1)
[0.114s][debug][gc,nmethod   ] Register NMethod: java.security.CodeSource.getLocationNoFragString [0x0000758147adbe90] (c1)
[0.115s][debug][gc,nmethod   ] Register NMethod: java.nio.Buffer.position [0x0000758147adc190] (c1)
[0.115s][debug][gc,nmethod   ] Register NMethod: java.lang.Class.getModule [0x0000758147adc490] (c1)
[0.116s][debug][gc,nmethod   ] Register NMethod: java.lang.StringConcatHelper.stringOf [0x0000758140033610] (c1)
[0.116s][debug][gc,nmethod   ] Register NMethod: java.lang.StringConcatHelper.mix [0x0000758140033a90] (c1)
[0.116s][debug][gc,nmethod   ] Register NMethod: java.lang.StringBuilder.length [0x0000758140034290] (c1)
[0.116s][debug][gc,nmethod   ] Register NMethod: java.lang.System.getSecurityManager [0x0000758140034610] (c1)
[0.116s][debug][gc,nmethod   ] Register NMethod: java.lang.System.allowSecurityManager [0x0000758140034990] (c1)
[0.116s][debug][gc,nmethod   ] Register NMethod: jdk.internal.misc.Unsafe.getInt [0x0000758147adc790] ()
[0.116s][debug][gc,nmethod   ] Register NMethod: java.util.Arrays.copyOf [0x0000758140034c90] (c1)
[0.116s][debug][gc,nmethod   ] Register NMethod: java.lang.StringBuilder.toString [0x0000758140035490] (c1)
[0.117s][debug][gc,nmethod   ] Register NMethod: java.lang.ref.Reference.reachabilityFence [0x0000758147adcb90] (c2)
[0.117s][debug][gc,nmethod   ] Register NMethod: java.lang.StringLatin1.replace [0x0000758140035990] (c1)
[0.117s][debug][gc,nmethod   ] Register NMethod: jdk.internal.jimage.ImageLocation.readValue [0x0000758140036f10] (c1)
[0.118s][debug][gc,nmethod   ] Register NMethod: jdk.internal.util.ArraysSupport.newLength [0x0000758140037610] (c1)
[0.118s][debug][gc,nmethod   ] Register NMethod: jdk.internal.misc.Unsafe.allocateUninitializedArray0 [0x0000758140037b10] (c1)
[0.118s][debug][gc,nmethod   ] Register NMethod: java.security.CodeSource.getLocation [0x0000758147adce90] (c1)
[0.118s][debug][gc,nmethod   ] Register NMethod: java.net.URL.getProtocol [0x0000758147add190] (c1)
[0.118s][debug][gc,nmethod   ] Register NMethod: java.lang.String.intern [0x0000758147add490] ()
[0.119s][debug][gc,nmethod   ] Register NMethod: java.nio.DirectByteBuffer.get [0x0000758147addc10] (c2)
[0.119s][debug][gc,nmethod   ] Register NMethod: java.util.Objects.requireNonNull [0x0000758147ade090] (c2)
[0.119s][debug][gc,nmethod   ] Register NMethod: java.lang.Class.initClassName [0x0000758147ade390] ()
[0.119s][debug][gc,nmethod   ] Register NMethod: java.nio.Buffer.session [0x0000758147adeb10] (c2)
[0.120s][debug][gc,nmethod   ] Register NMethod: java.lang.String.lastIndexOf [0x0000758140038710] (c1)
[0.120s][debug][gc,nmethod   ] Register NMethod: java.lang.String.lastIndexOf [0x0000758140038f10] (c1)
[0.120s][debug][gc,nmethod   ] Register NMethod: jdk.internal.misc.ScopedMemoryAccess.getByte [0x0000758147adee10] (c2)
[0.120s][debug][gc,nmethod   ] Register NMethod: jdk.internal.jimage.ImageLocation.getAttribute [0x0000758140039510] (c1)
[0.121s][debug][gc,nmethod   ] Register NMethod: jdk.internal.misc.ScopedMemoryAccess.getByteInternal [0x0000758147adf190] (c2)
[0.121s][debug][gc,nmethod   ] Register NMethod: java.lang.invoke.MethodHandle.linkToStatic [0x0000758147adf510] ()
[0.121s][debug][gc,nmethod   ] Register NMethod: java.lang.invoke.MethodType.checkSlotCount [0x000075814003a090] (c1)
[0.121s][debug][gc,nmethod   ] Register NMethod: java.lang.invoke.MemberName.allFlagsSet [0x000075814003ab10] (c1)
[0.122s][debug][gc,nmethod   ] Register NMethod: java.lang.Class.getPackageName [0x000075814003ae90] (c1)
[0.124s][debug][gc,nmethod   ] Register NMethod: java.lang.String.checkIndex [0x0000758147adf810] (c2)
[0.124s][debug][gc,nmethod   ] Register NMethod: java.util.regex.CharPredicates$$Lambda/0x800000026.is [0x000075814003c090] (c1)
[0.124s][debug][gc,nmethod   ] Register NMethod: java.lang.String.toString [0x000075814003c790] (c1)
[0.125s][debug][gc,nmethod   ] Register NMethod: java.lang.String.length [0x0000758147adfb10] (c2)
[0.125s][debug][gc,nmethod   ] Register NMethod: java.util.regex.Pattern$BmpCharPropertyGreedy.match [0x000075814003ca90] (c1)
[0.125s][debug][gc,nmethod   ] Register NMethod: java.util.regex.CharPredicates.lambda$ASCII_SPACE$20 [0x000075814003d990] (c1)
[0.125s][debug][gc,nmethod   ] Register NMethod: java.util.regex.Pattern.has [0x000075814003e010] (c1)
[0.125s][debug][gc,nmethod   ] Register NMethod: java.util.regex.Pattern.peek [0x000075814003e390] (c1)
[0.127s][debug][gc,nmethod   ] Register NMethod: java.lang.invoke.MethodType.makeImpl [0x000075814003e910] (c1)
[0.128s][debug][gc,nmethod   ] Register NMethod: java.lang.invoke.MethodType.parameterType [0x0000758140040990] (c1)
[0.128s][debug][gc,nmethod   ] Register NMethod: java.lang.AbstractStringBuilder.<init> [0x0000758140040d90] (c1)
[0.128s][debug][gc,nmethod   ] Register NMethod: jdk.internal.util.WeakReferenceKey.hashCode [0x0000758147adfe10] (c1)
[0.129s][debug][gc,nmethod   ] Register NMethod: java.lang.String.<init> [0x0000758140041290] (c1)
[0.129s][debug][gc,nmethod   ] Register NMethod: java.util.stream.ReferencePipeline$2$1.accept [0x0000758140043910] (c1)
[0.129s][debug][gc,nmethod   ] Register NMethod: jdk.internal.jimage.ImageStringsReader.match [0x0000758140044010] (c1)
[0.129s][debug][gc,nmethod   ] Register NMethod: jdk.internal.jimage.BasicImageReader.match [0x0000758140044490] (c1)
[0.130s][debug][gc,nmethod   ] Register NMethod: java.lang.invoke.MethodHandle.invokeBasic [0x0000758147ae0110] ()
[0.130s][debug][gc,nmethod   ] Register NMethod: java.lang.invoke.MethodHandle.linkToSpecial [0x0000758147ae0690] ()
[0.131s][debug][gc,nmethod   ] Register NMethod: jdk.internal.org.objectweb.asm.SymbolTable.get [0x0000758140044a10] (c1)
[0.132s][debug][gc,nmethod   ] Register NMethod: java.lang.Enum.<init> [0x0000758140044e90] (c1)
[0.132s][debug][gc,nmethod   ] Register NMethod: java.lang.StringBuilder.<init> [0x0000758140045290] (c1)
[0.132s][debug][gc,nmethod   ] Register NMethod: java.lang.invoke.MemberName.initResolved [0x0000758140045610] (c1)
[0.133s][debug][gc,nmethod   ] Register NMethod: jdk.internal.misc.Unsafe.allocateUninitializedArray [0x0000758140045990] (c1)
[0.133s][debug][gc,nmethod   ] Register NMethod: java.lang.AbstractStringBuilder.newCapacity [0x0000758140046190] (c1)
[0.133s][debug][gc,nmethod   ] Register NMethod: jdk.internal.org.objectweb.asm.ByteVector.putShort [0x0000758140046910] (c1)
[0.134s][debug][gc,nmethod   ] Register NMethod: jdk.internal.org.objectweb.asm.SymbolTable.hash [0x0000758140046e90] (c1)
[0.134s][debug][gc,nmethod   ] Register NMethod: java.util.HashSet.contains [0x0000758140047290] (c1)
[0.134s][debug][gc,nmethod   ] Register NMethod: java.nio.Buffer.position [0x0000758140047810] (c1)
[0.134s][debug][gc,nmethod   ] Register NMethod: java.lang.Class.isInterface [0x0000758147ae0990] ()
[0.134s][debug][gc,nmethod   ] Register NMethod: java.lang.invoke.MethodHandles$Lookup.lookupClass [0x0000758147ae0d10] (c1)
[0.135s][debug][gc,nmethod   ] Register NMethod: jdk.internal.misc.Unsafe.compareAndSetInt [0x0000758147ae1010] ()
[0.135s][debug][gc,nmethod   ] Register NMethod: java.nio.ByteBuffer.position [0x0000758140047d10] (c1)
[0.135s][debug][gc,nmethod   ] Register NMethod: java.lang.StringConcatHelper.prepend [0x0000758140048090] (c1)
[0.135s][debug][gc,nmethod   ] Register NMethod: java.util.concurrent.ConcurrentHashMap.casTabAt [0x0000758147ae1410] (c2)
[0.136s][debug][gc,nmethod   ] Register NMethod: java.nio.Buffer.limit [0x0000758140048710] (c1)
[0.136s][debug][gc,nmethod   ] Register NMethod: java.nio.ByteBuffer.limit [0x0000758140048c10] (c1)
[0.136s][debug][gc,nmethod   ] Register NMethod: java.nio.ByteOrder.nativeOrder [0x0000758140048f90] (c1)
[0.136s][debug][gc,nmethod   ] Register NMethod: java.nio.DirectByteBuffer.attachment [0x0000758147ae1790] (c1)
[0.137s][debug][gc,nmethod   ] Register NMethod: java.nio.MappedByteBuffer.position [0x0000758140049290] (c1)
[0.137s][debug][gc,nmethod   ] Register NMethod: java.lang.invoke.MethodHandleNatives.resolve [0x0000758147ae1a90] ()
[0.138s][debug][gc,nmethod   ] Register NMethod: java.lang.invoke.MemberName.getMethodType [0x0000758140049710] (c1)
[0.138s][debug][gc,nmethod   ] Register NMethod: jdk.internal.org.objectweb.asm.ByteVector.putUTF8 [0x000075814004b590] (c1)
[0.138s][debug][gc,nmethod   ] Register NMethod: java.nio.MappedByteBuffer.limit [0x000075814004c690] (c1)
[0.139s][debug][gc,nmethod   ] Register NMethod: java.nio.MappedByteBuffer.fileDescriptor [0x0000758147ae2290] (c1)
[0.139s][debug][gc,nmethod   ] Register NMethod: java.nio.MappedByteBuffer.isSync [0x0000758147ae2590] (c1)
[0.139s][debug][gc,nmethod   ] Register NMethod: java.lang.invoke.MethodTypeForm.erasedType [0x0000758147ae2890] (c1)
[0.139s][debug][gc,nmethod   ] Register NMethod: java.net.URL.getHost [0x0000758147ae2b90] (c1)
[0.139s][debug][gc,nmethod   ] Register NMethod: java.lang.Class.getName [0x000075814004cb10] (c1)
[0.140s][debug][gc,nmethod   ] Register NMethod: java.lang.invoke.MethodHandle.linkToSpecial [0x0000758147ae2e90] ()
[0.140s][debug][gc,nmethod   ] Register NMethod: jdk.internal.org.objectweb.asm.SymbolTable.addConstantUtf8 [0x000075814004cf90] (c1)
[0.145s][debug][gc,nmethod   ] Register NMethod: java.util.Properties$LineReader.readLine [0x000075814004dc90] (c1)
[0.145s][debug][gc,nmethod   ] Register NMethod: java.lang.String.replace [0x0000758140052010] (c1)
[0.145s][debug][gc,nmethod   ] Register NMethod: java.net.URL.getFile [0x0000758147ae3190] (c1)
[0.145s][debug][gc,nmethod   ] Register NMethod: java.lang.invoke.MethodHandle.linkToSpecial [0x0000758147ae3490] ()
[0.146s][debug][gc,nmethod   ] Register NMethod: java.nio.DirectIntBufferU.get [0x0000758140052690] (c1)
[0.146s][debug][gc,nmethod   ] Register NMethod: java.lang.invoke.MethodHandle.invokeBasic [0x0000758147ae3790] ()
[0.146s][debug][gc,nmethod   ] Register NMethod: java.lang.invoke.MethodHandle.linkToSpecial [0x0000758147ae3d10] ()
[0.146s][debug][gc,nmethod   ] Register NMethod: java.nio.DirectIntBufferU.ix [0x0000758140053790] (c1)
[0.146s][debug][gc,nmethod   ] Register NMethod: java.lang.Character.charCount [0x0000758140053b10] (c1)
[0.146s][debug][gc,nmethod   ] Register NMethod: java.lang.Class.isAssignableFrom [0x0000758147ae4010] ()
[0.147s][debug][gc,nmethod   ] Register NMethod: jdk.internal.jimage.ImageHeader.getTableLength [0x0000758147ae4410] (c1)
[0.147s][debug][gc,nmethod   ] Register NMethod: java.net.URL.getPort [0x0000758147ae4710] (c1)
[0.147s][debug][gc,nmethod   ] Register NMethod: java.lang.StringConcatHelper.newArray [0x0000758140053e90] (c1)
[0.147s][debug][gc,nmethod   ] Register NMethod: java.lang.ClassLoader.getClassLoadingLock [0x0000758140054490] (c1)
[0.147s][debug][gc,nmethod   ] Register NMethod: java.lang.ClassLoader.findLoadedClass [0x0000758140054b10] (c1)
[0.147s][debug][gc,nmethod   ] Register NMethod: jdk.internal.loader.BuiltinClassLoader$LoadedModule.mref [0x0000758147ae4a10] (c1)
[0.147s][debug][gc,nmethod   ] Register NMethod: java.net.URL.getAuthority [0x0000758147ae4d10] (c1)
[0.147s][debug][gc,nmethod   ] Register NMethod: java.net.URL.getPath [0x0000758147ae5010] (c1)
[0.147s][debug][gc,nmethod   ] Register NMethod: java.net.URL.getQuery [0x0000758147ae5310] (c1)
[0.148s][debug][gc,nmethod   ] Register NMethod: java.util.concurrent.ConcurrentHashMap.tabAt [0x0000758147ae5610] (c2)
[0.148s][debug][gc,nmethod   ] Register NMethod: java.lang.ClassLoader.defineClass2 [0x0000758147ae5910] ()
[0.148s][debug][gc,nmethod   ] Register NMethod: jdk.internal.loader.BuiltinClassLoader.loadClassOrNull [0x0000758140054f90] (c1)
[0.148s][debug][gc,nmethod   ] Register NMethod: java.net.URL.getRef [0x0000758147ae6110] (c1)
[0.148s][debug][gc,nmethod   ] Register NMethod: java.net.URLStreamHandler.getDefaultPort [0x0000758147ae6410] (c1)
[0.149s][debug][gc,nmethod   ] Register NMethod: java.nio.DirectByteBufferR.isDirect [0x0000758147ae6710] (c1)
[0.150s][debug][gc,nmethod   ] Register NMethod: java.lang.ClassLoader.loadClass [0x0000758140056890] (c1)
[0.150s][debug][gc,nmethod   ] Register NMethod: jdk.internal.loader.BuiltinClassLoader.loadClass [0x0000758140056c90] (c1)
[0.151s][debug][gc,nmethod   ] Register NMethod: jdk.internal.jimage.ImageStringsReader.hashCode [0x0000758140057210] (c1)
[0.152s][debug][gc,nmethod   ] Register NMethod: java.lang.String.startsWith [0x0000758140057610] (c1)
[0.154s][debug][gc,nmethod   ] Register NMethod: jdk.internal.loader.ClassLoaders$AppClassLoader.loadClass [0x0000758140057990] (c1)
[0.154s][debug][gc,nmethod   ] Register NMethod: java.lang.StringConcatHelper.initialCoder [0x0000758140058110] (c1)
[0.155s][debug][gc,nmethod   ] Register NMethod: java.lang.String.concat [0x0000758140058410] (c1)
[0.156s][debug][gc,nmethod   ] Register NMethod: java.lang.StringConcatHelper.simpleConcat [0x000075814005a190] (c1)
[0.156s][debug][gc,nmethod   ] Register NMethod: jdk.internal.org.objectweb.asm.SymbolTable.put [0x000075814005be90] (c1)
[0.156s][debug][gc,nmethod   ] Register NMethod: jdk.internal.org.objectweb.asm.Symbol.<init> [0x000075814005cd10] (c1)
[0.157s][debug][gc,nmethod   ] Register NMethod: java.util.ArrayList.add [0x000075814005d190] (c1)
[0.157s][debug][gc,nmethod   ] Register NMethod: java.util.ArrayList.add [0x000075814005d990] (c1)
[0.157s][debug][gc,nmethod   ] Register NMethod: jdk.internal.org.objectweb.asm.ByteVector.putByte [0x000075814005e090] (c1)
[0.157s][debug][gc,nmethod   ] Register NMethod: java.lang.Class.isHidden [0x0000758147ae6a10] ()
[0.157s][debug][gc,nmethod   ] Register NMethod: java.lang.invoke.MethodTypeForm.basicType [0x0000758147ae6d90] (c1)
[0.157s][debug][gc,nmethod   ] Register NMethod: jdk.internal.org.objectweb.asm.SymbolTable$Entry.<init> [0x000075814005e610] (c1)
[0.157s][debug][gc,nmethod   ] Register NMethod: java.lang.invoke.MethodTypeForm.parameterSlotCount [0x0000758147ae7090] (c1)
[0.157s][debug][gc,nmethod   ] Register NMethod: sun.invoke.util.Wrapper.basicTypeChar [0x0000758147ae7390] (c1)
[0.160s][debug][gc,nmethod   ] Register NMethod: jdk.internal.module.SystemModuleFinders$SystemImage.reader [0x000075814005ea10] (c1)
[0.160s][debug][gc,nmethod   ] Register NMethod: jdk.internal.jimage.ImageReader.requireOpen [0x000075814005ed10] (c1)
[0.160s][debug][gc,nmethod   ] Register NMethod: java.lang.Record.<init> [0x000075814005f210] (c1)
[0.161s][debug][gc,nmethod   ] Register NMethod: java.security.CodeSource.getCertificates [0x000075814005f590] (c1)
[0.161s][debug][gc,nmethod   ] Register NMethod: java.util.HashMap$ValueIterator.next [0x0000758140060710] (c1)
[0.162s][debug][gc,nmethod   ] Register NMethod: sun.invoke.util.VerifyAccess.isTypeVisible [0x0000758140060b10] (c1)
[0.162s][debug][gc,nmethod   ] Register NMethod: java.lang.Module.getDescriptor [0x0000758147ae7690] (c1)
[0.162s][debug][gc,nmethod   ] Register NMethod: java.lang.invoke.MethodType.methodType [0x0000758140062410] (c1)
[0.164s][debug][gc,nmethod   ] Register NMethod: java.lang.ClassLoader.findBootstrapClass [0x0000758147ae7990] ()
[0.165s][debug][gc,nmethod   ] Register NMethod: jdk.internal.misc.Unsafe.getLong [0x0000758147ae8110] ()
[0.165s][debug][gc,nmethod   ] Register NMethod: java.lang.invoke.MethodHandle.linkToStatic [0x0000758147ae8510] ()
[0.165s][debug][gc,nmethod   ] Register NMethod: jdk.internal.util.ArraysSupport.mismatch [0x0000758140062d10] (c1)
[0.165s][debug][gc,nmethod   ] Register NMethod: java.lang.String.coder [0x0000758147ae8810] (c2)
[0.165s][debug][gc,nmethod   ] Register NMethod: java.lang.invoke.MethodHandle.linkToSpecial [0x0000758147ae8b10] ()
[0.165s][debug][gc,nmethod   ] Register NMethod: java.lang.invoke.MethodHandle.invokeBasic [0x0000758147ae8e10] ()
[0.165s][debug][gc,nmethod   ] Register NMethod: java.lang.invoke.MethodHandle.linkToSpecial [0x0000758147ae9390] ()
[0.165s][debug][gc,nmethod   ] Register NMethod: java.lang.invoke.MethodType.checkPtypes [0x0000758140063510] (c1)
[0.166s][debug][gc,nmethod   ] Register NMethod: java.lang.String.startsWith [0x0000758140064690] (c1)
[0.166s][debug][gc,nmethod   ] Register NMethod: java.lang.invoke.MethodHandle.linkToSpecial [0x0000758147ae9690] ()
[0.166s][debug][gc,nmethod   ] Register NMethod: java.util.regex.Pattern.isSupplementary [0x0000758140065310] (c1)
[0.166s][debug][gc,nmethod   ] Register NMethod: java.lang.invoke.MemberName.getReferenceKind [0x0000758140065810] (c1)
[0.166s][debug][gc,nmethod   ] Register NMethod: java.lang.ref.WeakReference.<init> [0x0000758140065b10] (c1)
[0.166s][debug][gc,nmethod   ] Register NMethod: java.lang.invoke.LambdaForm.forceInterpretation [0x0000758140066010] (c1)
[0.166s][debug][gc,nmethod   ] Register NMethod: java.lang.reflect.Modifier.isProtected [0x0000758140066390] (c1)
[0.167s][debug][gc,nmethod   ] Register NMethod: java.lang.invoke.MethodHandle.linkToSpecial [0x0000758147ae9990] ()
[0.167s][debug][gc,nmethod   ] Register NMethod: java.lang.invoke.MethodTypeForm.canonicalizeAll [0x0000758140066710] (c1)
[0.167s][debug][gc,nmethod   ] Register NMethod: java.lang.invoke.MethodHandle.invokeBasic [0x0000758147ae9c90] ()
[0.167s][debug][gc,nmethod   ] Register NMethod: java.lang.invoke.MethodHandle.linkToSpecial [0x0000758147aea210] ()
[0.167s][debug][gc,nmethod   ] Register NMethod: java.lang.invoke.MethodTypeForm.canonicalize [0x0000758140067110] (c1)
[0.167s][debug][gc,nmethod   ] Register NMethod: java.lang.invoke.MemberName.getModifiers [0x0000758140067790] (c1)
[0.167s][debug][gc,nmethod   ] Register NMethod: java.lang.invoke.MemberName.isConstructor [0x0000758140067a90] (c1)
[0.168s][debug][gc,nmethod   ] Register NMethod: java.util.Optional.of [0x0000758140067e90] (c1)
[0.168s][debug][gc,nmethod   ] Register NMethod: jdk.internal.util.StrongReferenceKey.equals [0x0000758140068590] (c1)
[0.168s][debug][gc,nmethod   ] Register NMethod: java.lang.invoke.MethodType.equals [0x0000758140068f10] (c1)
[0.171s][debug][gc,nmethod   ] Register NMethod: jdk.internal.loader.BuiltinClassLoader.findLoadedModule [0x0000758140069490] (c1)
[0.171s][debug][gc,nmethod   ] Register NMethod: java.lang.invoke.MethodHandle.linkToStatic [0x0000758147aea510] ()
[0.172s][debug][gc,nmethod   ] Register NMethod: jdk.internal.org.objectweb.asm.ByteVector.put12 [0x0000758140069f90] (c1)
[0.172s][debug][gc,nmethod   ] Register NMethod: java.lang.invoke.LambdaForm.uncustomize [0x000075814006a590] (c1)
[0.172s][debug][gc,nmethod   ] Register NMethod: java.util.Objects.requireNonNull [0x000075814006ac10] (c1)
[0.173s][debug][gc,nmethod   ] Register NMethod: java.lang.invoke.MemberName.isResolved [0x000075814006b090] (c1)
[0.173s][debug][gc,nmethod   ] Register NMethod: java.lang.invoke.MethodHandle.linkToStatic [0x0000758147aea810] ()
[0.174s][debug][gc,nmethod   ] Register NMethod: java.lang.invoke.MethodHandle.linkToVirtual [0x0000758147aeab10] ()
[0.175s][debug][gc,nmethod   ] Register NMethod: java.lang.invoke.MethodHandle.linkToInterface [0x0000758147aeae10] ()
[0.175s][debug][gc,nmethod   ] Register NMethod: java.lang.invoke.MemberName.getMethodOrFieldType [0x000075814006b490] (c1)
[0.175s][debug][gc,nmethod   ] Register NMethod: java.lang.invoke.MethodHandles$Lookup.lookupClassOrNull [0x000075814006ca90] (c1)
[0.175s][debug][gc,nmethod   ] Register NMethod: java.lang.invoke.MethodHandles$Lookup.previousLookupClass [0x0000758147aeb190] (c1)
[0.176s][debug][gc,nmethod   ] Register NMethod: jdk.internal.org.objectweb.asm.SymbolTable.addConstantUtf8Reference [0x000075814006ce90] (c1)
[0.176s][debug][gc,nmethod   ] Register NMethod: jdk.internal.org.objectweb.asm.SymbolTable.addConstantClass [0x000075814006db10] (c1)
[0.176s][debug][gc,nmethod   ] Register NMethod: java.lang.invoke.MethodHandle.linkToStatic [0x0000758147aeb490] ()
[0.176s][debug][gc,nmethod   ] Register NMethod: java.lang.invoke.MethodHandle.invokeBasic [0x0000758147aeb790] ()
[0.176s][debug][gc,nmethod   ] Register NMethod: java.lang.invoke.MethodHandle.linkToSpecial [0x0000758147aebd10] ()
[0.177s][debug][gc,nmethod   ] Register NMethod: java.lang.invoke.MethodHandle.linkToStatic [0x0000758147aec010] ()
[0.177s][debug][gc,nmethod   ] Register NMethod: java.lang.invoke.MethodHandle.invokeBasic [0x0000758147aec310] ()
[0.177s][debug][gc,nmethod   ] Register NMethod: java.lang.invoke.MethodHandle.linkToSpecial [0x0000758147aec890] ()
[0.177s][debug][gc,nmethod   ] Register NMethod: sun.invoke.util.VerifyAccess.isClassAccessible [0x000075814006de90] (c1)
[0.177s][debug][gc,nmethod   ] Register NMethod: java.lang.invoke.MethodHandle.linkToStatic [0x0000758147aecb90] ()
[0.177s][debug][gc,nmethod   ] Register NMethod: java.lang.invoke.LambdaForm$BasicType.basicType [0x000075814006f410] (c1)
[0.177s][debug][gc,nmethod   ] Register NMethod: java.lang.invoke.MethodHandle.invokeBasic [0x0000758147aece90] ()
[0.177s][debug][gc,nmethod   ] Register NMethod: java.lang.invoke.MethodHandle.linkToSpecial [0x0000758147aed410] ()
[0.177s][debug][gc,nmethod   ] Register NMethod: java.lang.invoke.LambdaForm$Name.initIndex [0x0000758140070390] (c1)
[0.178s][debug][gc,nmethod   ] Register NMethod: java.lang.invoke.MethodHandle.linkToStatic [0x0000758147aed710] ()
[0.178s][debug][gc,nmethod   ] Register NMethod: java.lang.invoke.MethodHandle.<init> [0x0000758140070790] (c1)
[0.178s][debug][gc,nmethod   ] Register NMethod: java.lang.invoke.MethodHandle.invokeBasic [0x0000758147aeda10] ()
[0.178s][debug][gc,nmethod   ] Register NMethod: java.lang.invoke.LambdaForm$BasicType.basicType [0x0000758140071110] (c1)
[0.178s][debug][gc,nmethod   ] Register NMethod: sun.invoke.util.Wrapper.basicTypeChar [0x0000758140071610] (c1)
[0.178s][debug][gc,nmethod   ] Register NMethod: java.lang.invoke.LambdaForm.argument [0x0000758140071a90] (c1)
[0.178s][debug][gc,nmethod   ] Register NMethod: java.lang.invoke.MethodHandle.invokeBasic [0x0000758147aedf90] ()
[0.178s][debug][gc,nmethod   ] Register NMethod: java.lang.invoke.MethodHandle.linkToSpecial [0x0000758147aee510] ()
[0.178s][debug][gc,nmethod   ] Register NMethod: java.lang.invoke.MethodType.equals [0x0000758140072110] (c1)
[0.179s][debug][gc,nmethod   ] Register NMethod: java.lang.invoke.MethodHandle.linkToStatic [0x0000758147aee810] ()
[0.179s][debug][gc,nmethod   ] Register NMethod: java.lang.invoke.MemberName$Factory.resolve [0x0000758140072a10] (c1)
[0.179s][debug][gc,nmethod   ] Register NMethod: java.lang.invoke.MethodHandle.invokeBasic [0x0000758147aeeb10] ()
[0.179s][debug][gc,nmethod   ] Register NMethod: jdk.internal.org.objectweb.asm.ByteVector.putInt [0x0000758140073690] (c1)
[0.179s][debug][gc,nmethod   ] Register NMethod: java.lang.invoke.MethodHandle.linkToSpecial [0x0000758147aef090] ()
[0.180s][debug][gc,nmethod   ] Register NMethod: java.lang.invoke.MethodHandle.linkToStatic [0x0000758147aef390] ()
[0.180s][debug][gc,nmethod   ] Register NMethod: java.lang.invoke.MethodHandle.invokeBasic [0x0000758147aef690] ()
[0.180s][debug][gc,nmethod   ] Register NMethod: java.lang.invoke.MethodHandle.linkToSpecial [0x0000758147aefc10] ()
[0.180s][debug][gc,nmethod   ] Register NMethod: java.lang.invoke.MethodHandle.linkToStatic [0x0000758147aeff10] ()
[0.180s][debug][gc,nmethod   ] Register NMethod: java.lang.invoke.LambdaForm.internArgument [0x0000758140073c90] (c1)
[0.180s][debug][gc,nmethod   ] Register NMethod: java.lang.invoke.MethodHandle.invokeBasic [0x0000758147af0210] ()
[0.180s][debug][gc,nmethod   ] Register NMethod: java.util.Arrays.equals [0x0000758140074490] (c1)
[0.180s][debug][gc,nmethod   ] Register NMethod: java.lang.Number.<init> [0x0000758140074e10] (c1)
[0.181s][debug][gc,nmethod   ] Register NMethod: java.lang.invoke.MethodType.erase [0x0000758140075190] (c1)
[0.181s][debug][gc,nmethod   ] Register NMethod: java.lang.invoke.MethodHandle.invokeBasic [0x0000758147af0790] ()
[0.181s][debug][gc,nmethod   ] Register NMethod: java.lang.invoke.MethodHandle.linkToSpecial [0x0000758147af0d10] ()
[0.181s][debug][gc,nmethod   ] Register NMethod: java.lang.invoke.LambdaForm.parameterType [0x0000758140075590] (c1)
[0.181s][debug][gc,nmethod   ] Register NMethod: java.lang.invoke.LambdaForm$Name.index [0x0000758147af1010] (c1)
[0.182s][debug][gc,nmethod   ] Register NMethod: jdk.internal.org.objectweb.asm.MethodWriter.visitVarInsn [0x0000758140075990] (c1)
[0.182s][debug][gc,nmethod   ] Register NMethod: java.lang.invoke.LambdaForm$BasicType.basicTypeClass [0x0000758147af1310] (c1)
[0.183s][debug][gc,nmethod   ] Register NMethod: java.lang.String.endsWith [0x0000758140076910] (c1)
[0.185s][debug][gc,nmethod   ] Register NMethod: java.util.concurrent.ConcurrentHashMap.computeIfAbsent [0x0000758140077090] (c1)
[0.185s][debug][gc,nmethod   ] Register NMethod: java.nio.Buffer.<init> [0x000075814007aa90] (c1)
[0.185s][debug][gc,nmethod   ] Register NMethod: jdk.internal.loader.BuiltinClassLoader.moduleReaderFor [0x000075814007bc10] (c1)
[0.186s][debug][gc,nmethod   ] Register NMethod: java.lang.invoke.MethodHandle.linkToStatic [0x0000758147af1610] ()
[0.186s][debug][gc,nmethod   ] Register NMethod: jdk.internal.jimage.ImageLocation.verifyName [0x000075814007c690] (c1)
[0.187s][debug][gc,nmethod   ] Register NMethod: jdk.internal.util.ReferencedKeyMap.entryKey [0x000075814007eb90] (c1)
[0.187s][debug][gc,nmethod   ] Register NMethod: jdk.internal.util.WeakReferenceKey.<init> [0x000075814007f690] (c1)
[0.188s][debug][gc,nmethod   ] Register NMethod: jdk.internal.util.ReferencedKeyMap.existingKey [0x000075814007fe10] (c1)
[0.188s][debug][gc,nmethod   ] Register NMethod: jdk.internal.org.objectweb.asm.Handler.getExceptionTableLength [0x0000758140081510] (c1)
[0.188s][debug][gc,nmethod   ] Register NMethod: jdk.internal.org.objectweb.asm.SymbolTable.getMajorVersion [0x0000758147af1910] (c1)
[0.189s][debug][gc,nmethod   ] Register NMethod: jdk.internal.misc.Unsafe.putReferenceRelease [0x0000758147af1c10] (c2)
[0.189s][debug][gc,nmethod   ] Register NMethod: java.lang.ClassLoader.compareCerts [0x0000758140081990] (c1)
[0.190s][debug][gc,nmethod   ] Register NMethod: java.lang.StringConcatHelper.newString [0x0000758140082890] (c1)
[0.191s][debug][gc,nmethod   ] Register NMethod: java.lang.StringLatin1.lastIndexOf [0x0000758147af1f10] (c2)
[0.193s][debug][gc,nmethod   ] Register NMethod: jdk.internal.jimage.ImageLocation.decompress [0x0000758140083810] (c1)
[0.195s][debug][gc,nmethod   ] Register NMethod: jdk.internal.jimage.BasicImageReader.getLocationIndex [0x0000758140084910] (c1)
[0.195s][debug][gc,nmethod   ] Register NMethod: jdk.internal.jimage.ImageStringsReader.hashCode [0x0000758140085290] (c1)
[0.195s][debug][gc,nmethod   ] Register NMethod: java.nio.ByteBuffer.<init> [0x0000758140085710] (c1)
[0.196s][debug][gc,nmethod   ] Register NMethod: jdk.internal.module.SystemModuleFinders$SystemModuleReader.read [0x0000758140085c10] (c1)
[0.196s][debug][gc,nmethod   ] Register NMethod: jdk.internal.jimage.ImageStringsReader.unmaskedHashCode [0x0000758147af2410] (c2)
[0.196s][debug][gc,nmethod   ] Register NMethod: jdk.internal.module.SystemModuleFinders$SystemModuleReader.findImageLocation [0x0000758140086a10] (c1)
[0.196s][debug][gc,nmethod   ] Register NMethod: jdk.internal.jimage.ImageReader.findLocation [0x0000758140087610] (c1)
[0.196s][debug][gc,nmethod   ] Register NMethod: java.nio.ByteBuffer.<init> [0x0000758140087d10] (c1)
[0.196s][debug][gc,nmethod   ] Register NMethod: java.nio.MappedByteBuffer.limit [0x0000758140088110] (c1)
[0.197s][debug][gc,nmethod   ] Register NMethod: java.nio.MappedByteBuffer.limit [0x0000758140088610] (c1)
[0.197s][debug][gc,nmethod   ] Register NMethod: jdk.internal.jimage.ImageLocation.<init> [0x0000758140088b10] (c1)
[0.198s][debug][gc,nmethod   ] Register NMethod: java.lang.reflect.Modifier.isStatic [0x0000758140089490] (c1)
[0.204s][debug][gc,nmethod   ] Register NMethod: sun.invoke.util.Wrapper.forBasicType [0x0000758140089810] (c1)
[0.204s][debug][gc,nmethod   ] Register NMethod: java.lang.invoke.DirectMethodHandle.internalMemberName [0x0000758147af2a90] (c1)
[0.204s][debug][gc,nmethod   ] Register NMethod: jdk.internal.jimage.ImageStringsReader.stringFromByteBufferMatches [0x0000758147af2d90] (c2)
[0.207s][debug][gc,nmethod   ] Register NMethod: java.lang.StringLatin1.indexOfChar [0x0000758147af3690] (c2)
[0.209s][debug][gc,nmethod   ] Register NMethod: sun.invoke.util.BytecodeDescriptor.unparseSig [0x0000758140089f90] (c1)
[0.216s][debug][gc,nmethod   ] Register NMethod: jdk.internal.jimage.ImageStringsReader.stringFromByteBufferMatches [0x0000758147af3b90] (c2)
[0.218s][debug][gc,nmethod   ] Register NMethod: java.lang.StringLatin1.indexOf [0x000075814008a810] (c1)
[0.225s][debug][gc,nmethod   ] Register NMethod: jdk.internal.jimage.BasicImageReader.getAttributes [0x000075814008af10] (c1)
[0.225s][debug][gc,nmethod   ] Register NMethod: jdk.internal.jimage.ImageLocation.verify [0x000075814008b510] (c1)
[0.227s][debug][gc,nmethod   ] Register NMethod: jdk.internal.loader.BuiltinClassLoader.defineClass [0x000075814008c010] (c1)
[0.227s][debug][gc,nmethod   ] Register NMethod: java.nio.MappedByteBuffer.position [0x000075814008f510] (c1)
[0.227s][debug][gc,nmethod   ] Register NMethod: jdk.internal.loader.BuiltinClassLoader$LoadedModule.codeSourceURL [0x000075814008fa10] (c1)
[0.227s][debug][gc,nmethod   ] Register NMethod: java.nio.MappedByteBuffer.position [0x0000758140090110] (c1)
[0.228s][debug][gc,nmethod   ] Register NMethod: java.lang.StringBuilder.append [0x0000758147af4690] (c2)
[0.228s][debug][gc,nmethod   ] Register NMethod: jdk.internal.jimage.BasicImageReader.findLocation [0x0000758140090610] (c1)
[0.228s][debug][gc,nmethod   ] Register NMethod: java.nio.DirectByteBuffer.<init> [0x0000758140091790] (c1)
[0.228s][debug][gc,nmethod   ] Register NMethod: java.nio.MappedByteBuffer.<init> [0x0000758140091f10] (c1)
[0.228s][debug][gc,nmethod   ] Register NMethod: jdk.internal.jimage.BasicImageReader.slice [0x0000758140092310] (c1)
[0.228s][debug][gc,nmethod   ] Register NMethod: java.nio.DirectByteBufferR.<init> [0x0000758140092a90] (c1)
[0.229s][debug][gc,nmethod   ] Register NMethod: jdk.internal.jimage.BasicImageReader.getResourceBuffer [0x0000758140092e90] (c1)
[0.231s][debug][gc,nmethod   ] Register NMethod: java.lang.AbstractStringBuilder.ensureCapacityInternal [0x0000758147af5410] (c2)
[0.232s][debug][gc,nmethod   ] Register NMethod: java.lang.invoke.MethodType.rtype [0x0000758147af5d10] (c1)
[0.232s][debug][gc,nmethod   ] Register NMethod: java.lang.String.getBytes [0x0000758147af6010] (c2)
[0.233s][debug][gc,nmethod   ] Register NMethod: java.lang.invoke.MethodType.insertParameterTypes [0x0000758140095510] (c1)
[0.233s][debug][gc,nmethod   ] Register NMethod: java.lang.invoke.MemberName.isStatic [0x0000758140096e10] (c1)
[0.233s][debug][gc,nmethod   ] Register NMethod: java.lang.StringLatin1.inflate [0x0000758140097210] (c1)
[0.236s][debug][gc,nmethod   ] Register NMethod: jdk.internal.org.objectweb.asm.Frame.push [0x0000758140097710] (c1)
[0.240s][debug][gc,nmethod   ] Register NMethod: jdk.internal.org.objectweb.asm.ByteVector.putUTF8 [0x0000758147af6490] (c2)
[0.241s][debug][gc,nmethod   ] Register NMethod: java.lang.ref.Reference.<init> [0x0000758140098110] (c1)
[0.247s][debug][gc,nmethod   ] Register NMethod: java.lang.invoke.MemberName$Factory.resolveOrFail [0x0000758140098590] (c1)
[0.248s][debug][gc,nmethod   ] Register NMethod: java.lang.invoke.MethodType.basicType [0x0000758140099110] (c1)
[0.250s][debug][gc,nmethod   ] Register NMethod: java.lang.StringLatin1.replace [0x0000758147af6f90] (c2)
[0.252s][debug][gc,nmethod   ] Register NMethod: java.lang.StringLatin1.indexOfChar [0x0000758147af7a90] (c2)
[0.253s][debug][gc,nmethod   ] Register NMethod: java.nio.DirectIntBufferU.ix [0x0000758147af7e90] (c2)
[0.255s][debug][gc,nmethod   ] Register NMethod: java.nio.ByteOrder.nativeOrder [0x0000758147af8190] (c2)
[0.256s][debug][gc,nmethod   ] Register NMethod: java.nio.DirectByteBufferR.slice [0x0000758140099510] (c1)
[0.256s][debug][gc,nmethod   ] Register NMethod: java.nio.DirectByteBufferR.slice [0x0000758140099890] (c1)
[0.256s][debug][gc,nmethod   ] Register NMethod: java.nio.ByteBuffer.order [0x0000758140099e90] (c1)
[0.256s][debug][gc,nmethod   ] Register NMethod: java.nio.Buffer.remaining [0x000075814009a310] (c1)
[0.257s][debug][gc,nmethod   ] Register NMethod: sun.net.util.URLUtil.urlNoFragString [0x000075814009a690] (c1)
[0.257s][debug][gc,nmethod   ] Register NMethod: java.security.CodeSource.<init> [0x000075814009c090] (c1)
[0.257s][debug][gc,nmethod   ] Register NMethod: java.security.SecureClassLoader.defineClass [0x000075814009c890] (c1)
[0.258s][debug][gc,nmethod   ] Register NMethod: java.lang.ClassLoader.postDefineClass [0x000075814009cc90] (c1)
[0.258s][debug][gc,nmethod   ] Register NMethod: java.net.URL.getDefaultPort [0x000075814009d410] (c1)
[0.258s][debug][gc,nmethod   ] Register NMethod: jdk.internal.jimage.BasicImageReader.readBuffer [0x000075814009d890] (c1)
[0.258s][debug][gc,nmethod   ] Register NMethod: java.security.SecureClassLoader.getProtectionDomain [0x000075814009ec90] (c1)
[0.258s][debug][gc,nmethod   ] Register NMethod: java.security.SecureClassLoader$CodeSourceKey.<init> [0x000075814009f710] (c1)
[0.259s][debug][gc,nmethod   ] Register NMethod: java.security.SecureClassLoader$1.<init> [0x000075814009fb90] (c1)
[0.259s][debug][gc,nmethod   ] Register NMethod: java.security.SecureClassLoader$CodeSourceKey.hashCode [0x000075814009ff90] (c1)
[0.259s][debug][gc,nmethod   ] Register NMethod: java.lang.ClassLoader.defineClass [0x00007581400a0490] (c1)
[0.260s][debug][gc,nmethod   ] Register NMethod: java.security.SecureClassLoader$CodeSourceKey.equals [0x00007581400a1e90] (c1)
[0.263s][debug][gc,nmethod   ] Register NMethod: java.lang.invoke.MethodType.parameterType [0x0000758147af8490] (c2)
[0.265s][debug][gc,nmethod   ] Register NMethod: jdk.internal.org.objectweb.asm.ByteVector.put122 [0x00007581400a2a90] (c1)
[0.267s][debug][gc,nmethod   ] Register NMethod: jdk.internal.util.ArraysSupport.vectorizedHashCode [0x0000758147af8810] (c2)
[0.273s][debug][gc,nmethod   ] Register NMethod: com.sun.tools.javac.util.Context.checkState [0x00007581400a3110] (c1)
[0.276s][debug][gc,nmethod   ] Register NMethod: com.sun.tools.javac.util.Name$Table.hashValue [0x00007581400a3590] (c1)
[0.276s][debug][gc,nmethod   ] Register NMethod: com.sun.tools.javac.util.Convert.chars2utf [0x00007581400a3a10] (c1)
[0.276s][debug][gc,nmethod   ] Register NMethod: com.sun.tools.javac.util.SharedNameTable$NameImpl.<init> [0x00007581400a4210] (c1)
[0.281s][debug][gc,nmethod   ] Register NMethod: java.lang.ClassLoader.preDefineClass [0x00007581400a4690] (c1)
[0.282s][debug][gc,nmethod   ] Register NMethod: java.lang.ClassLoader.checkCerts [0x00007581400a6390] (c1)
[0.282s][debug][gc,nmethod   ] Register NMethod: java.lang.ClassLoader.addClass [0x00007581400a7a90] (c1)
[0.283s][debug][gc,nmethod   ] Register NMethod: java.lang.ClassLoader.getNamedPackage [0x00007581400a8690] (c1)
[0.283s][debug][gc,nmethod   ] Register NMethod: jdk.internal.module.SystemModuleFinders$SystemModuleReader.release [0x00007581400a9090] (c1)
[0.283s][debug][gc,nmethod   ] Register NMethod: jdk.internal.jimage.ImageReader.releaseByteBuffer [0x00007581400a9890] (c1)
[0.284s][debug][gc,nmethod   ] Register NMethod: java.net.URLStreamHandler.toExternalForm [0x00007581400a9e10] (c1)
[0.285s][debug][gc,nmethod   ] Register NMethod: java.security.CodeSource.matchCerts [0x00007581400ac090] (c1)
[0.285s][debug][gc,nmethod   ] Register NMethod: jdk.internal.jimage.BasicImageReader.releaseByteBuffer [0x00007581400ad790] (c1)
[0.285s][debug][gc,nmethod   ] Register NMethod: sun.invoke.util.VerifyAccess.isSamePackage [0x00007581400adc90] (c1)
[0.297s][debug][gc,nmethod   ] Register NMethod: java.lang.Class.getModifiers [0x0000758147af8d10] ()
[0.298s][debug][gc,nmethod   ] Register NMethod: java.lang.invoke.MethodHandle.linkToVirtual [0x0000758147af9090] ()
[0.298s][debug][gc,nmethod   ] Register NMethod: java.lang.invoke.LambdaForm.prepare [0x00007581400ae690] (c1)
[0.299s][debug][gc,nmethod   ] Register NMethod: java.lang.invoke.MemberName.<init> [0x00007581400af510] (c1)
[0.299s][debug][gc,nmethod   ] Register NMethod: java.lang.reflect.Modifier.isPublic [0x00007581400afb90] (c1)
[0.301s][debug][gc,nmethod   ] Register NMethod: jdk.internal.org.objectweb.asm.Type.getArgumentsAndReturnSizes [0x00007581400aff10] (c1)
[0.301s][debug][gc,nmethod   ] Register NMethod: java.lang.invoke.MethodType.parameterCount [0x0000758147af9390] (c2)
[0.301s][debug][gc,nmethod   ] Register NMethod: jdk.internal.org.objectweb.asm.ByteVector.<init> [0x00007581400b2c10] (c1)
[0.302s][debug][gc,nmethod   ] Register NMethod: java.lang.invoke.MethodType.genericMethodType [0x00007581400b3090] (c1)
[0.302s][debug][gc,nmethod   ] Register NMethod: java.lang.StringLatin1.hashCode [0x0000758147af9690] (c2)
[0.302s][debug][gc,nmethod   ] Register NMethod: java.lang.invoke.MethodHandleNatives.refKindIsField [0x00007581400b4410] (c1)
[0.302s][debug][gc,nmethod   ] Register NMethod: jdk.internal.org.objectweb.asm.MethodWriter.hasAsmInstructions [0x0000758147af9b90] (c1)
[0.302s][debug][gc,nmethod   ] Register NMethod: java.lang.invoke.MethodHandleImpl.isCompileConstant [0x0000758147af9e90] (c1)
[0.302s][debug][gc,nmethod   ] Register NMethod: java.lang.invoke.MemberName.getName [0x00007581400b4790] (c1)
[0.302s][debug][gc,nmethod   ] Register NMethod: jdk.internal.util.ClassFileDumper.isEnabled [0x0000758147afa190] (c1)
[0.303s][debug][gc,nmethod   ] Register NMethod: java.lang.invoke.MemberName.getType [0x00007581400b4f10] (c1)
[0.303s][debug][gc,nmethod   ] Register NMethod: java.lang.invoke.MethodHandle.linkToSpecial [0x0000758147afa490] ()
[0.303s][debug][gc,nmethod   ] Register NMethod: java.lang.invoke.MethodHandle.linkToSpecial [0x0000758147afa790] ()
[0.303s][debug][gc,nmethod   ] Register NMethod: java.lang.invoke.MethodHandles$Lookup.checkAccess [0x00007581400b5510] (c1)
[0.304s][debug][gc,nmethod   ] Register NMethod: jdk.internal.reflect.Reflection.getClassAccessFlags [0x0000758147afaa90] ()
[0.304s][debug][gc,nmethod   ] Register NMethod: java.lang.invoke.MemberName.isCallerSensitive [0x00007581400b6790] (c1)
[0.304s][debug][gc,nmethod   ] Register NMethod: java.lang.Class.isInstance [0x0000758147afae90] ()
[0.304s][debug][gc,nmethod   ] Register NMethod: java.lang.invoke.LambdaForm$Name.<init> [0x00007581400b6b90] (c1)
[0.304s][debug][gc,nmethod   ] Register NMethod: jdk.internal.misc.Unsafe.allocateInstance [0x0000758147afb290] ()
[0.305s][debug][gc,nmethod   ] Register NMethod: java.lang.StringBuilder.<init> [0x00007581400b7090] (c1)
[0.305s][debug][gc,nmethod   ] Register NMethod: java.lang.invoke.MethodHandle.linkToSpecial [0x0000758147afba10] ()
[0.305s][debug][gc,nmethod   ] Register NMethod: java.lang.invoke.LambdaForm$Name.type [0x0000758147afbd10] (c1)
[0.306s][debug][gc,nmethod   ] Register NMethod: sun.invoke.util.VerifyType.isNullConversion [0x00007581400b7410] (c1)
[0.306s][debug][gc,nmethod   ] Register NMethod: java.lang.invoke.LambdaForm$NamedFunction.methodType [0x00007581400b9010] (c1)
[0.308s][debug][gc,nmethod   ] Register NMethod: java.lang.invoke.MemberName.checkForTypeAlias [0x00007581400b9710] (c1)
[0.308s][debug][gc,nmethod   ] Register NMethod: jdk.internal.org.objectweb.asm.SymbolTable.addConstantNameAndType [0x00007581400bc090] (c1)
[0.308s][debug][gc,nmethod   ] Register NMethod: java.lang.invoke.MethodType.changeReturnType [0x00007581400bd010] (c1)
[0.312s][debug][gc,nmethod   ] Register NMethod: com.sun.tools.javac.util.Context.uncheckedCast [0x00007581400bd510] (c1)
[0.313s][debug][gc,nmethod   ] Register NMethod: java.lang.invoke.MethodHandles$Lookup.checkSymbolicClass [0x00007581400bd810] (c1)
[0.314s][debug][gc,nmethod   ] Register NMethod: java.lang.Class.descriptorString [0x00007581400bdd90] (c1)
[0.314s][debug][gc,nmethod   ] Register NMethod: java.lang.AbstractStringBuilder.append [0x0000758147afc010] (c2)
[0.314s][debug][gc,nmethod   ] Register NMethod: com.sun.tools.javac.util.SharedNameTable$NameImpl.getByteLength [0x0000758147afcd90] (c1)
[0.314s][debug][gc,nmethod   ] Register NMethod: com.sun.tools.javac.util.SharedNameTable$NameImpl.getByteOffset [0x0000758147afd090] (c1)
[0.314s][debug][gc,nmethod   ] Register NMethod: com.sun.tools.javac.util.SharedNameTable$NameImpl.hashCode [0x0000758147afd390] (c1)
[0.314s][debug][gc,nmethod   ] Register NMethod: com.sun.tools.javac.util.SharedNameTable$NameImpl.getByteArray [0x00007581400c0510] (c1)
[0.315s][debug][gc,nmethod   ] Register NMethod: com.sun.tools.javac.util.ArrayUtils.ensureCapacity [0x00007581400c0a10] (c1)
[0.315s][debug][gc,nmethod   ] Register NMethod: com.sun.tools.javac.util.Name$Table.equals [0x00007581400c1890] (c1)
[0.315s][debug][gc,nmethod   ] Register NMethod: com.sun.tools.javac.code.Symbol$PackageSymbol.getQualifiedName [0x0000758147afd690] (c1)
[0.315s][debug][gc,nmethod   ] Register NMethod: com.sun.tools.javac.util.Assert.checkNonNull [0x00007581400c1e10] (c1)
[0.315s][debug][gc,nmethod   ] Register NMethod: java.util.Collections$EmptyMap.get [0x0000758147afd990] (c1)
[0.315s][debug][gc,nmethod   ] Register NMethod: java.util.AbstractList.<init> [0x00007581400c2310] (c1)
[0.315s][debug][gc,nmethod   ] Register NMethod: com.sun.tools.javac.util.List.nil [0x00007581400c2790] (c1)
[0.316s][debug][gc,nmethod   ] Register NMethod: java.util.Collections.emptyMap [0x00007581400c2a90] (c1)
[0.316s][debug][gc,nmethod   ] Register NMethod: com.sun.tools.javac.code.AnnoConstruct.<init> [0x00007581400c2d90] (c1)
[0.316s][debug][gc,nmethod   ] Register NMethod: java.lang.invoke.InfoFromMemberName.getReferenceKind [0x0000758147afdc90] (c1)
[0.316s][debug][gc,nmethod   ] Register NMethod: java.util.HashMap.hash [0x0000758147afdf90] (c2)
[0.321s][debug][gc,nmethod   ] Register NMethod: com.sun.tools.javac.util.Context.get [0x00007581400c3190] (c1)
[0.324s][debug][gc,nmethod   ] Register NMethod: sun.invoke.util.BytecodeDescriptor.unparse [0x00007581400c4490] (c1)
[0.325s][debug][gc,nmethod   ] Register NMethod: java.lang.invoke.TypeConvertingMethodAdapter.descriptorToName [0x00007581400c4910] (c1)
[0.325s][debug][gc,nmethod   ] Register NMethod: jdk.internal.access.SharedSecrets.getJavaLangAccess [0x00007581400c5c10] (c1)
[0.330s][debug][gc,nmethod   ] Register NMethod: java.util.HashMap$Node.getKey [0x0000758147afe310] (c1)
[0.330s][debug][gc,nmethod   ] Register NMethod: java.lang.invoke.MethodHandle.linkToVirtual [0x0000758147afe610] ()
[0.331s][debug][gc,nmethod   ] Register NMethod: jdk.internal.org.objectweb.asm.ByteVector.enlarge [0x00007581400c5f90] (c1)
[0.331s][debug][gc,nmethod   ] Register NMethod: java.lang.invoke.MethodHandle.linkToInterface [0x0000758147afe910] ()
[0.332s][debug][gc,nmethod   ] Register NMethod: jdk.internal.util.ReferencedKeyMap.internKey [0x00007581400c6710] (c1)
[0.332s][debug][gc,nmethod   ] Register NMethod: java.lang.Enum.equals [0x00007581400c7c90] (c1)
[0.333s][debug][gc,nmethod   ] Register NMethod: jdk.internal.org.objectweb.asm.Attribute.computeAttributesSize [0x00007581400c8010] (c1)
[0.333s][debug][gc,nmethod   ] Register NMethod: java.lang.invoke.MethodHandle.isBuiltinLoader [0x00007581400c8610] (c1)
[0.333s][debug][gc,nmethod   ] Register NMethod: java.net.URI.match [0x00007581400c8b10] (c1)
[0.333s][debug][gc,nmethod   ] Register NMethod: jdk.internal.org.objectweb.asm.AnnotationWriter.computeAnnotationsSize [0x00007581400c9010] (c1)
[0.338s][debug][gc,nmethod   ] Register NMethod: jdk.internal.jimage.ImageLocation.readValue [0x0000758147afec90] (c2)
[0.341s][debug][gc,nmethod   ] Register NMethod: jdk.internal.org.objectweb.asm.MethodVisitor.<init> [0x00007581400c9690] (c1)
[0.341s][debug][gc,nmethod   ] Register NMethod: java.util.LinkedHashMap.get [0x00007581400ca310] (c1)
[0.342s][debug][gc,nmethod   ] Register NMethod: java.lang.String.toCharArray [0x00007581400ca890] (c1)
[0.342s][debug][gc,nmethod   ] Register NMethod: com.sun.tools.javac.util.SharedNameTable.fromChars [0x00007581400cae90] (c1)
[0.343s][debug][gc,nmethod   ] Register NMethod: java.lang.StringLatin1.toChars [0x00007581400cbe90] (c1)
[0.343s][debug][gc,nmethod   ] Register NMethod: com.sun.tools.javac.util.Names.fromString [0x00007581400cc310] (c1)
[0.343s][debug][gc,nmethod   ] Register NMethod: com.sun.tools.javac.util.Name$Table.fromString [0x00007581400cc790] (c1)
[0.346s][debug][gc,nmethod   ] Register NMethod: java.lang.ref.SoftReference.get [0x00007581400ccf10] (c1)
[0.347s][debug][gc,nmethod   ] Register NMethod: com.sun.tools.javac.parser.UnicodeReader.is [0x00007581400cd310] (c1)
[0.347s][debug][gc,nmethod   ] Register NMethod: com.sun.tools.javac.parser.UnicodeReader.nextCodeUnit [0x00007581400cd690] (c1)
[0.347s][debug][gc,nmethod   ] Register NMethod: com.sun.tools.javac.parser.UnicodeReader.next [0x00007581400cdb10] (c1)
[0.347s][debug][gc,nmethod   ] Register NMethod: com.sun.tools.javac.parser.UnicodeReader.isASCII [0x00007581400cde90] (c1)
[0.347s][debug][gc,nmethod   ] Register NMethod: com.sun.tools.javac.parser.UnicodeReader.isAvailable [0x00007581400ce210] (c1)
[0.348s][debug][gc,nmethod   ] Register NMethod: com.sun.tools.javac.parser.UnicodeReader.nextCodePoint [0x00007581400ce590] (c1)
[0.348s][debug][gc,nmethod   ] Register NMethod: com.sun.tools.javac.parser.UnicodeReader.nextUnicodeInputCharacter [0x00007581400cef10] (c1)
[0.348s][debug][gc,nmethod   ] Register NMethod: com.sun.tools.javac.parser.UnicodeReader.get [0x0000758147aff190] (c1)
[0.349s][debug][gc,nmethod   ] Register NMethod: com.sun.tools.javac.parser.UnicodeReader.position [0x00007581400cf690] (c1)
[0.351s][debug][gc,nmethod   ] Register NMethod: com.sun.tools.javac.parser.UnicodeReader.isSurrogate [0x00007581400cf990] (c1)
[0.351s][debug][gc,nmethod   ] Register NMethod: com.sun.tools.javac.util.Convert$Validation.allowSingleByteNul [0x0000758147aff490] (c1)
[0.351s][debug][gc,nmethod   ] Register NMethod: java.util.ArrayList.size [0x0000758147aff790] (c1)
[0.351s][debug][gc,nmethod   ] Register NMethod: com.sun.tools.javac.parser.UnicodeReader.isOneOf [0x00007581400cfd10] (c1)
[0.352s][debug][gc,nmethod   ] Register NMethod: java.lang.StringUTF16.compress [0x00007581400d0510] (c1)
[0.352s][debug][gc,nmethod   ] Register NMethod: java.lang.System.identityHashCode [0x0000758147affa90] ()
[0.353s][debug][gc,nmethod   ] Register NMethod: jdk.internal.org.objectweb.asm.Handler.getExceptionTableSize [0x00007581400d0a90] (c1)
[0.354s][debug][gc,nmethod   ] Register NMethod: java.util.HashMap.size [0x0000758147affe90] (c1)
[0.356s][debug][gc,nmethod   ] Register NMethod: java.lang.reflect.Method.getName [0x0000758147b00190] (c1)
[0.357s][debug][gc,nmethod   ] Register NMethod: jdk.internal.reflect.Reflection.getCallerClass [0x0000758147b00490] ()
[0.358s][debug][gc,nmethod   ] Register NMethod: java.lang.invoke.MethodTypeForm.cachedLambdaForm [0x00007581400d0f90] (c1)
[0.360s][debug][gc,nmethod   ] Register NMethod: java.util.ImmutableCollections$AbstractImmutableSet.<init> [0x00007581400d1690] (c1)
[0.361s][debug][gc,nmethod   ] Register NMethod: java.lang.invoke.DirectMethodHandle.preparedLambdaForm [0x00007581400d1b90] (c1)
[0.361s][debug][gc,nmethod   ] Register NMethod: sun.nio.fs.UnixPath.checkNotNul [0x00007581400d2590] (c1)
[0.362s][debug][gc,nmethod   ] Register NMethod: java.lang.StringLatin1.replace [0x00007581400d2a10] (c1)
[0.362s][debug][gc,nmethod   ] Register NMethod: jdk.internal.org.objectweb.asm.Label.<init> [0x00007581400d3f90] (c1)
[0.362s][debug][gc,nmethod   ] Register NMethod: java.lang.Class.desiredAssertionStatus0 [0x0000758147b00c10] ()
[0.363s][debug][gc,nmethod   ] Register NMethod: java.lang.StringCoding.countPositives [0x00007581400d4310] (c1)
[0.363s][debug][gc,nmethod   ] Register NMethod: jdk.internal.jimage.ImageLocation.getStrings [0x0000758147b01010] (c1)
[0.364s][debug][gc,nmethod   ] Register NMethod: java.util.concurrent.ConcurrentHashMap.get [0x0000758147b01310] (c2)
[0.364s][debug][gc,nmethod   ] Register NMethod: java.lang.invoke.DirectMethodHandle.maybeCompile [0x00007581400d4810] (c1)
[0.364s][debug][gc,nmethod   ] Register NMethod: jdk.internal.org.objectweb.asm.AnnotationWriter.putAnnotations [0x00007581400d4d90] (c1)
[0.364s][debug][gc,nmethod   ] Register NMethod: java.lang.Object.<init> [0x0000758147b02010] (c2)
[0.365s][debug][gc,nmethod   ] Register NMethod: jdk.internal.org.objectweb.asm.SymbolTable.addConstantMemberReference [0x00007581400d5610] (c1)
[0.365s][debug][gc,nmethod   ] Register NMethod: jdk.internal.org.objectweb.asm.SymbolTable.hash [0x00007581400d6890] (c1)
[0.365s][debug][gc,nmethod   ] Register NMethod: java.lang.invoke.MethodHandleNatives.refKindIsMethod [0x00007581400d6d90] (c1)
[0.365s][debug][gc,nmethod   ] Register NMethod: java.lang.invoke.MethodHandle.linkToVirtual [0x0000758147b02310] ()
[0.366s][debug][gc,nmethod   ] Register NMethod: java.lang.invoke.MemberName.flagsMods [0x00007581400d7210] (c1)
[0.366s][debug][gc,nmethod   ] Register NMethod: java.lang.invoke.MemberName.init [0x00007581400d7510] (c1)
[0.366s][debug][gc,nmethod   ] Register NMethod: jdk.internal.org.objectweb.asm.ByteVector.putByteArray [0x00007581400d7910] (c1)
[0.366s][debug][gc,nmethod   ] Register NMethod: java.lang.invoke.MethodHandleNatives.findMethodHandleType [0x00007581400d7f10] (c1)
[0.367s][debug][gc,nmethod   ] Register NMethod: java.util.HashMap.containsKey [0x00007581400d8290] (c1)
[0.368s][debug][gc,nmethod   ] Register NMethod: jdk.internal.jimage.ImageStringsReader.charsFromByteBufferLength [0x00007581400d8690] (c1)
[0.368s][debug][gc,nmethod   ] Register NMethod: java.lang.StringCoding.hasNegatives [0x00007581400d8e90] (c1)
[0.368s][debug][gc,nmethod   ] Register NMethod: jdk.internal.jimage.ImageStringsReader.stringFromByteBuffer [0x00007581400d9410] (c1)
[0.371s][debug][gc,nmethod   ] Register NMethod: java.nio.Buffer.checkIndex [0x0000758147b02610] (c2)
[0.372s][debug][gc,nmethod   ] Register NMethod: java.lang.String.<init> [0x00007581400d9e90] (c1)
[0.373s][debug][gc,nmethod   ] Register NMethod: java.lang.String.<init> [0x00007581400e1410] (c1)
[0.373s][debug][gc,nmethod   ] Register NMethod: jdk.internal.jimage.ImageLocation.getAttributeString [0x00007581400e1a10] (c1)
[0.373s][debug][gc,nmethod   ] Register NMethod: jdk.internal.jimage.ImageStringsReader.get [0x00007581400e2890] (c1)
[0.373s][debug][gc,nmethod   ] Register NMethod: jdk.internal.jimage.BasicImageReader.getString [0x00007581400e3010] (c1)
[0.374s][debug][gc,nmethod   ] Register NMethod: jdk.internal.jimage.ImageReader$SharedImageReader.makeDirectory [0x00007581400e3610] (c1)
[0.374s][debug][gc,nmethod   ] Register NMethod: jdk.internal.jimage.ImageReader$Node.getName [0x0000758147b02910] (c1)
[0.374s][debug][gc,nmethod   ] Register NMethod: jdk.internal.jimage.BasicImageReader.getStrings [0x0000758147b02c10] (c1)
[0.374s][debug][gc,nmethod   ] Register NMethod: java.util.ArrayList.<init> [0x00007581400e3f90] (c1)
[0.374s][debug][gc,nmethod   ] Register NMethod: java.nio.Buffer.capacity [0x0000758147b02f10] (c1)
[0.374s][debug][gc,nmethod   ] Register NMethod: java.lang.Enum.name [0x0000758147b03210] (c1)
[0.374s][debug][gc,nmethod   ] Register NMethod: jdk.internal.jrtfs.JrtFileSystem.isOpen [0x0000758147b03510] (c1)
[0.374s][debug][gc,nmethod   ] Register NMethod: java.util.Collections$1.hasNext [0x0000758147b03810] (c1)
[0.374s][debug][gc,nmethod   ] Register NMethod: jdk.internal.jimage.ImageReader$Node.isCompleted [0x0000758147b03b10] (c1)
[0.374s][debug][gc,nmethod   ] Register NMethod: jdk.internal.jimage.ImageReader$Node.isLink [0x0000758147b03e10] (c1)
[0.375s][debug][gc,nmethod   ] Register NMethod: java.lang.String.codePointAt [0x00007581400e4490] (c1)
[0.376s][debug][gc,nmethod   ] Register NMethod: com.sun.tools.javac.util.Name.getBytes [0x00007581400e4d90] (c1)
[0.376s][debug][gc,nmethod   ] Register NMethod: com.sun.tools.javac.util.SharedNameTable.fromUtf [0x00007581400e5510] (c1)
[0.376s][debug][gc,nmethod   ] Register NMethod: java.util.regex.ASCII.isType [0x00007581400e6610] (c1)
[0.376s][debug][gc,nmethod   ] Register NMethod: java.util.regex.Pattern$Node.<init> [0x00007581400e6b10] (c1)
[0.377s][debug][gc,nmethod   ] Register NMethod: java.lang.invoke.Invokers$Holder.linkToTargetMethod [0x00007581400e6f10] (c1)
[0.377s][debug][gc,nmethod   ] Register NMethod: java.lang.invoke.LambdaForm$MH/0x00007580d0000800.invoke [0x00007581400e7490] (c1)
[0.377s][debug][gc,nmethod   ] Register NMethod: java.util.regex.ASCII.getType [0x00007581400e7990] (c1)
[0.377s][debug][gc,nmethod   ] Register NMethod: java.lang.invoke.DirectMethodHandle.allocateInstance [0x00007581400e7d90] (c1)
[0.377s][debug][gc,nmethod   ] Register NMethod: java.lang.invoke.DirectMethodHandle.constructorMethod [0x00007581400e8290] (c1)
[0.377s][debug][gc,nmethod   ] Register NMethod: java.util.regex.Pattern.nextEscaped [0x00007581400e8710] (c1)
[0.377s][debug][gc,nmethod   ] Register NMethod: java.util.regex.Pattern.unread [0x00007581400e8b10] (c1)
[0.377s][debug][gc,nmethod   ] Register NMethod: com.sun.tools.javac.code.Kinds$Kind.matches [0x00007581400e8e10] (c1)
[0.378s][debug][gc,nmethod   ] Register NMethod: com.sun.tools.javac.code.Kinds$KindSelector.contains [0x00007581400e9310] (c1)
[0.378s][debug][gc,nmethod   ] Register NMethod: com.sun.tools.javac.code.Symbol.getQualifiedName [0x0000758147b04110] (c1)
[0.378s][debug][gc,nmethod   ] Register NMethod: java.util.regex.Matcher.reset [0x00007581400e9710] (c1)
[0.378s][debug][gc,nmethod   ] Register NMethod: java.util.regex.Pattern.next [0x00007581400ea290] (c1)
[0.379s][debug][gc,nmethod   ] Register NMethod: java.util.regex.Pattern.append [0x00007581400ea810] (c1)
[0.380s][debug][gc,nmethod   ] Register NMethod: java.lang.StringLatin1.indexOf [0x00007581400eb010] (c1)
[0.380s][debug][gc,nmethod   ] Register NMethod: java.lang.String.toString [0x0000758147b04410] (c2)
[0.380s][debug][gc,nmethod   ] Register NMethod: jdk.internal.jrtfs.JrtPath.getFileSystem [0x0000758147b04710] (c1)
[0.381s][debug][gc,nmethod   ] Register NMethod: java.util.regex.Pattern$Node.study [0x00007581400eb910] (c1)
[0.381s][debug][gc,nmethod   ] Register NMethod: jdk.internal.jrtfs.JrtFileSystem.provider [0x0000758147b04a10] (c1)
[0.381s][debug][gc,nmethod   ] Register NMethod: jdk.internal.jimage.ImageReader.ensureOpen [0x00007581400ebe10] (c1)
[0.382s][debug][gc,nmethod   ] Register NMethod: jdk.internal.jimage.ImageReader$SharedImageReader.buildRootDirectory [0x00007581400ec310] (c1)
[0.382s][debug][gc,nmethod   ] Register NMethod: java.lang.String.isEmpty [0x0000758147b04d10] (c2)
[0.383s][debug][gc,nmethod   ] Register NMethod: java.util.regex.Pattern.closure [0x00007581400ed610] (c1)
[0.385s][debug][gc,nmethod   ] Register NMethod: java.util.regex.Pattern.atom [0x00007581400ef810] (c1)
[0.385s][debug][gc,nmethod   ] Register NMethod: jdk.internal.jrtfs.JrtPath.hashCode [0x00007581400f1990] (c1)
[0.386s][debug][gc,nmethod   ] Register NMethod: java.util.HashMap.putVal [0x00007581400f1d90] (c1)
[0.386s][debug][gc,nmethod   ] Register NMethod: jdk.internal.jrtfs.JrtFileSystem.checkNode [0x00007581400f3810] (c1)
[0.387s][debug][gc,nmethod   ] Register NMethod: com.sun.tools.javac.util.ByteBuffer.verifyRange [0x00007581400f4110] (c1)
[0.387s][debug][gc,nmethod   ] Register NMethod: com.sun.tools.javac.util.ByteBuffer.getByte [0x00007581400f4f90] (c1)
[0.387s][debug][gc,nmethod   ] Register NMethod: jdk.internal.jrtfs.JrtFileSystem.ensureOpen [0x00007581400f5410] (c1)
[0.387s][debug][gc,nmethod   ] Register NMethod: java.lang.invoke.MethodHandle.linkToSpecial [0x0000758147b05010] ()
[0.388s][debug][gc,nmethod   ] Register NMethod: java.lang.invoke.MethodHandle.linkToVirtual [0x0000758147b05310] ()
[0.392s][debug][gc,nmethod   ] Register NMethod: java.util.regex.Pattern.escape [0x00007581400f5910] (c1)
[0.392s][debug][gc,nmethod   ] Register NMethod: com.sun.tools.javac.util.ByteBuffer.getChar [0x00007581400fe110] (c1)
[0.393s][debug][gc,nmethod   ] Register NMethod: com.sun.tools.javac.jvm.PoolReader$ImmutablePoolHelper.checkIndex [0x00007581400fe610] (c1)
[0.393s][debug][gc,nmethod   ] Register NMethod: com.sun.tools.javac.util.Convert.utf2chars [0x00007581400ffe90] (c1)
[0.394s][debug][gc,nmethod   ] Register NMethod: com.sun.tools.javac.jvm.PoolReader$ImmutablePoolHelper.offset [0x0000758140101690] (c1)
[0.394s][debug][gc,nmethod   ] Register NMethod: com.sun.tools.javac.util.List.<init> [0x0000758140101b10] (c1)
[0.394s][debug][gc,nmethod   ] Register NMethod: java.lang.invoke.Invokers$Holder.linkToTargetMethod [0x0000758140102010] (c1)
[0.394s][debug][gc,nmethod   ] Register NMethod: java.lang.invoke.DirectMethodHandle$Holder.newInvokeSpecial [0x0000758140102590] (c1)
[0.394s][debug][gc,nmethod   ] Register NMethod: jdk.internal.jimage.ImageReader$Resource.isCompleted [0x0000758147b05610] (c1)
[0.394s][debug][gc,nmethod   ] Register NMethod: jdk.internal.jimage.ImageReader$Directory.isDirectory [0x0000758147b05910] (c1)
[0.394s][debug][gc,nmethod   ] Register NMethod: com.sun.tools.javac.file.Locations$ModuleLocationHandler.getName [0x0000758147b05c10] (c1)
[0.396s][debug][gc,nmethod   ] Register NMethod: jdk.internal.misc.Unsafe.fullFence [0x0000758147b05f10] ()
[0.397s][debug][gc,nmethod   ] Register NMethod: java.lang.invoke.MethodHandle.linkToSpecial [0x0000758147b06290] ()
[0.399s][debug][gc,nmethod   ] Register NMethod: jdk.internal.org.objectweb.asm.Frame.execute [0x0000758140102f90] (c1)
[0.399s][debug][gc,nmethod   ] Register NMethod: java.lang.invoke.MethodType.toMethodDescriptorString [0x000075814010c310] (c1)
[0.399s][debug][gc,nmethod   ] Register NMethod: java.lang.invoke.MethodHandles$Lookup.isArrayClone [0x000075814010c810] (c1)
[0.400s][debug][gc,nmethod   ] Register NMethod: java.lang.ClassLoader.defineClass0 [0x0000758147b06590] ()
[0.400s][debug][gc,nmethod   ] Register NMethod: com.sun.tools.javac.jvm.ClassReader.nextChar [0x000075814010d490] (c1)
[0.400s][debug][gc,nmethod   ] Register NMethod: com.sun.tools.javac.jvm.PoolReader.sizeof [0x000075814010df10] (c1)
[0.401s][debug][gc,nmethod   ] Register NMethod: sun.invoke.util.VerifyAccess.isMemberAccessible [0x000075814010e310] (c1)
[0.401s][debug][gc,nmethod   ] Register NMethod: java.util.BitSet.wordIndex [0x000075814010fe10] (c1)
[0.403s][debug][gc,nmethod   ] Register NMethod: com.sun.tools.javac.jvm.PoolReader$ImmutablePoolHelper.readIfNeeded [0x0000758140110110] (c1)
[0.403s][debug][gc,nmethod   ] Register NMethod: com.sun.tools.javac.util.Name.lastIndexOf [0x0000758140113410] (c1)
[0.403s][debug][gc,nmethod   ] Register NMethod: com.sun.tools.javac.util.List.of [0x0000758140113c10] (c1)
[0.404s][debug][gc,nmethod   ] Register NMethod: com.sun.tools.javac.jvm.PoolReader$ImmutablePoolHelper.tag [0x0000758140114290] (c1)
[0.404s][debug][gc,nmethod   ] Register NMethod: java.util.HashMap.resize [0x0000758147b06e10] (c2)
[0.404s][debug][gc,nmethod   ] Register NMethod: com.sun.tools.javac.util.ListBuffer.append [0x0000758140114910] (c1)
[0.404s][debug][gc,nmethod   ] Register NMethod: com.sun.tools.javac.util.Name.subName [0x0000758140115590] (c1)
[0.405s][debug][gc,nmethod   ] Register NMethod: java.util.BitSet.get [0x0000758140115e90] (c1)
[0.405s][debug][gc,nmethod   ] Register NMethod: java.util.HashMap.getOrDefault [0x0000758140116c10] (c1)
[0.408s][debug][gc,nmethod   ] Register NMethod: com.sun.tools.javac.util.Name$Table.hashValue [0x0000758147b08090] (c2)
[0.408s][debug][gc,nmethod   ] Register NMethod: java.lang.ref.Reference.refersTo0 [0x0000758147b08510] ()
[0.408s][debug][gc,nmethod   ] Register NMethod: com.sun.tools.javac.jvm.PoolReader.resolve [0x0000758140117090] (c1)
[0.408s][debug][gc,nmethod   ] Register NMethod: java.util.BitSet.checkInvariants [0x000075814011cf90] (c1)
[0.410s][debug][gc,nmethod   ] Register NMethod: com.sun.tools.javac.code.Symtab.enterPackage [0x000075814011d310] (c1)
[0.410s][debug][gc,nmethod   ] Register NMethod: com.sun.tools.javac.util.Convert.utfValidate [0x000075814011f890] (c1)
[0.410s][debug][gc,nmethod   ] Register NMethod: com.sun.tools.javac.code.Symtab.getPackage [0x000075814011fc10] (c1)
[0.410s][debug][gc,nmethod   ] Register NMethod: jdk.internal.util.Preconditions.checkFromIndexSize [0x0000758140120490] (c1)
[0.410s][debug][gc,nmethod   ] Register NMethod: com.sun.tools.javac.util.Names.fromUtf [0x0000758140120910] (c1)
[0.410s][debug][gc,nmethod   ] Register NMethod: com.sun.tools.javac.code.Symbol.<init> [0x0000758140120d90] (c1)
[0.411s][debug][gc,nmethod   ] Register NMethod: com.sun.tools.javac.util.Name.append [0x0000758140121390] (c1)
[0.411s][debug][gc,nmethod   ] Register NMethod: jdk.internal.jimage.ImageBufferCache.getCapacity [0x0000758140121d90] (c1)
[0.411s][debug][gc,nmethod   ] Register NMethod: com.sun.tools.javac.util.List$1.isEmpty [0x0000758147b08910] (c1)
[0.411s][debug][gc,nmethod   ] Register NMethod: com.sun.tools.javac.jvm.PoolReader.getName [0x0000758140122310] (c1)
[0.412s][debug][gc,nmethod   ] Register NMethod: com.sun.tools.javac.util.List.prepend [0x0000758140122890] (c1)
[0.412s][debug][gc,nmethod   ] Register NMethod: com.sun.tools.javac.util.Name$Table.equals [0x0000758147b08c10] (c2)
[0.413s][debug][gc,nmethod   ] Register NMethod: com.sun.tools.javac.util.ByteBuffer.verifyRange [0x0000758147b09110] (c2)
[0.413s][debug][gc,nmethod   ] Register NMethod: com.sun.tools.javac.util.List.nil [0x0000758147b09490] (c2)
[0.413s][debug][gc,nmethod   ] Register NMethod: com.sun.tools.javac.jvm.PoolReader.sizeof [0x0000758147b09790] (c2)
[0.413s][debug][gc,nmethod   ] Register NMethod: java.lang.Class.getEnumConstantsShared [0x0000758140122e90] (c1)
[0.414s][debug][gc,nmethod   ] Register NMethod: com.sun.tools.javac.util.List$2.next [0x0000758140125010] (c1)
[0.414s][debug][gc,nmethod   ] Register NMethod: com.sun.tools.javac.util.List$2.hasNext [0x0000758140125610] (c1)
[0.414s][debug][gc,nmethod   ] Register NMethod: java.lang.System$2.getEnumConstantsShared [0x0000758140125a90] (c1)
[0.415s][debug][gc,nmethod   ] Register NMethod: jdk.internal.misc.Unsafe.copyMemory0 [0x0000758147b09a90] ()
[0.415s][debug][gc,nmethod   ] Register NMethod: java.util.EnumSet.noneOf [0x0000758140125f90] (c1)
[0.416s][debug][gc,nmethod   ] Register NMethod: java.util.EnumSet.getUniverse [0x0000758140127910] (c1)
[0.416s][debug][gc,nmethod   ] Register NMethod: java.util.EnumSet.<init> [0x0000758140127f90] (c1)
[0.416s][debug][gc,nmethod   ] Register NMethod: com.sun.tools.javac.util.ListBuffer.toList [0x0000758140128510] (c1)
[0.416s][debug][gc,nmethod   ] Register NMethod: com.sun.tools.javac.code.Symbol$TypeSymbol.<init> [0x0000758140128890] (c1)
[0.416s][debug][gc,nmethod   ] Register NMethod: java.util.stream.AbstractPipeline.getStreamAndOpFlags [0x0000758147b09e90] (c1)
[0.417s][debug][gc,nmethod   ] Register NMethod: com.sun.tools.javac.code.Symbol$TypeSymbol.formFullName [0x0000758140128c10] (c1)
[0.417s][debug][gc,nmethod   ] Register NMethod: java.util.AbstractQueue.<init> [0x0000758140129a90] (c1)
[0.417s][debug][gc,nmethod   ] Register NMethod: com.sun.tools.javac.util.ListBuffer.clear [0x0000758140129f10] (c1)
[0.417s][debug][gc,nmethod   ] Register NMethod: com.sun.tools.javac.util.ListBuffer.add [0x000075814012a390] (c1)
[0.417s][debug][gc,nmethod   ] Register NMethod: com.sun.tools.javac.util.Convert.utf2chars [0x0000758147b0a190] (c2)
[0.418s][debug][gc,nmethod   ] Register NMethod: com.sun.tools.javac.util.ListBuffer.<init> [0x000075814012a710] (c1)
[0.418s][debug][gc,nmethod   ] Register NMethod: jdk.internal.jrtfs.JrtPath.toString [0x0000758147b0a890] (c1)
[0.418s][debug][gc,nmethod   ] Register NMethod: com.sun.tools.javac.jvm.PoolReader$ImmutablePoolHelper.checkIndex [0x0000758147b0ab90] (c2)
[0.419s][debug][gc,nmethod   ] Register NMethod: jdk.internal.org.objectweb.asm.MethodWriter.visitMethodInsn [0x000075814012ad90] (c1)
[0.419s][debug][gc,nmethod   ] Register NMethod: com.sun.tools.javac.util.Assert.check [0x000075814012bd10] (c1)
[0.419s][debug][gc,nmethod   ] Register NMethod: java.util.stream.Collectors$CollectorImpl.characteristics [0x0000758147b0af90] (c1)
[0.419s][debug][gc,nmethod   ] Register NMethod: java.util.stream.MatchOps$BooleanTerminalSink.cancellationRequested [0x0000758147b0b290] (c1)
[0.419s][debug][gc,nmethod   ] Register NMethod: jdk.internal.jimage.ImageReader$Node.isDirectory [0x0000758147b0b590] (c1)
[0.419s][debug][gc,nmethod   ] Register NMethod: java.lang.Boolean.booleanValue [0x0000758147b0b890] (c1)
[0.419s][debug][gc,nmethod   ] Register NMethod: java.util.stream.ReferencePipeline$StatelessOp.opIsStateful [0x0000758147b0bb90] (c1)
[0.419s][debug][gc,nmethod   ] Register NMethod: java.util.AbstractMap$SimpleEntry.getValue [0x0000758147b0be90] (c1)
[0.419s][debug][gc,nmethod   ] Register NMethod: com.sun.tools.javac.util.List.nonEmpty [0x000075814012c210] (c1)
[0.419s][debug][gc,nmethod   ] Register NMethod: java.util.LinkedHashMap.removeEldestEntry [0x0000758147b0c190] (c1)
[0.419s][debug][gc,nmethod   ] Register NMethod: java.util.ArrayList$ArrayListSpliterator.characteristics [0x0000758147b0c490] (c1)
[0.419s][debug][gc,nmethod   ] Register NMethod: java.util.Collections$EmptySet.contains [0x0000758147b0c790] (c1)
[0.420s][debug][gc,nmethod   ] Register NMethod: java.lang.Integer.intValue [0x0000758147b0ca90] (c1)
[0.420s][debug][gc,nmethod   ] Register NMethod: java.nio.DirectByteBufferR.base [0x0000758147b0cd90] (c1)
[0.420s][debug][gc,nmethod   ] Register NMethod: java.lang.invoke.MethodHandle.setVarargs [0x000075814012c610] (c1)
[0.420s][debug][gc,nmethod   ] Register NMethod: java.lang.invoke.DirectMethodHandle$Constructor.<init> [0x000075814012d890] (c1)
[0.421s][debug][gc,nmethod   ] Register NMethod: jdk.internal.org.objectweb.asm.SymbolTable.getConstantPoolCount [0x0000758147b0d090] (c1)
[0.421s][debug][gc,nmethod   ] Register NMethod: jdk.internal.reflect.Reflection.areNestMates [0x0000758147b0d390] ()
[0.421s][debug][gc,nmethod   ] Register NMethod: java.lang.invoke.MethodHandleNatives.isPullModeBSM [0x0000758147b0d790] (c1)
[0.421s][debug][gc,nmethod   ] Register NMethod: java.lang.invoke.LambdaProxyClassArchive.findFromArchive [0x0000758147b0da90] ()
[0.421s][debug][gc,nmethod   ] Register NMethod: java.lang.invoke.ConstantCallSite.getTarget [0x000075814012dd10] (c1)
[0.422s][debug][gc,nmethod   ] Register NMethod: jdk.internal.misc.CDS.isDumpingArchive [0x000075814012e210] (c1)
[0.422s][debug][gc,nmethod   ] Register NMethod: java.lang.invoke.MethodHandle.keepsAlive [0x000075814012e510] (c1)
[0.423s][debug][gc,nmethod   ] Register NMethod: java.util.LinkedHashMap$LinkedHashIterator.nextNode [0x000075814012f490] (c1)
[0.423s][debug][gc,nmethod   ] Register NMethod: java.lang.invoke.MemberName.getReferenceKind [0x0000758147b0e290] (c2)
[0.423s][debug][gc,nmethod   ] Register NMethod: java.lang.invoke.MethodHandles$Lookup.isClassAccessible [0x000075814012fd10] (c1)
[0.424s][debug][gc,nmethod   ] Register NMethod: java.lang.invoke.MemberName.getInvocationType [0x0000758140130810] (c1)
[0.424s][debug][gc,nmethod   ] Register NMethod: com.sun.tools.javac.util.List.contains [0x0000758140131610] (c1)
[0.425s][debug][gc,nmethod   ] Register NMethod: java.util.LinkedHashMap.linkNodeAtEnd [0x0000758140131e10] (c1)
[0.425s][debug][gc,nmethod   ] Register NMethod: java.util.LinkedHashMap.newNode [0x0000758140132610] (c1)
[0.425s][debug][gc,nmethod   ] Register NMethod: java.util.HashMap$HashIterator.<init> [0x0000758140132b10] (c1)
[0.425s][debug][gc,nmethod   ] Register NMethod: java.util.LinkedHashMap$Entry.<init> [0x0000758140133290] (c1)
[0.426s][debug][gc,nmethod   ] Register NMethod: java.util.HashSet.iterator [0x0000758140133790] (c1)
[0.426s][debug][gc,nmethod   ] Register NMethod: java.util.LinkedHashMap$LinkedHashIterator.hasNext [0x0000758140133d10] (c1)
[0.426s][debug][gc,nmethod   ] Register NMethod: java.util.HashMap.keySet [0x0000758140134110] (c1)
[0.426s][debug][gc,nmethod   ] Register NMethod: java.util.HashMap$KeySet.iterator [0x0000758140134810] (c1)
[0.426s][debug][gc,nmethod   ] Register NMethod: java.util.HashMap$KeyIterator.<init> [0x0000758140134d10] (c1)
[0.427s][debug][gc,nmethod   ] Register NMethod: com.sun.tools.javac.util.List.iterator [0x0000758140135090] (c1)
[0.427s][debug][gc,nmethod   ] Register NMethod: java.util.LinkedHashMap.afterNodeInsertion [0x0000758140135710] (c1)
[0.427s][debug][gc,nmethod   ] Register NMethod: java.util.Collections$EmptyIterator.hasNext [0x0000758147b0e590] (c1)
[0.427s][debug][gc,nmethod   ] Register NMethod: java.util.HashSet.<init> [0x0000758140135b90] (c1)
[0.428s][debug][gc,nmethod   ] Register NMethod: com.sun.tools.javac.util.Convert.shortName [0x0000758140136310] (c1)
[0.428s][debug][gc,nmethod   ] Register NMethod: com.sun.tools.javac.code.Symbol$PackageSymbol.<init> [0x0000758140136d10] (c1)
[0.429s][debug][gc,nmethod   ] Register NMethod: com.sun.tools.javac.code.Symtab.doEnterPackage [0x0000758140137190] (c1)
[0.429s][debug][gc,nmethod   ] Register NMethod: java.lang.invoke.DirectMethodHandle.isCrackable [0x0000758147b0e890] (c1)
[0.430s][debug][gc,nmethod   ] Register NMethod: jdk.internal.org.objectweb.asm.Attribute.putAttributes [0x0000758140137f90] (c1)
[0.430s][debug][gc,nmethod   ] Register NMethod: java.lang.Class.cast [0x0000758140138a10] (c1)
[0.431s][debug][gc,nmethod   ] Register NMethod: jdk.internal.org.objectweb.asm.MethodWriter.visitCode [0x0000758140138f90] (c1)
[0.431s][debug][gc,nmethod   ] Register NMethod: java.util.HashMap.getNode [0x0000758147b0eb90] (c2)
[0.431s][debug][gc,nmethod   ] Register NMethod: java.lang.invoke.MethodHandle.linkToSpecial [0x0000758147b0f690] ()
[0.434s][debug][gc,nmethod   ] Register NMethod: jdk.internal.org.objectweb.asm.SymbolTable$Entry.<init> [0x0000758140139290] (c1)
[0.435s][debug][gc,nmethod   ] Register NMethod: jdk.internal.jimage.ImageReader$Node.<init> [0x0000758140139690] (c1)
[0.436s][debug][gc,nmethod   ] Register NMethod: jdk.internal.jimage.ImageReader$Directory.addChild [0x000075814013a010] (c1)
[0.437s][debug][gc,nmethod   ] Register NMethod: java.nio.ByteBufferAsIntBufferL.get [0x000075814013a490] (c1)
[0.437s][debug][gc,nmethod   ] Register NMethod: jdk.internal.jimage.ImageLocation.getModuleOffset [0x000075814013b590] (c1)
[0.437s][debug][gc,nmethod   ] Register NMethod: jdk.internal.jimage.ImageLocation.getModule [0x000075814013b910] (c1)
[0.437s][debug][gc,nmethod   ] Register NMethod: jdk.internal.jimage.ImageLocation.getParentOffset [0x000075814013bc90] (c1)
[0.438s][debug][gc,nmethod   ] Register NMethod: jdk.internal.jimage.ImageLocation.getFullName [0x000075814013c010] (c1)
[0.438s][debug][gc,nmethod   ] Register NMethod: jdk.internal.jimage.ImageLocation.getExtensionOffset [0x000075814013d790] (c1)
[0.439s][debug][gc,nmethod   ] Register NMethod: jdk.internal.jimage.ImageLocation.getBase [0x000075814013db10] (c1)
[0.439s][debug][gc,nmethod   ] Register NMethod: jdk.internal.jimage.ImageLocation.getParent [0x000075814013de90] (c1)
[0.440s][debug][gc,nmethod   ] Register NMethod: jdk.internal.jimage.ImageReader$SharedImageReader.makeDirectories [0x000075814013e210] (c1)
[0.440s][debug][gc,nmethod   ] Register NMethod: jdk.internal.jimage.ImageLocation.getExtension [0x000075814013f690] (c1)
[0.440s][debug][gc,nmethod   ] Register NMethod: java.util.HashMap.put [0x0000758147b0f990] (c2)
[0.440s][debug][gc,nmethod   ] Register NMethod: jdk.internal.misc.Unsafe.getIntUnaligned [0x000075814013fa10] (c1)
[0.441s][debug][gc,nmethod   ] Register NMethod: jdk.internal.misc.Unsafe.getIntUnaligned [0x0000758140140210] (c1)
[0.441s][debug][gc,nmethod   ] Register NMethod: jdk.internal.jimage.ImageReader$SharedImageReader.imageFileAttributes [0x0000758140140710] (c1)
[0.441s][debug][gc,nmethod   ] Register NMethod: jdk.internal.misc.Unsafe.convEndian [0x0000758140141390] (c1)
[0.442s][debug][gc,nmethod   ] Register NMethod: jdk.internal.jimage.BasicImageReader.getLocation [0x0000758140141790] (c1)
[0.442s][debug][gc,nmethod   ] Register NMethod: java.lang.invoke.MethodHandle.linkToStatic [0x0000758147b11410] ()
[0.442s][debug][gc,nmethod   ] Register NMethod: jdk.internal.jimage.ImageLocation.readFrom [0x0000758140141b10] (c1)
[0.442s][debug][gc,nmethod   ] Register NMethod: java.lang.StringCoding.countPositives [0x0000758147b11710] (c2)
[0.443s][debug][gc,nmethod   ] Register NMethod: jdk.internal.jimage.ImageReader$SharedImageReader$$Lambda/0x00007580d005b8c8.visit [0x0000758140142b10] (c1)
[0.443s][debug][gc,nmethod   ] Register NMethod: java.lang.invoke.MemberName.clone [0x0000758140142f90] (c1)
[0.444s][debug][gc,nmethod   ] Register NMethod: jdk.internal.jimage.ImageReader$SharedImageReader.lambda$handleModulesSubTree$1 [0x0000758140143610] (c1)
[0.445s][debug][gc,nmethod   ] Register NMethod: jdk.internal.jrtfs.JrtPath.normalize [0x0000758140144410] (c1)
[0.445s][debug][gc,nmethod   ] Register NMethod: java.util.stream.AbstractSpinedBuffer.count [0x0000758140145510] (c1)
[0.445s][debug][gc,nmethod   ] Register NMethod: java.util.stream.Sink$ChainedReference.cancellationRequested [0x0000758140145990] (c1)
[0.445s][debug][gc,nmethod   ] Register NMethod: jdk.internal.jrtfs.JrtPath.<init> [0x0000758140145e10] (c1)
[0.446s][debug][gc,nmethod   ] Register NMethod: jdk.internal.jrtfs.JrtPath.isAbsolute [0x0000758140146310] (c1)
[0.447s][debug][gc,nmethod   ] Register NMethod: java.util.stream.SpinedBuffer.accept [0x0000758140146f10] (c1)
[0.447s][debug][gc,nmethod   ] Register NMethod: jdk.internal.jimage.ImageStringsReader.charsFromByteBufferLength [0x0000758147b11b90] (c2)
[0.447s][debug][gc,nmethod   ] Register NMethod: java.lang.Object.equals [0x0000758147b12290] (c2)
[0.448s][debug][gc,nmethod   ] Register NMethod: jdk.internal.jrtfs.JrtPath.getResolvedPath [0x0000758140147e10] (c1)
[0.448s][debug][gc,nmethod   ] Register NMethod: jdk.internal.jrtfs.JrtFileSystem.lookup [0x0000758140148d10] (c1)
[0.448s][debug][gc,nmethod   ] Register NMethod: jdk.internal.jrtfs.SystemImage$1.findNode [0x0000758140149490] (c1)
[0.449s][debug][gc,nmethod   ] Register NMethod: jdk.internal.jrtfs.JrtPath.getFileSystem [0x0000758140149c10] (c1)
[0.449s][debug][gc,nmethod   ] Register NMethod: jdk.internal.jimage.ImageReader.findNode [0x0000758140149f90] (c1)
[0.449s][debug][gc,nmethod   ] Register NMethod: java.util.HashMap$Node.<init> [0x0000758147b12590] (c2)
[0.449s][debug][gc,nmethod   ] Register NMethod: jdk.internal.jimage.ImageReader$SharedImageReader.findNode [0x000075814014a610] (c1)
[0.450s][debug][gc,nmethod   ] Register NMethod: jdk.internal.jrtfs.JrtFileSystemProvider.toJrtPath [0x000075814014af10] (c1)
[0.450s][debug][gc,nmethod   ] Register NMethod: java.nio.file.Files.provider [0x000075814014b810] (c1)
[0.450s][debug][gc,nmethod   ] Register NMethod: java.lang.String.substring [0x000075814014bd10] (c1)
[0.451s][debug][gc,nmethod   ] Register NMethod: jdk.internal.jrtfs.JrtPath.getFileName [0x000075814014c290] (c1)
[0.452s][debug][gc,nmethod   ] Register NMethod: java.lang.String.indexOf [0x000075814014dc10] (c1)
[0.452s][debug][gc,nmethod   ] Register NMethod: java.lang.StringLatin1.indexOf [0x000075814014e610] (c1)
[0.453s][debug][gc,nmethod   ] Register NMethod: jdk.internal.jrtfs.JrtPath.getResolved [0x000075814014ea90] (c1)
[0.453s][debug][gc,nmethod   ] Register NMethod: jdk.internal.jimage.ImageLocation.getFullName [0x000075814014fb90] (c1)
[0.454s][debug][gc,nmethod   ] Register NMethod: java.util.RegularEnumSet.contains [0x000075814014ff10] (c1)
[0.456s][debug][gc,nmethod   ] Register NMethod: jdk.internal.jrtfs.JrtPath.resolve [0x0000758140150710] (c1)
[0.456s][debug][gc,nmethod   ] Register NMethod: jdk.internal.jrtfs.JrtFileSystem.getSeparator [0x0000758147b12990] (c1)
[0.456s][debug][gc,nmethod   ] Register NMethod: jdk.internal.jrtfs.JrtPath.<init> [0x0000758140152e90] (c1)
[0.456s][debug][gc,nmethod   ] Register NMethod: java.util.stream.ReferencePipeline$3$1.accept [0x0000758140153390] (c1)
[0.456s][debug][gc,nmethod   ] Register NMethod: java.util.stream.Sink.cancellationRequested [0x0000758147b12c90] (c1)
[0.457s][debug][gc,nmethod   ] Register NMethod: jdk.internal.jimage.ImageReader$Node.getNameString [0x0000758147b12f90] (c1)
[0.457s][debug][gc,nmethod   ] Register NMethod: java.nio.file.Files$AcceptAllFilter.accept [0x0000758147b13290] (c1)
[0.458s][debug][gc,nmethod   ] Register NMethod: jdk.internal.jimage.ImageLocation.buildName [0x0000758140153a10] (c1)
[0.458s][debug][gc,nmethod   ] Register NMethod: jdk.internal.jimage.ImageReader$Resource.<init> [0x0000758140155190] (c1)
[0.459s][debug][gc,nmethod   ] Register NMethod: jdk.internal.jimage.ImageReader$Resource.create [0x0000758140155c90] (c1)
[0.459s][debug][gc,nmethod   ] Register NMethod: jdk.internal.jrtfs.JrtFileAttributes.<init> [0x0000758140156990] (c1)
[0.459s][debug][gc,nmethod   ] Register NMethod: java.lang.String.contains [0x0000758140156d90] (c1)
[0.460s][debug][gc,nmethod   ] Register NMethod: java.lang.CharacterData.of [0x0000758140157290] (c1)
[0.460s][debug][gc,nmethod   ] Register NMethod: java.lang.CharacterDataLatin1.getProperties [0x0000758140158210] (c1)
[0.460s][debug][gc,nmethod   ] Register NMethod: jdk.internal.jimage.ImageStringsReader.stringFromByteBuffer [0x0000758147b13590] (c2)
[0.461s][debug][gc,nmethod   ] Register NMethod: java.util.HashMap.get [0x0000758147b14290] (c2)
[0.461s][debug][gc,nmethod   ] Register NMethod: java.util.HashMap.computeIfAbsent [0x0000758140158590] (c1)
[0.461s][debug][gc,nmethod   ] Register NMethod: java.lang.Character.isJavaIdentifierPart [0x000075814015a590] (c1)
[0.462s][debug][gc,nmethod   ] Register NMethod: java.lang.CharacterDataLatin1.isJavaIdentifierPart [0x000075814015aa10] (c1)
[0.462s][debug][gc,nmethod   ] Register NMethod: java.util.regex.Pattern.skip [0x000075814015ae90] (c1)
[0.462s][debug][gc,nmethod   ] Register NMethod: java.lang.StringLatin1.lastIndexOf [0x000075814015b290] (c1)
[0.462s][debug][gc,nmethod   ] Register NMethod: jdk.internal.jrtfs.JrtPath.getFileName [0x000075814015bb10] (c1)
[0.463s][debug][gc,nmethod   ] Register NMethod: com.sun.tools.javac.file.BaseFileManager.getKind [0x000075814015be90] (c1)
[0.464s][debug][gc,nmethod   ] Register NMethod: java.util.regex.Matcher.match [0x000075814015d290] (c1)
[0.466s][debug][gc,nmethod   ] Register NMethod: java.util.HashMap.putVal [0x0000758147b15110] (c2)
[0.467s][debug][gc,nmethod   ] Register NMethod: java.lang.String.replace [0x000075814015dd90] (c1)
[0.467s][debug][gc,nmethod   ] Register NMethod: java.util.Collections.emptyMap [0x0000758147b17190] (c2)
[0.467s][debug][gc,nmethod   ] Register NMethod: java.lang.String.lastIndexOf [0x0000758140161590] (c1)
[0.467s][debug][gc,nmethod   ] Register NMethod: java.lang.String.lastIndexOf [0x0000758140161b10] (c1)
[0.468s][debug][gc,nmethod   ] Register NMethod: java.lang.StringBuilder.append [0x0000758147b17490] (c2)
[0.468s][debug][gc,nmethod   ] Register NMethod: java.lang.AbstractStringBuilder.append [0x0000758147b18010] (c2)
[0.468s][debug][gc,nmethod   ] Register NMethod: java.lang.String.lastIndexOf [0x0000758140162110] (c1)
[0.468s][debug][gc,nmethod   ] Register NMethod: jdk.internal.jimage.ImageLocation.getAttribute [0x0000758147b18b10] (c2)
[0.468s][debug][gc,nmethod   ] Register NMethod: com.sun.tools.javac.file.BaseFileManager.getKind [0x0000758140162a90] (c1)
[0.468s][debug][gc,nmethod   ] Register NMethod: com.sun.tools.javac.file.BaseFileManager.nullCheck [0x0000758140163010] (c1)
[0.468s][debug][gc,nmethod   ] Register NMethod: java.util.ArrayList$Itr.hasNext [0x0000758140163510] (c1)
[0.469s][debug][gc,nmethod   ] Register NMethod: java.lang.String.<init> [0x0000758147b18e90] (c2)
[0.472s][debug][gc,nmethod   ] Register NMethod: java.util.regex.Pattern.sequence [0x0000758140163910] (c1)
[0.473s][debug][gc,nmethod   ] Register NMethod: com.sun.tools.javac.code.Scope$ScopeImpl.getIndex [0x0000758140167990] (c1)
[0.473s][debug][gc,nmethod   ] Register NMethod: com.sun.tools.javac.file.PathFileObject.getKind [0x0000758140168190] (c1)
[0.473s][debug][gc,nmethod   ] Register NMethod: java.util.ArrayList.iterator [0x0000758140168810] (c1)
[0.473s][debug][gc,nmethod   ] Register NMethod: java.util.ArrayList$Itr.<init> [0x0000758140168d10] (c1)
[0.474s][debug][gc,nmethod   ] Register NMethod: java.lang.Character.codePointAt [0x0000758140169110] (c1)
[0.474s][debug][gc,nmethod   ] Register NMethod: com.sun.tools.javac.file.Locations.getHandler [0x0000758140169b10] (c1)
[0.474s][debug][gc,nmethod   ] Register NMethod: java.lang.String.<init> [0x0000758147b19210] (c2)
[0.475s][debug][gc,nmethod   ] Register NMethod: java.util.ArrayList.<init> [0x000075814016a590] (c1)
[0.476s][debug][gc,nmethod   ] Register NMethod: java.util.regex.Pattern.skip [0x0000758147b19e10] (c2)
[0.476s][debug][gc,nmethod   ] Register NMethod: java.lang.Math.max [0x0000758147b1a190] (c2)
[0.478s][debug][gc,nmethod   ] Register NMethod: java.util.regex.Pattern.compile [0x000075814016b390] (c1)
[0.479s][debug][gc,nmethod   ] Register NMethod: java.util.regex.Pattern.RemoveQEQuoting [0x000075814016f290] (c1)
[0.480s][debug][gc,nmethod   ] Register NMethod: java.util.regex.Pattern.newSlice [0x0000758140170e10] (c1)
[0.481s][debug][gc,nmethod   ] Register NMethod: java.util.regex.Pattern$TreeInfo.reset [0x0000758140172910] (c1)
[0.482s][debug][gc,nmethod   ] Register NMethod: java.util.regex.Pattern.expr [0x0000758140172c90] (c1)
[0.482s][debug][gc,nmethod   ] Register NMethod: java.util.regex.Pattern.compile [0x0000758140173c10] (c1)
[0.483s][debug][gc,nmethod   ] Register NMethod: java.util.regex.Pattern.<init> [0x0000758140174010] (c1)
[0.483s][debug][gc,nmethod   ] Register NMethod: java.util.regex.Pattern.matcher [0x0000758140175910] (c1)
[0.484s][debug][gc,nmethod   ] Register NMethod: java.util.Collections$UnmodifiableCollection.<init> [0x0000758140175f90] (c1)
[0.484s][debug][gc,nmethod   ] Register NMethod: java.util.regex.CharPredicates.ASCII_WORD [0x0000758140176510] (c1)
[0.484s][debug][gc,nmethod   ] Register NMethod: com.sun.tools.javac.file.JavacFileManager.getLocationAsPaths [0x0000758140176a10] (c1)
[0.485s][debug][gc,nmethod   ] Register NMethod: com.sun.tools.javac.code.Type.<init> [0x0000758140177290] (c1)
[0.485s][debug][gc,nmethod   ] Register NMethod: java.util.Collections.unmodifiableCollection [0x0000758140177a10] (c1)
[0.485s][debug][gc,nmethod   ] Register NMethod: javax.tools.JavaFileManager$Location.isModuleOrientedLocation [0x0000758140178210] (c1)
[0.485s][debug][gc,nmethod   ] Register NMethod: java.lang.StringLatin1.replace [0x0000758147b1a490] (c2)
[0.486s][debug][gc,nmethod   ] Register NMethod: java.lang.String.matches [0x0000758140178a90] (c1)
[0.486s][debug][gc,nmethod   ] Register NMethod: java.lang.invoke.MethodHandle.linkToVirtual [0x0000758147b1af10] ()
[0.486s][debug][gc,nmethod   ] Register NMethod: java.lang.Character.charCount [0x0000758147b1b210] (c2)
[0.486s][debug][gc,nmethod   ] Register NMethod: java.util.regex.Pattern.matches [0x0000758140179190] (c1)
[0.486s][debug][gc,nmethod   ] Register NMethod: java.util.regex.Pattern$SliceNode.study [0x0000758140179790] (c1)
[0.487s][debug][gc,nmethod   ] Register NMethod: com.sun.tools.javac.file.JavacFileManager.checkNotModuleOrientedLocation [0x0000758140179d10] (c1)
[0.487s][debug][gc,nmethod   ] Register NMethod: com.sun.tools.javac.util.Convert.utf2string [0x000075814017ab90] (c1)
[0.487s][debug][gc,nmethod   ] Register NMethod: java.lang.String.codePointAt [0x0000758147b1b510] (c2)
[0.487s][debug][gc,nmethod   ] Register NMethod: java.lang.invoke.MethodHandle.linkToSpecial [0x0000758147b1b910] ()
[0.487s][debug][gc,nmethod   ] Register NMethod: jdk.internal.jrtfs.JrtFileSystemProvider.readAttributes [0x000075814017b110] (c1)
[0.488s][debug][gc,nmethod   ] Register NMethod: jdk.internal.jrtfs.JrtPath.getAttributes [0x000075814017bd10] (c1)
[0.488s][debug][gc,nmethod   ] Register NMethod: jdk.internal.jrtfs.JrtFileSystem.getFileAttributes [0x000075814017c110] (c1)
[0.488s][debug][gc,nmethod   ] Register NMethod: java.util.stream.AbstractPipeline.isParallel [0x000075814017c810] (c1)
[0.488s][debug][gc,nmethod   ] Register NMethod: java.lang.invoke.Invokers.checkExactType [0x000075814017cb90] (c1)
[0.489s][debug][gc,nmethod   ] Register NMethod: jdk.internal.jimage.ImageLocation.getAttributeString [0x0000758147b1bc10] (c2)
[0.489s][debug][gc,nmethod   ] Register NMethod: java.util.stream.PipelineHelper.<init> [0x000075814017d090] (c1)
[0.491s][debug][gc,nmethod   ] Register NMethod: com.sun.tools.javac.jvm.ClassReader.nextInt [0x000075814017d410] (c1)
[0.491s][debug][gc,nmethod   ] Register NMethod: com.sun.tools.javac.code.Symbol.complete [0x000075814017dc90] (c1)
[0.493s][debug][gc,nmethod   ] Register NMethod: java.lang.invoke.MemberName.isMethod [0x000075814017e190] (c1)
[0.494s][debug][gc,nmethod   ] Register NMethod: java.lang.invoke.TypeConvertingMethodAdapter.cast [0x000075814017e590] (c1)
[0.494s][debug][gc,nmethod   ] Register NMethod: java.lang.StringLatin1.newString [0x0000758147b1cc90] (c2)
[0.495s][debug][gc,nmethod   ] Register NMethod: jdk.internal.jimage.BasicImageReader.getString [0x0000758147b1d690] (c2)
[0.495s][debug][gc,nmethod   ] Register NMethod: java.lang.AbstractStringBuilder.newCapacity [0x0000758147b1e410] (c2)
[0.495s][debug][gc,nmethod   ] Register NMethod: jdk.internal.org.objectweb.asm.MethodWriter.visitFieldInsn [0x000075814017ee10] (c1)
[0.495s][debug][gc,nmethod   ] Register NMethod: java.lang.String.substring [0x0000758147b1e810] (c2)
[0.496s][debug][gc,nmethod   ] Register NMethod: java.lang.CharacterDataLatin1.getProperties [0x0000758147b1f490] (c2)
[0.496s][debug][gc,nmethod   ] Register NMethod: sun.invoke.util.VerifyAccess.isTypeVisible [0x0000758140180210] (c1)
[0.496s][debug][gc,nmethod   ] Register NMethod: com.sun.tools.javac.util.List$2.hasNext [0x0000758147b1f790] (c2)
[0.496s][debug][gc,nmethod   ] Register NMethod: java.util.regex.Pattern.unread [0x0000758147b1fa90] (c2)
[0.496s][debug][gc,nmethod   ] Register NMethod: jdk.internal.org.objectweb.asm.SymbolTable.addConstantFieldref [0x0000758140180b10] (c1)
[0.497s][debug][gc,nmethod   ] Register NMethod: jdk.internal.org.objectweb.asm.SymbolTable$Entry.<init> [0x0000758140180f10] (c1)
[0.497s][debug][gc,nmethod   ] Register NMethod: java.util.regex.Pattern.nextEscaped [0x0000758147b1fd90] (c2)
[0.498s][debug][gc,nmethod   ] Register NMethod: java.lang.invoke.MethodHandle.linkToInterface [0x0000758147b20110] ()
[0.499s][debug][gc,nmethod   ] Register NMethod: jdk.internal.org.objectweb.asm.Label.resolve [0x0000758140181310] (c1)
[0.501s][debug][gc,nmethod   ] Register NMethod: java.util.concurrent.ConcurrentHashMap.setTabAt [0x0000758147b20490] (c2)
[0.501s][debug][gc,nmethod   ] Register NMethod: com.sun.tools.javac.jvm.PoolReader.sizeof [0x0000758147b20790] (c2)
[0.502s][debug][gc,nmethod   ] Register NMethod: java.lang.invoke.TypeConvertingMethodAdapter.convertType [0x0000758140181d90] (c1)
[0.502s][debug][gc,nmethod   ] Register NMethod: java.util.concurrent.ConcurrentHashMap$Node.<init> [0x0000758140187510] (c1)
[0.502s][debug][gc,nmethod   ] Register NMethod: com.sun.tools.javac.util.ByteBuffer.getInt [0x0000758140187a10] (c1)
[0.503s][debug][gc,nmethod   ] Register NMethod: java.lang.invoke.AbstractValidatingLambdaMetafactory.isAdaptableTo [0x0000758140187f90] (c1)
[0.503s][debug][gc,nmethod   ] Register NMethod: jdk.internal.misc.Unsafe.shouldBeInitialized0 [0x0000758147b20a90] ()
[0.504s][debug][gc,nmethod   ] Register NMethod: com.sun.tools.javac.code.Symbol$TypeSymbol.formFlatName [0x0000758140188f90] (c1)
[0.504s][debug][gc,nmethod   ] Register NMethod: jdk.internal.loader.ClassLoaders.platformClassLoader [0x0000758140189e90] (c1)
[0.504s][debug][gc,nmethod   ] Register NMethod: java.lang.invoke.InnerClassLambdaMetafactory.getLoadOpcode [0x000075814018a190] (c1)
[0.505s][debug][gc,nmethod   ] Register NMethod: jdk.internal.org.objectweb.asm.ByteVector.putShort [0x0000758147b20e90] (c2)
[0.505s][debug][gc,nmethod   ] Register NMethod: java.util.ArrayList$ArrayListSpliterator.getFence [0x000075814018a690] (c1)
[0.505s][debug][gc,nmethod   ] Register NMethod: java.nio.file.Files$2.hasNext [0x000075814018aa90] (c1)
[0.505s][debug][gc,nmethod   ] Register NMethod: java.nio.file.Files$AcceptAllFilter.accept [0x000075814018b110] (c1)
[0.506s][debug][gc,nmethod   ] Register NMethod: java.nio.file.Files$2.next [0x000075814018b610] (c1)
[0.506s][debug][gc,nmethod   ] Register NMethod: java.nio.file.Files$2.next [0x000075814018be90] (c1)
[0.506s][debug][gc,nmethod   ] Register NMethod: java.util.stream.Nodes$SpinedNodeBuilder.accept [0x000075814018c690] (c1)
[0.507s][debug][gc,nmethod   ] Register NMethod: jdk.internal.jrtfs.JrtPath.checkPath [0x000075814018ca10] (c1)
[0.507s][debug][gc,nmethod   ] Register NMethod: java.util.Spliterators$1Adapter.hasNext [0x000075814018db90] (c1)
[0.507s][debug][gc,nmethod   ] Register NMethod: java.util.stream.StreamSpliterators$WrappingSpliterator$$Lambda/0x00007580d005d7b8.getAsBoolean [0x000075814018e090] (c1)
[0.508s][debug][gc,nmethod   ] Register NMethod: java.util.stream.StreamSpliterators$AbstractWrappingSpliterator.fillBuffer [0x000075814018e690] (c1)
[0.508s][debug][gc,nmethod   ] Register NMethod: java.util.stream.SpinedBuffer.clear [0x000075814018f610] (c1)
[0.508s][debug][gc,nmethod   ] Register NMethod: java.util.stream.StreamSpliterators$WrappingSpliterator.lambda$initPartialTraversalState$0 [0x0000758140190190] (c1)
[0.509s][debug][gc,nmethod   ] Register NMethod: java.util.ArrayList$ArrayListSpliterator.tryAdvance [0x0000758140190690] (c1)
[0.509s][debug][gc,nmethod   ] Register NMethod: java.util.Spliterators$1Adapter.accept [0x0000758140191190] (c1)
[0.509s][debug][gc,nmethod   ] Register NMethod: jdk.internal.jrtfs.JrtFileAttributes.isDirectory [0x0000758140191510] (c1)
[0.509s][debug][gc,nmethod   ] Register NMethod: java.util.Spliterators$1Adapter.next [0x0000758140191990] (c1)
[0.510s][debug][gc,nmethod   ] Register NMethod: java.nio.file.Files.isDirectory [0x0000758140192190] (c1)
[0.510s][debug][gc,nmethod   ] Register NMethod: java.nio.file.spi.FileSystemProvider.readAttributesIfExists [0x0000758140192b10] (c1)
[0.510s][debug][gc,nmethod   ] Register NMethod: jdk.internal.jrtfs.JrtDirectoryStream$1.hasNext [0x0000758140192f90] (c1)
[0.510s][debug][gc,nmethod   ] Register NMethod: java.util.ImmutableCollections$ListN.get [0x0000758140193710] (c1)
[0.511s][debug][gc,nmethod   ] Register NMethod: java.util.ImmutableCollections$ListItr.next [0x0000758140193b10] (c1)
[0.511s][debug][gc,nmethod   ] Register NMethod: java.util.stream.StreamSpliterators$WrappingSpliterator.tryAdvance [0x0000758140194190] (c1)
[0.512s][debug][gc,nmethod   ] Register NMethod: jdk.internal.util.ArraysSupport.mismatch [0x0000758147b21310] (c2)
[0.512s][debug][gc,nmethod   ] Register NMethod: java.util.stream.StreamSpliterators$AbstractWrappingSpliterator.doAdvance [0x0000758140194b10] (c1)
[0.512s][debug][gc,nmethod   ] Register NMethod: com.sun.tools.javac.file.JavacFileManager.isValidFile [0x0000758140195c90] (c1)
[0.513s][debug][gc,nmethod   ] Register NMethod: java.lang.StringBuilder.<init> [0x0000758147b21990] (c2)
[0.513s][debug][gc,nmethod   ] Register NMethod: javax.lang.model.SourceVersion.isIdentifier [0x0000758140196190] (c1)
[0.513s][debug][gc,nmethod   ] Register NMethod: jdk.internal.jrtfs.JrtPath.normalize [0x0000758147b21d90] (c2)
[0.513s][debug][gc,nmethod   ] Register NMethod: java.lang.StringLatin1.indexOf [0x0000758147b22590] (c2)
[0.513s][debug][gc,nmethod   ] Register NMethod: java.lang.CharacterData.of [0x0000758147b22f90] (c2)
[0.514s][debug][gc,nmethod   ] Register NMethod: com.sun.tools.javac.file.RelativePath$RelativeFile.<init> [0x0000758140197290] (c1)
[0.514s][debug][gc,nmethod   ] Register NMethod: com.sun.tools.javac.util.List$2.next [0x0000758147b23290] (c2)
[0.514s][debug][gc,nmethod   ] Register NMethod: java.util.regex.Matcher.<init> [0x0000758140198410] (c1)
[0.514s][debug][gc,nmethod   ] Register NMethod: java.lang.CharacterDataLatin1.isJavaIdentifierPart [0x0000758147b23710] (c2)
[0.514s][debug][gc,nmethod   ] Register NMethod: com.sun.tools.javac.file.PathFileObject$DirectoryFileObject.inferBinaryName [0x0000758140198c90] (c1)
[0.515s][debug][gc,nmethod   ] Register NMethod: javax.tools.ForwardingJavaFileManager.inferBinaryName [0x0000758140199710] (c1)
[0.515s][debug][gc,nmethod   ] Register NMethod: java.lang.StringLatin1.lastIndexOf [0x0000758147b23a90] (c2)
[0.515s][debug][gc,nmethod   ] Register NMethod: com.sun.tools.javac.file.JavacFileManager.inferBinaryName [0x0000758140199b90] (c1)
[0.516s][debug][gc,nmethod   ] Register NMethod: com.sun.tools.javac.file.PathFileObject.toBinaryName [0x000075814019af10] (c1)
[0.516s][debug][gc,nmethod   ] Register NMethod: com.sun.tools.javac.file.PathFileObject.toBinaryName [0x000075814019b890] (c1)
[0.516s][debug][gc,nmethod   ] Register NMethod: java.util.regex.Pattern.next [0x0000758147b24010] (c2)
[0.517s][debug][gc,nmethod   ] Register NMethod: java.util.regex.Pattern$Bound.match [0x000075814019c090] (c1)
[0.517s][debug][gc,nmethod   ] Register NMethod: java.util.regex.Pattern.append [0x0000758147b24410] (c2)
[0.519s][debug][gc,nmethod   ] Register NMethod: java.util.regex.Pattern$Bound.check [0x000075814019c690] (c1)
[0.519s][debug][gc,nmethod   ] Register NMethod: com.sun.tools.javac.code.ClassFinder$1.hasNext [0x000075814019f290] (c1)
[0.520s][debug][gc,nmethod   ] Register NMethod: java.lang.String.startsWith [0x0000758147b24810] (c2)
[0.520s][debug][gc,nmethod   ] Register NMethod: java.util.regex.Pattern$Bound.isWord [0x00007581401a0210] (c1)
[0.521s][debug][gc,nmethod   ] Register NMethod: java.util.regex.CharPredicates$$Lambda/0x00007580d005ece8.is [0x00007581401a1310] (c1)
[0.521s][debug][gc,nmethod   ] Register NMethod: java.util.regex.CharPredicates.lambda$ASCII_WORD$19 [0x00007581401a1a10] (c1)
[0.521s][debug][gc,nmethod   ] Register NMethod: java.util.regex.ASCII.isWord [0x00007581401a2090] (c1)
[0.522s][debug][gc,nmethod   ] Register NMethod: java.util.regex.Matcher.reset [0x0000758147b25110] (c2)
[0.522s][debug][gc,nmethod   ] Register NMethod: java.util.regex.Pattern$Slice.match [0x00007581401a2610] (c1)
[0.522s][debug][gc,nmethod   ] Register NMethod: com.sun.tools.javac.file.Locations$ModuleLocationHandler.getPaths [0x00007581401a2e90] (c1)
[0.522s][debug][gc,nmethod   ] Register NMethod: com.sun.tools.javac.code.Symbol.flatName [0x00007581401a3790] (c1)
[0.522s][debug][gc,nmethod   ] Register NMethod: com.sun.tools.javac.util.Convert.chars2utf [0x0000758147b25810] (c2)
[0.522s][debug][gc,nmethod   ] Register NMethod: com.sun.tools.javac.code.Type$ClassType.<init> [0x00007581401a3b90] (c1)
[0.523s][debug][gc,nmethod   ] Register NMethod: com.sun.tools.javac.util.Assert.checkNonNull [0x00007581401a4510] (c1)
[0.523s][debug][gc,nmethod   ] Register NMethod: com.sun.tools.javac.code.Symtab.getClass [0x00007581401a4c90] (c1)
[0.524s][debug][gc,nmethod   ] Register NMethod: com.sun.tools.javac.file.RelativePath.<init> [0x00007581401a6310] (c1)
[0.524s][debug][gc,nmethod   ] Register NMethod: jdk.internal.jrtfs.JrtFileSystem$$Lambda/0x00007580d005be58.apply [0x00007581401a6710] (c1)
[0.524s][debug][gc,nmethod   ] Register NMethod: jdk.internal.jrtfs.JrtFileSystem.lambda$iteratorOf$2 [0x00007581401a6c90] (c1)
[0.524s][debug][gc,nmethod   ] Register NMethod: jdk.internal.jrtfs.JrtFileSystem$$Lambda/0x00007580d005c090.test [0x00007581401a7410] (c1)
[0.524s][debug][gc,nmethod   ] Register NMethod: jdk.internal.jrtfs.JrtFileSystem.lambda$iteratorOf$3 [0x00007581401a7a90] (c1)
[0.525s][debug][gc,nmethod   ] Register NMethod: java.lang.invoke.MethodHandle.linkToStatic [0x0000758147b25d90] ()
[0.525s][debug][gc,nmethod   ] Register NMethod: com.sun.tools.javac.code.Symbol$ClassSymbol.<init> [0x00007581401a7f10] (c1)
[0.525s][debug][gc,nmethod   ] Register NMethod: com.sun.tools.javac.code.Type$ClassType.<init> [0x00007581401a8a10] (c1)
[0.525s][debug][gc,nmethod   ] Register NMethod: sun.invoke.util.Wrapper.forPrimitiveType [0x00007581401a8e10] (c1)
[0.526s][debug][gc,nmethod   ] Register NMethod: java.lang.Boolean.valueOf [0x00007581401a9e90] (c1)
[0.527s][debug][gc,nmethod   ] Register NMethod: java.lang.StringLatin1.inflate [0x0000758147b26090] (c2)
[0.527s][debug][gc,nmethod   ] Register NMethod: com.sun.tools.javac.util.ListBuffer.toList [0x0000758147b26510] (c2)
[0.528s][debug][gc,nmethod   ] Register NMethod: java.util.regex.Matcher.match [0x0000758147b26810] (c2)
[0.528s][debug][gc,nmethod   ] Register NMethod: java.util.stream.StreamSupport.stream [0x00007581401aa210] (c1)
[0.528s][debug][gc,nmethod   ] Register NMethod: java.lang.Integer.stringSize [0x00007581401aaa10] (c1)
[0.529s][debug][gc,nmethod   ] Register NMethod: com.sun.tools.javac.code.Scope$ScopeListenerList.walkReferences [0x00007581401aae90] (c1)
[0.529s][debug][gc,nmethod   ] Register NMethod: com.sun.tools.javac.code.Scope$Entry.<init> [0x00007581401aca90] (c1)
[0.529s][debug][gc,nmethod   ] Register NMethod: com.sun.tools.javac.code.Scope$ScopeListenerList.symbolAdded [0x00007581401ad010] (c1)
[0.530s][debug][gc,nmethod   ] Register NMethod: com.sun.tools.javac.code.Scope$ScopeImpl.enter [0x00007581401ad390] (c1)
[0.530s][debug][gc,nmethod   ] Register NMethod: com.sun.tools.javac.code.Symbol.flags [0x0000758147b27210] (c1)
[0.530s][debug][gc,nmethod   ] Register NMethod: com.sun.tools.javac.code.Type$MethodType.getParameterTypes [0x0000758147b27510] (c1)
[0.532s][debug][gc,nmethod   ] Register NMethod: java.lang.String.<init> [0x0000758147b27810] (c2)
[0.533s][debug][gc,nmethod   ] Register NMethod: com.sun.tools.javac.jvm.ClassReader.sigToType [0x00007581401ae490] (c1)
[0.533s][debug][gc,nmethod   ] Register NMethod: com.sun.tools.javac.code.Type.hasTag [0x00007581401b3910] (c1)
[0.533s][debug][gc,nmethod   ] Register NMethod: com.sun.tools.javac.util.Convert.packagePart [0x00007581401b3d90] (c1)
[0.533s][debug][gc,nmethod   ] Register NMethod: com.sun.tools.javac.util.Name.isEmpty [0x00007581401b4310] (c1)
[0.533s][debug][gc,nmethod   ] Register NMethod: java.lang.StringBuilder.toString [0x0000758147b28210] (c2)
[0.533s][debug][gc,nmethod   ] Register NMethod: java.lang.Integer.getChars [0x00007581401b4710] (c1)
[0.533s][debug][gc,nmethod   ] Register NMethod: com.sun.tools.javac.code.Type$JCPrimitiveType.getTag [0x0000758147b28c10] (c1)
[0.534s][debug][gc,nmethod   ] Register NMethod: java.lang.StringBuilder.append [0x00007581401b4f90] (c1)
[0.534s][debug][gc,nmethod   ] Register NMethod: java.util.stream.StreamOpFlag.fromCharacteristics [0x00007581401b5310] (c1)
[0.534s][debug][gc,nmethod   ] Register NMethod: java.lang.invoke.Invokers$Holder.linkToTargetMethod [0x00007581401b5910] (c1)
[0.535s][debug][gc,nmethod   ] Register NMethod: com.sun.tools.javac.jvm.ClassReader.parameter [0x00007581401b6010] (c1)
[0.535s][debug][gc,nmethod   ] Register NMethod: java.util.HashSet.size [0x00007581401b8b90] (c1)
[0.535s][debug][gc,nmethod   ] Register NMethod: com.sun.tools.javac.comp.Annotate$AnnotationTypeMetadata.notAnAnnotationType [0x00007581401b9010] (c1)
[0.535s][debug][gc,nmethod   ] Register NMethod: java.lang.invoke.MethodHandles$Lookup.<init> [0x00007581401b9310] (c1)
[0.536s][debug][gc,nmethod   ] Register NMethod: com.sun.tools.javac.code.Type$ClassType.getEnclosingType [0x0000758147b28f10] (c1)
[0.537s][debug][gc,nmethod   ] Register NMethod: java.lang.Module.isNamed [0x00007581401b9790] (c1)
[0.538s][debug][gc,nmethod   ] Register NMethod: jdk.internal.org.objectweb.asm.MethodWriter.visitLabel [0x00007581401b9b90] (c1)
[0.538s][debug][gc,nmethod   ] Register NMethod: java.lang.invoke.MethodHandle.linkToStatic [0x0000758147b29210] ()
[0.538s][debug][gc,nmethod   ] Register NMethod: jdk.internal.org.objectweb.asm.MethodWriter.endCurrentBasicBlockWithNoSuccessor [0x00007581401baf10] (c1)
[0.540s][debug][gc,nmethod   ] Register NMethod: java.lang.invoke.MethodHandles$Lookup.in [0x00007581401bba10] (c1)
[0.541s][debug][gc,nmethod   ] Register NMethod: com.sun.tools.javac.comp.Modules.addVisiblePackages [0x00007581401be210] (c1)
[0.543s][debug][gc,nmethod   ] Register NMethod: com.sun.tools.javac.jvm.ClassReader.classSigToType [0x00007581401c1590] (c1)
[0.543s][debug][gc,nmethod   ] Register NMethod: com.sun.tools.javac.file.RelativePath.resolveAgainst [0x00007581401c4110] (c1)
[0.543s][debug][gc,nmethod   ] Register NMethod: java.lang.String.checkBoundsOffCount [0x00007581401c4890] (c1)
[0.544s][debug][gc,nmethod   ] Register NMethod: java.lang.String.<init> [0x00007581401c4d90] (c1)
[0.544s][debug][gc,nmethod   ] Register NMethod: java.lang.String.rangeCheck [0x00007581401c5490] (c1)
[0.544s][debug][gc,nmethod   ] Register NMethod: java.lang.String.<init> [0x00007581401c5a10] (c1)
[0.545s][debug][gc,nmethod   ] Register NMethod: jdk.internal.jrtfs.JrtFileSystem.getPath [0x00007581401c6090] (c1)
[0.545s][debug][gc,nmethod   ] Register NMethod: java.lang.StringUTF16.compress [0x00007581401c7610] (c1)
[0.545s][debug][gc,nmethod   ] Register NMethod: jdk.internal.jrtfs.JrtPath.resolve [0x00007581401c7b10] (c1)
[0.545s][debug][gc,nmethod   ] Register NMethod: jdk.internal.jrtfs.JrtPath.resolve [0x00007581401c8110] (c1)
[0.545s][debug][gc,nmethod   ] Register NMethod: com.sun.tools.javac.jvm.ClassReader.nextChar [0x0000758147b29510] (c2)
[0.545s][debug][gc,nmethod   ] Register NMethod: com.sun.tools.javac.code.Symbol$ClassSymbol.flatName [0x0000758147b29b10] (c1)
[0.545s][debug][gc,nmethod   ] Register NMethod: com.sun.tools.javac.file.PathFileObject.<init> [0x00007581401c8690] (c1)
[0.546s][debug][gc,nmethod   ] Register NMethod: java.util.stream.MatchOps$BooleanTerminalSink.getAndClearState [0x0000758147b29e10] (c1)
[0.548s][debug][gc,nmethod   ] Register NMethod: java.lang.invoke.MethodHandles$Lookup.checkSecurityManager [0x00007581401c8f90] (c1)
[0.549s][debug][gc,nmethod   ] Register NMethod: java.lang.invoke.DirectMethodHandle.<init> [0x00007581401c9810] (c1)
[0.549s][debug][gc,nmethod   ] Register NMethod: java.lang.AbstractStringBuilder.<init> [0x0000758147b2a110] (c2)
[0.551s][debug][gc,nmethod   ] Register NMethod: java.lang.StringLatin1.indexOf [0x0000758147b2a590] (c2)
[0.551s][debug][gc,nmethod   ] Register NMethod: java.util.stream.StreamSpliterators$WrappingSpliterator$$Lambda/0x00007580d005d328.accept [0x00007581401caf90] (c1)
[0.551s][debug][gc,nmethod   ] Register NMethod: java.util.stream.SpinedBuffer.get [0x00007581401cb410] (c1)
[0.551s][debug][gc,nmethod   ] Register NMethod: jdk.internal.jrtfs.JrtDirectoryStream$1.next [0x00007581401cc490] (c1)
[0.551s][debug][gc,nmethod   ] Register NMethod: java.util.ImmutableCollections$ListItr.hasNext [0x00007581401cc810] (c1)
[0.552s][debug][gc,nmethod   ] Register NMethod: java.lang.String.indexOf [0x0000758147b2aa90] (c2)
[0.552s][debug][gc,nmethod   ] Register NMethod: jdk.internal.jrtfs.JrtDirectoryStream$1.next [0x00007581401ccb90] (c1)
[0.552s][debug][gc,nmethod   ] Register NMethod: com.sun.tools.javac.file.PathFileObject.forDirectoryPath [0x00007581401cd610] (c1)
[0.552s][debug][gc,nmethod   ] Register NMethod: com.sun.tools.javac.file.PathFileObject$DirectoryFileObject.<init> [0x00007581401cde90] (c1)
[0.553s][debug][gc,nmethod   ] Register NMethod: com.sun.tools.javac.code.Scope$ScopeImpl.lookup [0x00007581401ce610] (c1)
[0.553s][debug][gc,nmethod   ] Register NMethod: com.sun.tools.javac.code.Symtab.defineClass [0x00007581401cf110] (c1)
[0.553s][debug][gc,nmethod   ] Register NMethod: com.sun.tools.javac.code.Symtab.doEnterClass [0x00007581401cf610] (c1)
[0.554s][debug][gc,nmethod   ] Register NMethod: com.sun.tools.javac.code.Symtab$$Lambda/0x00007580d00ebbf8.apply [0x00007581401cff90] (c1)
[0.554s][debug][gc,nmethod   ] Register NMethod: com.sun.tools.javac.code.Symtab.lambda$doEnterClass$5 [0x00007581401d0690] (c1)
[0.554s][debug][gc,nmethod   ] Register NMethod: java.lang.CharacterDataLatin1.isJavaIdentifierStart [0x00007581401d0c10] (c1)
[0.554s][debug][gc,nmethod   ] Register NMethod: com.sun.tools.javac.util.SharedNameTable.fromUtf [0x0000758147b2b090] (c2)
[0.554s][debug][gc,nmethod   ] Register NMethod: java.util.regex.Pattern$Node.study [0x0000758147b2c610] (c2)
[0.555s][debug][gc,nmethod   ] Register NMethod: com.sun.tools.javac.code.ClassFinder.includeClassFile [0x00007581401d1090] (c1)
[0.556s][debug][gc,nmethod   ] Register NMethod: com.sun.tools.javac.code.Symtab.enterClass [0x00007581401d3110] (c1)
[0.556s][debug][gc,nmethod   ] Register NMethod: com.sun.tools.javac.code.Symbol$ClassSymbol.<init> [0x00007581401d4790] (c1)
[0.556s][debug][gc,nmethod   ] Register NMethod: com.sun.tools.javac.code.Scope.findFirst [0x00007581401d4d90] (c1)
[0.556s][debug][gc,nmethod   ] Register NMethod: com.sun.tools.javac.code.Scope$ScopeImpl.findFirst [0x00007581401d5190] (c1)
[0.556s][debug][gc,nmethod   ] Register NMethod: com.sun.tools.javac.code.ClassFinder$1.next [0x00007581401d5610] (c1)
[0.556s][debug][gc,nmethod   ] Register NMethod: com.sun.tools.javac.code.ClassFinder$1.next [0x00007581401d5c90] (c1)
[0.557s][debug][gc,nmethod   ] Register NMethod: com.sun.tools.javac.util.Name.getBytes [0x0000758147b2c990] (c2)
[0.558s][debug][gc,nmethod   ] Register NMethod: java.lang.Class.getProtectionDomain0 [0x0000758147b2cf10] ()
[0.559s][debug][gc,nmethod   ] Register NMethod: java.lang.invoke.DirectMethodHandle.preparedLambdaForm [0x00007581401d6290] (c1)
[0.560s][debug][gc,nmethod   ] Register NMethod: java.lang.invoke.MemberName.<init> [0x00007581401d7e10] (c1)
[0.560s][debug][gc,nmethod   ] Register NMethod: jdk.internal.jimage.BasicImageReader.getLocationIndex [0x00007581401d9790] (c1)
[0.560s][debug][gc,nmethod   ] Register NMethod: java.lang.invoke.DirectMethodHandle.preparedLambdaForm [0x00007581401da110] (c1)
[0.562s][debug][gc,nmethod   ] Register NMethod: java.util.ArrayList.isEmpty [0x00007581401da490] (c1)
[0.563s][debug][gc,nmethod   ] Register NMethod: com.sun.tools.javac.util.Iterators.emptyIterator [0x00007581401da810] (c1)
[0.566s][debug][gc,nmethod   ] Register NMethod: jdk.internal.jimage.BasicImageReader.findLocation [0x00007581401dab10] (c1)
[0.566s][debug][gc,nmethod   ] Register NMethod: java.lang.invoke.MethodHandle.linkToStatic [0x0000758147b2d690] ()
[0.567s][debug][gc,nmethod   ] Register NMethod: jdk.internal.org.objectweb.asm.SymbolTable.addConstantMethodref [0x00007581401dbc90] (c1)
[0.568s][debug][gc,nmethod   ] Register NMethod: jdk.internal.org.objectweb.asm.MethodWriter.visitInsn [0x00007581401dc090] (c1)
[0.568s][debug][gc,nmethod   ] Register NMethod: java.lang.AbstractStringBuilder.append [0x00007581401dc910] (c1)
[0.569s][debug][gc,nmethod   ] Register NMethod: com.sun.tools.javac.util.Assert.checkNonNull [0x0000758147b2d990] (c2)
[0.570s][debug][gc,nmethod   ] Register NMethod: java.lang.invoke.MemberName.getModifiers [0x0000758147b2dc90] (c2)
[0.571s][debug][gc,nmethod   ] Register NMethod: com.sun.tools.javac.code.Symtab.lookupPackage [0x00007581401dd010] (c1)
[0.571s][debug][gc,nmethod   ] Register NMethod: java.lang.invoke.MethodHandleNatives.isCallerSensitive [0x00007581401e1a10] (c1)
[0.571s][debug][gc,nmethod   ] Register NMethod: java.lang.invoke.MethodHandleNatives.canBeCalledVirtual [0x00007581401e2190] (c1)
[0.572s][debug][gc,nmethod   ] Register NMethod: jdk.internal.org.objectweb.asm.ClassWriter.visitMethod [0x00007581401e2b90] (c1)
[0.572s][debug][gc,nmethod   ] Register NMethod: com.sun.tools.javac.code.Symtab.lookupPackage [0x00007581401e3290] (c1)
[0.572s][debug][gc,nmethod   ] Register NMethod: com.sun.tools.javac.code.Symbol$PackageSymbol.exists [0x00007581401e3610] (c1)
[0.573s][debug][gc,nmethod   ] Register NMethod: jdk.internal.ref.CleanerImpl.getCleanerImpl [0x00007581401e3990] (c1)
[0.573s][debug][gc,nmethod   ] Register NMethod: java.lang.ref.Cleaner$1.apply [0x00007581401e3f10] (c1)
[0.573s][debug][gc,nmethod   ] Register NMethod: java.lang.ref.Cleaner$1.apply [0x00007581401e4490] (c1)
[0.574s][debug][gc,nmethod   ] Register NMethod: com.sun.tools.javac.code.Type$ClassType.getTag [0x00007581401e4810] (c1)
[0.574s][debug][gc,nmethod   ] Register NMethod: com.sun.tools.javac.code.Symbol$ClassSymbol.flags [0x00007581401e4b90] (c1)
[0.574s][debug][gc,nmethod   ] Register NMethod: com.sun.tools.javac.code.Type$JCNoType.getTag [0x00007581401e4f90] (c1)
[0.574s][debug][gc,nmethod   ] Register NMethod: java.util.stream.ReferencePipeline$StatelessOp.<init> [0x00007581401e5310] (c1)
[0.575s][debug][gc,nmethod   ] Register NMethod: com.sun.tools.javac.code.Symtab.enterClass [0x00007581401e5790] (c1)
[0.575s][debug][gc,nmethod   ] Register NMethod: java.util.stream.ReferencePipeline.<init> [0x00007581401e7090] (c1)
[0.575s][debug][gc,nmethod   ] Register NMethod: com.sun.tools.javac.jvm.ClassReader.skipMember [0x00007581401e7410] (c1)
[0.576s][debug][gc,nmethod   ] Register NMethod: java.util.stream.Sink$ChainedReference.<init> [0x00007581401e7990] (c1)
[0.576s][debug][gc,nmethod   ] Register NMethod: java.lang.Integer.bitCount [0x00007581401e8090] (c1)
[0.576s][debug][gc,nmethod   ] Register NMethod: jdk.internal.org.objectweb.asm.SymbolTable.put [0x0000758147b2df90] (c2)
[0.576s][debug][gc,nmethod   ] Register NMethod: com.sun.tools.javac.util.ByteBuffer.getByte [0x0000758147b2e590] (c2)
[0.577s][debug][gc,nmethod   ] Register NMethod: com.sun.tools.javac.util.List.reverse [0x00007581401e8410] (c1)
[0.577s][debug][gc,nmethod   ] Register NMethod: com.sun.tools.javac.jvm.ClassReader.sigToTypes [0x00007581401e9110] (c1)
[0.577s][debug][gc,nmethod   ] Register NMethod: com.sun.tools.javac.util.Name.toString [0x00007581401e9f90] (c1)
[0.578s][debug][gc,nmethod   ] Register NMethod: com.sun.tools.javac.jvm.ClassReader.enterMember [0x00007581401ea810] (c1)
[0.578s][debug][gc,nmethod   ] Register NMethod: com.sun.tools.javac.jvm.ClassReader.readAttrs [0x00007581401eb010] (c1)
[0.578s][debug][gc,nmethod   ] Register NMethod: com.sun.tools.javac.code.Symbol$VarSymbol.<init> [0x00007581401ebe90] (c1)
[0.579s][debug][gc,nmethod   ] Register NMethod: com.sun.tools.javac.jvm.ClassReader$AttributeReader.accepts [0x00007581401ec290] (c1)
[0.579s][debug][gc,nmethod   ] Register NMethod: com.sun.tools.javac.code.Type$MethodType.getTag [0x00007581401ee210] (c1)
[0.580s][debug][gc,nmethod   ] Register NMethod: com.sun.tools.javac.jvm.ClassReader.validateMethodType [0x00007581401ee590] (c1)
[0.580s][debug][gc,nmethod   ] Register NMethod: com.sun.tools.javac.util.Name.map [0x00007581401efb90] (c1)
[0.581s][debug][gc,nmethod   ] Register NMethod: com.sun.tools.javac.jvm.ClassReader.sigToType [0x00007581401f0310] (c1)
[0.581s][debug][gc,nmethod   ] Register NMethod: com.sun.tools.javac.util.List.setTail [0x00007581401f0710] (c1)
[0.581s][debug][gc,nmethod   ] Register NMethod: com.sun.tools.javac.jvm.PoolReader.getType [0x00007581401f0a90] (c1)
[0.582s][debug][gc,nmethod   ] Register NMethod: com.sun.tools.javac.code.Symbol$ClassSymbol.complete [0x00007581401f2010] (c1)
[0.582s][debug][gc,nmethod   ] Register NMethod: java.util.stream.StreamOpFlag.combineOpFlags [0x00007581401f2f90] (c1)
[0.583s][debug][gc,nmethod   ] Register NMethod: java.util.stream.StreamOpFlag.getMask [0x00007581401f3390] (c1)
[0.583s][debug][gc,nmethod   ] Register NMethod: com.sun.tools.javac.jvm.ClassReader.readName [0x00007581401f3710] (c1)
[0.584s][debug][gc,nmethod   ] Register NMethod: com.sun.tools.javac.jvm.PoolReader$$Lambda/0x00007580d0111d50.map [0x00007581401f4310] (c1)
[0.584s][debug][gc,nmethod   ] Register NMethod: com.sun.tools.javac.jvm.Code.width [0x00007581401f4810] (c1)
[0.584s][debug][gc,nmethod   ] Register NMethod: com.sun.tools.javac.util.ByteBuffer.getChar [0x0000758147b2ea10] (c2)
[0.584s][debug][gc,nmethod   ] Register NMethod: com.sun.tools.javac.jvm.Code.typecode [0x00007581401f4c10] (c1)
[0.584s][debug][gc,nmethod   ] Register NMethod: com.sun.tools.javac.jvm.Code.width [0x00007581401f5f90] (c1)
[0.585s][debug][gc,nmethod   ] Register NMethod: com.sun.tools.javac.code.Symbol$ParamSymbol.<init> [0x00007581401f6390] (c1)
[0.585s][debug][gc,nmethod   ] Register NMethod: com.sun.tools.javac.jvm.ClassReader.readMemberAttrs [0x00007581401f6790] (c1)
[0.585s][debug][gc,nmethod   ] Register NMethod: com.sun.tools.javac.code.Symbol$MethodSymbol.<init> [0x00007581401f6b10] (c1)
[0.586s][debug][gc,nmethod   ] Register NMethod: java.util.Spliterators$IteratorSpliterator.tryAdvance [0x00007581401f8290] (c1)
[0.586s][debug][gc,nmethod   ] Register NMethod: java.util.stream.AbstractPipeline.<init> [0x00007581401f8f10] (c1)
[0.586s][debug][gc,nmethod   ] Register NMethod: java.util.stream.StreamOpFlag.isKnown [0x00007581401f9410] (c1)
[0.586s][debug][gc,nmethod   ] Register NMethod: java.util.Spliterator.getExactSizeIfKnown [0x00007581401f9790] (c1)
[0.587s][debug][gc,nmethod   ] Register NMethod: com.sun.tools.javac.code.Symbol$ClassSymbol.erasure [0x00007581401f9d10] (c1)
[0.587s][debug][gc,nmethod   ] Register NMethod: java.util.stream.AbstractPipeline.wrapAndCopyInto [0x00007581401fb110] (c1)
[0.588s][debug][gc,nmethod   ] Register NMethod: com.sun.tools.javac.util.List.isEmpty [0x00007581401fb890] (c1)
[0.588s][debug][gc,nmethod   ] Register NMethod: java.util.stream.AbstractPipeline.copyInto [0x00007581401fbc90] (c1)
[0.588s][debug][gc,nmethod   ] Register NMethod: com.sun.tools.javac.code.Symbol.isInterface [0x00007581401fc810] (c1)
[0.589s][debug][gc,nmethod   ] Register NMethod: com.sun.tools.javac.code.Types.isSignaturePolymorphic [0x00007581401fcc90] (c1)
[0.589s][debug][gc,nmethod   ] Register NMethod: com.sun.tools.javac.util.Assert.checkNull [0x00007581401fe010] (c1)
[0.594s][debug][gc,nmethod   ] Register NMethod: com.sun.tools.javac.jvm.ClassReader.readMethod [0x00007581401fe510] (c1)
[0.594s][debug][gc,nmethod   ] Register NMethod: com.sun.tools.javac.jvm.ClassReader.adjustMethodFlags [0x0000758140205890] (c1)
[0.595s][debug][gc,nmethod   ] Register NMethod: com.sun.tools.javac.jvm.ClassReader$2.read [0x0000758140205c90] (c1)
[0.595s][debug][gc,nmethod   ] Register NMethod: java.util.stream.AbstractPipeline.evaluate [0x0000758140206310] (c1)
[0.595s][debug][gc,nmethod   ] Register NMethod: com.sun.tools.javac.code.Type$MethodType.<init> [0x0000758140206e90] (c1)
[0.596s][debug][gc,nmethod   ] Register NMethod: java.lang.invoke.DirectMethodHandle$Holder.newInvokeSpecial [0x0000758140207610] (c1)
[0.602s][debug][gc,nmethod   ] Register NMethod: com.sun.tools.javac.jvm.ClassReader.setParameters [0x0000758140208010] (c1)
[0.603s][debug][gc,nmethod   ] Register NMethod: com.sun.tools.javac.util.List.length [0x000075814020d190] (c1)
[0.603s][debug][gc,nmethod   ] Register NMethod: com.sun.tools.javac.code.Type$MethodType.getReturnType [0x0000758147b2ef10] (c1)
[0.603s][debug][gc,nmethod   ] Register NMethod: com.sun.tools.javac.code.Type.isPrimitive [0x0000758147b2f210] (c1)
[0.605s][debug][gc,nmethod   ] Register NMethod: com.sun.tools.javac.code.Type$MethodType.getTag [0x0000758147b2f510] (c2)
[0.606s][debug][gc,nmethod   ] Register NMethod: com.sun.tools.javac.util.List.of [0x0000758147b2f810] (c2)
[0.608s][debug][gc,nmethod   ] Register NMethod: com.sun.tools.javac.jvm.PoolReader$ImmutablePoolHelper.readIfNeeded [0x0000758147b2fb10] (c2)
[0.609s][debug][gc,nmethod   ] Register NMethod: com.sun.tools.javac.util.JCDiagnostic$DiagnosticInfo.<init> [0x000075814020d610] (c1)
[0.611s][debug][gc,nmethod   ] Register NMethod: com.sun.tools.javac.tree.TreeScanner.scan [0x000075814020db10] (c1)
[0.614s][debug][gc,nmethod   ] Register NMethod: com.sun.tools.javac.code.Types$DefaultTypeVisitor.visit [0x000075814020df90] (c1)
[0.614s][debug][gc,nmethod   ] Register NMethod: com.sun.tools.javac.code.Type$ClassType.getTag [0x0000758147b30b90] (c2)
[0.615s][debug][gc,nmethod   ] Register NMethod: com.sun.tools.javac.code.Scope$ScopeImpl$2.hasNext [0x000075814020e410] (c1)
[0.615s][debug][gc,nmethod   ] Register NMethod: com.sun.tools.javac.code.Type$ClassType.accept [0x000075814020ef10] (c1)
[0.615s][debug][gc,nmethod   ] Register NMethod: com.sun.tools.javac.code.Type.getMetadata [0x0000758147b30e90] (c1)
[0.621s][debug][gc,nmethod   ] Register NMethod: com.sun.tools.javac.code.Type.accept [0x000075814020f390] (c1)
[0.622s][debug][gc,nmethod   ] Register NMethod: jdk.internal.org.objectweb.asm.Symbol.<init> [0x0000758147b31190] (c2)
[0.622s][debug][gc,nmethod   ] Register NMethod: com.sun.tools.javac.tree.JCTree.hasTag [0x000075814020f810] (c1)
[0.625s][debug][gc,nmethod   ] Register NMethod: jdk.internal.jimage.ImageBufferCache$2.compare [0x000075814020fc90] (c1)
[0.625s][debug][gc,nmethod   ] Register NMethod: jdk.internal.jimage.ImageBufferCache$2.compare [0x0000758140210b10] (c1)
[0.626s][debug][gc,nmethod   ] Register NMethod: java.lang.Integer.compare [0x0000758140211690] (c1)
[0.626s][debug][gc,nmethod   ] Register NMethod: java.util.Spliterators$IteratorSpliterator.estimateSize [0x0000758140211a90] (c1)
[0.626s][debug][gc,nmethod   ] Register NMethod: com.sun.tools.javac.code.Type$MethodType.getThrownTypes [0x0000758147b31590] (c1)
[0.627s][debug][gc,nmethod   ] Register NMethod: java.util.stream.AbstractPipeline.wrapSink [0x0000758140212190] (c1)
[0.628s][debug][gc,nmethod   ] Register NMethod: java.util.HashMap.putVal [0x0000758140212990] (c1)
[0.628s][debug][gc,nmethod   ] Register NMethod: java.util.stream.ReferencePipeline$3.<init> [0x0000758140214410] (c1)
[0.628s][debug][gc,nmethod   ] Register NMethod: java.util.stream.ReferencePipeline$3.opWrapSink [0x0000758140214990] (c1)
[0.628s][debug][gc,nmethod   ] Register NMethod: java.util.stream.Sink.begin [0x0000758140215290] (c1)
[0.628s][debug][gc,nmethod   ] Register NMethod: java.util.stream.Sink.end [0x0000758140215590] (c1)
[0.629s][debug][gc,nmethod   ] Register NMethod: java.util.stream.ReferencePipeline$3$1.<init> [0x0000758140215890] (c1)
[0.629s][debug][gc,nmethod   ] Register NMethod: java.util.stream.Sink$ChainedReference.begin [0x0000758140216090] (c1)
[0.629s][debug][gc,nmethod   ] Register NMethod: com.sun.tools.javac.code.Attribute.<init> [0x0000758140216510] (c1)
[0.629s][debug][gc,nmethod   ] Register NMethod: java.lang.Integer.<init> [0x0000758140216910] (c1)
[0.631s][debug][gc,nmethod   ] Register NMethod: java.util.stream.ReferencePipeline.map [0x0000758140216d90] (c1)
[0.631s][debug][gc,nmethod   ] Register NMethod: com.sun.tools.javac.code.Type$ArrayType.getTag [0x0000758140217610] (c1)
[0.631s][debug][gc,nmethod   ] Register NMethod: com.sun.tools.javac.util.Name.lastIndexOf [0x0000758147b31890] (c2)
[0.632s][debug][gc,nmethod   ] Register NMethod: java.util.stream.AbstractPipeline.<init> [0x0000758140217990] (c1)
[0.632s][debug][gc,nmethod   ] Register NMethod: java.util.stream.AbstractPipeline.copyIntoWithCancel [0x0000758140218410] (c1)
[0.633s][debug][gc,nmethod   ] Register NMethod: java.util.stream.AbstractPipeline.sourceSpliterator [0x0000758140218d10] (c1)
[0.633s][debug][gc,nmethod   ] Register NMethod: java.util.stream.Sink$ChainedReference.end [0x000075814021a610] (c1)
[0.633s][debug][gc,nmethod   ] Register NMethod: java.util.Spliterators$IteratorSpliterator.<init> [0x000075814021aa90] (c1)
[0.633s][debug][gc,nmethod   ] Register NMethod: java.util.stream.Collectors$CollectorImpl.supplier [0x0000758147b31e90] (c1)
[0.633s][debug][gc,nmethod   ] Register NMethod: java.util.stream.Collectors$CollectorImpl.accumulator [0x0000758147b32190] (c1)
[0.633s][debug][gc,nmethod   ] Register NMethod: java.util.stream.Collectors$CollectorImpl.combiner [0x0000758147b32490] (c1)
[0.634s][debug][gc,nmethod   ] Register NMethod: java.util.stream.ReduceOps$Box.get [0x0000758147b32790] (c1)
[0.634s][debug][gc,nmethod   ] Register NMethod: java.util.stream.MatchOps$$Lambda/0x00007580d005fa58.<init> [0x000075814021af10] (c1)
[0.634s][debug][gc,nmethod   ] Register NMethod: java.util.stream.MatchOps$MatchOp.<init> [0x000075814021b310] (c1)
[0.634s][debug][gc,nmethod   ] Register NMethod: java.util.stream.MatchOps$MatchOp.getOpFlags [0x000075814021b790] (c1)
[0.634s][debug][gc,nmethod   ] Register NMethod: java.util.stream.MatchOps$MatchOp.evaluateSequential [0x000075814021ba90] (c1)
[0.634s][debug][gc,nmethod   ] Register NMethod: java.lang.String.replace [0x0000758147b32a90] (c2)
[0.635s][debug][gc,nmethod   ] Register NMethod: java.util.stream.MatchOps$MatchOp.evaluateSequential [0x000075814021c510] (c1)
[0.635s][debug][gc,nmethod   ] Register NMethod: com.sun.tools.javac.jvm.PoolReader.getClass [0x000075814021cf10] (c1)
[0.635s][debug][gc,nmethod   ] Register NMethod: com.sun.tools.javac.jvm.Code.width [0x0000758147b33710] (c2)
[0.635s][debug][gc,nmethod   ] Register NMethod: com.sun.tools.javac.code.Type$MethodType.asMethodType [0x000075814021d490] (c1)
[0.636s][debug][gc,nmethod   ] Register NMethod: java.lang.Integer.bitCount [0x0000758147b33a10] (c2)
[0.637s][debug][gc,nmethod   ] Register NMethod: com.sun.tools.javac.jvm.ClassReader.readField [0x000075814021d790] (c1)
[0.638s][debug][gc,nmethod   ] Register NMethod: java.util.stream.ReferencePipeline.forEachWithCancel [0x0000758140220390] (c1)
[0.638s][debug][gc,nmethod   ] Register NMethod: com.sun.tools.javac.util.List.size [0x0000758140220a90] (c1)
[0.638s][debug][gc,nmethod   ] Register NMethod: com.sun.tools.javac.jvm.ClassReader.adjustFieldFlags [0x0000758140221090] (c1)
[0.638s][debug][gc,nmethod   ] Register NMethod: com.sun.tools.javac.jvm.ClassReader.classSigToType [0x0000758147b33d10] (c2)
[0.639s][debug][gc,nmethod   ] Register NMethod: com.sun.tools.javac.util.List.setTail [0x0000758147b36310] (c2)
[0.639s][debug][gc,nmethod   ] Register NMethod: java.lang.invoke.MethodHandleNatives.linkMethodHandleConstant [0x0000758140221390] (c1)
[0.640s][debug][gc,nmethod   ] Register NMethod: java.lang.invoke.MethodHandles$Lookup.linkMethodHandleConstant [0x0000758140221910] (c1)
[0.641s][debug][gc,nmethod   ] Register NMethod: java.lang.invoke.MethodType.isAllObject [0x0000758140224090] (c1)
[0.641s][debug][gc,nmethod   ] Register NMethod: java.lang.invoke.MethodHandle.invokeBasic [0x0000758147b36610] ()
[0.642s][debug][gc,nmethod   ] Register NMethod: java.lang.invoke.MethodHandle.linkToSpecial [0x0000758147b36b90] ()
[0.642s][debug][gc,nmethod   ] Register NMethod: jdk.internal.org.objectweb.asm.Frame.getAbstractTypeFromDescriptor [0x0000758140224610] (c1)
[0.642s][debug][gc,nmethod   ] Register NMethod: java.lang.invoke.LambdaForm.parameter [0x0000758140227010] (c1)
[0.643s][debug][gc,nmethod   ] Register NMethod: jdk.internal.org.objectweb.asm.SymbolTable.hash [0x0000758147b36e90] (c2)
[0.643s][debug][gc,nmethod   ] Register NMethod: java.lang.invoke.MethodHandle.linkToStatic [0x0000758147b37290] ()
[0.643s][debug][gc,nmethod   ] Register NMethod: java.lang.invoke.MethodHandle.invokeBasic [0x0000758147b37590] ()
[0.643s][debug][gc,nmethod   ] Register NMethod: java.lang.invoke.MethodHandle.linkToSpecial [0x0000758147b37b10] ()
[0.644s][debug][gc,nmethod   ] Register NMethod: jdk.internal.org.objectweb.asm.SymbolTable.addType [0x0000758140227490] (c1)
[0.644s][debug][gc,nmethod   ] Register NMethod: java.lang.invoke.LambdaForm$NamedFunction.returnType [0x0000758140227f90] (c1)
[0.645s][debug][gc,nmethod   ] Register NMethod: java.lang.invoke.InvokerBytecodeGenerator.emitImplicitConversion [0x0000758140228a90] (c1)
[0.645s][debug][gc,nmethod   ] Register NMethod: java.lang.invoke.BoundMethodHandle.<init> [0x000075814022a190] (c1)
[0.645s][debug][gc,nmethod   ] Register NMethod: java.lang.invoke.LambdaForm$BasicType.basicTypeSlots [0x000075814022a590] (c1)
[0.645s][debug][gc,nmethod   ] Register NMethod: java.lang.invoke.MethodHandleNatives.refKindHasReceiver [0x000075814022a990] (c1)
[0.645s][debug][gc,nmethod   ] Register NMethod: java.lang.invoke.MethodHandle.linkToStatic [0x0000758147b37e10] ()
[0.646s][debug][gc,nmethod   ] Register NMethod: java.lang.invoke.MethodHandle.invokeBasic [0x0000758147b38110] ()
[0.646s][debug][gc,nmethod   ] Register NMethod: java.lang.invoke.MethodHandle.linkToSpecial [0x0000758147b38690] ()
[0.646s][debug][gc,nmethod   ] Register NMethod: java.util.HashMap.getOrDefault [0x0000758147b38990] (c2)
[0.646s][debug][gc,nmethod   ] Register NMethod: java.lang.invoke.DirectMethodHandle.make [0x000075814022ad10] (c1)
[0.646s][debug][gc,nmethod   ] Register NMethod: java.lang.invoke.MemberName.isField [0x000075814022cc10] (c1)
[0.647s][debug][gc,nmethod   ] Register NMethod: java.lang.invoke.MethodHandle.invokeBasic [0x0000758147b39710] ()
[0.647s][debug][gc,nmethod   ] Register NMethod: jdk.internal.org.objectweb.asm.Frame.getLocal [0x000075814022d010] (c1)
[0.647s][debug][gc,nmethod   ] Register NMethod: java.lang.invoke.InvokerBytecodeGenerator.emitLoadInsn [0x000075814022d510] (c1)
[0.647s][debug][gc,nmethod   ] Register NMethod: jdk.internal.org.objectweb.asm.ByteVector.put11 [0x000075814022db10] (c1)
[0.648s][debug][gc,nmethod   ] Register NMethod: jdk.internal.org.objectweb.asm.Frame.pop [0x000075814022e090] (c1)
[0.648s][debug][gc,nmethod   ] Register NMethod: java.lang.invoke.LambdaForm$Name.useCount [0x000075814022e510] (c1)
[0.648s][debug][gc,nmethod   ] Register NMethod: jdk.internal.org.objectweb.asm.Frame.pop [0x000075814022ea90] (c1)
[0.649s][debug][gc,nmethod   ] Register NMethod: java.lang.invoke.MethodHandle.linkToStatic [0x0000758147b39c90] ()
[0.649s][debug][gc,nmethod   ] Register NMethod: java.lang.invoke.MethodHandle.invokeBasic [0x0000758147b39f90] ()
[0.649s][debug][gc,nmethod   ] Register NMethod: java.lang.invoke.MethodHandles$Lookup.resolveOrFail [0x000075814022ee10] (c1)
[0.649s][debug][gc,nmethod   ] Register NMethod: java.lang.invoke.MethodHandles$Lookup.checkMethodName [0x000075814022fa10] (c1)
[0.649s][debug][gc,nmethod   ] Register NMethod: java.lang.invoke.MethodHandle.linkToStatic [0x0000758147b3a510] ()
[0.650s][debug][gc,nmethod   ] Register NMethod: java.lang.invoke.MethodHandle.invokeBasic [0x0000758147b3a810] ()
[0.650s][debug][gc,nmethod   ] Register NMethod: sun.invoke.util.Wrapper.isSubwordOrInt [0x0000758140230610] (c1)
[0.650s][debug][gc,nmethod   ] Register NMethod: java.util.HashMap.put [0x0000758147b3ad90] (c2)
[0.650s][debug][gc,nmethod   ] Register NMethod: sun.invoke.util.Wrapper.isIntegral [0x0000758140230c90] (c1)
[0.650s][debug][gc,nmethod   ] Register NMethod: sun.invoke.util.Wrapper.isNumeric [0x0000758140231110] (c1)
[0.650s][debug][gc,nmethod   ] Register NMethod: java.util.Arrays.copyOf [0x0000758140231490] (c1)
[0.651s][debug][gc,nmethod   ] Register NMethod: java.lang.invoke.MethodHandle.linkToStatic [0x0000758147b3c590] ()
[0.651s][debug][gc,nmethod   ] Register NMethod: jdk.internal.org.objectweb.asm.Type.getTypeInternal [0x0000758140231f90] (c1)
[0.652s][debug][gc,nmethod   ] Register NMethod: java.lang.invoke.MethodHandle.linkToStatic [0x0000758147b3c890] ()
[0.652s][debug][gc,nmethod   ] Register NMethod: jdk.internal.util.ReferencedKeyMap.removeStaleReferences [0x0000758147b3cb90] (c2)
[0.652s][debug][gc,nmethod   ] Register NMethod: jdk.internal.org.objectweb.asm.Frame.pop [0x0000758140233b90] (c1)
[0.652s][debug][gc,nmethod   ] Register NMethod: java.lang.invoke.MethodHandle.linkToStatic [0x0000758147b3cf90] ()
[0.653s][debug][gc,nmethod   ] Register NMethod: jdk.internal.org.objectweb.asm.Frame.push [0x0000758140234910] (c1)
[0.653s][debug][gc,nmethod   ] Register NMethod: jdk.internal.misc.VM.isSystemDomainLoader [0x0000758140235690] (c1)
[0.653s][debug][gc,nmethod   ] Register NMethod: java.lang.invoke.MethodHandle.linkToStatic [0x0000758147b3d290] ()
[0.654s][debug][gc,nmethod   ] Register NMethod: java.lang.invoke.InvokerBytecodeGenerator.getInternalName [0x0000758140235d10] (c1)
[0.654s][debug][gc,nmethod   ] Register NMethod: java.lang.invoke.MethodHandle.linkToStatic [0x0000758147b3d590] ()
[0.654s][debug][gc,nmethod   ] Register NMethod: java.lang.ref.Reference.<init> [0x0000758140236610] (c1)
[0.654s][debug][gc,nmethod   ] Register NMethod: java.lang.invoke.MethodHandle.linkToStatic [0x0000758147b3d890] ()
[0.655s][debug][gc,nmethod   ] Register NMethod: jdk.internal.org.objectweb.asm.ByteVector.putByte [0x0000758147b3db90] (c2)
[0.655s][debug][gc,nmethod   ] Register NMethod: java.lang.invoke.InvokerBytecodeGenerator.emitPushArgument [0x0000758140236b10] (c1)
[0.655s][debug][gc,nmethod   ] Register NMethod: java.lang.invoke.MethodHandle.linkToStatic [0x0000758147b3e090] ()
[0.655s][debug][gc,nmethod   ] Register NMethod: java.lang.invoke.MethodHandle.linkToStatic [0x0000758147b3e390] ()
[0.655s][debug][gc,nmethod   ] Register NMethod: java.lang.invoke.InvokerBytecodeGenerator.loadInsnOpcode [0x0000758140238110] (c1)
[0.656s][debug][gc,nmethod   ] Register NMethod: java.lang.ref.NativeReferenceQueue.poll [0x0000758147b3e690] (c2)
[0.656s][debug][gc,nmethod   ] Register NMethod: java.lang.invoke.MethodHandles$Lookup.findBoundCallerLookup [0x0000758140239010] (c1)
[0.656s][debug][gc,nmethod   ] Register NMethod: jdk.internal.org.objectweb.asm.MethodWriter.visitTypeInsn [0x0000758140239a90] (c1)
[0.656s][debug][gc,nmethod   ] Register NMethod: java.lang.invoke.MethodHandle.invokeBasic [0x0000758147b3e990] ()
[0.656s][debug][gc,nmethod   ] Register NMethod: java.lang.invoke.MethodHandle.linkToSpecial [0x0000758147b3ef10] ()
[0.657s][debug][gc,nmethod   ] Register NMethod: sun.invoke.util.BytecodeDescriptor.unparseMethod [0x000075814023a490] (c1)
[0.657s][debug][gc,nmethod   ] Register NMethod: jdk.internal.org.objectweb.asm.ClassWriter.<init> [0x000075814023b010] (c1)
[0.657s][debug][gc,nmethod   ] Register NMethod: java.lang.reflect.Array.newArray [0x0000758147b3f210] ()
[0.658s][debug][gc,nmethod   ] Register NMethod: java.util.ArrayList.grow [0x000075814023b390] (c1)
[0.658s][debug][gc,nmethod   ] Register NMethod: jdk.internal.org.objectweb.asm.SymbolTable$Entry.<init> [0x0000758147b3f990] (c2)
[0.658s][debug][gc,nmethod   ] Register NMethod: jdk.internal.org.objectweb.asm.ClassWriter.<init> [0x000075814023be90] (c1)
[0.658s][debug][gc,nmethod   ] Register NMethod: jdk.internal.org.objectweb.asm.SymbolTable.addTypeInternal [0x000075814023c690] (c1)
[0.659s][debug][gc,nmethod   ] Register NMethod: com.sun.tools.javac.util.ArrayUtils.ensureCapacity [0x0000758147b3fd90] (c2)
[0.659s][debug][gc,nmethod   ] Register NMethod: java.lang.Integer.valueOf [0x000075814023d110] (c1)
[0.660s][debug][gc,nmethod   ] Register NMethod: com.sun.tools.javac.code.Types$UnaryVisitor.visit [0x000075814023d790] (c1)
[0.661s][debug][gc,nmethod   ] Register NMethod: java.util.stream.Collectors$CollectorImpl.finisher [0x0000758147b40090] (c1)
[0.662s][debug][gc,nmethod   ] Register NMethod: sun.nio.fs.UnixUriUtils.match [0x000075814023dc10] (c1)
[0.663s][debug][gc,nmethod   ] Register NMethod: java.lang.invoke.MethodHandle.invokeBasic [0x0000758147b40390] ()
[0.663s][debug][gc,nmethod   ] Register NMethod: jdk.internal.org.objectweb.asm.Type.getDescriptor [0x000075814023e110] (c1)
[0.663s][debug][gc,nmethod   ] Register NMethod: java.lang.invoke.LambdaForm$Name.isParam [0x000075814023ee10] (c1)
[0.663s][debug][gc,nmethod   ] Register NMethod: jdk.internal.org.objectweb.asm.MethodWriter.visitAbstractType [0x000075814023f210] (c1)
[0.664s][debug][gc,nmethod   ] Register NMethod: java.lang.String.substring [0x000075814023f610] (c1)
[0.664s][debug][gc,nmethod   ] Register NMethod: java.lang.invoke.DirectMethodHandle.internalMemberName [0x0000758140240090] (c1)
[0.664s][debug][gc,nmethod   ] Register NMethod: java.lang.StringConcatHelper.checkOverflow [0x0000758140240510] (c1)
[0.664s][debug][gc,nmethod   ] Register NMethod: java.lang.invoke.Invokers$Holder.linkToTargetMethod [0x0000758140240990] (c1)
[0.664s][debug][gc,nmethod   ] Register NMethod: java.lang.invoke.LambdaForm$MH/0x00007580d0032c00.invoke [0x0000758140240f10] (c1)
[0.665s][debug][gc,nmethod   ] Register NMethod: java.lang.invoke.LambdaForm$MH/0x00007580d0032800.invoke [0x0000758140241e10] (c1)
[0.665s][debug][gc,nmethod   ] Register NMethod: java.lang.invoke.DirectMethodHandle$Holder.invokeStatic [0x0000758140242510] (c1)
[0.665s][debug][gc,nmethod   ] Register NMethod: java.lang.String.<init> [0x0000758140242c90] (c1)
[0.665s][debug][gc,nmethod   ] Register NMethod: java.lang.StringConcatHelper.prepend [0x0000758140243110] (c1)
[0.665s][debug][gc,nmethod   ] Register NMethod: java.lang.StringConcatHelper.prepend [0x0000758140243690] (c1)
[0.665s][debug][gc,nmethod   ] Register NMethod: java.lang.invoke.LambdaForm$MH/0x00007580d0031c00.invoke [0x0000758140243b10] (c1)
[0.666s][debug][gc,nmethod   ] Register NMethod: java.lang.invoke.DirectMethodHandle$Holder.invokeStatic [0x0000758140244310] (c1)
[0.666s][debug][gc,nmethod   ] Register NMethod: java.lang.StringConcatHelper.mix [0x0000758140244990] (c1)
[0.666s][debug][gc,nmethod   ] Register NMethod: java.lang.invoke.DirectMethodHandle$Holder.invokeStatic [0x0000758140244f10] (c1)
[0.666s][debug][gc,nmethod   ] Register NMethod: java.lang.invoke.DirectMethodHandle$Holder.invokeStatic [0x0000758140245610] (c1)
[0.666s][debug][gc,nmethod   ] Register NMethod: java.lang.invoke.DirectMethodHandle.internalMemberName [0x0000758147b40910] (c2)
[0.667s][debug][gc,nmethod   ] Register NMethod: java.lang.StringConcatHelper.newArray [0x0000758147b40c90] (c2)
[0.667s][debug][gc,nmethod   ] Register NMethod: jdk.internal.misc.Unsafe.allocateUninitializedArray0 [0x0000758147b41090] (c2)
[0.668s][debug][gc,nmethod   ] Register NMethod: jdk.internal.misc.Unsafe.allocateUninitializedArray [0x0000758147b41510] (c2)
[0.669s][debug][gc,nmethod   ] Register NMethod: java.lang.Integer.stringSize [0x0000758147b41a10] (c2)
[0.671s][debug][gc,nmethod   ] Register NMethod: java.lang.StringConcatHelper.prepend [0x0000758147b41d10] (c2)
[0.672s][debug][gc,nmethod   ] Register NMethod: java.lang.StringConcatHelper.newString [0x0000758147b42290] (c2)
[0.672s][debug][gc,nmethod   ] Register NMethod: java.lang.invoke.Invokers$Holder.linkToTargetMethod [0x0000758147b42610] (c2)
[0.673s][debug][gc,nmethod   ] Register NMethod: java.lang.Integer.getChars [0x0000758147b42990] (c2)
[0.674s][debug][gc,nmethod   ] Register NMethod: java.lang.invoke.LambdaForm$MH/0x00007580d0032800.invoke [0x0000758147b43090] (c2)
[0.675s][debug][gc,nmethod   ] Register NMethod: java.lang.invoke.DirectMethodHandle$Holder.invokeStatic [0x0000758147b43510] (c2)
[0.676s][debug][gc,nmethod   ] Register NMethod: java.lang.invoke.LambdaForm$MH/0x00007580d0032c00.invoke [0x0000758147b43910] (c2)
[0.676s][debug][gc,nmethod   ] Register NMethod: java.lang.StringConcatHelper.mix [0x0000758147b44210] (c2)
[0.677s][debug][gc,nmethod   ] Register NMethod: java.lang.invoke.DirectMethodHandle$Holder.invokeStatic [0x0000758147b44590] (c2)
[0.677s][debug][gc,nmethod   ] Register NMethod: java.lang.invoke.LambdaForm$MH/0x00007580d0031c00.invoke [0x0000758147b44990] (c2)
[0.678s][debug][gc,nmethod   ] Register NMethod: java.lang.invoke.DirectMethodHandle$Holder.invokeStatic [0x0000758147b44e90] (c2)
[0.678s][debug][gc,nmethod   ] Register NMethod: jdk.internal.org.objectweb.asm.SymbolTable.addConstantUtf8 [0x0000758147b45290] (c2)
[0.679s][debug][gc,nmethod   ] Register NMethod: java.lang.invoke.DirectMethodHandle$Holder.invokeStatic [0x0000758147b46d90] (c2)
[0.680s][debug][gc,nmethod   ] Register NMethod: java.lang.String.<init> [0x0000758147b47190] (c2)
[0.682s][debug][gc,nmethod   ] Register NMethod: java.lang.StringConcatHelper.prepend [0x0000758147b47510] (c2)
[0.683s][debug][gc,nmethod   ] Register NMethod: com.alpour.learning.garbege_collectors.ShenandoahGCExample.main [0x0000758140245d90] (c1)
[0.684s][debug][gc,nmethod   ] Register NMethod: com.alpour.learning.garbege_collectors.ShenandoahGCExample.main [0x0000758140247b90] (c1)
[0.684s][debug][gc,nmethod   ] Register NMethod: jdk.internal.misc.Unsafe.allocateUninitializedArray [0x0000758147b48090] (c2)
[0.701s][debug][gc,nmethod   ] Register NMethod: com.alpour.learning.garbege_collectors.ShenandoahGCExample.main [0x0000758147b48510] (c2)
[2.406s][info ][gc           ] Trigger: Learning 1 of 5. Free (5586M) is below initial threshold (5587M)
[2.406s][info ][gc,ergo      ] Free: 5586M, Max: 2048K regular, 5586M humongous, Frag: 0% external, 0% internal; Reserve: 400M, Max: 2048K
[2.406s][info ][gc,start     ] GC(0) Concurrent reset
[2.406s][info ][gc,task      ] GC(0) Using 2 of 4 workers for concurrent reset
[2.406s][info ][gc,ergo      ] GC(0) Pacer for Reset. Non-Taxable: 7982M
[2.407s][info ][gc           ] GC(0) Concurrent reset 0.699ms
[2.407s][info ][gc,start     ] GC(0) Pause Init Mark (unload classes)
[2.407s][info ][gc,task      ] GC(0) Using 4 of 4 workers for init marking
[2.407s][info ][gc,ergo      ] GC(0) Pacer for Mark. Expected Live: 798M, Free: 5586M, Non-Taxable: 558M, Alloc Tax Rate: 0.2x
[2.407s][info ][gc           ] GC(0) Pause Init Mark (unload classes) 0.444ms
[2.407s][info ][gc,start     ] GC(0) Concurrent marking roots
[2.407s][info ][gc,task      ] GC(0) Using 2 of 4 workers for concurrent marking roots
[2.407s][debug][gc,tlab      ] GC(0) TLAB totals: thrds: 1  refills: 993 max: 993 slow allocs: 12 max 12 waste:  0.1% gc: 659408B max: 659408B slow: 982736B max: 982736B
[2.408s][info ][gc           ] GC(0) Concurrent marking roots 0.557ms
[2.408s][info ][gc,start     ] GC(0) Concurrent marking (unload classes)
[2.408s][info ][gc,task      ] GC(0) Using 2 of 4 workers for concurrent marking
[2.418s][info ][gc           ] GC(0) Concurrent marking (unload classes) 10.185ms
[2.418s][info ][gc,start     ] GC(0) Pause Final Mark (unload classes)
[2.418s][info ][gc,task      ] GC(0) Using 4 of 4 workers for final marking
[2.419s][info ][gc,ergo      ] GC(0) Collectable Garbage: 1966M (98%), Immediate: 1966M (98%), CSet: 0B (0%)
[2.419s][info ][gc           ] GC(0) Pause Final Mark (unload classes) 0.546ms
[2.419s][info ][gc,start     ] GC(0) Concurrent weak references
[2.419s][info ][gc,task      ] GC(0) Using 2 of 4 workers for concurrent weak references
[2.419s][info ][gc,ref       ] GC(0) Encountered references: Soft: 207, Weak: 1097, Final: 0, Phantom: 200
[2.419s][info ][gc,ref       ] GC(0) Discovered  references: Soft: 0, Weak: 850, Final: 0, Phantom: 200
[2.419s][info ][gc,ref       ] GC(0) Enqueued    references: Soft: 0, Weak: 297, Final: 0, Phantom: 197
[2.419s][info ][gc           ] GC(0) Concurrent weak references 0.231ms
[2.419s][info ][gc,start     ] GC(0) Concurrent weak roots
[2.419s][info ][gc,task      ] GC(0) Using 2 of 4 workers for concurrent weak root
[2.419s][debug][gc,nmethod   ] Register NMethod: java.lang.Object.notifyAll [0x0000758147b49910] ()
[2.420s][info ][gc           ] GC(0) Concurrent weak roots 0.512ms
[2.420s][info ][gc,start     ] GC(0) Concurrent cleanup
[2.420s][debug][gc,nmethod   ] Register NMethod: java.lang.ref.Reference.enqueueFromPending [0x0000758140249890] (c1)
[2.420s][info ][gc           ] GC(0) Concurrent cleanup 2008M->46M(2008M) 0.340ms
[2.420s][info ][gc,ergo      ] GC(0) Free: 7536M, Max: 2048K regular, 5574M humongous, Frag: 27% external, 0% internal; Reserve: 400M, Max: 2048K
[2.420s][info ][gc,start     ] GC(0) Concurrent class unloading
[2.420s][info ][gc,task      ] GC(0) Using 2 of 4 workers for concurrent class unloading
[2.420s][debug][gc,phases,start] GC(0) ClassLoaderData
[2.420s][debug][gc,phases      ] GC(0) ClassLoaderData 0.010ms
[2.420s][debug][gc,phases,start] GC(0) Trigger cleanups
[2.420s][debug][gc,phases      ] GC(0) Trigger cleanups 0.005ms
[2.420s][debug][gc,nmethod     ] Register NMethod: java.lang.ref.NativeReferenceQueue.enqueue [0x0000758140249d90] (c1)
[2.420s][debug][gc,nmethod     ] Register NMethod: java.util.concurrent.locks.AbstractQueuedSynchronizer.getState [0x0000758147b49c90] (c1)
[2.420s][debug][gc,nmethod     ] Register NMethod: jdk.internal.misc.Unsafe.putReference [0x0000758147b49f90] ()
[2.420s][debug][gc,nmethod     ] Register NMethod: java.util.concurrent.locks.AbstractOwnableSynchronizer.setExclusiveOwnerThread [0x0000758147b4a390] (c1)
[2.420s][debug][gc,nmethod     ] Register NMethod: java.util.concurrent.locks.AbstractOwnableSynchronizer.getExclusiveOwnerThread [0x0000758147b4a690] (c1)
[2.420s][debug][gc,nmethod     ] Register NMethod: java.util.concurrent.locks.AbstractQueuedSynchronizer.setState [0x0000758147b4a990] (c1)
[2.421s][debug][gc,nmethod     ] Register NMethod: java.lang.ref.Reference.clear0 [0x0000758147b4ac90] ()
[2.421s][debug][gc,nmethod     ] Register NMethod: java.lang.invoke.MethodHandleNatives.clearCallSiteContext [0x0000758147b4b010] ()
[2.421s][debug][gc,nmethod     ] Register NMethod: java.util.concurrent.locks.AbstractQueuedSynchronizer.compareAndSetState [0x000075814024a310] (c1)
[2.421s][debug][gc,nmethod     ] GC(0) Unregister NMethod: java.lang.Object.<init> [0x0000758140000010]
[2.421s][debug][gc,nmethod     ] GC(0) Unregister NMethod: java.lang.String.hashCode [0x0000758140000310]
[2.421s][debug][gc,nmethod     ] GC(0) Unregister NMethod: jdk.internal.util.ArraysSupport.signedHashCode [0x0000758140000990]
[2.421s][debug][gc,nmethod     ] GC(0) Unregister NMethod: java.lang.String.isLatin1 [0x0000758140001c90]
[2.421s][debug][gc,nmethod     ] GC(0) Unregister NMethod: jdk.internal.util.ArraysSupport.vectorizedHashCode [0x0000758140002010]
[2.421s][debug][gc,nmethod     ] GC(0) Unregister NMethod: java.lang.StringLatin1.hashCode [0x0000758140003c10]
[2.421s][debug][gc,nmethod     ] GC(0) Unregister NMethod: java.lang.String.equals [0x0000758140004090]
[2.421s][debug][gc,nmethod     ] GC(0) Unregister NMethod: java.util.Objects.requireNonNull [0x0000758140005910]
[2.421s][debug][gc,nmethod     ] GC(0) Unregister NMethod: java.lang.String.coder [0x0000758140006110]
[2.421s][debug][gc,nmethod     ] GC(0) Unregister NMethod: java.lang.String.length [0x0000758140006990]
[2.421s][debug][gc,nmethod     ] GC(0) Unregister NMethod: java.lang.String.charAt [0x0000758140006e10]
[2.421s][debug][gc,nmethod     ] GC(0) Unregister NMethod: java.util.ImmutableCollections$SetN$SetNIterator.hasNext [0x0000758140007a10]
[2.421s][debug][gc,nmethod     ] GC(0) Unregister NMethod: java.util.concurrent.ConcurrentHashMap.tabAt [0x0000758140007d90]
[2.421s][debug][gc,nmethod     ] GC(0) Unregister NMethod: java.util.ImmutableCollections$SetN$SetNIterator.next [0x0000758140008390]
[2.421s][debug][gc,nmethod     ] GC(0) Unregister NMethod: java.lang.Object.<init> [0x0000758147acad90]
[2.421s][debug][gc,nmethod     ] GC(0) Unregister NMethod: java.lang.String.isEmpty [0x000075814000cb10]
[2.421s][debug][gc,nmethod     ] GC(0) Unregister NMethod: jdk.internal.util.ReferencedKeyMap.removeStaleReferences [0x000075814000d290]
[2.421s][debug][gc,nmethod     ] GC(0) Unregister NMethod: java.util.concurrent.ConcurrentHashMap.get [0x000075814000e190]
[2.421s][debug][gc,nmethod     ] GC(0) Unregister NMethod: java.lang.ref.NativeReferenceQueue.poll [0x0000758140010c90]
[2.421s][debug][gc,nmethod     ] GC(0) Unregister NMethod: java.lang.Math.max [0x0000758140013f90]
[2.421s][debug][gc,nmethod     ] GC(0) Unregister NMethod: java.util.HashMap.hash [0x0000758140014c10]
[2.421s][debug][gc,nmethod     ] GC(0) Unregister NMethod: java.util.HashMap.newNode [0x0000758140015090]
[2.421s][debug][gc,nmethod     ] GC(0) Unregister NMethod: java.util.HashMap.put [0x0000758140015610]
[2.421s][debug][gc,nmethod     ] GC(0) Unregister NMethod: java.util.HashMap.getNode [0x0000758140015c10]
[2.421s][debug][gc,nmethod     ] GC(0) Unregister NMethod: java.util.HashMap.putVal [0x0000758140016e90]
[2.421s][debug][gc,nmethod     ] GC(0) Unregister NMethod: java.util.HashMap.get [0x0000758140019310]
[2.421s][debug][gc,nmethod     ] GC(0) Unregister NMethod: java.util.HashMap$Node.<init> [0x0000758140019790]
[2.421s][debug][gc,nmethod     ] GC(0) Unregister NMethod: java.util.HashMap.afterNodeInsertion [0x0000758140019c10]
[2.421s][debug][gc,nmethod     ] GC(0) Unregister NMethod: java.lang.Object.equals [0x000075814001bc90]
[2.421s][debug][gc,nmethod     ] GC(0) Unregister NMethod: java.util.HashMap.resize [0x000075814001d590]
[2.421s][debug][gc,nmethod     ] GC(0) Unregister NMethod: java.util.concurrent.ConcurrentHashMap.casTabAt [0x0000758140020910]
[2.421s][debug][gc,nmethod     ] Register NMethod: java.util.concurrent.locks.AbstractQueuedSynchronizer.release [0x000075814024a690] (c1)
[2.421s][debug][gc,nmethod     ] GC(0) Unregister NMethod: java.lang.StringLatin1.indexOfChar [0x0000758140022f90]
[2.421s][debug][gc,nmethod     ] GC(0) Unregister NMethod: java.lang.AbstractStringBuilder.ensureCapacityInternal [0x0000758140023490]
[2.421s][debug][gc,nmethod     ] GC(0) Unregister NMethod: java.lang.ref.Reference.reachabilityFence [0x0000758140023d90]
[2.421s][debug][gc,nmethod     ] GC(0) Unregister NMethod: java.nio.Buffer.session [0x0000758140024c10]
[2.421s][debug][gc,nmethod     ] GC(0) Unregister NMethod: java.nio.Buffer.checkIndex [0x0000758140026490]
[2.421s][debug][gc,nmethod     ] GC(0) Unregister NMethod: java.nio.DirectByteBuffer.get [0x0000758140026810]
[2.421s][debug][gc,nmethod     ] GC(0) Unregister NMethod: java.nio.DirectByteBuffer.ix [0x0000758140027890]
[2.421s][debug][gc,nmethod     ] GC(0) Unregister NMethod: jdk.internal.misc.ScopedMemoryAccess.getByteInternal [0x0000758140027b90]
[2.421s][debug][gc,nmethod     ] GC(0) Unregister NMethod: java.lang.StringBuilder.append [0x0000758140028510]
[2.421s][debug][gc,nmethod     ] GC(0) Unregister NMethod: java.lang.StringLatin1.lastIndexOf [0x0000758140028890]
[2.421s][debug][gc,nmethod     ] GC(0) Unregister NMethod: java.lang.String.indexOf [0x0000758140029310]
[2.421s][debug][gc,nmethod     ] GC(0) Unregister NMethod: java.lang.StringLatin1.indexOf [0x0000758140029c10]
[2.421s][debug][gc,nmethod     ] GC(0) Unregister NMethod: java.lang.StringBuilder.append [0x000075814002a890]
[2.421s][debug][gc,nmethod     ] GC(0) Unregister NMethod: java.lang.AbstractStringBuilder.append [0x000075814002ac10]
[2.421s][debug][gc,nmethod     ] GC(0) Unregister NMethod: java.lang.String.getBytes [0x000075814002b510]
[2.421s][debug][gc,nmethod     ] GC(0) Unregister NMethod: java.lang.AbstractStringBuilder.append [0x000075814002bb90]
[2.421s][debug][gc,nmethod     ] GC(0) Unregister NMethod: java.util.HashMap.putVal [0x0000758147ad8a90]
[2.422s][debug][gc,nmethod     ] GC(0) Unregister NMethod: java.lang.String.substring [0x000075814002ce10]
[2.422s][debug][gc,nmethod     ] GC(0) Unregister NMethod: java.lang.StringLatin1.newString [0x000075814002e190]
[2.422s][debug][gc,nmethod     ] GC(0) Unregister NMethod: java.lang.invoke.MethodType.parameterCount [0x000075814002f690]
[2.422s][debug][gc,nmethod     ] GC(0) Unregister NMethod: jdk.internal.jimage.ImageStringsReader.unmaskedHashCode [0x000075814002fa10]
[2.422s][debug][gc,nmethod     ] GC(0) Unregister NMethod: jdk.internal.jimage.ImageStringsReader.stringFromByteBufferMatches [0x0000758140030b10]
[2.422s][debug][gc,nmethod     ] GC(0) Unregister NMethod: jdk.internal.misc.Unsafe.putReferenceRelease [0x0000758140032290]
[2.422s][debug][gc,nmethod     ] GC(0) Unregister NMethod: java.util.concurrent.ConcurrentHashMap.setTabAt [0x0000758140032610]
[2.422s][debug][gc,nmethod     ] GC(0) Unregister NMethod: java.lang.StringBuilder.toString [0x0000758140035490]
[2.422s][debug][gc,nmethod     ] GC(0) Unregister NMethod: java.lang.StringLatin1.replace [0x0000758140035990]
[2.422s][debug][gc,nmethod     ] GC(0) Unregister NMethod: jdk.internal.jimage.ImageLocation.readValue [0x0000758140036f10]
[2.422s][debug][gc,nmethod     ] GC(0) Unregister NMethod: jdk.internal.misc.Unsafe.allocateUninitializedArray0 [0x0000758140037b10]
[2.422s][debug][gc,nmethod     ] GC(0) Unregister NMethod: jdk.internal.jimage.ImageLocation.getAttribute [0x0000758140039510]
[2.422s][debug][gc,nmethod     ] GC(0) Unregister NMethod: java.lang.String.toString [0x000075814003c790]
[2.422s][debug][gc,nmethod     ] GC(0) Unregister NMethod: java.util.regex.Pattern$BmpCharPropertyGreedy.match [0x000075814003ca90]
[2.422s][debug][gc,nmethod     ] GC(0) Unregister NMethod: java.lang.invoke.MethodType.parameterType [0x0000758140040990]
[2.422s][debug][gc,nmethod     ] GC(0) Unregister NMethod: java.lang.AbstractStringBuilder.<init> [0x0000758140040d90]
[2.422s][debug][gc,nmethod     ] GC(0) Unregister NMethod: java.lang.String.<init> [0x0000758140041290]
[2.422s][debug][gc,nmethod     ] GC(0) Unregister NMethod: java.lang.StringBuilder.<init> [0x0000758140045290]
[2.422s][debug][gc,nmethod     ] GC(0) Unregister NMethod: jdk.internal.misc.Unsafe.allocateUninitializedArray [0x0000758140045990]
[2.422s][debug][gc,nmethod     ] GC(0) Unregister NMethod: java.lang.AbstractStringBuilder.newCapacity [0x0000758140046190]
[2.422s][debug][gc,nmethod     ] GC(0) Unregister NMethod: jdk.internal.org.objectweb.asm.ByteVector.putShort [0x0000758140046910]
[2.422s][debug][gc,nmethod     ] GC(0) Unregister NMethod: jdk.internal.org.objectweb.asm.SymbolTable.hash [0x0000758140046e90]
[2.422s][debug][gc,nmethod     ] GC(0) Unregister NMethod: java.lang.StringConcatHelper.prepend [0x0000758140048090]
[2.422s][debug][gc,nmethod     ] GC(0) Unregister NMethod: java.util.HashMap.put [0x0000758147b0f990]
[2.422s][debug][gc,nmethod     ] GC(0) Unregister NMethod: jdk.internal.jrtfs.JrtPath.normalize [0x0000758140144410]
[2.422s][debug][gc,nmethod     ] GC(0) Unregister NMethod: java.lang.CharacterData.of [0x0000758140157290]
[2.422s][debug][gc,nmethod     ] GC(0) Unregister NMethod: java.lang.CharacterDataLatin1.getProperties [0x0000758140158210]
[2.422s][debug][gc,nmethod     ] GC(0) Unregister NMethod: java.lang.CharacterDataLatin1.isJavaIdentifierPart [0x000075814015aa10]
[2.422s][debug][gc,nmethod     ] GC(0) Unregister NMethod: java.util.regex.Pattern.skip [0x000075814015ae90]
[2.422s][debug][gc,nmethod     ] GC(0) Unregister NMethod: java.lang.StringLatin1.lastIndexOf [0x000075814015b290]
[2.422s][debug][gc,nmethod     ] GC(0) Unregister NMethod: java.util.regex.Matcher.match [0x000075814015d290]
[2.422s][debug][gc,nmethod     ] GC(0) Unregister NMethod: java.util.HashMap.putVal [0x0000758147b15110]
[2.422s][debug][gc,nmethod     ] GC(0) Unregister NMethod: java.lang.String.<init> [0x0000758147b19210]
[2.422s][debug][gc,nmethod     ] GC(0) Unregister NMethod: java.lang.String.substring [0x0000758147b1e810]
[2.422s][debug][gc,nmethod     ] GC(0) Unregister NMethod: java.lang.Integer.stringSize [0x00007581401aaa10]
[2.422s][debug][gc,nmethod     ] GC(0) Unregister NMethod: com.sun.tools.javac.util.ArrayUtils.ensureCapacity [0x0000758147b3fd90]
[2.422s][debug][gc,nmethod     ] GC(0) Unregister NMethod: java.lang.invoke.DirectMethodHandle.internalMemberName [0x0000758140240090]
[2.422s][debug][gc,nmethod     ] GC(0) Unregister NMethod: java.lang.invoke.Invokers$Holder.linkToTargetMethod [0x0000758140240990]
[2.422s][debug][gc,nmethod     ] GC(0) Unregister NMethod: java.lang.invoke.LambdaForm$MH/0x00007580d0032c00.invoke [0x0000758140240f10]
[2.422s][debug][gc,nmethod     ] GC(0) Unregister NMethod: java.lang.invoke.LambdaForm$MH/0x00007580d0032800.invoke [0x0000758140241e10]
[2.422s][debug][gc,nmethod     ] GC(0) Unregister NMethod: java.lang.invoke.DirectMethodHandle$Holder.invokeStatic [0x0000758140242510]
[2.422s][debug][gc,nmethod     ] GC(0) Unregister NMethod: java.lang.String.<init> [0x0000758140242c90]
[2.422s][debug][gc,nmethod     ] GC(0) Unregister NMethod: java.lang.StringConcatHelper.prepend [0x0000758140243110]
[2.422s][debug][gc,nmethod     ] GC(0) Unregister NMethod: java.lang.invoke.LambdaForm$MH/0x00007580d0031c00.invoke [0x0000758140243b10]
[2.422s][debug][gc,nmethod     ] GC(0) Unregister NMethod: java.lang.invoke.DirectMethodHandle$Holder.invokeStatic [0x0000758140244310]
[2.422s][debug][gc,nmethod     ] GC(0) Unregister NMethod: java.lang.StringConcatHelper.mix [0x0000758140244990]
[2.422s][debug][gc,nmethod     ] GC(0) Unregister NMethod: java.lang.invoke.DirectMethodHandle$Holder.invokeStatic [0x0000758140244f10]
[2.422s][debug][gc,nmethod     ] GC(0) Unregister NMethod: java.lang.invoke.DirectMethodHandle$Holder.invokeStatic [0x0000758140245610]
[2.422s][debug][gc,nmethod     ] GC(0) Unregister NMethod: jdk.internal.misc.Unsafe.allocateUninitializedArray [0x0000758147b41510]
[2.422s][debug][gc,nmethod     ] GC(0) Unregister NMethod: com.alpour.learning.garbege_collectors.ShenandoahGCExample.main [0x0000758140245d90]
[2.422s][debug][gc,nmethod     ] GC(0) Unregister NMethod: java.nio.ByteOrder.nativeOrder [0x0000758140048f90]
[2.422s][debug][gc,nmethod     ] GC(0) Unregister NMethod: jdk.internal.org.objectweb.asm.ByteVector.putUTF8 [0x000075814004b590]
[2.422s][debug][gc,nmethod     ] GC(0) Unregister NMethod: jdk.internal.org.objectweb.asm.SymbolTable.addConstantUtf8 [0x000075814004cf90]
[2.422s][debug][gc,nmethod     ] GC(0) Unregister NMethod: java.lang.String.replace [0x0000758140052010]
[2.422s][debug][gc,nmethod     ] GC(0) Unregister NMethod: java.nio.DirectIntBufferU.ix [0x0000758140053790]
[2.422s][debug][gc,nmethod     ] GC(0) Unregister NMethod: java.lang.Character.charCount [0x0000758140053b10]
[2.422s][debug][gc,nmethod     ] GC(0) Unregister NMethod: java.lang.StringConcatHelper.newArray [0x0000758140053e90]
[2.422s][debug][gc,nmethod     ] GC(0) Unregister NMethod: jdk.internal.org.objectweb.asm.SymbolTable.put [0x000075814005be90]
[2.422s][debug][gc,nmethod     ] GC(0) Unregister NMethod: jdk.internal.org.objectweb.asm.Symbol.<init> [0x000075814005cd10]
[2.422s][debug][gc,nmethod     ] GC(0) Unregister NMethod: jdk.internal.org.objectweb.asm.ByteVector.putByte [0x000075814005e090]
[2.422s][debug][gc,nmethod     ] GC(0) Unregister NMethod: jdk.internal.org.objectweb.asm.SymbolTable$Entry.<init> [0x000075814005e610]
[2.422s][debug][gc,nmethod     ] GC(0) Unregister NMethod: jdk.internal.util.ArraysSupport.mismatch [0x0000758140062d10]
[2.422s][debug][gc,nmethod     ] GC(0) Unregister NMethod: java.lang.String.startsWith [0x0000758140064690]
[2.422s][debug][gc,nmethod     ] GC(0) Unregister NMethod: java.lang.invoke.MemberName.getReferenceKind [0x0000758140065810]
[2.422s][debug][gc,nmethod     ] GC(0) Unregister NMethod: java.lang.invoke.MemberName.getModifiers [0x0000758140067790]
[2.422s][debug][gc,nmethod     ] GC(0) Unregister NMethod: java.lang.StringConcatHelper.newString [0x0000758140082890]
[2.422s][debug][gc,nmethod     ] GC(0) Unregister NMethod: jdk.internal.jimage.BasicImageReader.getLocationIndex [0x0000758140084910]
[2.422s][debug][gc,nmethod     ] GC(0) Unregister NMethod: jdk.internal.jimage.ImageStringsReader.stringFromByteBufferMatches [0x0000758147af2d90]
[2.422s][debug][gc,nmethod     ] GC(0) Unregister NMethod: java.lang.StringLatin1.indexOf [0x000075814008a810]
[2.422s][debug][gc,nmethod     ] GC(0) Unregister NMethod: jdk.internal.jimage.BasicImageReader.findLocation [0x0000758140090610]
[2.422s][debug][gc,nmethod     ] GC(0) Unregister NMethod: java.lang.StringLatin1.inflate [0x0000758140097210]
[2.422s][debug][gc,nmethod     ] GC(0) Unregister NMethod: java.lang.StringLatin1.replace [0x0000758147af6f90]
[2.422s][debug][gc,nmethod     ] GC(0) Unregister NMethod: com.sun.tools.javac.util.Name$Table.hashValue [0x00007581400a3590]
[2.422s][debug][gc,nmethod     ] GC(0) Unregister NMethod: com.sun.tools.javac.util.Convert.chars2utf [0x00007581400a3a10]
[2.422s][debug][gc,nmethod     ] GC(0) Unregister NMethod: com.sun.tools.javac.util.ArrayUtils.ensureCapacity [0x00007581400c0a10]
[2.422s][debug][gc,nmethod     ] GC(0) Unregister NMethod: com.sun.tools.javac.util.Name$Table.equals [0x00007581400c1890]
[2.422s][debug][gc,nmethod     ] GC(0) Unregister NMethod: com.sun.tools.javac.util.Assert.checkNonNull [0x00007581400c1e10]
[2.422s][debug][gc,nmethod     ] GC(0) Unregister NMethod: com.sun.tools.javac.util.List.nil [0x00007581400c2790]
[2.422s][debug][gc,nmethod     ] GC(0) Unregister NMethod: java.util.Collections.emptyMap [0x00007581400c2a90]
[2.422s][debug][gc,nmethod     ] GC(0) Unregister NMethod: java.lang.StringLatin1.replace [0x00007581400d2a10]
[2.422s][debug][gc,nmethod     ] GC(0) Unregister NMethod: java.lang.StringCoding.countPositives [0x00007581400d4310]
[2.422s][debug][gc,nmethod     ] GC(0) Unregister NMethod: jdk.internal.jimage.ImageStringsReader.charsFromByteBufferLength [0x00007581400d8690]
[2.422s][debug][gc,nmethod     ] GC(0) Unregister NMethod: jdk.internal.jimage.ImageStringsReader.stringFromByteBuffer [0x00007581400d9410]
[2.422s][debug][gc,nmethod     ] GC(0) Unregister NMethod: java.lang.String.<init> [0x00007581400d9e90]
[2.422s][debug][gc,nmethod     ] GC(0) Unregister NMethod: java.lang.String.<init> [0x00007581400e1410]
[2.422s][debug][gc,nmethod     ] GC(0) Unregister NMethod: jdk.internal.jimage.ImageLocation.getAttributeString [0x00007581400e1a10]
[2.422s][debug][gc,nmethod     ] GC(0) Unregister NMethod: jdk.internal.jimage.BasicImageReader.getString [0x00007581400e3010]
[2.423s][debug][gc,nmethod     ] GC(0) Unregister NMethod: java.lang.String.codePointAt [0x00007581400e4490]
[2.423s][debug][gc,nmethod     ] GC(0) Unregister NMethod: com.sun.tools.javac.util.Name.getBytes [0x00007581400e4d90]
[2.423s][debug][gc,nmethod     ] GC(0) Unregister NMethod: com.sun.tools.javac.util.SharedNameTable.fromUtf [0x00007581400e5510]
[2.423s][debug][gc,nmethod     ] GC(0) Unregister NMethod: java.util.regex.Pattern.nextEscaped [0x00007581400e8710]
[2.423s][debug][gc,nmethod     ] GC(0) Unregister NMethod: java.util.regex.Pattern.unread [0x00007581400e8b10]
[2.423s][debug][gc,nmethod     ] GC(0) Unregister NMethod: java.util.regex.Matcher.reset [0x00007581400e9710]
[2.423s][debug][gc,nmethod     ] GC(0) Unregister NMethod: java.util.regex.Pattern.next [0x00007581400ea290]
[2.423s][debug][gc,nmethod     ] GC(0) Unregister NMethod: java.util.regex.Pattern.append [0x00007581400ea810]
[2.423s][debug][gc,nmethod     ] GC(0) Unregister NMethod: java.lang.StringLatin1.indexOf [0x00007581400eb010]
[2.423s][debug][gc,nmethod     ] GC(0) Unregister NMethod: java.util.regex.Pattern$Node.study [0x00007581400eb910]
[2.423s][debug][gc,nmethod     ] GC(0) Unregister NMethod: java.util.HashMap.putVal [0x00007581400f1d90]
[2.423s][debug][gc,nmethod     ] GC(0) Unregister NMethod: com.sun.tools.javac.util.ByteBuffer.verifyRange [0x00007581400f4110]
[2.423s][debug][gc,nmethod     ] GC(0) Unregister NMethod: com.sun.tools.javac.util.ByteBuffer.getByte [0x00007581400f4f90]
[2.423s][debug][gc,nmethod     ] GC(0) Unregister NMethod: com.sun.tools.javac.util.ByteBuffer.getChar [0x00007581400fe110]
[2.423s][debug][gc,nmethod     ] GC(0) Unregister NMethod: com.sun.tools.javac.jvm.PoolReader$ImmutablePoolHelper.checkIndex [0x00007581400fe610]
[2.423s][debug][gc,nmethod     ] GC(0) Unregister NMethod: com.sun.tools.javac.util.Convert.utf2chars [0x00007581400ffe90]
[2.423s][debug][gc,nmethod     ] GC(0) Unregister NMethod: com.sun.tools.javac.jvm.ClassReader.nextChar [0x000075814010d490]
[2.423s][debug][gc,nmethod     ] GC(0) Unregister NMethod: com.sun.tools.javac.jvm.PoolReader.sizeof [0x000075814010df10]
[2.423s][debug][gc,nmethod     ] GC(0) Unregister NMethod: com.sun.tools.javac.jvm.PoolReader$ImmutablePoolHelper.readIfNeeded [0x0000758140110110]
[2.423s][debug][gc,nmethod     ] GC(0) Unregister NMethod: com.sun.tools.javac.util.Name.lastIndexOf [0x0000758140113410]
[2.423s][debug][gc,nmethod     ] GC(0) Unregister NMethod: com.sun.tools.javac.util.List.of [0x0000758140113c10]
[2.423s][debug][gc,nmethod     ] GC(0) Unregister NMethod: java.util.HashMap.getOrDefault [0x0000758140116c10]
[2.423s][debug][gc,nmethod     ] GC(0) Unregister NMethod: com.sun.tools.javac.jvm.PoolReader.sizeof [0x0000758147b09790]
[2.423s][debug][gc,nmethod     ] GC(0) Unregister NMethod: com.sun.tools.javac.util.List$2.next [0x0000758140125010]
[2.423s][debug][gc,nmethod     ] GC(0) Unregister NMethod: com.sun.tools.javac.util.List$2.hasNext [0x0000758140125610]
[2.423s][debug][gc,nmethod     ] GC(0) Unregister NMethod: com.sun.tools.javac.util.ListBuffer.toList [0x0000758140128510]
[2.423s][debug][gc,nmethod     ] GC(0) Unregister NMethod: java.lang.Integer.getChars [0x00007581401b4710]
[2.423s][debug][gc,nmethod     ] GC(0) Unregister NMethod: com.sun.tools.javac.jvm.ClassReader.classSigToType [0x00007581401c1590]
[2.423s][debug][gc,nmethod     ] GC(0) Unregister NMethod: com.sun.tools.javac.code.Type$ClassType.getTag [0x00007581401e4810]
[2.423s][debug][gc,nmethod     ] GC(0) Unregister NMethod: java.lang.Integer.bitCount [0x00007581401e8090]
[2.423s][debug][gc,nmethod     ] GC(0) Unregister NMethod: com.sun.tools.javac.code.Type$MethodType.getTag [0x00007581401ee210]
[2.423s][debug][gc,nmethod     ] GC(0) Unregister NMethod: com.sun.tools.javac.util.List.setTail [0x00007581401f0710]
[2.423s][debug][gc,nmethod     ] GC(0) Unregister NMethod: com.sun.tools.javac.jvm.Code.width [0x00007581401f5f90]
[2.423s][debug][gc,nmethod     ] Register NMethod: java.util.concurrent.locks.ReentrantLock$Sync.tryRelease [0x000075814024b190] (c1)
[2.423s][info ][gc             ] GC(0) Concurrent class unloading 3.074ms
[2.423s][info ][gc,start       ] GC(0) Pause Final Roots
[2.423s][info ][gc             ] GC(0) Pause Final Roots 0.018ms
[2.423s][debug][gc,ergo        ] GC(0) Available: 7526 MB, z-score=0.000. Average available: 7526.0 MB +/- 0.0 BB.
[2.423s][info ][gc,ergo        ] Free: 7526M, Max: 2048K regular, 5574M humongous, Frag: 26% external, 0% internal; Reserve: 400M, Max: 2048K
[2.423s][info ][gc,stats       ] 
[2.423s][info ][gc,stats       ] All times are wall-clock times, except per-root-class counters, that are sum over
[2.423s][info ][gc,stats       ] all workers. Dividing the <total> over the root stage time estimates parallelism.
[2.423s][info ][gc,stats       ] 
[2.423s][info ][gc,stats       ] Concurrent Reset                    718 us
[2.423s][info ][gc,stats       ] Pause Init Mark (G)                 705 us
[2.423s][info ][gc,stats       ] Pause Init Mark (N)                 472 us
[2.423s][info ][gc,stats       ]   Update Region States               45 us
[2.423s][info ][gc,stats       ] Concurrent Mark Roots               568 us, parallelism: 1.21x
[2.423s][info ][gc,stats       ]   CMR: <total>                      685 us
[2.423s][info ][gc,stats       ]   CMR: Thread Roots                 282 us, workers (us): 191,  92, ---, ---, 
[2.423s][info ][gc,stats       ]   CMR: VM Strong Roots              159 us, workers (us): 126,  34, ---, ---, 
[2.423s][info ][gc,stats       ]   CMR: CLDG Roots                   243 us, workers (us): ---, 243, ---, ---, 
[2.423s][info ][gc,stats       ] Concurrent Marking                10225 us
[2.423s][info ][gc,stats       ] Pause Final Mark (G)                702 us
[2.423s][info ][gc,stats       ] Pause Final Mark (N)                552 us
[2.423s][info ][gc,stats       ]   Finish Mark                       195 us
[2.423s][info ][gc,stats       ]   Update Region States              205 us
[2.423s][info ][gc,stats       ]   Choose Collection Set              53 us
[2.423s][info ][gc,stats       ]   Rebuild Free Set                   19 us
[2.423s][info ][gc,stats       ] Concurrent Weak References          236 us, parallelism: 0.68x
[2.423s][info ][gc,stats       ]   CWRF: <total>                     160 us
[2.423s][info ][gc,stats       ]   CWRF: Weak References             160 us, workers (us): 160,   0, ---, ---, 
[2.423s][info ][gc,stats       ] Concurrent Weak Roots               525 us
[2.423s][info ][gc,stats       ]   Roots                             406 us, parallelism: 1.54x
[2.423s][info ][gc,stats       ]     CWR: <total>                    624 us
[2.423s][info ][gc,stats       ]     CWR: Code Cache Roots           409 us, workers (us): 240, 170, ---, ---, 
[2.423s][info ][gc,stats       ]     CWR: VM Weak Roots              212 us, workers (us): 109, 103, ---, ---, 
[2.423s][info ][gc,stats       ]     CWR: CLDG Roots                   3 us, workers (us): ---,   3, ---, ---, 
[2.424s][info ][gc,stats       ]   Rendezvous                         97 us
[2.424s][info ][gc,stats       ] Concurrent Cleanup                  353 us
[2.424s][info ][gc,stats       ] Concurrent Class Unloading         3086 us
[2.424s][info ][gc,stats       ]   Unlink Stale                      985 us
[2.424s][info ][gc,stats       ]     System Dictionary                28 us
[2.424s][info ][gc,stats       ]     Weak Class Links                  0 us
[2.424s][info ][gc,stats       ]     Code Roots                      956 us
[2.424s][info ][gc,stats       ]   Rendezvous                         56 us
[2.424s][info ][gc,stats       ]   Purge Unlinked                   2018 us
[2.424s][info ][gc,stats       ]     Code Roots                     2011 us
[2.424s][info ][gc,stats       ]     CLDG                              6 us
[2.424s][info ][gc,stats       ]     Exception Caches                  0 us
[2.424s][info ][gc,stats       ] Pause Final Roots (G)               168 us
[2.424s][info ][gc,stats       ] Pause Final Roots (N)                24 us
[2.424s][info ][gc,stats       ] 
[2.424s][info ][gc,stats       ] Allocation pacing accrued:
[2.424s][info ][gc,stats       ]       0 of  2398 ms (  0.0%): <total>
[2.424s][info ][gc,stats       ]       0 of  2398 ms (  0.0%): <average total>
[2.424s][info ][gc,stats       ] 
[2.424s][debug][gc,nmethod     ] Register NMethod: java.util.concurrent.locks.AbstractQueuedSynchronizer.signalNext [0x00007581401b4710] (c1)
[2.424s][info ][gc,metaspace   ] Metaspace: 9623K(9856K)->9630K(9856K) NonClass: 8521K(8640K)->8527K(8640K) Class: 1102K(1216K)->1102K(1216K)
[2.424s][info ][gc,ergo        ] Pacer for Idle. Initial: 159M, Alloc Tax Rate: 1.0x
[2.424s][debug][gc,nmethod     ] Register NMethod: java.util.concurrent.locks.ReentrantLock.lock [0x0000758140024c10] (c1)
[2.424s][debug][gc,nmethod     ] Register NMethod: java.util.concurrent.locks.ReentrantLock$NonfairSync.initialTryLock [0x000075814000d290] (c1)
[2.424s][debug][gc,nmethod     ] Register NMethod: java.util.concurrent.locks.ReentrantLock.unlock [0x0000758140048090] (c1)
[2.898s][info ][gc             ] Trigger: Learning 2 of 5. Free (5586M) is below initial threshold (5587M)
[2.898s][info ][gc,ergo        ] Free: 5586M, Max: 2048K regular, 5574M humongous, Frag: 1% external, 0% internal; Reserve: 400M, Max: 2048K
[2.898s][info ][gc,start       ] GC(1) Concurrent reset
[2.898s][info ][gc,task        ] GC(1) Using 2 of 4 workers for concurrent reset
[2.898s][info ][gc,ergo        ] GC(1) Pacer for Reset. Non-Taxable: 7982M
[2.899s][info ][gc             ] GC(1) Concurrent reset 0.680ms
[2.899s][info ][gc,start       ] GC(1) Pause Init Mark (unload classes)
[2.899s][info ][gc,task        ] GC(1) Using 4 of 4 workers for init marking
[2.899s][info ][gc,ergo        ] GC(1) Pacer for Mark. Expected Live: 2668K, Free: 5584M, Non-Taxable: 558M, Alloc Tax Rate: 0.0x
[2.899s][info ][gc             ] GC(1) Pause Init Mark (unload classes) 0.123ms
[2.899s][info ][gc,start       ] GC(1) Concurrent marking roots
[2.899s][info ][gc,task        ] GC(1) Using 2 of 4 workers for concurrent marking roots
[2.899s][debug][gc,tlab        ] GC(1) TLAB totals: thrds: 5  refills: 985 max: 981 slow allocs: 12 max 12 waste:  0.5% gc: 9462784B max: 2096992B slow: 975656B max: 975656B
[2.899s][info ][gc             ] GC(1) Concurrent marking roots 0.168ms
[2.899s][info ][gc,start       ] GC(1) Concurrent marking (unload classes)
[2.899s][info ][gc,task        ] GC(1) Using 2 of 4 workers for concurrent marking
[2.902s][info ][gc             ] GC(1) Concurrent marking (unload classes) 2.789ms
[2.902s][info ][gc,start       ] GC(1) Pause Final Mark (unload classes)
[2.902s][info ][gc,task        ] GC(1) Using 4 of 4 workers for final marking
[2.902s][info ][gc,ergo        ] GC(1) Collectable Garbage: 1964M (98%), Immediate: 1964M (98%), CSet: 0B (0%)
[2.902s][info ][gc             ] GC(1) Pause Final Mark (unload classes) 0.286ms
[2.903s][info ][gc,start       ] GC(1) Concurrent weak references
[2.903s][info ][gc,task        ] GC(1) Using 2 of 4 workers for concurrent weak references
[2.903s][info ][gc,ref         ] GC(1) Encountered references: Soft: 207, Weak: 800, Final: 0, Phantom: 3
[2.903s][info ][gc,ref         ] GC(1) Discovered  references: Soft: 0, Weak: 581, Final: 0, Phantom: 3
[2.903s][info ][gc,ref         ] GC(1) Enqueued    references: Soft: 0, Weak: 0, Final: 0, Phantom: 0
[2.903s][info ][gc             ] GC(1) Concurrent weak references 0.207ms
[2.903s][info ][gc,start       ] GC(1) Concurrent weak roots
[2.903s][info ][gc,task        ] GC(1) Using 2 of 4 workers for concurrent weak root
[2.903s][info ][gc             ] GC(1) Concurrent weak roots 0.486ms
[2.903s][info ][gc,start       ] GC(1) Concurrent cleanup
[2.904s][info ][gc             ] GC(1) Concurrent cleanup 2007M->45M(2008M) 0.264ms
[2.904s][info ][gc,ergo        ] GC(1) Free: 7536M, Max: 2048K regular, 5588M humongous, Frag: 26% external, 0% internal; Reserve: 400M, Max: 2048K
[2.904s][info ][gc,start       ] GC(1) Concurrent class unloading
[2.904s][info ][gc,task        ] GC(1) Using 2 of 4 workers for concurrent class unloading
[2.904s][debug][gc,phases,start] GC(1) ClassLoaderData
[2.904s][debug][gc,phases      ] GC(1) ClassLoaderData 0.008ms
[2.904s][debug][gc,phases,start] GC(1) Trigger cleanups
[2.904s][debug][gc,phases      ] GC(1) Trigger cleanups 0.003ms
[2.905s][info ][gc             ] GC(1) Concurrent class unloading 1.028ms
[2.905s][info ][gc,start       ] GC(1) Pause Final Roots
[2.905s][info ][gc             ] GC(1) Pause Final Roots 0.015ms
[2.905s][debug][gc,ergo        ] GC(1) Available: 7532 MB, z-score=1.000. Average available: 7529.0 MB +/- 3077.7 KB.
[2.905s][info ][gc,ergo        ] Free: 7532M, Max: 2048K regular, 5588M humongous, Frag: 26% external, 0% internal; Reserve: 400M, Max: 2048K
[2.905s][info ][gc,stats       ] 
[2.905s][info ][gc,stats       ] All times are wall-clock times, except per-root-class counters, that are sum over
[2.905s][info ][gc,stats       ] all workers. Dividing the <total> over the root stage time estimates parallelism.
[2.905s][info ][gc,stats       ] 
[2.905s][info ][gc,stats       ] Concurrent Reset                    724 us
[2.905s][info ][gc,stats       ] Pause Init Mark (G)                 351 us
[2.905s][info ][gc,stats       ] Pause Init Mark (N)                 128 us
[2.905s][info ][gc,stats       ]   Update Region States               78 us
[2.905s][info ][gc,stats       ] Concurrent Mark Roots               206 us, parallelism: 0.71x
[2.905s][info ][gc,stats       ]   CMR: <total>                      147 us
[2.905s][info ][gc,stats       ]   CMR: Thread Roots                  69 us, workers (us):   0,  68, ---, ---, 
[2.905s][info ][gc,stats       ]   CMR: VM Strong Roots                4 us, workers (us):   4,   0, ---, ---, 
[2.905s][info ][gc,stats       ]   CMR: CLDG Roots                    74 us, workers (us):  74, ---, ---, ---, 
[2.905s][info ][gc,stats       ] Concurrent Marking                 2821 us
[2.905s][info ][gc,stats       ] Pause Final Mark (G)                531 us
[2.905s][info ][gc,stats       ] Pause Final Mark (N)                292 us
[2.905s][info ][gc,stats       ]   Finish Mark                       113 us
[2.905s][info ][gc,stats       ]   Update Region States               69 us
[2.905s][info ][gc,stats       ]   Choose Collection Set              61 us
[2.905s][info ][gc,stats       ]   Rebuild Free Set                   18 us
[2.905s][info ][gc,stats       ] Concurrent Weak References          212 us, parallelism: 0.28x
[2.905s][info ][gc,stats       ]   CWRF: <total>                      59 us
[2.905s][info ][gc,stats       ]   CWRF: Weak References              59 us, workers (us):  59,   1, ---, ---, 
[2.905s][info ][gc,stats       ] Concurrent Weak Roots               513 us
[2.905s][info ][gc,stats       ]   Roots                             361 us, parallelism: 1.80x
[2.905s][info ][gc,stats       ]     CWR: <total>                    650 us
[2.905s][info ][gc,stats       ]     CWR: Code Cache Roots           462 us, workers (us): 237, 225, ---, ---, 
[2.905s][info ][gc,stats       ]     CWR: VM Weak Roots              184 us, workers (us):  93,  91, ---, ---, 
[2.905s][info ][gc,stats       ]     CWR: CLDG Roots                   4 us, workers (us): ---,   4, ---, ---, 
[2.905s][info ][gc,stats       ]   Rendezvous                        117 us
[2.905s][info ][gc,stats       ] Concurrent Cleanup                  270 us
[2.905s][info ][gc,stats       ] Concurrent Class Unloading         1060 us
[2.905s][info ][gc,stats       ]   Unlink Stale                      863 us
[2.905s][info ][gc,stats       ]     System Dictionary                20 us
[2.905s][info ][gc,stats       ]     Weak Class Links                  0 us
[2.905s][info ][gc,stats       ]     Code Roots                      842 us
[2.905s][info ][gc,stats       ]   Rendezvous                        141 us
[2.905s][info ][gc,stats       ]   Purge Unlinked                      5 us
[2.905s][info ][gc,stats       ]     Code Roots                        1 us
[2.905s][info ][gc,stats       ]     CLDG                              4 us
[2.905s][info ][gc,stats       ]     Exception Caches                  0 us
[2.905s][info ][gc,stats       ] Pause Final Roots (G)               248 us
[2.905s][info ][gc,stats       ] Pause Final Roots (N)                21 us
[2.905s][info ][gc,stats       ] 
[2.905s][info ][gc,stats       ] Allocation pacing accrued:
[2.905s][info ][gc,stats       ]       0 of   482 ms (  0.0%): <total>
[2.905s][info ][gc,stats       ]       0 of   482 ms (  0.0%): <average total>
[2.905s][info ][gc,stats       ] 
[2.905s][info ][gc,metaspace   ] Metaspace: 9630K(9856K)->9630K(9856K) NonClass: 8527K(8640K)->8527K(8640K) Class: 1102K(1216K)->1102K(1216K)
[2.905s][info ][gc,ergo        ] Pacer for Idle. Initial: 159M, Alloc Tax Rate: 1.0x
[3.338s][info ][gc             ] Cancelling GC: Stopping VM
[3.338s][info ][gc,heap,exit   ] Heap
[3.338s][info ][gc,heap,exit   ] Shenandoah Heap
[3.338s][info ][gc,heap,exit   ]  7982M max, 7982M soft max, 2008M committed, 1835M used
[3.338s][info ][gc,heap,exit   ]  3991 x 2048K regions
[3.338s][info ][gc,heap,exit   ] Status: cancelled
[3.338s][info ][gc,heap,exit   ] Reserved region:
[3.338s][info ][gc,heap,exit   ]  - [0x000000060d200000, 0x0000000800000000) 
[3.338s][info ][gc,heap,exit   ] Collection set:
[3.338s][info ][gc,heap,exit   ]  - map (vanilla): 0x0000000000013069
[3.338s][info ][gc,heap,exit   ]  - map (biased):  0x0000000000010000
[3.338s][info ][gc,heap,exit   ] 
[3.338s][info ][gc,heap,exit   ]  Metaspace       used 9631K, committed 9856K, reserved 1114112K
[3.338s][info ][gc,heap,exit   ]   class space    used 1103K, committed 1216K, reserved 1048576K
[3.338s][info ][gc,stats       ] 
[3.338s][info ][gc,stats       ] GC STATISTICS:
[3.338s][info ][gc,stats       ]   "(G)" (gross) pauses include VM time: time to notify and block threads, do the pre-
[3.338s][info ][gc,stats       ]         and post-safepoint housekeeping. Use -Xlog:safepoint+stats to dissect.
[3.338s][info ][gc,stats       ]   "(N)" (net) pauses are the times spent in the actual GC code.
[3.338s][info ][gc,stats       ]   "a" is average time for each phase, look at levels to see if average makes sense.
[3.338s][info ][gc,stats       ]   "lvls" are quantiles: 0% (minimum), 25%, 50% (median), 75%, 100% (maximum).
[3.338s][info ][gc,stats       ] 
[3.338s][info ][gc,stats       ]   All times are wall-clock times, except per-root-class counters, that are sum over
[3.338s][info ][gc,stats       ]   all workers. Dividing the <total> over the root stage time estimates parallelism.
[3.338s][info ][gc,stats       ] 
[3.338s][info ][gc,stats       ]   Pacing delays are measured from entering the pacing code till exiting it. Therefore,
[3.338s][info ][gc,stats       ]   observed pacing delays may be higher than the threshold when paced thread spent more
[3.338s][info ][gc,stats       ]   time in the pacing code. It usually happens when thread is de-scheduled while paced,
[3.338s][info ][gc,stats       ]   OS takes longer to unblock the thread, or JVM experiences an STW pause.
[3.338s][info ][gc,stats       ] 
[3.338s][info ][gc,stats       ]   Higher delay would prevent application outpacing the GC, but it will hide the GC latencies
[3.338s][info ][gc,stats       ]   from the STW pause times. Pacing affects the individual threads, and so it would also be
[3.338s][info ][gc,stats       ]   invisible to the usual profiling tools, but would add up to end-to-end application latency.
[3.338s][info ][gc,stats       ]   Raise max pacing delay with care.
[3.338s][info ][gc,stats       ] 
[3.338s][info ][gc,stats       ] Concurrent Reset               =    0.001 s (a =      721 us) (n =     2) (lvls, us =      717,      717,      717,      717,      724)
[3.338s][info ][gc,stats       ] Pause Init Mark (G)            =    0.001 s (a =      528 us) (n =     2) (lvls, us =      350,      350,      350,      350,      705)
[3.338s][info ][gc,stats       ] Pause Init Mark (N)            =    0.001 s (a =      300 us) (n =     2) (lvls, us =      127,      127,      127,      127,      472)
[3.338s][info ][gc,stats       ]   Update Region States         =    0.000 s (a =       61 us) (n =     2) (lvls, us =       45,       45,       45,       45,       78)
[3.338s][info ][gc,stats       ] Concurrent Mark Roots          =    0.001 s (a =      387 us) (n =     2) (lvls, us =      205,      205,      205,      205,      568)
[3.338s][info ][gc,stats       ]   CMR: <total>                 =    0.001 s (a =      416 us) (n =     2) (lvls, us =      146,      146,      146,      146,      685)
[3.338s][info ][gc,stats       ]   CMR: Thread Roots            =    0.000 s (a =      175 us) (n =     2) (lvls, us =       69,       69,       69,       69,      282)
[3.338s][info ][gc,stats       ]   CMR: VM Strong Roots         =    0.000 s (a =       82 us) (n =     2) (lvls, us =        4,        4,        4,        4,      159)
[3.338s][info ][gc,stats       ]   CMR: CLDG Roots              =    0.000 s (a =      158 us) (n =     2) (lvls, us =       74,       74,       74,       74,      243)
[3.338s][info ][gc,stats       ] Concurrent Marking             =    0.013 s (a =     6523 us) (n =     2) (lvls, us =     2812,     2812,     2812,     2812,    10225)
[3.338s][info ][gc,stats       ] Pause Final Mark (G)           =    0.001 s (a =      617 us) (n =     2) (lvls, us =      529,      529,      529,      529,      702)
[3.338s][info ][gc,stats       ] Pause Final Mark (N)           =    0.001 s (a =      422 us) (n =     2) (lvls, us =      291,      291,      291,      291,      552)
[3.338s][info ][gc,stats       ]   Finish Mark                  =    0.000 s (a =      154 us) (n =     2) (lvls, us =      113,      113,      113,      113,      195)
[3.338s][info ][gc,stats       ]   Update Region States         =    0.000 s (a =      137 us) (n =     2) (lvls, us =       69,       69,       69,       69,      205)
[3.338s][info ][gc,stats       ]   Choose Collection Set        =    0.000 s (a =       57 us) (n =     2) (lvls, us =       53,       53,       53,       53,       61)
[3.338s][info ][gc,stats       ]   Rebuild Free Set             =    0.000 s (a =       19 us) (n =     2) (lvls, us =       18,       18,       18,       18,       19)
[3.338s][info ][gc,stats       ] Concurrent Weak References     =    0.000 s (a =      224 us) (n =     2) (lvls, us =      211,      211,      211,      211,      236)
[3.339s][info ][gc,stats       ]   CWRF: <total>                =    0.000 s (a =      110 us) (n =     2) (lvls, us =       59,       59,       59,       59,      160)
[3.339s][info ][gc,stats       ]   CWRF: Weak References        =    0.000 s (a =      110 us) (n =     2) (lvls, us =       59,       59,       59,       59,      160)
[3.339s][info ][gc,stats       ] Concurrent Weak Roots          =    0.001 s (a =      519 us) (n =     2) (lvls, us =      512,      512,      512,      512,      525)
[3.339s][info ][gc,stats       ]   Roots                        =    0.001 s (a =      383 us) (n =     2) (lvls, us =      359,      359,      359,      359,      406)
[3.339s][info ][gc,stats       ]     CWR: <total>               =    0.001 s (a =      637 us) (n =     2) (lvls, us =      623,      623,      623,      623,      650)
[3.339s][info ][gc,stats       ]     CWR: Code Cache Roots      =    0.001 s (a =      436 us) (n =     2) (lvls, us =      408,      408,      408,      408,      462)
[3.339s][info ][gc,stats       ]     CWR: VM Weak Roots         =    0.000 s (a =      198 us) (n =     2) (lvls, us =      184,      184,      184,      184,      212)
[3.339s][info ][gc,stats       ]     CWR: CLDG Roots            =    0.000 s (a =        4 us) (n =     2) (lvls, us =        3,        3,        3,        3,        4)
[3.339s][info ][gc,stats       ]   Rendezvous                   =    0.000 s (a =      107 us) (n =     2) (lvls, us =       97,       97,       97,       97,      117)
[3.339s][info ][gc,stats       ] Concurrent Cleanup             =    0.001 s (a =      311 us) (n =     2) (lvls, us =      270,      270,      270,      270,      353)
[3.339s][info ][gc,stats       ] Concurrent Class Unloading     =    0.004 s (a =     2073 us) (n =     2) (lvls, us =     1055,     1055,     1055,     1055,     3086)
[3.339s][info ][gc,stats       ]   Unlink Stale                 =    0.002 s (a =      924 us) (n =     2) (lvls, us =      861,      861,      861,      861,      985)
[3.339s][info ][gc,stats       ]     System Dictionary          =    0.000 s (a =       24 us) (n =     2) (lvls, us =       20,       20,       20,       20,       28)
[3.339s][info ][gc,stats       ]     Weak Class Links           =    0.000 s (a =        0 us) (n =     2) (lvls, us =        0,        0,        0,        0,        0)
[3.339s][info ][gc,stats       ]     Code Roots                 =    0.002 s (a =      899 us) (n =     2) (lvls, us =      842,      842,      842,      842,      956)
[3.339s][info ][gc,stats       ]   Rendezvous                   =    0.000 s (a =       99 us) (n =     2) (lvls, us =       56,       56,       56,       56,      141)
[3.339s][info ][gc,stats       ]   Purge Unlinked               =    0.002 s (a =     1011 us) (n =     2) (lvls, us =        5,        5,        5,        5,     2018)
[3.339s][info ][gc,stats       ]     Code Roots                 =    0.002 s (a =     1006 us) (n =     2) (lvls, us =        1,        1,        1,        1,     2011)
[3.339s][info ][gc,stats       ]     CLDG                       =    0.000 s (a =        5 us) (n =     2) (lvls, us =        3,        3,        3,        3,        6)
[3.339s][info ][gc,stats       ]     Exception Caches           =    0.000 s (a =        0 us) (n =     2) (lvls, us =        0,        0,        0,        0,        0)
[3.339s][info ][gc,stats       ] Pause Final Roots (G)          =    0.000 s (a =      208 us) (n =     2) (lvls, us =      168,      168,      168,      168,      248)
[3.339s][info ][gc,stats       ] Pause Final Roots (N)          =    0.000 s (a =       23 us) (n =     2) (lvls, us =       21,       21,       21,       21,       24)
[3.339s][info ][gc,stats       ] 
[3.339s][info ][gc,stats       ] 
[3.339s][info ][gc,stats       ] Under allocation pressure, concurrent cycles may cancel, and either continue cycle
[3.339s][info ][gc,stats       ] under stop-the-world pause or result in stop-the-world Full GC. Increase heap size,
[3.339s][info ][gc,stats       ] tune GC heuristics, set more aggressive pacing delay, or lower allocation rate
[3.339s][info ][gc,stats       ] to avoid Degenerated and Full GC cycles.
[3.339s][info ][gc,stats       ] 
[3.339s][info ][gc,stats       ]     2 successful concurrent GCs
[3.339s][info ][gc,stats       ]       0 invoked explicitly
[3.339s][info ][gc,stats       ]       0 invoked implicitly
[3.339s][info ][gc,stats       ] 
[3.339s][info ][gc,stats       ]     0 Degenerated GCs
[3.339s][info ][gc,stats       ]       0 caused by allocation failure
[3.339s][info ][gc,stats       ]       0 upgraded to Full GC
[3.339s][info ][gc,stats       ] 
[3.339s][info ][gc,stats       ]     0 Full GCs
[3.339s][info ][gc,stats       ]       0 invoked explicitly
[3.339s][info ][gc,stats       ]       0 invoked implicitly
[3.339s][info ][gc,stats       ]       0 caused by allocation failure
[3.339s][info ][gc,stats       ]       0 upgraded from Degenerated GC
[3.339s][info ][gc,stats       ] 
[3.339s][info ][gc,stats       ] 
